00:00 +0: loading E:/tdesign-flutter-v1/tdesign-component/test/acceptance/theme_acceptance_test.dart
00:00 +0: E:/tdesign-flutter-v1/tdesign-component/test/acceptance/theme_acceptance_test.dart: Theme 档2-1：Token 真读取 TButton 文字色取自 Token 而非常量
00:01 +1: E:/tdesign-flutter-v1/tdesign-component/test/components/action_sheet/t_action_sheet_grid_test.dart: 默认宫格渲染
00:01 +2: E:/tdesign-flutter-v1/tdesign-component/test/components/action_sheet/t_action_sheet_grid_test.dart: 默认宫格渲染
00:01 +3: E:/tdesign-flutter-v1/tdesign-component/test/components/action_sheet/t_action_sheet_grid_test.dart: 默认宫格渲染
00:01 +4: E:/tdesign-flutter-v1/tdesign-component/test/components/action_sheet/t_action_sheet_grid_test.dart: 默认宫格渲染
00:01 +5: E:/tdesign-flutter-v1/tdesign-component/test/components/action_sheet/t_action_sheet_grid_test.dart: 默认宫格渲染
00:01 +6: E:/tdesign-flutter-v1/tdesign-component/test/components/action_sheet/t_action_sheet_grid_test.dart: 默认宫格渲染
00:01 +7: E:/tdesign-flutter-v1/tdesign-component/test/components/action_sheet/t_action_sheet_item_widget_test.dart: TActionSheetItemWidget item=null 渲染空
00:01 +8: E:/tdesign-flutter-v1/tdesign-component/test/components/action_sheet/t_action_sheet_item_widget_test.dart: TActionSheetItemWidget item=null 渲染空
00:01 +9: E:/tdesign-flutter-v1/tdesign-component/test/components/action_sheet/t_action_sheet_item_widget_test.dart: TActionSheetItemWidget item=null 渲染空
00:01 +10: E:/tdesign-flutter-v1/tdesign-component/test/components/action_sheet/t_action_sheet_item_widget_test.dart: TActionSheetItemWidget item=null 渲染空
00:01 +11: E:/tdesign-flutter-v1/tdesign-component/test/components/action_sheet/t_action_sheet_item_widget_test.dart: TActionSheetItemWidget item=null 渲染空
00:01 +12: E:/tdesign-flutter-v1/tdesign-component/test/components/action_sheet/t_action_sheet_item_widget_test.dart: TActionSheetItemWidget item=null 渲染空
00:01 +13: E:/tdesign-flutter-v1/tdesign-component/test/components/action_sheet/t_action_sheet_item_widget_test.dart: TActionSheetItemWidget item=null 渲染空
00:02 +14: E:/tdesign-flutter-v1/tdesign-component/test/components/action_sheet/t_action_sheet_item_widget_test.dart: TActionSheetItemWidget item=null 渲染空
00:02 +15: E:/tdesign-flutter-v1/tdesign-component/test/components/action_sheet/t_action_sheet_item_widget_test.dart: TActionSheetItemWidget item=null 渲染空
00:02 +16: E:/tdesign-flutter-v1/tdesign-component/test/components/action_sheet/t_action_sheet_list_test.dart: 带图标 + 副标题 + 徽标渲染各分支
00:02 +17: E:/tdesign-flutter-v1/tdesign-component/test/components/action_sheet/t_action_sheet_list_test.dart: 带图标 + 副标题 + 徽标渲染各分支
00:02 +18: E:/tdesign-flutter-v1/tdesign-component/test/components/action_sheet/t_action_sheet_list_test.dart: 带图标 + 副标题 + 徽标渲染各分支
00:02 +19: E:/tdesign-flutter-v1/tdesign-component/test/components/action_sheet/t_action_sheet_list_test.dart: 带图标 + 副标题 + 徽标渲染各分支
00:02 +20: E:/tdesign-flutter-v1/tdesign-component/test/components/action_sheet/t_action_sheet_list_test.dart: 带图标 + 副标题 + 徽标渲染各分支
00:02 +21: E:/tdesign-flutter-v1/tdesign-component/test/components/action_sheet/t_action_sheet_list_test.dart: 带图标 + 副标题 + 徽标渲染各分支
00:02 +22: E:/tdesign-flutter-v1/tdesign-component/test/components/action_sheet/t_action_sheet_list_test.dart: 带图标 + 副标题 + 徽标渲染各分支
00:02 +23: E:/tdesign-flutter-v1/tdesign-component/test/components/action_sheet/t_action_sheet_list_test.dart: 带图标 + 副标题 + 徽标渲染各分支
00:02 +24: E:/tdesign-flutter-v1/tdesign-component/test/components/action_sheet/t_action_sheet_list_test.dart: 带图标 + 副标题 + 徽标渲染各分支
00:02 +25: E:/tdesign-flutter-v1/tdesign-component/test/components/action_sheet/t_action_sheet_list_test.dart: 带图标 + 副标题 + 徽标渲染各分支
00:03 +26: E:/tdesign-flutter-v1/tdesign-component/test/components/action_sheet/t_action_sheet_list_test.dart: 带图标 + 副标题 + 徽标渲染各分支
00:03 +27: E:/tdesign-flutter-v1/tdesign-component/test/components/action_sheet/t_action_sheet_test.dart: TActionSheet list 主题 showListActionSheet 渲染列表项
00:03 +28: E:/tdesign-flutter-v1/tdesign-component/test/components/action_sheet/t_action_sheet_test.dart: TActionSheet list 主题 showListActionSheet 渲染列表项
00:03 +29: E:/tdesign-flutter-v1/tdesign-component/test/components/action_sheet/t_action_sheet_test.dart: TActionSheet list 主题 showListActionSheet 渲染列表项
00:03 +30: E:/tdesign-flutter-v1/tdesign-component/test/components/action_sheet/t_action_sheet_test.dart: TActionSheet list 主题 showListActionSheet 渲染列表项
00:03 +31: E:/tdesign-flutter-v1/tdesign-component/test/components/action_sheet/t_action_sheet_test.dart: TActionSheet list 主题 showListActionSheet 渲染列表项
00:03 +32: E:/tdesign-flutter-v1/tdesign-component/test/components/action_sheet/t_action_sheet_test.dart: TActionSheet list 主题 showListActionSheet 渲染列表项
00:03 +33: E:/tdesign-flutter-v1/tdesign-component/test/components/action_sheet/t_action_sheet_test.dart: TActionSheet list 主题 showListActionSheet 渲染列表项
00:03 +34: E:/tdesign-flutter-v1/tdesign-component/test/components/action_sheet/t_action_sheet_test.dart: TActionSheet list 主题 showListActionSheet 渲染列表项
00:03 +35: E:/tdesign-flutter-v1/tdesign-component/test/components/action_sheet/t_action_sheet_test.dart: TActionSheet list 主题 showListActionSheet 渲染列表项
00:03 +36: E:/tdesign-flutter-v1/tdesign-component/test/components/action_sheet/t_action_sheet_test.dart: TActionSheet list 主题 showListActionSheet 渲染列表项
00:03 +37: E:/tdesign-flutter-v1/tdesign-component/test/components/action_sheet/t_action_sheet_test.dart: TActionSheet list 主题 showListActionSheet 渲染列表项
00:04 +38: E:/tdesign-flutter-v1/tdesign-component/test/components/avatar/t_avatar_test.dart: TAvatar 基础渲染 默认参数渲染 - normal variant
00:04 +39: E:/tdesign-flutter-v1/tdesign-component/test/components/backtop/t_backtop_test.dart: TBackTop 基础渲染 默认圆形渲染
00:04 +40: E:/tdesign-flutter-v1/tdesign-component/test/components/backtop/t_backtop_test.dart: TBackTop 基础渲染 默认圆形渲染
00:04 +41: E:/tdesign-flutter-v1/tdesign-component/test/components/backtop/t_backtop_test.dart: TBackTop 基础渲染 默认圆形渲染
00:04 +42: E:/tdesign-flutter-v1/tdesign-component/test/components/backtop/t_backtop_test.dart: TBackTop 基础渲染 默认圆形渲染
00:04 +43: E:/tdesign-flutter-v1/tdesign-component/test/components/backtop/t_backtop_test.dart: TBackTop 基础渲染 默认圆形渲染
00:04 +44: E:/tdesign-flutter-v1/tdesign-component/test/components/backtop/t_backtop_test.dart: TBackTop 基础渲染 默认圆形渲染
00:04 +45: E:/tdesign-flutter-v1/tdesign-component/test/components/backtop/t_backtop_test.dart: TBackTop 基础渲染 默认圆形渲染
00:04 +46: E:/tdesign-flutter-v1/tdesign-component/test/components/backtop/t_backtop_test.dart: TBackTop 基础渲染 默认圆形渲染
00:04 +47: E:/tdesign-flutter-v1/tdesign-component/test/components/backtop/t_backtop_test.dart: TBackTop 基础渲染 默认圆形渲染
00:04 +48: E:/tdesign-flutter-v1/tdesign-component/test/components/backtop/t_backtop_widget_test.dart: TBackTop widget 级用例 默认（circle/light）可构建
00:04 +49: E:/tdesign-flutter-v1/tdesign-component/test/components/backtop/t_backtop_widget_test.dart: TBackTop widget 级用例 默认（circle/light）可构建
00:04 +50: E:/tdesign-flutter-v1/tdesign-component/test/components/backtop/t_backtop_widget_test.dart: TBackTop widget 级用例 默认（circle/light）可构建
00:04 +51: E:/tdesign-flutter-v1/tdesign-component/test/components/backtop/t_backtop_widget_test.dart: TBackTop widget 级用例 默认（circle/light）可构建
00:04 +52: E:/tdesign-flutter-v1/tdesign-component/test/components/backtop/t_backtop_widget_test.dart: TBackTop widget 级用例 默认（circle/light）可构建
00:04 +53: E:/tdesign-flutter-v1/tdesign-component/test/components/backtop/t_backtop_widget_test.dart: TBackTop widget 级用例 默认（circle/light）可构建
00:04 +54: E:/tdesign-flutter-v1/tdesign-component/test/components/backtop/t_backtop_widget_test.dart: TBackTop widget 级用例 默认（circle/light）可构建
00:05 +55: E:/tdesign-flutter-v1/tdesign-component/test/components/backtop/t_backtop_widget_test.dart: TBackTop widget 级用例 默认（circle/light）可构建
00:05 +56: E:/tdesign-flutter-v1/tdesign-component/test/components/backtop/t_backtop_widget_test.dart: TBackTop widget 级用例 默认（circle/light）可构建
00:05 +57: E:/tdesign-flutter-v1/tdesign-component/test/components/backtop/t_backtop_widget_test.dart: TBackTop widget 级用例 默认（circle/light）可构建
00:05 +58: E:/tdesign-flutter-v1/tdesign-component/test/components/backtop/t_backtop_widget_test.dart: TBackTop widget 级用例 默认（circle/light）可构建
00:05 +59: E:/tdesign-flutter-v1/tdesign-component/test/components/backtop/t_backtop_widget_test.dart: TBackTop widget 级用例 默认（circle/light）可构建
00:05 +60: E:/tdesign-flutter-v1/tdesign-component/test/components/backtop/t_backtop_widget_test.dart: TBackTop widget 级用例 默认（circle/light）可构建
00:05 +61: E:/tdesign-flutter-v1/tdesign-component/test/components/backtop/t_backtop_widget_test.dart: TBackTop widget 级用例 默认（circle/light）可构建
00:05 +62: E:/tdesign-flutter-v1/tdesign-component/test/components/backtop/t_backtop_widget_test.dart: TBackTop widget 级用例 默认（circle/light）可构建
00:05 +63: E:/tdesign-flutter-v1/tdesign-component/test/components/backtop/t_backtop_widget_test.dart: TBackTop widget 级用例 默认（circle/light）可构建
00:05 +64: E:/tdesign-flutter-v1/tdesign-component/test/components/backtop/t_backtop_widget_test.dart: TBackTop widget 级用例 默认（circle/light）可构建
00:05 +65: E:/tdesign-flutter-v1/tdesign-component/test/components/backtop/t_backtop_widget_test.dart: TBackTop widget 级用例 默认（circle/light）可构建
00:05 +66: E:/tdesign-flutter-v1/tdesign-component/test/components/backtop/t_backtop_widget_test.dart: TBackTop widget 级用例 默认（circle/light）可构建
00:05 +67: E:/tdesign-flutter-v1/tdesign-component/test/components/backtop/t_backtop_widget_test.dart: TBackTop widget 级用例 默认（circle/light）可构建
00:05 +68: E:/tdesign-flutter-v1/tdesign-component/test/components/backtop/t_backtop_widget_test.dart: TBackTop widget 级用例 默认（circle/light）可构建
00:05 +69: E:/tdesign-flutter-v1/tdesign-component/test/components/backtop/t_backtop_widget_test.dart: TBackTop widget 级用例 默认（circle/light）可构建
00:05 +70: E:/tdesign-flutter-v1/tdesign-component/test/components/backtop/t_backtop_widget_test.dart: TBackTop widget 级用例 默认（circle/light）可构建
00:05 +71: E:/tdesign-flutter-v1/tdesign-component/test/components/backtop/t_backtop_widget_test.dart: TBackTop widget 级用例 默认（circle/light）可构建
00:05 +72: E:/tdesign-flutter-v1/tdesign-component/test/components/backtop/t_backtop_widget_test.dart: TBackTop widget 级用例 默认（circle/light）可构建
00:05 +73: E:/tdesign-flutter-v1/tdesign-component/test/components/backtop/t_backtop_widget_test.dart: TBackTop widget 级用例 默认（circle/light）可构建
00:05 +74: E:/tdesign-flutter-v1/tdesign-component/test/components/backtop/t_backtop_widget_test.dart: TBackTop widget 级用例 默认（circle/light）可构建
00:05 +75: E:/tdesign-flutter-v1/tdesign-component/test/components/backtop/t_backtop_widget_test.dart: TBackTop widget 级用例 默认（circle/light）可构建
00:06 +76: E:/tdesign-flutter-v1/tdesign-component/test/components/backtop/t_backtop_widget_test.dart: TBackTop widget 级用例 默认（circle/light）可构建
00:06 +77: E:/tdesign-flutter-v1/tdesign-component/test/components/backtop/t_backtop_widget_test.dart: TBackTop widget 级用例 默认（circle/light）可构建
00:06 +78: E:/tdesign-flutter-v1/tdesign-component/test/components/backtop/t_backtop_widget_test.dart: TBackTop widget 级用例 默认（circle/light）可构建
00:06 +79: E:/tdesign-flutter-v1/tdesign-component/test/components/badge/t_badge_test.dart: TBadge 基础渲染 redPoint variant 渲染红点
00:06 +80: E:/tdesign-flutter-v1/tdesign-component/test/components/badge/t_badge_test.dart: TBadge 基础渲染 redPoint variant 渲染红点
00:06 +81: E:/tdesign-flutter-v1/tdesign-component/test/components/badge/t_badge_test.dart: TBadge 基础渲染 redPoint variant 渲染红点
00:06 +82: E:/tdesign-flutter-v1/tdesign-component/test/components/badge/t_badge_test.dart: TBadge 基础渲染 redPoint variant 渲染红点
00:06 +83: E:/tdesign-flutter-v1/tdesign-component/test/components/badge/t_badge_test.dart: TBadge 基础渲染 redPoint variant 渲染红点
00:06 +84: E:/tdesign-flutter-v1/tdesign-component/test/components/badge/t_badge_test.dart: TBadge 基础渲染 redPoint variant 渲染红点
00:06 +85: E:/tdesign-flutter-v1/tdesign-component/test/components/badge/t_badge_test.dart: TBadge 基础渲染 redPoint variant 渲染红点
00:06 +86: E:/tdesign-flutter-v1/tdesign-component/test/components/badge/t_badge_test.dart: TBadge 基础渲染 redPoint variant 渲染红点
00:06 +87: E:/tdesign-flutter-v1/tdesign-component/test/components/badge/t_badge_test.dart: TBadge 基础渲染 redPoint variant 渲染红点
00:06 +88: E:/tdesign-flutter-v1/tdesign-component/test/components/badge/t_badge_test.dart: TBadge 基础渲染 redPoint variant 渲染红点
00:06 +89: E:/tdesign-flutter-v1/tdesign-component/test/components/badge/t_badge_test.dart: TBadge 基础渲染 redPoint variant 渲染红点
00:06 +90: E:/tdesign-flutter-v1/tdesign-component/test/components/badge/t_badge_test.dart: TBadge 基础渲染 redPoint variant 渲染红点
00:06 +91: E:/tdesign-flutter-v1/tdesign-component/test/components/badge/t_badge_test.dart: TBadge 基础渲染 redPoint variant 渲染红点
00:06 +92: E:/tdesign-flutter-v1/tdesign-component/test/components/badge/t_badge_test.dart: TBadge 基础渲染 redPoint variant 渲染红点
00:06 +93: E:/tdesign-flutter-v1/tdesign-component/test/components/badge/t_badge_test.dart: TBadge 基础渲染 redPoint variant 渲染红点
00:06 +94: E:/tdesign-flutter-v1/tdesign-component/test/components/badge/t_badge_test.dart: TBadge 基础渲染 redPoint variant 渲染红点
00:06 +95: E:/tdesign-flutter-v1/tdesign-component/test/components/badge/t_badge_test.dart: TBadge 基础渲染 redPoint variant 渲染红点
00:06 +96: E:/tdesign-flutter-v1/tdesign-component/test/components/badge/t_badge_test.dart: TBadge 基础渲染 redPoint variant 渲染红点
00:06 +97: E:/tdesign-flutter-v1/tdesign-component/test/components/badge/t_badge_test.dart: TBadge 基础渲染 redPoint variant 渲染红点
00:06 +98: E:/tdesign-flutter-v1/tdesign-component/test/components/badge/t_badge_test.dart: TBadge 基础渲染 redPoint variant 渲染红点
00:06 +99: E:/tdesign-flutter-v1/tdesign-component/test/components/badge/t_badge_test.dart: TBadge 基础渲染 redPoint variant 渲染红点
00:06 +100: E:/tdesign-flutter-v1/tdesign-component/test/components/badge/t_badge_test.dart: TBadge 基础渲染 redPoint variant 渲染红点
00:06 +101: E:/tdesign-flutter-v1/tdesign-component/test/components/badge/t_badge_test.dart: TBadge 基础渲染 redPoint variant 渲染红点
00:06 +102: E:/tdesign-flutter-v1/tdesign-component/test/components/badge/t_badge_test.dart: TBadge 基础渲染 redPoint variant 渲染红点
00:06 +103: E:/tdesign-flutter-v1/tdesign-component/test/components/badge/t_badge_test.dart: TBadge 基础渲染 redPoint variant 渲染红点
00:06 +104: E:/tdesign-flutter-v1/tdesign-component/test/components/badge/t_badge_test.dart: TBadge 基础渲染 redPoint variant 渲染红点
00:06 +105: E:/tdesign-flutter-v1/tdesign-component/test/components/badge/t_badge_test.dart: TBadge 基础渲染 redPoint variant 渲染红点
00:06 +106: E:/tdesign-flutter-v1/tdesign-component/test/components/button/t_button_golden_test.dart: TButton Golden primary 默认态
00:06 +107: E:/tdesign-flutter-v1/tdesign-component/test/components/button/t_button_golden_test.dart: TButton Golden primary 默认态
00:07 +108: E:/tdesign-flutter-v1/tdesign-component/test/components/button/t_button_golden_test.dart: TButton Golden primary 默认态
00:07 +109: E:/tdesign-flutter-v1/tdesign-component/test/components/button/t_button_golden_test.dart: TButton Golden primary 默认态
00:07 +110: E:/tdesign-flutter-v1/tdesign-component/test/components/button/t_button_golden_test.dart: TButton Golden primary 默认态
00:07 +111: E:/tdesign-flutter-v1/tdesign-component/test/components/button/t_button_golden_test.dart: TButton Golden primary 默认态
00:07 +112: E:/tdesign-flutter-v1/tdesign-component/test/components/button/t_button_golden_test.dart: TButton Golden primary 默认态
00:07 +113: E:/tdesign-flutter-v1/tdesign-component/test/components/button/t_button_golden_test.dart: TButton Golden primary 默认态
00:07 +114: E:/tdesign-flutter-v1/tdesign-component/test/components/button/t_button_golden_test.dart: TButton Golden primary 默认态
00:07 +115: E:/tdesign-flutter-v1/tdesign-component/test/components/button/t_button_golden_test.dart: TButton Golden primary 默认态
00:07 +116: E:/tdesign-flutter-v1/tdesign-component/test/components/button/t_button_golden_test.dart: TButton Golden primary 默认态
00:07 +117: E:/tdesign-flutter-v1/tdesign-component/test/components/button/t_button_golden_test.dart: TButton Golden primary 默认态
00:07 +118: E:/tdesign-flutter-v1/tdesign-component/test/components/button/t_button_golden_test.dart: TButton Golden primary 默认态
00:07 +119: E:/tdesign-flutter-v1/tdesign-component/test/components/button/t_button_golden_test.dart: TButton Golden primary 默认态
00:07 +120: E:/tdesign-flutter-v1/tdesign-component/test/components/button/t_button_golden_test.dart: TButton Golden primary 默认态
00:07 +121: E:/tdesign-flutter-v1/tdesign-component/test/components/button/t_button_golden_test.dart: TButton Golden primary 默认态
00:07 +122: E:/tdesign-flutter-v1/tdesign-component/test/components/button/t_button_golden_test.dart: TButton Golden primary 默认态
00:07 +123: E:/tdesign-flutter-v1/tdesign-component/test/components/button/t_button_golden_test.dart: TButton Golden primary 默认态
00:07 +124: E:/tdesign-flutter-v1/tdesign-component/test/components/button/t_button_golden_test.dart: TButton Golden primary 默认态
00:07 +125: E:/tdesign-flutter-v1/tdesign-component/test/components/button/t_button_golden_test.dart: TButton Golden primary 默认态
00:07 +126: E:/tdesign-flutter-v1/tdesign-component/test/components/button/t_button_golden_test.dart: TButton Golden primary 默认态
00:07 +127: E:/tdesign-flutter-v1/tdesign-component/test/components/button/t_button_golden_test.dart: TButton Golden primary 默认态
00:07 +128: E:/tdesign-flutter-v1/tdesign-component/test/components/button/t_button_golden_test.dart: TButton Golden primary 默认态
00:07 +129: E:/tdesign-flutter-v1/tdesign-component/test/components/button/t_button_golden_test.dart: TButton Golden primary 默认态
00:07 +130: E:/tdesign-flutter-v1/tdesign-component/test/components/button/t_button_golden_test.dart: TButton Golden primary 默认态
00:07 +131: E:/tdesign-flutter-v1/tdesign-component/test/components/button/t_button_golden_test.dart: TButton Golden primary 默认态
00:07 +132: E:/tdesign-flutter-v1/tdesign-component/test/components/button/t_button_golden_test.dart: TButton Golden primary 默认态
00:07 +133: E:/tdesign-flutter-v1/tdesign-component/test/components/button/t_button_golden_test.dart: TButton Golden primary 默认态
00:07 +134: E:/tdesign-flutter-v1/tdesign-component/test/components/button/t_button_golden_test.dart: TButton Golden primary 默认态
00:07 +135: E:/tdesign-flutter-v1/tdesign-component/test/components/button/t_button_golden_test.dart: TButton Golden primary 默认态
00:07 +136: E:/tdesign-flutter-v1/tdesign-component/test/components/button/t_button_golden_test.dart: TButton Golden primary 默认态
00:07 +137: E:/tdesign-flutter-v1/tdesign-component/test/components/button/t_button_golden_test.dart: TButton Golden primary 默认态
00:07 +138: E:/tdesign-flutter-v1/tdesign-component/test/components/button/t_button_golden_test.dart: TButton Golden primary 默认态
00:07 +139: E:/tdesign-flutter-v1/tdesign-component/test/components/button/t_button_golden_test.dart: TButton Golden primary 默认态
00:07 +140: E:/tdesign-flutter-v1/tdesign-component/test/components/button/t_button_golden_test.dart: TButton Golden primary 默认态
00:07 +141: E:/tdesign-flutter-v1/tdesign-component/test/components/button/t_button_golden_test.dart: TButton Golden primary 默认态
00:07 +142: E:/tdesign-flutter-v1/tdesign-component/test/components/button/t_button_golden_test.dart: TButton Golden primary 默认态
══╡ EXCEPTION CAUGHT BY FLUTTER TEST FRAMEWORK ╞════════════════════════════════════════════════════
The following assertion was thrown while running async test code:
Golden "goldens/t_button_primary_default.png": Pixel test failed, 0.03%, 24px diff detected.
Failure feedback can be found at
/E:/tdesign-flutter-v1/tdesign-component/test/components/button/failures

When the exception was thrown, this was the stack:
#0      LocalFileComparator.compare (package:flutter_test/src/_goldens_io.dart:108:5)
<asynchronous suspension>
#1      MatchesGoldenFile.matchAsync.<anonymous closure> (package:flutter_test/src/_matchers_io.dart:124:32)
<asynchronous suspension>
<asynchronous suspension>
#3      _expect.<anonymous closure> (package:matcher/src/expect/expect.dart:153:17)
<asynchronous suspension>
<asynchronous suspension>
#5      expectLater.<anonymous closure> (package:flutter_test/src/widget_tester.dart:508:19)
<asynchronous suspension>
#6      main.<anonymous closure>.<anonymous closure> (file:///E:/tdesign-flutter-v1/tdesign-component/test/components/button/t_button_golden_test.dart:36:7)
<asynchronous suspension>
#7      testWidgets.<anonymous closure>.<anonymous closure> (package:flutter_test/src/widget_tester.dart:192:15)
<asynchronous suspension>
#8      TestWidgetsFlutterBinding._runTestBody (package:flutter_test/src/binding.dart:1682:5)
<asynchronous suspension>
<asynchronous suspension>
(elided 3 frames from dart:async and package:stack_trace)

The exception was caught asynchronously.
════════════════════════════════════════════════════════════════════════════════════════════════════
00:07 +143: E:/tdesign-flutter-v1/tdesign-component/test/components/button/t_button_golden_test.dart: TButton Golden primary 默认态
00:07 +144: E:/tdesign-flutter-v1/tdesign-component/test/components/button/t_button_golden_test.dart: TButton Golden primary 默认态
00:07 +144 -1: E:/tdesign-flutter-v1/tdesign-component/test/components/button/t_button_test.dart: TButton 禁用（A 类控制） onPressed: null 表示禁用
00:07 +144 -1: E:/tdesign-flutter-v1/tdesign-component/test/components/button/t_button_golden_test.dart: TButton Golden primary 默认态 [E]
  Test failed. See exception logs above.
  The test description was: primary 默认态
  
00:07 +145 -1: E:/tdesign-flutter-v1/tdesign-component/test/components/button/t_button_test.dart: TButton 禁用（A 类控制） onPressed: null 表示禁用
00:07 +146 -1: E:/tdesign-flutter-v1/tdesign-component/test/components/button/t_button_test.dart: TButton 禁用（A 类控制） onPressed: null 表示禁用
00:07 +147 -1: E:/tdesign-flutter-v1/tdesign-component/test/components/button/t_button_test.dart: TButton 禁用（A 类控制） onPressed: null 表示禁用
00:07 +148 -1: E:/tdesign-flutter-v1/tdesign-component/test/components/button/t_button_test.dart: TButton 禁用（A 类控制） onPressed: null 表示禁用
00:07 +149 -1: E:/tdesign-flutter-v1/tdesign-component/test/components/button/t_button_test.dart: TButton 禁用（A 类控制） onPressed: null 表示禁用
00:08 +150 -1: E:/tdesign-flutter-v1/tdesign-component/test/components/button/t_button_test.dart: TButton 禁用（A 类控制） onPressed: null 表示禁用
00:08 +151 -1: E:/tdesign-flutter-v1/tdesign-component/test/components/button/t_button_test.dart: TButton 禁用（A 类控制） onPressed: null 表示禁用
00:08 +152 -1: E:/tdesign-flutter-v1/tdesign-component/test/components/button/t_button_test.dart: TButton 禁用（A 类控制） onPressed: null 表示禁用
00:08 +152 -1: E:/tdesign-flutter-v1/tdesign-component/test/components/button/t_button_golden_test.dart: TButton Golden danger 态
══╡ EXCEPTION CAUGHT BY FLUTTER TEST FRAMEWORK ╞════════════════════════════════════════════════════
The following assertion was thrown while running async test code:
Golden "goldens/t_button_danger.png": Pixel test failed, 0.03%, 24px diff detected.
Failure feedback can be found at
/E:/tdesign-flutter-v1/tdesign-component/test/components/button/failures

When the exception was thrown, this was the stack:
#0      LocalFileComparator.compare (package:flutter_test/src/_goldens_io.dart:108:5)
<asynchronous suspension>
#1      MatchesGoldenFile.matchAsync.<anonymous closure> (package:flutter_test/src/_matchers_io.dart:124:32)
<asynchronous suspension>
<asynchronous suspension>
#3      _expect.<anonymous closure> (package:matcher/src/expect/expect.dart:153:17)
<asynchronous suspension>
<asynchronous suspension>
#5      expectLater.<anonymous closure> (package:flutter_test/src/widget_tester.dart:508:19)
<asynchronous suspension>
#6      main.<anonymous closure>.<anonymous closure> (file:///E:/tdesign-flutter-v1/tdesign-component/test/components/button/t_button_golden_test.dart:54:7)
<asynchronous suspension>
#7      testWidgets.<anonymous closure>.<anonymous closure> (package:flutter_test/src/widget_tester.dart:192:15)
<asynchronous suspension>
#8      TestWidgetsFlutterBinding._runTestBody (package:flutter_test/src/binding.dart:1682:5)
<asynchronous suspension>
<asynchronous suspension>
(elided 3 frames from dart:async and package:stack_trace)

The exception was caught asynchronously.
════════════════════════════════════════════════════════════════════════════════════════════════════
00:08 +152 -2: E:/tdesign-flutter-v1/tdesign-component/test/components/button/t_button_test.dart: TButton 禁用（A 类控制） onPressed: null 表示禁用
00:08 +152 -2: E:/tdesign-flutter-v1/tdesign-component/test/components/button/t_button_golden_test.dart: TButton Golden danger 态 [E]
  Test failed. See exception logs above.
  The test description was: danger 态
  
00:08 +153 -2: E:/tdesign-flutter-v1/tdesign-component/test/components/button/t_button_test.dart: TButton 禁用（A 类控制） onPressed: null 表示禁用
00:08 +154 -2: E:/tdesign-flutter-v1/tdesign-component/test/components/button/t_button_test.dart: TButton 禁用（A 类控制） onPressed: null 表示禁用
00:08 +155 -2: E:/tdesign-flutter-v1/tdesign-component/test/components/button/t_button_golden_test.dart: TButton Golden disabled 禁用态
00:08 +156 -2: E:/tdesign-flutter-v1/tdesign-component/test/components/button/t_button_golden_test.dart: TButton Golden disabled 禁用态
00:08 +157 -2: E:/tdesign-flutter-v1/tdesign-component/test/components/button/t_button_golden_test.dart: TButton Golden disabled 禁用态
══╡ EXCEPTION CAUGHT BY FLUTTER TEST FRAMEWORK ╞════════════════════════════════════════════════════
The following assertion was thrown while running async test code:
Golden "goldens/t_button_disabled.png": Pixel test failed, 0.03%, 24px diff detected.
Failure feedback can be found at
/E:/tdesign-flutter-v1/tdesign-component/test/components/button/failures

When the exception was thrown, this was the stack:
#0      LocalFileComparator.compare (package:flutter_test/src/_goldens_io.dart:108:5)
<asynchronous suspension>
#1      MatchesGoldenFile.matchAsync.<anonymous closure> (package:flutter_test/src/_matchers_io.dart:124:32)
<asynchronous suspension>
<asynchronous suspension>
#3      _expect.<anonymous closure> (package:matcher/src/expect/expect.dart:153:17)
<asynchronous suspension>
<asynchronous suspension>
#5      expectLater.<anonymous closure> (package:flutter_test/src/widget_tester.dart:508:19)
<asynchronous suspension>
#6      main.<anonymous closure>.<anonymous closure> (file:///E:/tdesign-flutter-v1/tdesign-component/test/components/button/t_button_golden_test.dart:73:7)
<asynchronous suspension>
#7      testWidgets.<anonymous closure>.<anonymous closure> (package:flutter_test/src/widget_tester.dart:192:15)
<asynchronous suspension>
#8      TestWidgetsFlutterBinding._runTestBody (package:flutter_test/src/binding.dart:1682:5)
<asynchronous suspension>
<asynchronous suspension>
(elided 3 frames from dart:async and package:stack_trace)

The exception was caught asynchronously.
════════════════════════════════════════════════════════════════════════════════════════════════════
00:08 +157 -3: E:/tdesign-flutter-v1/tdesign-component/test/components/button/t_button_test.dart: TButton 禁用（A 类控制） onPressed 非 null 正常响应点击
00:08 +157 -3: E:/tdesign-flutter-v1/tdesign-component/test/components/button/t_button_golden_test.dart: TButton Golden disabled 禁用态 [E]
  Test failed. See exception logs above.
  The test description was: disabled 禁用态
  
00:08 +158 -3: E:/tdesign-flutter-v1/tdesign-component/test/components/button/t_button_test.dart: TButton 禁用（A 类控制） onPressed 非 null 正常响应点击
00:08 +159 -3: E:/tdesign-flutter-v1/tdesign-component/test/components/button/t_button_test.dart: TButton 禁用（A 类控制） onPressed 非 null 正常响应点击
00:08 +160 -3: E:/tdesign-flutter-v1/tdesign-component/test/components/button/t_button_test.dart: TButton 禁用（A 类控制） onPressed 非 null 正常响应点击
00:08 +161 -3: E:/tdesign-flutter-v1/tdesign-component/test/components/button/t_button_golden_test.dart: TButton Golden 纯 icon + circle
══╡ EXCEPTION CAUGHT BY FLUTTER TEST FRAMEWORK ╞════════════════════════════════════════════════════
The following assertion was thrown while running async test code:
Golden "goldens/t_button_icon_circle.png": Pixel test failed, 0.01%, 10px diff detected.
Failure feedback can be found at
/E:/tdesign-flutter-v1/tdesign-component/test/components/button/failures

When the exception was thrown, this was the stack:
#0      LocalFileComparator.compare (package:flutter_test/src/_goldens_io.dart:108:5)
<asynchronous suspension>
#1      MatchesGoldenFile.matchAsync.<anonymous closure> (package:flutter_test/src/_matchers_io.dart:124:32)
<asynchronous suspension>
<asynchronous suspension>
#3      _expect.<anonymous closure> (package:matcher/src/expect/expect.dart:153:17)
<asynchronous suspension>
<asynchronous suspension>
#5      expectLater.<anonymous closure> (package:flutter_test/src/widget_tester.dart:508:19)
<asynchronous suspension>
#6      main.<anonymous closure>.<anonymous closure> (file:///E:/tdesign-flutter-v1/tdesign-component/test/components/button/t_button_golden_test.dart:92:7)
<asynchronous suspension>
#7      testWidgets.<anonymous closure>.<anonymous closure> (package:flutter_test/src/widget_tester.dart:192:15)
<asynchronous suspension>
#8      TestWidgetsFlutterBinding._runTestBody (package:flutter_test/src/binding.dart:1682:5)
<asynchronous suspension>
<asynchronous suspension>
(elided 3 frames from dart:async and package:stack_trace)

The exception was caught asynchronously.
════════════════════════════════════════════════════════════════════════════════════════════════════
00:08 +161 -4: E:/tdesign-flutter-v1/tdesign-component/test/components/button/t_button_widget_test.dart: TButton widget 级用例 fill 主色可构建
00:08 +161 -4: E:/tdesign-flutter-v1/tdesign-component/test/components/button/t_button_golden_test.dart: TButton Golden 纯 icon + circle [E]
  Test failed. See exception logs above.
  The test description was: 纯 icon + circle
  
00:08 +162 -4: E:/tdesign-flutter-v1/tdesign-component/test/components/button/t_button_widget_test.dart: TButton widget 级用例 fill 主色可构建
00:08 +163 -4: E:/tdesign-flutter-v1/tdesign-component/test/components/button/t_button_widget_test.dart: TButton widget 级用例 fill 主色可构建
00:08 +164 -4: E:/tdesign-flutter-v1/tdesign-component/test/components/button/t_button_widget_test.dart: TButton widget 级用例 fill 主色可构建
00:08 +164 -4: E:/tdesign-flutter-v1/tdesign-component/test/components/button/t_button_golden_test.dart: TButton Golden outline 变体
══╡ EXCEPTION CAUGHT BY FLUTTER TEST FRAMEWORK ╞════════════════════════════════════════════════════
The following assertion was thrown while running async test code:
Golden "goldens/t_button_outline.png": Pixel test failed, 0.03%, 24px diff detected.
Failure feedback can be found at
/E:/tdesign-flutter-v1/tdesign-component/test/components/button/failures

When the exception was thrown, this was the stack:
#0      LocalFileComparator.compare (package:flutter_test/src/_goldens_io.dart:108:5)
<asynchronous suspension>
#1      MatchesGoldenFile.matchAsync.<anonymous closure> (package:flutter_test/src/_matchers_io.dart:124:32)
<asynchronous suspension>
<asynchronous suspension>
#3      _expect.<anonymous closure> (package:matcher/src/expect/expect.dart:153:17)
<asynchronous suspension>
<asynchronous suspension>
#5      expectLater.<anonymous closure> (package:flutter_test/src/widget_tester.dart:508:19)
<asynchronous suspension>
#6      main.<anonymous closure>.<anonymous closure> (file:///E:/tdesign-flutter-v1/tdesign-component/test/components/button/t_button_golden_test.dart:110:7)
<asynchronous suspension>
#7      testWidgets.<anonymous closure>.<anonymous closure> (package:flutter_test/src/widget_tester.dart:192:15)
<asynchronous suspension>
#8      TestWidgetsFlutterBinding._runTestBody (package:flutter_test/src/binding.dart:1682:5)
<asynchronous suspension>
<asynchronous suspension>
(elided 3 frames from dart:async and package:stack_trace)

The exception was caught asynchronously.
════════════════════════════════════════════════════════════════════════════════════════════════════
00:08 +164 -5: E:/tdesign-flutter-v1/tdesign-component/test/components/button/t_button_widget_test.dart: TButton widget 级用例 fill 主色可构建
00:08 +164 -5: E:/tdesign-flutter-v1/tdesign-component/test/components/button/t_button_golden_test.dart: TButton Golden outline 变体 [E]
  Test failed. See exception logs above.
  The test description was: outline 变体
  
00:08 +165 -5: E:/tdesign-flutter-v1/tdesign-component/test/components/button/t_button_widget_test.dart: TButton widget 级用例 fill 主色可构建
00:08 +166 -5: E:/tdesign-flutter-v1/tdesign-component/test/components/button/t_button_widget_test.dart: TButton widget 级用例 fill 主色可构建
00:08 +167 -5: E:/tdesign-flutter-v1/tdesign-component/test/components/button/t_button_widget_test.dart: TButton widget 级用例 fill 主色可构建
00:08 +168 -5: E:/tdesign-flutter-v1/tdesign-component/test/components/button/t_button_widget_test.dart: TButton widget 级用例 fill 主色可构建
00:08 +169 -5: E:/tdesign-flutter-v1/tdesign-component/test/components/button/t_button_widget_test.dart: TButton widget 级用例 fill 主色可构建
00:08 +169 -5: E:/tdesign-flutter-v1/tdesign-component/test/components/button/t_button_golden_test.dart: TButton Golden text 变体
══╡ EXCEPTION CAUGHT BY FLUTTER TEST FRAMEWORK ╞════════════════════════════════════════════════════
The following assertion was thrown while running async test code:
Golden "goldens/t_button_text.png": Pixel test failed, 0.03%, 26px diff detected.
Failure feedback can be found at
/E:/tdesign-flutter-v1/tdesign-component/test/components/button/failures

When the exception was thrown, this was the stack:
#0      LocalFileComparator.compare (package:flutter_test/src/_goldens_io.dart:108:5)
<asynchronous suspension>
#1      MatchesGoldenFile.matchAsync.<anonymous closure> (package:flutter_test/src/_matchers_io.dart:124:32)
<asynchronous suspension>
<asynchronous suspension>
#3      _expect.<anonymous closure> (package:matcher/src/expect/expect.dart:153:17)
<asynchronous suspension>
<asynchronous suspension>
#5      expectLater.<anonymous closure> (package:flutter_test/src/widget_tester.dart:508:19)
<asynchronous suspension>
#6      main.<anonymous closure>.<anonymous closure> (file:///E:/tdesign-flutter-v1/tdesign-component/test/components/button/t_button_golden_test.dart:128:7)
<asynchronous suspension>
#7      testWidgets.<anonymous closure>.<anonymous closure> (package:flutter_test/src/widget_tester.dart:192:15)
<asynchronous suspension>
#8      TestWidgetsFlutterBinding._runTestBody (package:flutter_test/src/binding.dart:1682:5)
<asynchronous suspension>
<asynchronous suspension>
(elided 3 frames from dart:async and package:stack_trace)

The exception was caught asynchronously.
════════════════════════════════════════════════════════════════════════════════════════════════════
00:08 +169 -6: E:/tdesign-flutter-v1/tdesign-component/test/components/button/t_button_widget_test.dart: TButton widget 级用例 fill 主色可构建
00:08 +169 -6: E:/tdesign-flutter-v1/tdesign-component/test/components/button/t_button_golden_test.dart: TButton Golden text 变体 [E]
  Test failed. See exception logs above.
  The test description was: text 变体
  
00:08 +170 -6: E:/tdesign-flutter-v1/tdesign-component/test/components/button/t_button_widget_test.dart: TButton widget 级用例 fill 主色可构建
00:09 +171 -6: E:/tdesign-flutter-v1/tdesign-component/test/components/button/t_button_widget_test.dart: TButton widget 级用例 fill 主色可构建
00:09 +172 -6: E:/tdesign-flutter-v1/tdesign-component/test/components/button/t_button_widget_test.dart: TButton widget 级用例 fill 主色可构建
00:09 +173 -6: E:/tdesign-flutter-v1/tdesign-component/test/components/button/t_button_widget_test.dart: TButton widget 级用例 fill 主色可构建
00:09 +174 -6: E:/tdesign-flutter-v1/tdesign-component/test/components/button/t_button_widget_test.dart: TButton widget 级用例 fill 主色可构建
00:09 +175 -6: E:/tdesign-flutter-v1/tdesign-component/test/components/button/t_button_widget_test.dart: TButton widget 级用例 fill 主色可构建
00:09 +176 -6: E:/tdesign-flutter-v1/tdesign-component/test/components/button/t_button_widget_test.dart: TButton widget 级用例 fill 主色可构建
00:09 +177 -6: E:/tdesign-flutter-v1/tdesign-component/test/components/button/t_button_widget_test.dart: TButton widget 级用例 fill 主色可构建
00:09 +178 -6: E:/tdesign-flutter-v1/tdesign-component/test/components/button/t_button_widget_test.dart: TButton widget 级用例 fill 主色可构建
00:09 +179 -6: E:/tdesign-flutter-v1/tdesign-component/test/components/button/t_button_widget_test.dart: TButton widget 级用例 fill 主色可构建
00:09 +180 -6: E:/tdesign-flutter-v1/tdesign-component/test/components/button/t_button_widget_test.dart: TButton widget 级用例 fill 主色可构建
00:09 +181 -6: E:/tdesign-flutter-v1/tdesign-component/test/components/button/t_button_widget_test.dart: TButton widget 级用例 fill 主色可构建
00:09 +182 -6: E:/tdesign-flutter-v1/tdesign-component/test/components/button/t_button_widget_test.dart: TButton widget 级用例 fill 主色可构建
00:09 +183 -6: E:/tdesign-flutter-v1/tdesign-component/test/components/button/t_button_widget_test.dart: TButton widget 级用例 fill 主色可构建
00:09 +184 -6: E:/tdesign-flutter-v1/tdesign-component/test/components/button/t_button_widget_test.dart: TButton widget 级用例 fill 主色可构建
00:09 +185 -6: E:/tdesign-flutter-v1/tdesign-component/test/components/button/t_button_widget_test.dart: TButton widget 级用例 fill 主色可构建
00:09 +186 -6: E:/tdesign-flutter-v1/tdesign-component/test/components/button/t_button_widget_test.dart: TButton widget 级用例 fill 主色可构建
00:09 +187 -6: E:/tdesign-flutter-v1/tdesign-component/test/components/button/t_button_widget_test.dart: TButton widget 级用例 fill 主色可构建
00:09 +188 -6: E:/tdesign-flutter-v1/tdesign-component/test/components/button/t_button_widget_test.dart: TButton widget 级用例 fill 主色可构建
00:09 +189 -6: E:/tdesign-flutter-v1/tdesign-component/test/components/button/t_button_widget_test.dart: TButton widget 级用例 fill 主色可构建
00:09 +190 -6: E:/tdesign-flutter-v1/tdesign-component/test/components/button/t_button_widget_test.dart: TButton widget 级用例 fill 主色可构建
00:10 +191 -6: E:/tdesign-flutter-v1/tdesign-component/test/components/button/t_button_widget_test.dart: TButton widget 级用例 fill 主色可构建
00:10 +192 -6: E:/tdesign-flutter-v1/tdesign-component/test/components/button/t_button_widget_test.dart: TButton widget 级用例 fill 主色可构建
00:10 +193 -6: E:/tdesign-flutter-v1/tdesign-component/test/components/calendar/t_calendar_body_test.dart: TCalendarBody 基础 single 类型渲染并生成单元格
00:10 +194 -6: E:/tdesign-flutter-v1/tdesign-component/test/components/calendar/t_calendar_body_test.dart: TCalendarBody 基础 single 类型渲染并生成单元格
00:10 +195 -6: E:/tdesign-flutter-v1/tdesign-component/test/components/calendar/t_calendar_body_test.dart: TCalendarBody 基础 single 类型渲染并生成单元格
00:10 +196 -6: E:/tdesign-flutter-v1/tdesign-component/test/components/calendar/t_calendar_body_test.dart: TCalendarBody 基础 single 类型渲染并生成单元格
00:10 +197 -6: E:/tdesign-flutter-v1/tdesign-component/test/components/calendar/t_calendar_body_test.dart: TCalendarBody 基础 single 类型渲染并生成单元格
00:10 +198 -6: E:/tdesign-flutter-v1/tdesign-component/test/components/calendar/t_calendar_body_test.dart: TCalendarBody 基础 single 类型渲染并生成单元格
00:10 +199 -6: E:/tdesign-flutter-v1/tdesign-component/test/components/calendar/t_calendar_body_test.dart: TCalendarBody 基础 single 类型渲染并生成单元格
00:10 +200 -6: E:/tdesign-flutter-v1/tdesign-component/test/components/calendar/t_calendar_body_test.dart: TCalendarBody 基础 single 类型渲染并生成单元格
00:10 +201 -6: E:/tdesign-flutter-v1/tdesign-component/test/components/calendar/t_calendar_body_test.dart: TCalendarBody 基础 single 类型渲染并生成单元格
00:10 +202 -6: E:/tdesign-flutter-v1/tdesign-component/test/components/calendar/t_calendar_body_test.dart: TCalendarBody 基础 single 类型渲染并生成单元格
00:10 +203 -6: E:/tdesign-flutter-v1/tdesign-component/test/components/calendar/t_calendar_body_test.dart: TCalendarBody 基础 single 类型渲染并生成单元格
00:10 +204 -6: E:/tdesign-flutter-v1/tdesign-component/test/components/calendar/t_calendar_body_test.dart: TCalendarBody 基础 single 类型渲染并生成单元格
00:10 +205 -6: E:/tdesign-flutter-v1/tdesign-component/test/components/calendar/t_calendar_body_test.dart: TCalendarBody 基础 single 类型渲染并生成单元格
00:10 +206 -6: E:/tdesign-flutter-v1/tdesign-component/test/components/calendar/t_calendar_widget_test.dart: TCalendar widget 级用例 single 模式可构建并渲染标题/单元格
00:10 +207 -6: E:/tdesign-flutter-v1/tdesign-component/test/components/calendar/t_calendar_widget_test.dart: TCalendar widget 级用例 single 模式可构建并渲染标题/单元格
00:11 +208 -6: E:/tdesign-flutter-v1/tdesign-component/test/components/calendar/t_calendar_widget_test.dart: TCalendar widget 级用例 single 模式可构建并渲染标题/单元格
00:11 +209 -6: E:/tdesign-flutter-v1/tdesign-component/test/components/calendar/t_calendar_widget_test.dart: TCalendar widget 级用例 single 模式可构建并渲染标题/单元格
00:11 +210 -6: E:/tdesign-flutter-v1/tdesign-component/test/components/calendar/t_calendar_widget_test.dart: TCalendar widget 级用例 single 模式可构建并渲染标题/单元格
00:11 +211 -6: E:/tdesign-flutter-v1/tdesign-component/test/components/calendar/t_calendar_widget_test.dart: TCalendar widget 级用例 single 模式可构建并渲染标题/单元格
00:11 +212 -6: E:/tdesign-flutter-v1/tdesign-component/test/components/calendar/t_calendar_widget_test.dart: TCalendar widget 级用例 single 模式可构建并渲染标题/单元格
00:11 +213 -6: E:/tdesign-flutter-v1/tdesign-component/test/components/calendar/t_calendar_widget_test.dart: TCalendar widget 级用例 single 模式可构建并渲染标题/单元格
00:11 +214 -6: E:/tdesign-flutter-v1/tdesign-component/test/components/calendar/t_calendar_widget_test.dart: TCalendar widget 级用例 single 模式可构建并渲染标题/单元格
00:11 +215 -6: E:/tdesign-flutter-v1/tdesign-component/test/components/calendar/t_calendar_widget_test.dart: TCalendar widget 级用例 single 模式可构建并渲染标题/单元格
00:11 +216 -6: E:/tdesign-flutter-v1/tdesign-component/test/components/calendar/t_calendar_widget_test.dart: TCalendar widget 级用例 single 模式可构建并渲染标题/单元格
00:11 +217 -6: E:/tdesign-flutter-v1/tdesign-component/test/components/calendar/t_calendar_widget_test.dart: TCalendar widget 级用例 single 模式可构建并渲染标题/单元格
00:11 +218 -6: E:/tdesign-flutter-v1/tdesign-component/test/components/calendar/t_calendar_widget_test.dart: TCalendar widget 级用例 single 模式可构建并渲染标题/单元格
00:11 +219 -6: E:/tdesign-flutter-v1/tdesign-component/test/components/calendar/t_calendar_widget_test.dart: TCalendar widget 级用例 single 模式可构建并渲染标题/单元格
00:11 +220 -6: E:/tdesign-flutter-v1/tdesign-component/test/components/calendar/t_calendar_widget_test.dart: TCalendar widget 级用例 single 模式可构建并渲染标题/单元格
00:11 +221 -6: E:/tdesign-flutter-v1/tdesign-component/test/components/calendar/t_calendar_widget_test.dart: TCalendar widget 级用例 single 模式可构建并渲染标题/单元格
00:11 +222 -6: E:/tdesign-flutter-v1/tdesign-component/test/components/calendar/t_calendar_widget_test.dart: TCalendar widget 级用例 single 模式可构建并渲染标题/单元格
00:11 +223 -6: E:/tdesign-flutter-v1/tdesign-component/test/components/calendar/t_calendar_widget_test.dart: TCalendar widget 级用例 single 模式可构建并渲染标题/单元格
00:11 +224 -6: E:/tdesign-flutter-v1/tdesign-component/test/components/calendar/t_calendar_widget_test.dart: TCalendar widget 级用例 single 模式可构建并渲染标题/单元格
00:12 +225 -6: E:/tdesign-flutter-v1/tdesign-component/test/components/calendar/t_calendar_widget_test.dart: TCalendar widget 级用例 single 模式可构建并渲染标题/单元格
00:12 +226 -6: E:/tdesign-flutter-v1/tdesign-component/test/components/calendar/t_calendar_widget_test.dart: TCalendar widget 级用例 single 模式可构建并渲染标题/单元格
00:12 +227 -6: E:/tdesign-flutter-v1/tdesign-component/test/components/calendar/t_calendar_widget_test.dart: TCalendar widget 级用例 single 模式可构建并渲染标题/单元格
00:12 +228 -6: E:/tdesign-flutter-v1/tdesign-component/test/components/calendar/t_calendar_widget_test.dart: TCalendar widget 级用例 single 模式可构建并渲染标题/单元格
00:12 +229 -6: E:/tdesign-flutter-v1/tdesign-component/test/components/calendar/t_calendar_widget_test.dart: TCalendar widget 级用例 single 模式可构建并渲染标题/单元格
00:12 +230 -6: E:/tdesign-flutter-v1/tdesign-component/test/components/calendar/t_calendar_widget_test.dart: TCalendar widget 级用例 single 模式可构建并渲染标题/单元格
00:12 +231 -6: E:/tdesign-flutter-v1/tdesign-component/test/components/calendar/t_calendar_widget_test.dart: TCalendar widget 级用例 single 模式可构建并渲染标题/单元格
00:12 +232 -6: E:/tdesign-flutter-v1/tdesign-component/test/components/calendar/t_calendar_widget_test.dart: TCalendar widget 级用例 single 模式可构建并渲染标题/单元格
00:12 +233 -6: E:/tdesign-flutter-v1/tdesign-component/test/components/calendar/t_calendar_widget_test.dart: TCalendar widget 级用例 single 模式可构建并渲染标题/单元格
00:12 +234 -6: E:/tdesign-flutter-v1/tdesign-component/test/components/calendar/t_calendar_widget_test.dart: TCalendar widget 级用例 single 模式可构建并渲染标题/单元格
00:12 +235 -6: E:/tdesign-flutter-v1/tdesign-component/test/components/calendar/t_calendar_widget_test.dart: TCalendar widget 级用例 single 模式可构建并渲染标题/单元格
00:12 +236 -6: E:/tdesign-flutter-v1/tdesign-component/test/components/calendar/t_calendar_widget_test.dart: TCalendar widget 级用例 single 模式可构建并渲染标题/单元格
00:12 +237 -6: E:/tdesign-flutter-v1/tdesign-component/test/components/calendar/t_calendar_widget_test.dart: TCalendar widget 级用例 single 模式可构建并渲染标题/单元格
00:12 +238 -6: E:/tdesign-flutter-v1/tdesign-component/test/components/calendar/t_calendar_widget_test.dart: TCalendar widget 级用例 single 模式可构建并渲染标题/单元格
00:12 +239 -6: E:/tdesign-flutter-v1/tdesign-component/test/components/calendar/t_calendar_widget_test.dart: TCalendar widget 级用例 single 模式可构建并渲染标题/单元格
00:12 +240 -6: E:/tdesign-flutter-v1/tdesign-component/test/components/calendar/t_calendar_widget_test.dart: TCalendar widget 级用例 single 模式可构建并渲染标题/单元格
00:12 +241 -6: E:/tdesign-flutter-v1/tdesign-component/test/components/calendar/t_calendar_widget_test.dart: TCalendar widget 级用例 single 模式可构建并渲染标题/单元格
00:13 +242 -6: E:/tdesign-flutter-v1/tdesign-component/test/components/calendar/t_calendar_widget_test.dart: TCalendar widget 级用例 single 模式可构建并渲染标题/单元格
00:13 +243 -6: E:/tdesign-flutter-v1/tdesign-component/test/components/calendar/t_calendar_widget_test.dart: TCalendar widget 级用例 single 模式可构建并渲染标题/单元格
00:13 +244 -6: E:/tdesign-flutter-v1/tdesign-component/test/components/calendar/t_calendar_widget_test.dart: TCalendar widget 级用例 single 模式可构建并渲染标题/单元格
00:13 +245 -6: E:/tdesign-flutter-v1/tdesign-component/test/components/calendar/t_calendar_widget_test.dart: TCalendar widget 级用例 single 模式可构建并渲染标题/单元格
00:13 +246 -6: E:/tdesign-flutter-v1/tdesign-component/test/components/calendar/t_calendar_widget_test.dart: TCalendar widget 级用例 single 模式可构建并渲染标题/单元格
00:13 +247 -6: E:/tdesign-flutter-v1/tdesign-component/test/components/cascader/t_custom_tab_test.dart: TCustomTab 基础渲染
00:13 +248 -6: E:/tdesign-flutter-v1/tdesign-component/test/components/cascader/t_multi_cascader_test.dart: LeftLineWidget 渲染
00:13 +249 -6: E:/tdesign-flutter-v1/tdesign-component/test/components/cascader/t_multi_cascader_test.dart: LeftLineWidget 渲染
00:13 +250 -6: E:/tdesign-flutter-v1/tdesign-component/test/components/cascader/t_multi_cascader_test.dart: LeftLineWidget 渲染
00:13 +251 -6: E:/tdesign-flutter-v1/tdesign-component/test/components/cascader/t_multi_cascader_test.dart: LeftLineWidget 渲染
00:13 +252 -6: E:/tdesign-flutter-v1/tdesign-component/test/components/cascader/t_multi_cascader_test.dart: LeftLineWidget 渲染
00:13 +253 -6: E:/tdesign-flutter-v1/tdesign-component/test/components/cascader/t_multi_cascader_test.dart: LeftLineWidget 渲染
00:13 +254 -6: E:/tdesign-flutter-v1/tdesign-component/test/components/cascader/t_multi_cascader_test.dart: LeftLineWidget 渲染
00:13 +255 -6: E:/tdesign-flutter-v1/tdesign-component/test/components/cascader/t_multi_cascader_test.dart: LeftLineWidget 渲染
00:13 +256 -6: E:/tdesign-flutter-v1/tdesign-component/test/components/cell/t_cell_test.dart: TCell A 类控制（onTap） onTap 非 null 时点击触发回调
00:13 +257 -6: E:/tdesign-flutter-v1/tdesign-component/test/components/cell/t_cell_test.dart: TCell A 类控制（onTap） onTap 非 null 时点击触发回调
00:13 +258 -6: E:/tdesign-flutter-v1/tdesign-component/test/components/cell/t_cell_test.dart: TCell A 类控制（onTap） onTap 非 null 时点击触发回调
00:14 +259 -6: E:/tdesign-flutter-v1/tdesign-component/test/components/cell/t_cell_test.dart: TCell A 类控制（onTap） onTap 非 null 时点击触发回调
00:14 +260 -6: E:/tdesign-flutter-v1/tdesign-component/test/components/cell/t_cell_test.dart: TCell A 类控制（onTap） onTap 非 null 时点击触发回调
00:14 +261 -6: E:/tdesign-flutter-v1/tdesign-component/test/components/cell/t_cell_test.dart: TCell A 类控制（onTap） onTap 非 null 时点击触发回调
00:14 +262 -6: E:/tdesign-flutter-v1/tdesign-component/test/components/cell/t_cell_test.dart: TCell A 类控制（onTap） onTap 非 null 时点击触发回调
00:14 +263 -6: E:/tdesign-flutter-v1/tdesign-component/test/components/cell/t_cell_test.dart: TCell A 类控制（onTap） onTap 非 null 时点击触发回调
00:14 +264 -6: E:/tdesign-flutter-v1/tdesign-component/test/components/cell/t_cell_test.dart: TCell A 类控制（onTap） onTap 非 null 时点击触发回调
00:14 +265 -6: E:/tdesign-flutter-v1/tdesign-component/test/components/cell/t_cell_test.dart: TCell A 类控制（onTap） onTap 非 null 时点击触发回调
00:14 +266 -6: E:/tdesign-flutter-v1/tdesign-component/test/components/cell/t_cell_test.dart: TCell A 类控制（onTap） onTap 非 null 时点击触发回调
00:14 +267 -6: E:/tdesign-flutter-v1/tdesign-component/test/components/cell/t_cell_test.dart: TCell A 类控制（onTap） onTap 非 null 时点击触发回调
00:14 +268 -6: E:/tdesign-flutter-v1/tdesign-component/test/components/cell/t_cell_test.dart: TCell A 类控制（onTap） onTap 非 null 时点击触发回调
00:15 +269 -6: E:/tdesign-flutter-v1/tdesign-component/test/components/cell/t_cell_test.dart: TCell A 类控制（onTap） onTap 非 null 时点击触发回调
00:15 +270 -6: E:/tdesign-flutter-v1/tdesign-component/test/components/cell/t_cell_test.dart: TCell A 类控制（onTap） onTap 非 null 时点击触发回调
00:15 +271 -6: E:/tdesign-flutter-v1/tdesign-component/test/components/checkbox/t_checkbox_test.dart: TCheckbox B 类控制（value + onChanged） value=false 正常渲染
00:15 +272 -6: E:/tdesign-flutter-v1/tdesign-component/test/components/checkbox/t_checkbox_test.dart: TCheckbox B 类控制（value + onChanged） value=false 正常渲染
00:15 +273 -6: E:/tdesign-flutter-v1/tdesign-component/test/components/checkbox/t_checkbox_test.dart: TCheckbox B 类控制（value + onChanged） value=false 正常渲染
00:15 +274 -6: E:/tdesign-flutter-v1/tdesign-component/test/components/checkbox/t_checkbox_test.dart: TCheckbox B 类控制（value + onChanged） value=false 正常渲染
00:15 +275 -6: E:/tdesign-flutter-v1/tdesign-component/test/components/checkbox/t_checkbox_test.dart: TCheckbox B 类控制（value + onChanged） value=false 正常渲染
00:15 +276 -6: E:/tdesign-flutter-v1/tdesign-component/test/components/checkbox/t_checkbox_test.dart: TCheckbox B 类控制（value + onChanged） value=false 正常渲染
00:15 +277 -6: E:/tdesign-flutter-v1/tdesign-component/test/components/checkbox/t_checkbox_test.dart: TCheckbox B 类控制（value + onChanged） value=false 正常渲染
00:15 +278 -6: E:/tdesign-flutter-v1/tdesign-component/test/components/calendar/t_calendar_widget_test.dart: TCalendar widget 级用例 range 模式可构建
00:15 +279 -6: E:/tdesign-flutter-v1/tdesign-component/test/components/calendar/t_calendar_widget_test.dart: TCalendar widget 级用例 range 模式可构建
00:15 +280 -6: E:/tdesign-flutter-v1/tdesign-component/test/components/cascader/t_multi_cascader_test.dart: TMultiCascader 渲染 title / closeText 渲染
00:15 +281 -6: E:/tdesign-flutter-v1/tdesign-component/test/components/cascader/t_multi_cascader_test.dart: TMultiCascader 渲染 title / closeText 渲染
00:15 +282 -6: E:/tdesign-flutter-v1/tdesign-component/test/components/cascader/t_multi_cascader_test.dart: TMultiCascader 渲染 title / closeText 渲染
00:16 +283 -6: E:/tdesign-flutter-v1/tdesign-component/test/components/checkbox/t_check_box_group_test.dart: TCheckboxGroupController 状态控制 toggle 勾选并触发 onChanged
00:16 +284 -6: E:/tdesign-flutter-v1/tdesign-component/test/components/checkbox/t_check_box_group_test.dart: TCheckboxGroupController 状态控制 toggle 勾选并触发 onChanged
00:16 +285 -6: E:/tdesign-flutter-v1/tdesign-component/test/components/checkbox/t_check_box_group_test.dart: TCheckboxGroupController 状态控制 toggle 勾选并触发 onChanged
00:16 +286 -6: E:/tdesign-flutter-v1/tdesign-component/test/components/checkbox/t_check_box_group_test.dart: TCheckboxGroupController 状态控制 toggle 勾选并触发 onChanged
00:16 +287 -6: E:/tdesign-flutter-v1/tdesign-component/test/components/checkbox/t_check_box_group_test.dart: TCheckboxGroupController 状态控制 toggle 勾选并触发 onChanged
00:16 +288 -6: E:/tdesign-flutter-v1/tdesign-component/test/components/checkbox/t_check_box_group_test.dart: TCheckboxGroupController 状态控制 toggle 勾选并触发 onChanged
00:16 +289 -6: E:/tdesign-flutter-v1/tdesign-component/test/components/checkbox/t_check_box_group_test.dart: TCheckboxGroupController 状态控制 toggle 勾选并触发 onChanged
00:16 +290 -6: E:/tdesign-flutter-v1/tdesign-component/test/components/checkbox/t_check_box_group_test.dart: TCheckboxGroupController 状态控制 toggle 勾选并触发 onChanged
00:16 +291 -6: E:/tdesign-flutter-v1/tdesign-component/test/components/checkbox/t_check_box_group_test.dart: TCheckboxGroupController 状态控制 toggle 勾选并触发 onChanged
00:16 +292 -6: E:/tdesign-flutter-v1/tdesign-component/test/components/checkbox/t_check_box_group_test.dart: TCheckboxGroupController 状态控制 toggle 勾选并触发 onChanged
00:16 +293 -6: E:/tdesign-flutter-v1/tdesign-component/test/components/checkbox/t_check_box_group_test.dart: TCheckboxGroupController 状态控制 toggle 勾选并触发 onChanged
00:16 +294 -6: E:/tdesign-flutter-v1/tdesign-component/test/components/checkbox/t_check_box_group_test.dart: TCheckboxGroupController 状态控制 toggle 勾选并触发 onChanged
00:16 +295 -6: E:/tdesign-flutter-v1/tdesign-component/test/components/checkbox/t_check_box_group_test.dart: TCheckboxGroupController 状态控制 toggle 勾选并触发 onChanged
00:16 +296 -6: E:/tdesign-flutter-v1/tdesign-component/test/components/checkbox/t_check_box_group_test.dart: TCheckboxGroupController 状态控制 toggle 勾选并触发 onChanged
00:16 +297 -6: E:/tdesign-flutter-v1/tdesign-component/test/components/checkbox/t_check_box_group_test.dart: TCheckboxGroupController 状态控制 toggle 勾选并触发 onChanged
00:16 +298 -6: E:/tdesign-flutter-v1/tdesign-component/test/components/checkbox/t_check_box_group_test.dart: TCheckboxGroupController 状态控制 toggle 勾选并触发 onChanged
00:16 +299 -6: E:/tdesign-flutter-v1/tdesign-component/test/components/checkbox/t_check_box_group_test.dart: TCheckboxGroupController 状态控制 toggle 勾选并触发 onChanged
00:16 +300 -6: E:/tdesign-flutter-v1/tdesign-component/test/components/checkbox/t_check_box_group_test.dart: TCheckboxGroupController 状态控制 toggle 勾选并触发 onChanged
00:16 +301 -6: E:/tdesign-flutter-v1/tdesign-component/test/components/checkbox/t_check_box_group_test.dart: TCheckboxGroupController 状态控制 toggle 勾选并触发 onChanged
00:16 +302 -6: E:/tdesign-flutter-v1/tdesign-component/test/components/checkbox/t_check_box_group_test.dart: TCheckboxGroupController 状态控制 toggle 勾选并触发 onChanged
00:16 +303 -6: E:/tdesign-flutter-v1/tdesign-component/test/components/checkbox/t_check_box_group_test.dart: TCheckboxGroupController 状态控制 toggle 勾选并触发 onChanged
00:17 +304 -6: E:/tdesign-flutter-v1/tdesign-component/test/components/checkbox/t_check_box_group_test.dart: TCheckboxGroupController 状态控制 toggle 勾选并触发 onChanged
00:17 +305 -6: E:/tdesign-flutter-v1/tdesign-component/test/components/checkbox/t_check_box_group_test.dart: TCheckboxGroupController 状态控制 toggle 勾选并触发 onChanged
00:17 +306 -6: E:/tdesign-flutter-v1/tdesign-component/test/components/checkbox/t_check_box_group_test.dart: TCheckboxGroupController 状态控制 toggle 勾选并触发 onChanged
00:17 +307 -6: E:/tdesign-flutter-v1/tdesign-component/test/components/checkbox/t_check_box_group_test.dart: TCheckboxGroupController 状态控制 toggle 勾选并触发 onChanged
00:17 +308 -6: E:/tdesign-flutter-v1/tdesign-component/test/components/checkbox/t_check_box_group_test.dart: TCheckboxGroupController 状态控制 toggle 勾选并触发 onChanged
00:17 +309 -6: E:/tdesign-flutter-v1/tdesign-component/test/components/checkbox/t_check_box_group_test.dart: TCheckboxGroupController 状态控制 toggle 勾选并触发 onChanged
00:17 +310 -6: E:/tdesign-flutter-v1/tdesign-component/test/components/checkbox/t_check_box_group_test.dart: TCheckboxGroupController 状态控制 toggle 勾选并触发 onChanged
00:17 +311 -6: E:/tdesign-flutter-v1/tdesign-component/test/components/checkbox/t_check_box_group_test.dart: TCheckboxGroupController 状态控制 toggle 勾选并触发 onChanged
00:17 +312 -6: E:/tdesign-flutter-v1/tdesign-component/test/components/checkbox/t_check_box_group_test.dart: TCheckboxGroupController 状态控制 toggle 勾选并触发 onChanged
00:17 +313 -6: E:/tdesign-flutter-v1/tdesign-component/test/components/checkbox/t_check_box_group_test.dart: TCheckboxGroupController 状态控制 toggle 勾选并触发 onChanged
00:17 +314 -6: E:/tdesign-flutter-v1/tdesign-component/test/components/checkbox/t_check_box_group_test.dart: TCheckboxGroupController 状态控制 toggle 勾选并触发 onChanged
00:17 +315 -6: E:/tdesign-flutter-v1/tdesign-component/test/components/checkbox/t_check_box_group_test.dart: TCheckboxGroupController 状态控制 toggle 勾选并触发 onChanged
00:17 +316 -6: E:/tdesign-flutter-v1/tdesign-component/test/components/checkbox/t_check_box_group_test.dart: TCheckboxGroupController 状态控制 toggle 勾选并触发 onChanged
00:17 +317 -6: E:/tdesign-flutter-v1/tdesign-component/test/components/checkbox/t_check_box_group_test.dart: TCheckboxGroupController 状态控制 toggle 勾选并触发 onChanged
00:17 +318 -6: E:/tdesign-flutter-v1/tdesign-component/test/components/checkbox/t_check_box_group_test.dart: TCheckboxGroupController 状态控制 toggle 勾选并触发 onChanged
00:17 +319 -6: E:/tdesign-flutter-v1/tdesign-component/test/components/checkbox/t_check_box_group_test.dart: TCheckboxGroupController 状态控制 toggle 勾选并触发 onChanged
00:17 +320 -6: E:/tdesign-flutter-v1/tdesign-component/test/components/checkbox/t_check_box_group_test.dart: TCheckboxGroupController 状态控制 toggle 勾选并触发 onChanged
00:17 +321 -6: E:/tdesign-flutter-v1/tdesign-component/test/components/collapse/t_collapse_test.dart: TCollapse 基础渲染 multiple 模式渲染单个面板
00:17 +322 -6: E:/tdesign-flutter-v1/tdesign-component/test/components/collapse/t_collapse_test.dart: TCollapse 基础渲染 multiple 模式渲染单个面板
00:17 +323 -6: E:/tdesign-flutter-v1/tdesign-component/test/components/collapse/t_collapse_test.dart: TCollapse 基础渲染 multiple 模式渲染单个面板
00:18 +324 -6: E:/tdesign-flutter-v1/tdesign-component/test/components/collapse/t_collapse_test.dart: TCollapse 基础渲染 multiple 模式渲染单个面板
00:18 +325 -6: E:/tdesign-flutter-v1/tdesign-component/test/components/collapse/t_collapse_test.dart: TCollapse 基础渲染 multiple 模式渲染单个面板
00:18 +326 -6: E:/tdesign-flutter-v1/tdesign-component/test/components/collapse/t_collapse_test.dart: TCollapse 基础渲染 multiple 模式渲染单个面板
00:18 +327 -6: E:/tdesign-flutter-v1/tdesign-component/test/components/collapse/t_collapse_test.dart: TCollapse 基础渲染 multiple 模式渲染单个面板
00:18 +328 -6: E:/tdesign-flutter-v1/tdesign-component/test/components/collapse/t_collapse_test.dart: TCollapse 基础渲染 multiple 模式渲染单个面板
00:18 +329 -6: E:/tdesign-flutter-v1/tdesign-component/test/components/collapse/t_collapse_test.dart: TCollapse 基础渲染 multiple 模式渲染单个面板
00:18 +330 -6: E:/tdesign-flutter-v1/tdesign-component/test/components/collapse/t_collapse_test.dart: TCollapse 基础渲染 multiple 模式渲染单个面板
00:18 +331 -6: E:/tdesign-flutter-v1/tdesign-component/test/components/collapse/t_collapse_test.dart: TCollapse 基础渲染 multiple 模式渲染单个面板
00:18 +332 -6: E:/tdesign-flutter-v1/tdesign-component/test/components/collapse/t_collapse_test.dart: TCollapse 基础渲染 multiple 模式渲染单个面板
00:18 +333 -6: E:/tdesign-flutter-v1/tdesign-component/test/components/collapse/t_collapse_test.dart: TCollapse 基础渲染 multiple 模式渲染单个面板
00:18 +334 -6: E:/tdesign-flutter-v1/tdesign-component/test/components/collapse/t_collapse_test.dart: TCollapse 基础渲染 multiple 模式渲染单个面板
00:18 +335 -6: E:/tdesign-flutter-v1/tdesign-component/test/components/collapse/t_collapse_test.dart: TCollapse 基础渲染 multiple 模式渲染单个面板
00:18 +336 -6: E:/tdesign-flutter-v1/tdesign-component/test/components/collapse/t_collapse_test.dart: TCollapse 基础渲染 multiple 模式渲染单个面板
00:18 +337 -6: E:/tdesign-flutter-v1/tdesign-component/test/components/collapse/t_collapse_test.dart: TCollapse 基础渲染 multiple 模式渲染单个面板
00:18 +338 -6: E:/tdesign-flutter-v1/tdesign-component/test/components/collapse/t_collapse_test.dart: TCollapse 基础渲染 multiple 模式渲染单个面板
00:18 +339 -6: E:/tdesign-flutter-v1/tdesign-component/test/components/collapse/t_collapse_test.dart: TCollapse 基础渲染 multiple 模式渲染单个面板
00:18 +340 -6: E:/tdesign-flutter-v1/tdesign-component/test/components/collapse/t_collapse_test.dart: TCollapse 基础渲染 multiple 模式渲染单个面板
00:18 +341 -6: E:/tdesign-flutter-v1/tdesign-component/test/components/collapse/t_collapse_test.dart: TCollapse 基础渲染 multiple 模式渲染单个面板
00:18 +342 -6: E:/tdesign-flutter-v1/tdesign-component/test/components/collapse/t_collapse_test.dart: TCollapse 基础渲染 multiple 模式渲染单个面板
00:18 +343 -6: E:/tdesign-flutter-v1/tdesign-component/test/components/collapse/t_collapse_test.dart: TCollapse 基础渲染 multiple 模式渲染单个面板
00:18 +344 -6: E:/tdesign-flutter-v1/tdesign-component/test/components/collapse/t_collapse_test.dart: TCollapse 基础渲染 multiple 模式渲染单个面板
00:18 +345 -6: E:/tdesign-flutter-v1/tdesign-component/test/components/collapse/t_collapse_test.dart: TCollapse 基础渲染 multiple 模式渲染单个面板
00:18 +346 -6: E:/tdesign-flutter-v1/tdesign-component/test/components/collapse/t_collapse_test.dart: TCollapse 基础渲染 multiple 模式渲染单个面板
00:18 +347 -6: E:/tdesign-flutter-v1/tdesign-component/test/components/collapse/t_collapse_test.dart: TCollapse 基础渲染 multiple 模式渲染单个面板
00:18 +348 -6: E:/tdesign-flutter-v1/tdesign-component/test/components/collapse/t_collapse_test.dart: TCollapse 基础渲染 multiple 模式渲染单个面板
00:18 +349 -6: E:/tdesign-flutter-v1/tdesign-component/test/components/collapse/t_collapse_test.dart: TCollapse 基础渲染 multiple 模式渲染单个面板
00:18 +350 -6: E:/tdesign-flutter-v1/tdesign-component/test/components/collapse/t_collapse_test.dart: TCollapse 基础渲染 multiple 模式渲染单个面板
00:18 +351 -6: E:/tdesign-flutter-v1/tdesign-component/test/components/collapse/t_collapse_test.dart: TCollapse 基础渲染 multiple 模式渲染单个面板
00:18 +352 -6: E:/tdesign-flutter-v1/tdesign-component/test/components/collapse/t_collapse_test.dart: TCollapse 基础渲染 multiple 模式渲染单个面板
00:19 +353 -6: E:/tdesign-flutter-v1/tdesign-component/test/components/collapse/t_collapse_test.dart: TCollapse 基础渲染 multiple 模式渲染单个面板
00:19 +354 -6: E:/tdesign-flutter-v1/tdesign-component/test/components/collapse/t_collapse_test.dart: TCollapse 基础渲染 multiple 模式渲染单个面板
00:19 +355 -6: E:/tdesign-flutter-v1/tdesign-component/test/components/collapse/t_collapse_test.dart: TCollapse 基础渲染 multiple 模式渲染单个面板
00:19 +356 -6: E:/tdesign-flutter-v1/tdesign-component/test/components/collapse/t_collapse_test.dart: TCollapse 基础渲染 multiple 模式渲染单个面板
00:19 +357 -6: E:/tdesign-flutter-v1/tdesign-component/test/components/collapse/t_collapse_test.dart: TCollapse 基础渲染 multiple 模式渲染单个面板
00:19 +358 -6: E:/tdesign-flutter-v1/tdesign-component/test/components/collapse/t_collapse_test.dart: TCollapse 基础渲染 multiple 模式渲染单个面板
00:19 +359 -6: E:/tdesign-flutter-v1/tdesign-component/test/components/collapse/t_collapse_test.dart: TCollapse 基础渲染 multiple 模式渲染单个面板
00:19 +360 -6: E:/tdesign-flutter-v1/tdesign-component/test/components/collapse/t_collapse_test.dart: TCollapse 基础渲染 multiple 模式渲染单个面板
00:19 +361 -6: E:/tdesign-flutter-v1/tdesign-component/test/components/collapse/t_collapse_test.dart: TCollapse 基础渲染 multiple 模式渲染单个面板
00:19 +362 -6: E:/tdesign-flutter-v1/tdesign-component/test/components/collapse/t_collapse_test.dart: TCollapse 基础渲染 multiple 模式渲染单个面板
00:19 +363 -6: E:/tdesign-flutter-v1/tdesign-component/test/components/date_time_picker/t_date_time_picker_wheel_test.dart: DateTimePickerWheel 渲染 年/月/日三列渲染并暴露选项
00:19 +364 -6: E:/tdesign-flutter-v1/tdesign-component/test/components/date_time_picker/t_date_time_picker_wheel_test.dart: DateTimePickerWheel 渲染 年/月/日三列渲染并暴露选项
00:19 +365 -6: E:/tdesign-flutter-v1/tdesign-component/test/components/date_time_picker/t_date_time_picker_wheel_test.dart: DateTimePickerWheel 渲染 年/月/日三列渲染并暴露选项
00:19 +366 -6: E:/tdesign-flutter-v1/tdesign-component/test/components/date_time_picker/t_date_time_picker_wheel_test.dart: DateTimePickerWheel 渲染 年/月/日三列渲染并暴露选项
00:19 +367 -6: E:/tdesign-flutter-v1/tdesign-component/test/components/date_time_picker/t_date_time_picker_wheel_test.dart: DateTimePickerWheel 渲染 年/月/日三列渲染并暴露选项
00:19 +368 -6: E:/tdesign-flutter-v1/tdesign-component/test/components/date_time_picker/t_date_time_picker_wheel_test.dart: DateTimePickerWheel 渲染 年/月/日三列渲染并暴露选项
00:19 +369 -6: E:/tdesign-flutter-v1/tdesign-component/test/components/date_time_picker/t_date_time_picker_wheel_test.dart: DateTimePickerWheel 渲染 年/月/日三列渲染并暴露选项
00:19 +370 -6: E:/tdesign-flutter-v1/tdesign-component/test/components/date_time_picker/t_date_time_picker_wheel_test.dart: DateTimePickerWheel 渲染 年/月/日三列渲染并暴露选项
00:19 +371 -6: E:/tdesign-flutter-v1/tdesign-component/test/components/date_time_picker/t_date_time_picker_wheel_test.dart: DateTimePickerWheel 渲染 年/月/日三列渲染并暴露选项
00:19 +372 -6: E:/tdesign-flutter-v1/tdesign-component/test/components/date_time_picker/t_date_time_picker_wheel_test.dart: DateTimePickerWheel 渲染 年/月/日三列渲染并暴露选项
00:19 +373 -6: E:/tdesign-flutter-v1/tdesign-component/test/components/date_time_picker/t_date_time_picker_wheel_test.dart: DateTimePickerWheel 渲染 年/月/日三列渲染并暴露选项
00:19 +374 -6: E:/tdesign-flutter-v1/tdesign-component/test/components/date_time_picker/t_date_time_picker_wheel_test.dart: DateTimePickerWheel 渲染 年/月/日三列渲染并暴露选项
00:19 +375 -6: E:/tdesign-flutter-v1/tdesign-component/test/components/date_time_picker/t_date_time_picker_wheel_test.dart: DateTimePickerWheel 渲染 年/月/日三列渲染并暴露选项
00:19 +376 -6: E:/tdesign-flutter-v1/tdesign-component/test/components/date_time_picker/t_date_time_picker_wheel_test.dart: DateTimePickerWheel 渲染 年/月/日三列渲染并暴露选项
00:19 +377 -6: E:/tdesign-flutter-v1/tdesign-component/test/components/date_time_picker/t_date_time_picker_wheel_test.dart: DateTimePickerWheel 渲染 年/月/日三列渲染并暴露选项
00:19 +378 -6: E:/tdesign-flutter-v1/tdesign-component/test/components/date_time_picker/t_date_time_picker_wheel_test.dart: DateTimePickerWheel 渲染 年/月/日三列渲染并暴露选项
00:19 +379 -6: E:/tdesign-flutter-v1/tdesign-component/test/components/date_time_picker/t_date_time_picker_wheel_test.dart: DateTimePickerWheel 渲染 年/月/日三列渲染并暴露选项
00:19 +380 -6: E:/tdesign-flutter-v1/tdesign-component/test/components/date_time_picker/t_date_time_picker_wheel_test.dart: DateTimePickerWheel 渲染 年/月/日三列渲染并暴露选项
00:19 +381 -6: E:/tdesign-flutter-v1/tdesign-component/test/components/date_time_picker/t_date_time_picker_wheel_test.dart: DateTimePickerWheel 渲染 年/月/日三列渲染并暴露选项
00:19 +382 -6: E:/tdesign-flutter-v1/tdesign-component/test/components/date_time_picker/t_date_time_picker_wheel_test.dart: DateTimePickerWheel 渲染 年/月/日三列渲染并暴露选项
00:19 +383 -6: E:/tdesign-flutter-v1/tdesign-component/test/components/date_time_picker/t_date_time_picker_wheel_test.dart: DateTimePickerWheel 渲染 年/月/日三列渲染并暴露选项
00:19 +384 -6: E:/tdesign-flutter-v1/tdesign-component/test/components/date_time_picker/t_date_time_picker_wheel_test.dart: DateTimePickerWheel 渲染 年/月/日三列渲染并暴露选项
00:19 +385 -6: E:/tdesign-flutter-v1/tdesign-component/test/components/date_time_picker/t_date_time_picker_wheel_test.dart: DateTimePickerWheel 渲染 年/月/日三列渲染并暴露选项
00:19 +386 -6: E:/tdesign-flutter-v1/tdesign-component/test/components/date_time_picker/t_date_time_picker_wheel_test.dart: DateTimePickerWheel 渲染 年/月/日三列渲染并暴露选项
00:19 +387 -6: E:/tdesign-flutter-v1/tdesign-component/test/components/date_time_picker/t_date_time_picker_wheel_test.dart: DateTimePickerWheel 渲染 年/月/日三列渲染并暴露选项
00:19 +388 -6: E:/tdesign-flutter-v1/tdesign-component/test/components/date_time_picker/t_date_time_picker_wheel_test.dart: DateTimePickerWheel 渲染 年/月/日三列渲染并暴露选项
00:19 +389 -6: E:/tdesign-flutter-v1/tdesign-component/test/components/date_time_picker/t_date_time_picker_wheel_test.dart: DateTimePickerWheel 渲染 年/月/日三列渲染并暴露选项
00:19 +390 -6: E:/tdesign-flutter-v1/tdesign-component/test/components/date_time_picker/t_date_time_picker_wheel_test.dart: DateTimePickerWheel 渲染 年/月/日三列渲染并暴露选项
00:19 +391 -6: E:/tdesign-flutter-v1/tdesign-component/test/components/date_time_picker/t_date_time_picker_wheel_test.dart: DateTimePickerWheel 渲染 年/月/日三列渲染并暴露选项
00:19 +392 -6: E:/tdesign-flutter-v1/tdesign-component/test/components/date_time_picker/t_date_time_picker_wheel_test.dart: DateTimePickerWheel 渲染 年/月/日三列渲染并暴露选项
00:19 +393 -6: E:/tdesign-flutter-v1/tdesign-component/test/components/date_time_picker/t_date_time_picker_wheel_test.dart: DateTimePickerWheel 渲染 年/月/日三列渲染并暴露选项
00:19 +394 -6: E:/tdesign-flutter-v1/tdesign-component/test/components/date_time_picker/t_date_time_picker_wheel_test.dart: DateTimePickerWheel 渲染 年/月/日三列渲染并暴露选项
00:19 +395 -6: E:/tdesign-flutter-v1/tdesign-component/test/components/date_time_picker/t_date_time_picker_wheel_test.dart: DateTimePickerWheel 渲染 年/月/日三列渲染并暴露选项
00:19 +396 -6: E:/tdesign-flutter-v1/tdesign-component/test/components/date_time_picker/t_date_time_picker_wheel_test.dart: DateTimePickerWheel 渲染 年/月/日三列渲染并暴露选项
00:19 +397 -6: E:/tdesign-flutter-v1/tdesign-component/test/components/date_time_picker/t_date_time_picker_wheel_test.dart: DateTimePickerWheel 渲染 年/月/日三列渲染并暴露选项
00:19 +398 -6: E:/tdesign-flutter-v1/tdesign-component/test/components/collapse/t_collapse_test.dart: TCollapse 展开折叠交互 multiple 模式点击展开面板
00:19 +399 -6: E:/tdesign-flutter-v1/tdesign-component/test/components/collapse/t_collapse_test.dart: TCollapse 展开折叠交互 multiple 模式点击展开面板
00:19 +400 -6: E:/tdesign-flutter-v1/tdesign-component/test/components/collapse/t_collapse_test.dart: TCollapse 展开折叠交互 multiple 模式点击展开面板
00:20 +401 -6: E:/tdesign-flutter-v1/tdesign-component/test/components/collapse/t_collapse_test.dart: TCollapse 展开折叠交互 multiple 模式点击展开面板
00:20 +402 -6: E:/tdesign-flutter-v1/tdesign-component/test/components/collapse/t_collapse_test.dart: TCollapse 展开折叠交互 multiple 模式点击展开面板
00:20 +403 -6: E:/tdesign-flutter-v1/tdesign-component/test/components/collapse/t_collapse_test.dart: TCollapse 展开折叠交互 multiple 模式点击展开面板
00:20 +404 -6: E:/tdesign-flutter-v1/tdesign-component/test/components/collapse/t_collapse_test.dart: TCollapse 展开折叠交互 multiple 模式点击展开面板
00:20 +405 -6: E:/tdesign-flutter-v1/tdesign-component/test/components/collapse/t_collapse_test.dart: TCollapse 展开折叠交互 multiple 模式点击展开面板
00:20 +406 -6: E:/tdesign-flutter-v1/tdesign-component/test/components/collapse/t_collapse_test.dart: TCollapse 展开折叠交互 multiple 模式点击展开面板
00:20 +407 -6: E:/tdesign-flutter-v1/tdesign-component/test/components/dialog/t_dialog_test.dart: TConfirmDialog E 类控制（showDialog） 点击按钮调用 showDialog 后弹窗出现
00:20 +408 -6: E:/tdesign-flutter-v1/tdesign-component/test/components/dialog/t_dialog_test.dart: TConfirmDialog E 类控制（showDialog） 点击按钮调用 showDialog 后弹窗出现
00:20 +409 -6: E:/tdesign-flutter-v1/tdesign-component/test/components/dialog/t_dialog_test.dart: TConfirmDialog E 类控制（showDialog） 点击按钮调用 showDialog 后弹窗出现
00:20 +410 -6: E:/tdesign-flutter-v1/tdesign-component/test/components/dialog/t_dialog_test.dart: TConfirmDialog E 类控制（showDialog） 点击按钮调用 showDialog 后弹窗出现
00:20 +411 -6: E:/tdesign-flutter-v1/tdesign-component/test/components/dialog/t_dialog_test.dart: TConfirmDialog E 类控制（showDialog） 点击按钮调用 showDialog 后弹窗出现
00:20 +412 -6: E:/tdesign-flutter-v1/tdesign-component/test/components/dialog/t_dialog_test.dart: TConfirmDialog E 类控制（showDialog） 点击按钮调用 showDialog 后弹窗出现
00:20 +413 -6: E:/tdesign-flutter-v1/tdesign-component/test/components/dialog/t_dialog_test.dart: TConfirmDialog E 类控制（showDialog） 点击按钮调用 showDialog 后弹窗出现
00:20 +414 -6: E:/tdesign-flutter-v1/tdesign-component/test/components/dialog/t_dialog_test.dart: TConfirmDialog E 类控制（showDialog） 点击按钮调用 showDialog 后弹窗出现
00:20 +415 -6: E:/tdesign-flutter-v1/tdesign-component/test/components/dialog/t_dialog_test.dart: TConfirmDialog E 类控制（showDialog） 点击按钮调用 showDialog 后弹窗出现
00:20 +416 -6: E:/tdesign-flutter-v1/tdesign-component/test/components/dialog/t_dialog_test.dart: TConfirmDialog E 类控制（showDialog） 点击按钮调用 showDialog 后弹窗出现
00:20 +417 -6: E:/tdesign-flutter-v1/tdesign-component/test/components/dialog/t_dialog_test.dart: TConfirmDialog E 类控制（showDialog） 点击按钮调用 showDialog 后弹窗出现
00:20 +418 -6: E:/tdesign-flutter-v1/tdesign-component/test/components/dialog/t_dialog_test.dart: TConfirmDialog E 类控制（showDialog） 点击按钮调用 showDialog 后弹窗出现
00:20 +419 -6: E:/tdesign-flutter-v1/tdesign-component/test/components/dialog/t_dialog_test.dart: TConfirmDialog E 类控制（showDialog） 点击按钮调用 showDialog 后弹窗出现
00:20 +420 -6: E:/tdesign-flutter-v1/tdesign-component/test/components/dialog/t_dialog_test.dart: TConfirmDialog E 类控制（showDialog） 点击按钮调用 showDialog 后弹窗出现
00:21 +421 -6: E:/tdesign-flutter-v1/tdesign-component/test/components/dialog/t_dialog_test.dart: TConfirmDialog E 类控制（showDialog） 点击按钮调用 showDialog 后弹窗出现
00:21 +422 -6: E:/tdesign-flutter-v1/tdesign-component/test/components/dialog/t_dialog_test.dart: TConfirmDialog E 类控制（showDialog） 点击按钮调用 showDialog 后弹窗出现
00:21 +423 -6: E:/tdesign-flutter-v1/tdesign-component/test/components/dialog/t_dialog_test.dart: TConfirmDialog E 类控制（showDialog） 点击按钮调用 showDialog 后弹窗出现
00:21 +424 -6: E:/tdesign-flutter-v1/tdesign-component/test/components/dialog/t_dialog_test.dart: TConfirmDialog E 类控制（showDialog） 点击按钮调用 showDialog 后弹窗出现
00:21 +425 -6: E:/tdesign-flutter-v1/tdesign-component/test/components/dialog/t_dialog_test.dart: TConfirmDialog E 类控制（showDialog） 点击按钮调用 showDialog 后弹窗出现
00:21 +426 -6: E:/tdesign-flutter-v1/tdesign-component/test/components/dialog/t_dialog_test.dart: TConfirmDialog E 类控制（showDialog） 点击按钮调用 showDialog 后弹窗出现
00:21 +427 -6: E:/tdesign-flutter-v1/tdesign-component/test/components/dialog/t_dialog_test.dart: TConfirmDialog E 类控制（showDialog） 点击按钮调用 showDialog 后弹窗出现
00:21 +428 -6: E:/tdesign-flutter-v1/tdesign-component/test/components/dialog/t_dialog_test.dart: TConfirmDialog E 类控制（showDialog） 点击按钮调用 showDialog 后弹窗出现
00:21 +429 -6: E:/tdesign-flutter-v1/tdesign-component/test/components/dialog/t_dialog_test.dart: TConfirmDialog E 类控制（showDialog） 点击按钮调用 showDialog 后弹窗出现
00:21 +430 -6: E:/tdesign-flutter-v1/tdesign-component/test/components/dialog/t_dialog_test.dart: TConfirmDialog E 类控制（showDialog） 点击按钮调用 showDialog 后弹窗出现
00:21 +431 -6: E:/tdesign-flutter-v1/tdesign-component/test/components/dialog/t_dialog_test.dart: TConfirmDialog E 类控制（showDialog） 点击按钮调用 showDialog 后弹窗出现
00:21 +432 -6: E:/tdesign-flutter-v1/tdesign-component/test/components/dialog/t_dialog_test.dart: TConfirmDialog E 类控制（showDialog） 点击按钮调用 showDialog 后弹窗出现
00:21 +433 -6: E:/tdesign-flutter-v1/tdesign-component/test/components/dialog/t_dialog_test.dart: TConfirmDialog E 类控制（showDialog） 点击按钮调用 showDialog 后弹窗出现
00:21 +434 -6: E:/tdesign-flutter-v1/tdesign-component/test/components/dialog/t_dialog_test.dart: TConfirmDialog E 类控制（showDialog） 点击按钮调用 showDialog 后弹窗出现
00:21 +435 -6: E:/tdesign-flutter-v1/tdesign-component/test/components/dialog/t_dialog_test.dart: TConfirmDialog E 类控制（showDialog） 点击按钮调用 showDialog 后弹窗出现
00:21 +436 -6: E:/tdesign-flutter-v1/tdesign-component/test/components/dialog/t_dialog_test.dart: TConfirmDialog E 类控制（showDialog） 点击按钮调用 showDialog 后弹窗出现
00:21 +437 -6: E:/tdesign-flutter-v1/tdesign-component/test/components/dialog/t_dialog_test.dart: TConfirmDialog E 类控制（showDialog） 点击按钮调用 showDialog 后弹窗出现
00:21 +438 -6: E:/tdesign-flutter-v1/tdesign-component/test/components/dialog/t_dialog_test.dart: TConfirmDialog E 类控制（showDialog） 点击按钮调用 showDialog 后弹窗出现
00:21 +439 -6: E:/tdesign-flutter-v1/tdesign-component/test/components/dialog/t_dialog_test.dart: TConfirmDialog E 类控制（showDialog） 点击按钮调用 showDialog 后弹窗出现
00:21 +440 -6: E:/tdesign-flutter-v1/tdesign-component/test/components/dialog/t_dialog_test.dart: TConfirmDialog E 类控制（showDialog） 点击按钮调用 showDialog 后弹窗出现
00:21 +441 -6: E:/tdesign-flutter-v1/tdesign-component/test/components/dialog/t_dialog_test.dart: TConfirmDialog E 类控制（showDialog） 点击按钮调用 showDialog 后弹窗出现
00:22 +442 -6: E:/tdesign-flutter-v1/tdesign-component/test/components/dialog/t_dialog_test.dart: TConfirmDialog E 类控制（showDialog） 点击按钮调用 showDialog 后弹窗出现
00:22 +443 -6: E:/tdesign-flutter-v1/tdesign-component/test/components/dialog/t_dialog_test.dart: TConfirmDialog E 类控制（showDialog） 点击按钮调用 showDialog 后弹窗出现
00:22 +444 -6: E:/tdesign-flutter-v1/tdesign-component/test/components/dialog/t_dialog_test.dart: TConfirmDialog E 类控制（showDialog） 点击按钮调用 showDialog 后弹窗出现
00:22 +445 -6: E:/tdesign-flutter-v1/tdesign-component/test/components/dialog/t_dialog_test.dart: TConfirmDialog E 类控制（showDialog） 点击按钮调用 showDialog 后弹窗出现
00:22 +446 -6: E:/tdesign-flutter-v1/tdesign-component/test/components/dialog/t_dialog_test.dart: TConfirmDialog E 类控制（showDialog） 点击按钮调用 showDialog 后弹窗出现
00:22 +447 -6: E:/tdesign-flutter-v1/tdesign-component/test/components/dialog/t_dialog_test.dart: TConfirmDialog E 类控制（showDialog） 点击按钮调用 showDialog 后弹窗出现
00:22 +448 -6: E:/tdesign-flutter-v1/tdesign-component/test/components/dialog/t_dialog_test.dart: TConfirmDialog E 类控制（showDialog） 点击按钮调用 showDialog 后弹窗出现
00:22 +449 -6: E:/tdesign-flutter-v1/tdesign-component/test/components/dialog/t_dialog_test.dart: TConfirmDialog E 类控制（showDialog） 点击按钮调用 showDialog 后弹窗出现
00:22 +450 -6: E:/tdesign-flutter-v1/tdesign-component/test/components/dialog/t_dialog_test.dart: TConfirmDialog E 类控制（showDialog） 点击按钮调用 showDialog 后弹窗出现
00:22 +451 -6: E:/tdesign-flutter-v1/tdesign-component/test/components/dialog/t_dialog_test.dart: TConfirmDialog E 类控制（showDialog） 点击按钮调用 showDialog 后弹窗出现
00:22 +452 -6: E:/tdesign-flutter-v1/tdesign-component/test/components/dialog/t_dialog_test.dart: TConfirmDialog E 类控制（showDialog） 点击按钮调用 showDialog 后弹窗出现
00:22 +453 -6: E:/tdesign-flutter-v1/tdesign-component/test/components/dialog/t_dialog_test.dart: TConfirmDialog E 类控制（showDialog） 点击按钮调用 showDialog 后弹窗出现
00:22 +454 -6: E:/tdesign-flutter-v1/tdesign-component/test/components/dialog/t_dialog_test.dart: TConfirmDialog E 类控制（showDialog） 点击按钮调用 showDialog 后弹窗出现
00:22 +455 -6: E:/tdesign-flutter-v1/tdesign-component/test/components/dialog/t_dialog_test.dart: TConfirmDialog E 类控制（showDialog） 点击按钮调用 showDialog 后弹窗出现
00:22 +456 -6: E:/tdesign-flutter-v1/tdesign-component/test/components/dialog/t_dialog_test.dart: TConfirmDialog E 类控制（showDialog） 点击按钮调用 showDialog 后弹窗出现
00:22 +457 -6: E:/tdesign-flutter-v1/tdesign-component/test/components/dialog/t_dialog_test.dart: TConfirmDialog E 类控制（showDialog） 点击按钮调用 showDialog 后弹窗出现
00:22 +458 -6: E:/tdesign-flutter-v1/tdesign-component/test/components/dialog/t_dialog_test.dart: TConfirmDialog E 类控制（showDialog） 点击按钮调用 showDialog 后弹窗出现
00:22 +459 -6: E:/tdesign-flutter-v1/tdesign-component/test/components/dialog/t_dialog_test.dart: TConfirmDialog E 类控制（showDialog） 点击按钮调用 showDialog 后弹窗出现
00:22 +460 -6: E:/tdesign-flutter-v1/tdesign-component/test/components/dialog/t_dialog_test.dart: TConfirmDialog E 类控制（showDialog） 点击按钮调用 showDialog 后弹窗出现
00:22 +461 -6: E:/tdesign-flutter-v1/tdesign-component/test/components/dialog/t_dialog_test.dart: TConfirmDialog E 类控制（showDialog） 点击按钮调用 showDialog 后弹窗出现
00:22 +462 -6: E:/tdesign-flutter-v1/tdesign-component/test/components/dialog/t_dialog_test.dart: TConfirmDialog E 类控制（showDialog） 点击按钮调用 showDialog 后弹窗出现
00:22 +463 -6: E:/tdesign-flutter-v1/tdesign-component/test/components/dialog/t_dialog_test.dart: TConfirmDialog E 类控制（showDialog） 点击按钮调用 showDialog 后弹窗出现
00:22 +464 -6: E:/tdesign-flutter-v1/tdesign-component/test/components/divider/t_divider_test.dart: TDivider 基础渲染 默认水平分割线 - 模式 A
00:22 +465 -6: E:/tdesign-flutter-v1/tdesign-component/test/components/divider/t_divider_test.dart: TDivider 基础渲染 默认水平分割线 - 模式 A
00:22 +466 -6: E:/tdesign-flutter-v1/tdesign-component/test/components/divider/t_divider_test.dart: TDivider 基础渲染 默认水平分割线 - 模式 A
00:22 +467 -6: E:/tdesign-flutter-v1/tdesign-component/test/components/divider/t_divider_test.dart: TDivider 基础渲染 默认水平分割线 - 模式 A
00:22 +468 -6: E:/tdesign-flutter-v1/tdesign-component/test/components/divider/t_divider_test.dart: TDivider 基础渲染 默认水平分割线 - 模式 A
00:22 +469 -6: E:/tdesign-flutter-v1/tdesign-component/test/components/divider/t_divider_test.dart: TDivider 基础渲染 默认水平分割线 - 模式 A
00:22 +470 -6: E:/tdesign-flutter-v1/tdesign-component/test/components/divider/t_divider_test.dart: TDivider 基础渲染 默认水平分割线 - 模式 A
00:22 +471 -6: E:/tdesign-flutter-v1/tdesign-component/test/components/divider/t_divider_test.dart: TDivider 基础渲染 默认水平分割线 - 模式 A
00:22 +472 -6: E:/tdesign-flutter-v1/tdesign-component/test/components/divider/t_divider_test.dart: TDivider 基础渲染 默认水平分割线 - 模式 A
00:22 +473 -6: E:/tdesign-flutter-v1/tdesign-component/test/components/divider/t_divider_test.dart: TDivider 基础渲染 默认水平分割线 - 模式 A
00:23 +474 -6: E:/tdesign-flutter-v1/tdesign-component/test/components/divider/t_divider_test.dart: TDivider 基础渲染 默认水平分割线 - 模式 A
00:23 +475 -6: E:/tdesign-flutter-v1/tdesign-component/test/components/divider/t_divider_test.dart: TDivider 基础渲染 默认水平分割线 - 模式 A
00:23 +476 -6: E:/tdesign-flutter-v1/tdesign-component/test/components/divider/t_divider_test.dart: TDivider 基础渲染 默认水平分割线 - 模式 A
00:23 +477 -6: E:/tdesign-flutter-v1/tdesign-component/test/components/divider/t_divider_test.dart: TDivider 基础渲染 默认水平分割线 - 模式 A
00:23 +478 -6: E:/tdesign-flutter-v1/tdesign-component/test/components/divider/t_divider_test.dart: TDivider 基础渲染 默认水平分割线 - 模式 A
00:23 +479 -6: E:/tdesign-flutter-v1/tdesign-component/test/components/divider/t_divider_test.dart: TDivider 基础渲染 默认水平分割线 - 模式 A
00:23 +480 -6: E:/tdesign-flutter-v1/tdesign-component/test/components/drawer/t_drawer_test.dart: TDrawerWidget 使用 child 渲染自定义内容
00:23 +481 -6: E:/tdesign-flutter-v1/tdesign-component/test/components/drawer/t_drawer_test.dart: TDrawerWidget 使用 child 渲染自定义内容
00:23 +482 -6: E:/tdesign-flutter-v1/tdesign-component/test/components/drawer/t_drawer_test.dart: TDrawerWidget 使用 child 渲染自定义内容
00:23 +483 -6: E:/tdesign-flutter-v1/tdesign-component/test/components/drawer/t_drawer_test.dart: TDrawerWidget 使用 child 渲染自定义内容
00:23 +484 -6: E:/tdesign-flutter-v1/tdesign-component/test/components/drawer/t_drawer_test.dart: TDrawerWidget 使用 child 渲染自定义内容
00:23 +485 -6: E:/tdesign-flutter-v1/tdesign-component/test/components/drawer/t_drawer_test.dart: TDrawerWidget 使用 child 渲染自定义内容
00:23 +486 -6: E:/tdesign-flutter-v1/tdesign-component/test/components/drawer/t_drawer_test.dart: TDrawerWidget 使用 child 渲染自定义内容
00:23 +487 -6: E:/tdesign-flutter-v1/tdesign-component/test/components/drawer/t_drawer_test.dart: TDrawerWidget 使用 child 渲染自定义内容
00:23 +488 -6: E:/tdesign-flutter-v1/tdesign-component/test/components/drawer/t_drawer_test.dart: TDrawerWidget 使用 child 渲染自定义内容
00:23 +489 -6: E:/tdesign-flutter-v1/tdesign-component/test/components/drawer/t_drawer_test.dart: TDrawerWidget 使用 child 渲染自定义内容
00:23 +490 -6: E:/tdesign-flutter-v1/tdesign-component/test/components/drawer/t_drawer_test.dart: TDrawerWidget 使用 child 渲染自定义内容
00:23 +491 -6: E:/tdesign-flutter-v1/tdesign-component/test/components/drawer/t_drawer_test.dart: TDrawerWidget 使用 child 渲染自定义内容
00:24 +492 -6: E:/tdesign-flutter-v1/tdesign-component/test/components/drawer/t_drawer_test.dart: TDrawerWidget 使用 child 渲染自定义内容
00:24 +493 -6: E:/tdesign-flutter-v1/tdesign-component/test/components/dropdown_menu/t_dropdown_item_test.dart: TDropdownItem 单选路径 单选带 maxHeight 走 Container 高度分支
00:24 +494 -6: E:/tdesign-flutter-v1/tdesign-component/test/components/dropdown_menu/t_dropdown_item_test.dart: TDropdownItem 单选路径 单选带 maxHeight 走 Container 高度分支
00:24 +495 -6: E:/tdesign-flutter-v1/tdesign-component/test/components/dropdown_menu/t_dropdown_item_test.dart: TDropdownItem 单选路径 单选带 maxHeight 走 Container 高度分支
00:24 +496 -6: E:/tdesign-flutter-v1/tdesign-component/test/components/dropdown_menu/t_dropdown_item_test.dart: TDropdownItem 单选路径 单选带 maxHeight 走 Container 高度分支
00:24 +497 -6: E:/tdesign-flutter-v1/tdesign-component/test/components/dropdown_menu/t_dropdown_item_test.dart: TDropdownItem 单选路径 单选带 maxHeight 走 Container 高度分支
00:24 +498 -6: E:/tdesign-flutter-v1/tdesign-component/test/components/dropdown_menu/t_dropdown_item_test.dart: TDropdownItem 单选路径 单选带 maxHeight 走 Container 高度分支
00:24 +499 -6: E:/tdesign-flutter-v1/tdesign-component/test/components/dropdown_menu/t_dropdown_item_test.dart: TDropdownItem 单选路径 单选带 maxHeight 走 Container 高度分支
00:24 +500 -6: E:/tdesign-flutter-v1/tdesign-component/test/components/dropdown_menu/t_dropdown_item_test.dart: TDropdownItem 单选路径 单选带 maxHeight 走 Container 高度分支
00:24 +501 -6: E:/tdesign-flutter-v1/tdesign-component/test/components/dropdown_menu/t_dropdown_item_test.dart: TDropdownItem 单选路径 单选带 maxHeight 走 Container 高度分支
00:24 +502 -6: E:/tdesign-flutter-v1/tdesign-component/test/components/dropdown_menu/t_dropdown_item_test.dart: TDropdownItem 单选路径 单选带 maxHeight 走 Container 高度分支
00:24 +503 -6: E:/tdesign-flutter-v1/tdesign-component/test/components/dropdown_menu/t_dropdown_item_test.dart: TDropdownItem 单选路径 单选带 maxHeight 走 Container 高度分支
00:24 +504 -6: E:/tdesign-flutter-v1/tdesign-component/test/components/dropdown_menu/t_dropdown_item_test.dart: TDropdownItem 单选路径 单选带 maxHeight 走 Container 高度分支
00:24 +505 -6: E:/tdesign-flutter-v1/tdesign-component/test/components/dropdown_menu/t_dropdown_item_test.dart: TDropdownItem 单选路径 单选带 maxHeight 走 Container 高度分支
00:24 +506 -6: E:/tdesign-flutter-v1/tdesign-component/test/components/dropdown_menu/t_dropdown_item_test.dart: TDropdownItem 单选路径 单选带 maxHeight 走 Container 高度分支
00:24 +507 -6: E:/tdesign-flutter-v1/tdesign-component/test/components/dropdown_menu/t_dropdown_item_test.dart: TDropdownItem 单选路径 单选带 maxHeight 走 Container 高度分支
00:24 +508 -6: E:/tdesign-flutter-v1/tdesign-component/test/components/dropdown_menu/t_dropdown_item_test.dart: TDropdownItem 单选路径 单选带 maxHeight 走 Container 高度分支
00:24 +509 -6: E:/tdesign-flutter-v1/tdesign-component/test/components/dropdown_menu/t_dropdown_item_test.dart: TDropdownItem 单选路径 单选带 maxHeight 走 Container 高度分支
00:25 +510 -6: E:/tdesign-flutter-v1/tdesign-component/test/components/dropdown_menu/t_dropdown_item_test.dart: TDropdownItem 单选路径 单选带 maxHeight 走 Container 高度分支
00:25 +511 -6: E:/tdesign-flutter-v1/tdesign-component/test/components/dropdown_menu/t_dropdown_item_test.dart: TDropdownItem 单选路径 单选带 maxHeight 走 Container 高度分支
00:25 +512 -6: E:/tdesign-flutter-v1/tdesign-component/test/components/dropdown_menu/t_dropdown_item_test.dart: TDropdownItem 单选路径 单选带 maxHeight 走 Container 高度分支
00:25 +513 -6: E:/tdesign-flutter-v1/tdesign-component/test/components/dropdown_menu/t_dropdown_item_test.dart: TDropdownItem 单选路径 单选带 maxHeight 走 Container 高度分支
00:25 +514 -6: E:/tdesign-flutter-v1/tdesign-component/test/components/dropdown_menu/t_dropdown_item_test.dart: TDropdownItem 单选路径 单选带 maxHeight 走 Container 高度分支
00:25 +515 -6: E:/tdesign-flutter-v1/tdesign-component/test/components/dropdown_menu/t_dropdown_item_test.dart: TDropdownItem 单选路径 单选带 maxHeight 走 Container 高度分支
00:25 +516 -6: E:/tdesign-flutter-v1/tdesign-component/test/components/dropdown_menu/t_dropdown_item_test.dart: TDropdownItem 单选路径 单选带 maxHeight 走 Container 高度分支
00:25 +517 -6: E:/tdesign-flutter-v1/tdesign-component/test/components/dropdown_menu/t_dropdown_item_test.dart: TDropdownItem 单选路径 单选带 maxHeight 走 Container 高度分支
00:25 +518 -6: E:/tdesign-flutter-v1/tdesign-component/test/components/dropdown_menu/t_dropdown_item_test.dart: TDropdownItem 单选路径 单选带 maxHeight 走 Container 高度分支
00:25 +519 -6: E:/tdesign-flutter-v1/tdesign-component/test/components/dropdown_menu/t_dropdown_item_test.dart: TDropdownItem 单选路径 单选带 maxHeight 走 Container 高度分支
00:25 +520 -6: E:/tdesign-flutter-v1/tdesign-component/test/components/dropdown_menu/t_dropdown_item_test.dart: TDropdownItem 单选路径 单选带 maxHeight 走 Container 高度分支
00:25 +521 -6: E:/tdesign-flutter-v1/tdesign-component/test/components/dropdown_menu/t_dropdown_item_test.dart: TDropdownItem 单选路径 单选带 maxHeight 走 Container 高度分支
00:25 +522 -6: E:/tdesign-flutter-v1/tdesign-component/test/components/dropdown_menu/t_dropdown_item_test.dart: TDropdownItem 单选路径 单选带 maxHeight 走 Container 高度分支
00:25 +523 -6: E:/tdesign-flutter-v1/tdesign-component/test/components/dropdown_menu/t_dropdown_menu_test.dart: TDropdownMenu 基础渲染 渲染多个下拉项标签
00:25 +524 -6: E:/tdesign-flutter-v1/tdesign-component/test/components/dropdown_menu/t_dropdown_menu_test.dart: TDropdownMenu 基础渲染 渲染多个下拉项标签
00:25 +525 -6: E:/tdesign-flutter-v1/tdesign-component/test/components/drawer/t_drawer_test.dart: TDrawerWidget 点击列表项触发 onItemClick
00:25 +526 -6: E:/tdesign-flutter-v1/tdesign-component/test/components/drawer/t_drawer_test.dart: TDrawerWidget 点击列表项触发 onItemClick
00:25 +527 -6: E:/tdesign-flutter-v1/tdesign-component/test/components/drawer/t_drawer_test.dart: TDrawerWidget 点击列表项触发 onItemClick
00:25 +528 -6: E:/tdesign-flutter-v1/tdesign-component/test/components/drawer/t_drawer_test.dart: TDrawerWidget 点击列表项触发 onItemClick
00:25 +529 -6: E:/tdesign-flutter-v1/tdesign-component/test/components/dropdown_menu/t_dropdown_item_test.dart: TDropdownItem 单选路径 单选分栏预选中走 _getCheckboxList 的 selectIds[0] 与 right 间距
00:25 +530 -6: E:/tdesign-flutter-v1/tdesign-component/test/components/dropdown_menu/t_dropdown_item_test.dart: TDropdownItem 单选路径 单选分栏预选中走 _getCheckboxList 的 selectIds[0] 与 right 间距
00:25 +531 -6: E:/tdesign-flutter-v1/tdesign-component/test/components/dropdown_menu/t_dropdown_item_test.dart: TDropdownItem 单选路径 单选分栏预选中走 _getCheckboxList 的 selectIds[0] 与 right 间距
00:25 +532 -6: E:/tdesign-flutter-v1/tdesign-component/test/components/empty/t_empty_test.dart: TEmpty variant plain 变体正常渲染
00:25 +533 -6: E:/tdesign-flutter-v1/tdesign-component/test/components/empty/t_empty_test.dart: TEmpty variant plain 变体正常渲染
00:25 +534 -6: E:/tdesign-flutter-v1/tdesign-component/test/components/empty/t_empty_test.dart: TEmpty variant plain 变体正常渲染
00:25 +535 -6: E:/tdesign-flutter-v1/tdesign-component/test/components/empty/t_empty_test.dart: TEmpty variant plain 变体正常渲染
00:25 +536 -6: E:/tdesign-flutter-v1/tdesign-component/test/components/empty/t_empty_test.dart: TEmpty variant plain 变体正常渲染
00:25 +537 -6: E:/tdesign-flutter-v1/tdesign-component/test/components/empty/t_empty_test.dart: TEmpty variant plain 变体正常渲染
00:25 +538 -6: E:/tdesign-flutter-v1/tdesign-component/test/components/empty/t_empty_test.dart: TEmpty variant plain 变体正常渲染
00:25 +539 -6: E:/tdesign-flutter-v1/tdesign-component/test/components/empty/t_empty_test.dart: TEmpty variant plain 变体正常渲染
00:25 +540 -6: E:/tdesign-flutter-v1/tdesign-component/test/components/empty/t_empty_test.dart: TEmpty variant plain 变体正常渲染
00:25 +541 -6: E:/tdesign-flutter-v1/tdesign-component/test/components/empty/t_empty_test.dart: TEmpty variant plain 变体正常渲染
00:25 +542 -6: E:/tdesign-flutter-v1/tdesign-component/test/components/empty/t_empty_test.dart: TEmpty variant plain 变体正常渲染
00:25 +543 -6: E:/tdesign-flutter-v1/tdesign-component/test/components/empty/t_empty_test.dart: TEmpty variant plain 变体正常渲染
00:25 +544 -6: E:/tdesign-flutter-v1/tdesign-component/test/components/empty/t_empty_test.dart: TEmpty variant plain 变体正常渲染
00:25 +545 -6: E:/tdesign-flutter-v1/tdesign-component/test/components/empty/t_empty_test.dart: TEmpty variant plain 变体正常渲染
00:25 +546 -6: E:/tdesign-flutter-v1/tdesign-component/test/components/empty/t_empty_test.dart: TEmpty variant plain 变体正常渲染
00:26 +547 -6: E:/tdesign-flutter-v1/tdesign-component/test/components/empty/t_empty_test.dart: TEmpty variant plain 变体正常渲染
00:26 +548 -6: E:/tdesign-flutter-v1/tdesign-component/test/components/empty/t_empty_test.dart: TEmpty variant plain 变体正常渲染
00:26 +549 -6: E:/tdesign-flutter-v1/tdesign-component/test/components/empty/t_empty_test.dart: TEmpty variant plain 变体正常渲染
00:26 +550 -6: E:/tdesign-flutter-v1/tdesign-component/test/components/empty/t_empty_test.dart: TEmpty variant plain 变体正常渲染
00:26 +551 -6: E:/tdesign-flutter-v1/tdesign-component/test/components/empty/t_empty_test.dart: TEmpty variant plain 变体正常渲染
00:26 +552 -6: E:/tdesign-flutter-v1/tdesign-component/test/components/empty/t_empty_test.dart: TEmpty variant plain 变体正常渲染
00:26 +553 -6: E:/tdesign-flutter-v1/tdesign-component/test/components/empty/t_empty_test.dart: TEmpty variant plain 变体正常渲染
00:26 +554 -6: E:/tdesign-flutter-v1/tdesign-component/test/components/empty/t_empty_test.dart: TEmpty variant plain 变体正常渲染
00:26 +555 -6: E:/tdesign-flutter-v1/tdesign-component/test/components/empty/t_empty_test.dart: TEmpty variant plain 变体正常渲染
00:26 +556 -6: E:/tdesign-flutter-v1/tdesign-component/test/components/empty/t_empty_test.dart: TEmpty variant plain 变体正常渲染
00:26 +557 -6: E:/tdesign-flutter-v1/tdesign-component/test/components/empty/t_empty_test.dart: TEmpty variant plain 变体正常渲染
00:26 +558 -6: E:/tdesign-flutter-v1/tdesign-component/test/components/empty/t_empty_test.dart: TEmpty variant plain 变体正常渲染
00:26 +559 -6: E:/tdesign-flutter-v1/tdesign-component/test/components/empty/t_empty_test.dart: TEmpty variant plain 变体正常渲染
00:26 +560 -6: E:/tdesign-flutter-v1/tdesign-component/test/components/empty/t_empty_test.dart: TEmpty variant plain 变体正常渲染
00:26 +561 -6: E:/tdesign-flutter-v1/tdesign-component/test/components/empty/t_empty_test.dart: TEmpty variant plain 变体正常渲染
00:27 +562 -6: E:/tdesign-flutter-v1/tdesign-component/test/components/empty/t_empty_test.dart: TEmpty variant plain 变体正常渲染
00:27 +562 -6: E:/tdesign-flutter-v1/tdesign-component/test/components/dropdown_menu/t_dropdown_item_test.dart: TDropdownItem 多选路径（控制器 + 三态颜色 + 操作按钮） 多选厨房水槽：三态颜色/控制器/操作按钮/onChanged

Warning: A call to tap() with finder "Found 1 widget with text "选项一": [
  Text("选项一", inherit: true, color: Color(alpha: 0.8980, red: 0.0000, green: 0.0000, blue: 0.0000, colorSpace: ColorSpace.sRGB), size: 16.0, weight: 400, height: 1.5x, decoration: Color(alpha: 0.8980, red: 0.0000, green: 0.0000, blue: 0.0000, colorSpace: ColorSpace.sRGB) TextDecoration.none, overflow: ellipsis, maxLines: 1, dependencies: [DefaultSelectionStyle, DefaultTextStyle, MediaQuery, _ScrollableScope]),
]" derived an Offset (Offset(400.0, 60.0)) that would not hit test on the specified widget.
Maybe the widget is actually off-screen, or another widget is obscuring it, or the widget cannot receive pointer events.
The finder corresponds to this RenderBox: RenderParagraph#1dfbe relayoutBoundary=up30
The hit test result at that offset is: HitTestResult(RenderDecoratedBox#9d106@Offset(400.0, 12.0), RenderConstrainedBox#def58@Offset(400.0, 12.0), RenderFlex#a4c28@Offset(400.0, 12.0), _RenderSingleChildViewport#6cd5e@Offset(400.0, 12.0), RenderIgnorePointer#206a3@Offset(400.0, 12.0), RenderSemanticsAnnotations#f1276@Offset(400.0, 12.0), RenderPointerListener#a70ce@Offset(400.0, 12.0), RenderSemanticsGestureHandler#530ad@Offset(400.0, 12.0), RenderPointerListener#81904@Offset(400.0, 12.0), _RenderScrollSemantics#a6dbf@Offset(400.0, 12.0), RenderClipRect#00987@Offset(400.0, 12.0), RenderStack#19cfb@Offset(400.0, 60.0), _RenderTheater#f2ae1@Offset(400.0, 60.0), RenderAbsorbPointer#355cb@Offset(400.0, 60.0), RenderPointerListener#67691@Offset(400.0, 60.0), RenderSemanticsAnnotations#cbb98@Offset(400.0, 60.0), RenderCustomPaint#cf53b@Offset(400.0, 60.0), RenderSemanticsAnnotations#0e8f1@Offset(400.0, 60.0), RenderSemanticsAnnotations#12940@Offset(400.0, 60.0), RenderSemanticsAnnotations#1e5d4@Offset(400.0, 60.0), RenderTapRegionSurface#bb70a@Offset(400.0, 60.0), RenderSemanticsAnnotations#6b6e0@Offset(400.0, 60.0), RenderSemanticsAnnotations#1acc6@Offset(400.0, 60.0), HitTestEntry<HitTestTarget>#3c01d(_ReusableRenderView#61cce), HitTestEntry<HitTestTarget>#919ea(<AutomatedTestWidgetsFlutterBinding>))
#0      WidgetController._getElementPoint (package:flutter_test/src/controller.dart:2158:25)
#1      WidgetController.getCenter (package:flutter_test/src/controller.dart:1942:12)
#2      WidgetController.tap (package:flutter_test/src/controller.dart:1075:7)
#3      main.<anonymous closure>.<anonymous closure> (file:///E:/tdesign-flutter-v1/tdesign-component/test/components/dropdown_menu/t_dropdown_item_test.dart:181:20)
<asynchronous suspension>
#4      testWidgets.<anonymous closure>.<anonymous closure> (package:flutter_test/src/widget_tester.dart:192:15)
<asynchronous suspension>
#5      TestWidgetsFlutterBinding._runTestBody (package:flutter_test/src/binding.dart:1682:5)
<asynchronous suspension>
#6      StackZoneSpecification._registerCallback.<anonymous closure> (package:stack_trace/src/stack_zone_specification.dart:114:42)
<asynchronous suspension>
To silence this warning, pass "warnIfMissed: false" to "tap()".
To make this warning fatal, set WidgetController.hitTestWarningShouldBeFatal to true.

00:27 +563 -6: E:/tdesign-flutter-v1/tdesign-component/test/components/empty/t_empty_test.dart: TEmpty variant plain 变体正常渲染
00:27 +564 -6: E:/tdesign-flutter-v1/tdesign-component/test/components/fab/t_fab_test.dart: TFab 基础渲染 默认纯图标悬浮按钮
00:27 +565 -6: E:/tdesign-flutter-v1/tdesign-component/test/components/fab/t_fab_test.dart: TFab 基础渲染 默认纯图标悬浮按钮
00:27 +566 -6: E:/tdesign-flutter-v1/tdesign-component/test/components/fab/t_fab_test.dart: TFab 基础渲染 默认纯图标悬浮按钮
00:27 +567 -6: E:/tdesign-flutter-v1/tdesign-component/test/components/fab/t_fab_test.dart: TFab 基础渲染 默认纯图标悬浮按钮
00:27 +568 -6: E:/tdesign-flutter-v1/tdesign-component/test/components/fab/t_fab_test.dart: TFab 基础渲染 默认纯图标悬浮按钮
00:27 +569 -6: E:/tdesign-flutter-v1/tdesign-component/test/components/fab/t_fab_test.dart: TFab 基础渲染 默认纯图标悬浮按钮
00:27 +570 -6: E:/tdesign-flutter-v1/tdesign-component/test/components/fab/t_fab_test.dart: TFab 基础渲染 默认纯图标悬浮按钮
00:27 +571 -6: E:/tdesign-flutter-v1/tdesign-component/test/components/fab/t_fab_test.dart: TFab 基础渲染 默认纯图标悬浮按钮
00:27 +572 -6: E:/tdesign-flutter-v1/tdesign-component/test/components/fab/t_fab_test.dart: TFab 基础渲染 默认纯图标悬浮按钮
00:27 +573 -6: E:/tdesign-flutter-v1/tdesign-component/test/components/fab/t_fab_test.dart: TFab 基础渲染 默认纯图标悬浮按钮
00:27 +574 -6: E:/tdesign-flutter-v1/tdesign-component/test/components/fab/t_fab_test.dart: TFab 基础渲染 默认纯图标悬浮按钮
00:27 +575 -6: E:/tdesign-flutter-v1/tdesign-component/test/components/fab/t_fab_test.dart: TFab 基础渲染 默认纯图标悬浮按钮
00:27 +576 -6: E:/tdesign-flutter-v1/tdesign-component/test/components/footer/t_footer_test.dart: TFooter 基础渲染 text variant 渲染文字
00:27 +577 -6: E:/tdesign-flutter-v1/tdesign-component/test/components/footer/t_footer_test.dart: TFooter 基础渲染 text variant 渲染文字
00:27 +578 -6: E:/tdesign-flutter-v1/tdesign-component/test/components/footer/t_footer_test.dart: TFooter 基础渲染 text variant 渲染文字
00:27 +579 -6: E:/tdesign-flutter-v1/tdesign-component/test/components/footer/t_footer_test.dart: TFooter 基础渲染 text variant 渲染文字
00:28 +580 -6: E:/tdesign-flutter-v1/tdesign-component/test/components/footer/t_footer_test.dart: TFooter 基础渲染 text variant 渲染文字
00:28 +580 -6: E:/tdesign-flutter-v1/tdesign-component/test/components/dropdown_menu/t_dropdown_menu_test.dart: TDropdownMenu 多选 多选确认触发 onConfirm

Warning: A call to tap() with finder "Found 1 widget with text "选项一": [
  Text("选项一", inherit: true, color: Color(alpha: 0.8980, red: 0.0000, green: 0.0000, blue: 0.0000, colorSpace: ColorSpace.sRGB), size: 16.0, weight: 400, height: 1.5x, decoration: Color(alpha: 0.8980, red: 0.0000, green: 0.0000, blue: 0.0000, colorSpace: ColorSpace.sRGB) TextDecoration.none, overflow: ellipsis, maxLines: 1, dependencies: [DefaultSelectionStyle, DefaultTextStyle, MediaQuery]),
]" derived an Offset (Offset(400.0, 84.0)) that would not hit test on the specified widget.
Maybe the widget is actually off-screen, or another widget is obscuring it, or the widget cannot receive pointer events.
The finder corresponds to this RenderBox: RenderParagraph#2ebb3 relayoutBoundary=up30
The hit test result at that offset is: HitTestResult(RenderDecoratedBox#04519@Offset(400.0, 36.0), RenderConstrainedBox#78cec@Offset(400.0, 36.0), RenderFlex#1a1a1@Offset(400.0, 36.0), _RenderSingleChildViewport#7c7c2@Offset(400.0, 36.0), RenderIgnorePointer#d7425@Offset(400.0, 36.0), RenderSemanticsAnnotations#34062@Offset(400.0, 36.0), RenderPointerListener#a32f0@Offset(400.0, 36.0), RenderSemanticsGestureHandler#0e9b6@Offset(400.0, 36.0), RenderPointerListener#1b718@Offset(400.0, 36.0), _RenderScrollSemantics#57d52@Offset(400.0, 36.0), RenderClipRect#9975e@Offset(400.0, 36.0), RenderStack#bfad2@Offset(400.0, 84.0), _RenderTheater#874c2@Offset(400.0, 84.0), RenderAbsorbPointer#b4c9d@Offset(400.0, 84.0), RenderPointerListener#11bb0@Offset(400.0, 84.0), RenderSemanticsAnnotations#a870b@Offset(400.0, 84.0), RenderCustomPaint#db9b4@Offset(400.0, 84.0), RenderSemanticsAnnotations#29311@Offset(400.0, 84.0), RenderSemanticsAnnotations#fb04d@Offset(400.0, 84.0), RenderSemanticsAnnotations#8d938@Offset(400.0, 84.0), RenderTapRegionSurface#b8c9e@Offset(400.0, 84.0), RenderSemanticsAnnotations#987aa@Offset(400.0, 84.0), RenderSemanticsAnnotations#4aba1@Offset(400.0, 84.0), HitTestEntry<HitTestTarget>#4a900(_ReusableRenderView#765c4), HitTestEntry<HitTestTarget>#29cc3(<AutomatedTestWidgetsFlutterBinding>))
#0      WidgetController._getElementPoint (package:flutter_test/src/controller.dart:2158:25)
#1      WidgetController.getCenter (package:flutter_test/src/controller.dart:1942:12)
#2      WidgetController.tap (package:flutter_test/src/controller.dart:1075:7)
#3      main.<anonymous closure>.<anonymous closure> (file:///E:/tdesign-flutter-v1/tdesign-component/test/components/dropdown_menu/t_dropdown_menu_test.dart:275:20)
<asynchronous suspension>
#4      testWidgets.<anonymous closure>.<anonymous closure> (package:flutter_test/src/widget_tester.dart:192:15)
<asynchronous suspension>
#5      TestWidgetsFlutterBinding._runTestBody (package:flutter_test/src/binding.dart:1682:5)
<asynchronous suspension>
#6      StackZoneSpecification._registerCallback.<anonymous closure> (package:stack_trace/src/stack_zone_specification.dart:114:42)
<asynchronous suspension>
To silence this warning, pass "warnIfMissed: false" to "tap()".
To make this warning fatal, set WidgetController.hitTestWarningShouldBeFatal to true.

00:28 +581 -6: E:/tdesign-flutter-v1/tdesign-component/test/components/footer/t_footer_test.dart: TFooter 基础渲染 text variant 渲染文字
00:28 +582 -6: E:/tdesign-flutter-v1/tdesign-component/test/components/empty/t_empty_test.dart: TEmpty onPressed onPressed 回调触发
00:28 +583 -6: E:/tdesign-flutter-v1/tdesign-component/test/components/empty/t_empty_test.dart: TEmpty onPressed onPressed 回调触发
00:28 +584 -6: E:/tdesign-flutter-v1/tdesign-component/test/components/empty/t_empty_test.dart: TEmpty onPressed onPressed 回调触发
00:28 +585 -6: E:/tdesign-flutter-v1/tdesign-component/test/components/form/t_form_test.dart: TForm submit 提交 controller.submit() 触发 onSubmit 回调
00:28 +586 -6: E:/tdesign-flutter-v1/tdesign-component/test/components/form/t_form_test.dart: TForm submit 提交 controller.submit() 触发 onSubmit 回调
00:28 +587 -6: E:/tdesign-flutter-v1/tdesign-component/test/components/form/t_form_test.dart: TForm submit 提交 controller.submit() 触发 onSubmit 回调
00:28 +588 -6: E:/tdesign-flutter-v1/tdesign-component/test/components/form/t_form_test.dart: TForm submit 提交 controller.submit() 触发 onSubmit 回调
00:28 +589 -6: E:/tdesign-flutter-v1/tdesign-component/test/components/form/t_form_test.dart: TForm submit 提交 controller.submit() 触发 onSubmit 回调
00:28 +590 -6: E:/tdesign-flutter-v1/tdesign-component/test/components/form/t_form_test.dart: TForm submit 提交 controller.submit() 触发 onSubmit 回调
00:28 +591 -6: E:/tdesign-flutter-v1/tdesign-component/test/components/form/t_form_test.dart: TForm submit 提交 controller.submit() 触发 onSubmit 回调
00:28 +592 -6: E:/tdesign-flutter-v1/tdesign-component/test/components/form/t_form_test.dart: TForm submit 提交 controller.submit() 触发 onSubmit 回调
00:28 +593 -6: E:/tdesign-flutter-v1/tdesign-component/test/components/form/t_form_test.dart: TForm submit 提交 controller.submit() 触发 onSubmit 回调
00:28 +594 -6: E:/tdesign-flutter-v1/tdesign-component/test/components/form/t_form_test.dart: TForm submit 提交 controller.submit() 触发 onSubmit 回调
00:28 +595 -6: E:/tdesign-flutter-v1/tdesign-component/test/components/form/t_form_test.dart: TForm submit 提交 controller.submit() 触发 onSubmit 回调
00:28 +596 -6: E:/tdesign-flutter-v1/tdesign-component/test/components/form/t_form_test.dart: TForm submit 提交 controller.submit() 触发 onSubmit 回调
00:28 +597 -6: E:/tdesign-flutter-v1/tdesign-component/test/components/form/t_form_test.dart: TForm submit 提交 controller.submit() 触发 onSubmit 回调
00:28 +598 -6: E:/tdesign-flutter-v1/tdesign-component/test/components/form/t_form_test.dart: TForm submit 提交 controller.submit() 触发 onSubmit 回调
00:28 +599 -6: E:/tdesign-flutter-v1/tdesign-component/test/components/form/t_form_test.dart: TForm submit 提交 controller.submit() 触发 onSubmit 回调
00:28 +600 -6: E:/tdesign-flutter-v1/tdesign-component/test/components/form/t_form_test.dart: TForm submit 提交 controller.submit() 触发 onSubmit 回调
00:28 +601 -6: E:/tdesign-flutter-v1/tdesign-component/test/components/form/t_form_test.dart: TForm submit 提交 controller.submit() 触发 onSubmit 回调
00:28 +602 -6: E:/tdesign-flutter-v1/tdesign-component/test/components/form/t_form_test.dart: TForm submit 提交 controller.submit() 触发 onSubmit 回调
00:28 +603 -6: E:/tdesign-flutter-v1/tdesign-component/test/components/form/t_form_test.dart: TForm submit 提交 controller.submit() 触发 onSubmit 回调
00:28 +604 -6: E:/tdesign-flutter-v1/tdesign-component/test/components/form/t_form_test.dart: TForm submit 提交 controller.submit() 触发 onSubmit 回调
00:28 +605 -6: E:/tdesign-flutter-v1/tdesign-component/test/components/form/t_form_test.dart: TForm submit 提交 controller.submit() 触发 onSubmit 回调
00:29 +606 -6: E:/tdesign-flutter-v1/tdesign-component/test/components/form/t_form_test.dart: TForm submit 提交 controller.submit() 触发 onSubmit 回调
00:29 +606 -6: E:/tdesign-flutter-v1/tdesign-component/test/components/fab/t_fab_test.dart: TFab 禁用态 child 模式 onPressed: null 用 IgnorePointer

Warning: A call to tap() with finder "Found 1 widget with type "TFab": [
  TFab(dependencies: [InheritedCupertinoTheme, MediaQuery, _InheritedTheme, _LocalizationsScope-[GlobalKey#d0e25]]),
]" derived an Offset (Offset(756.0, 540.0)) that would not hit test on the specified widget.
Maybe the widget is actually off-screen, or another widget is obscuring it, or the widget cannot receive pointer events.
The finder corresponds to this RenderBox: RenderIgnorePointer#13111 relayoutBoundary=up2
The hit test result at that offset is: HitTestResult(_RenderInkFeatures#01257@Offset(756.0, 540.0), RenderPhysicalModel#f19e7@Offset(756.0, 540.0), RenderSemanticsAnnotations#09777@Offset(756.0, 540.0), RenderRepaintBoundary#cd08a@Offset(756.0, 540.0), RenderIgnorePointer#71cfa@Offset(756.0, 540.0), RenderAnimatedOpacity#e66df@Offset(756.0, 540.0), RenderAnimatedOpacity#2f4fb@Offset(756.0, 540.0), _RenderColoredBox#18d27@Offset(756.0, 540.0), RenderAnimatedOpacity#9f37b@Offset(756.0, 540.0), RenderIgnorePointer#9b2b6@Offset(756.0, 540.0), RenderAnimatedOpacity#67496@Offset(756.0, 540.0), RenderRepaintBoundary#73557@Offset(756.0, 540.0), RenderSemanticsAnnotations#9eed6@Offset(756.0, 540.0), RenderOffstage#6e957@Offset(756.0, 540.0), RenderSemanticsAnnotations#55c2b@Offset(756.0, 540.0), _RenderTheater#06a0a@Offset(756.0, 540.0), RenderAbsorbPointer#ff380@Offset(756.0, 540.0), RenderPointerListener#69451@Offset(756.0, 540.0), RenderSemanticsAnnotations#9fd80@Offset(756.0, 540.0), RenderCustomPaint#b8286@Offset(756.0, 540.0), RenderSemanticsAnnotations#e85ac@Offset(756.0, 540.0), RenderSemanticsAnnotations#30845@Offset(756.0, 540.0), RenderSemanticsAnnotations#a5eb2@Offset(756.0, 540.0), RenderTapRegionSurface#272f0@Offset(756.0, 540.0), RenderSemanticsAnnotations#82f48@Offset(756.0, 540.0), RenderSemanticsAnnotations#796df@Offset(756.0, 540.0), HitTestEntry<HitTestTarget>#327d9(_ReusableRenderView#460d1), HitTestEntry<HitTestTarget>#f724f(<AutomatedTestWidgetsFlutterBinding>))
#0      WidgetController._getElementPoint (package:flutter_test/src/controller.dart:2158:25)
#1      WidgetController.getCenter (package:flutter_test/src/controller.dart:1942:12)
#2      WidgetController.tap (package:flutter_test/src/controller.dart:1075:7)
#3      main.<anonymous closure>.<anonymous closure> (file:///E:/tdesign-flutter-v1/tdesign-component/test/components/fab/t_fab_test.dart:126:20)
<asynchronous suspension>
#4      testWidgets.<anonymous closure>.<anonymous closure> (package:flutter_test/src/widget_tester.dart:192:15)
<asynchronous suspension>
#5      TestWidgetsFlutterBinding._runTestBody (package:flutter_test/src/binding.dart:1682:5)
<asynchronous suspension>
#6      StackZoneSpecification._registerCallback.<anonymous closure> (package:stack_trace/src/stack_zone_specification.dart:114:42)
<asynchronous suspension>
To silence this warning, pass "warnIfMissed: false" to "tap()".
To make this warning fatal, set WidgetController.hitTestWarningShouldBeFatal to true.

00:29 +607 -6: E:/tdesign-flutter-v1/tdesign-component/test/components/form/t_form_test.dart: TForm submit 提交 controller.submit() 触发 onSubmit 回调
00:29 +608 -6: E:/tdesign-flutter-v1/tdesign-component/test/components/form/t_form_test.dart: TForm submit 提交 controller.submit() 触发 onSubmit 回调
00:29 +609 -6: E:/tdesign-flutter-v1/tdesign-component/test/components/form/t_form_test.dart: TForm submit 提交 controller.submit() 触发 onSubmit 回调
00:29 +610 -6: E:/tdesign-flutter-v1/tdesign-component/test/components/form/t_form_test.dart: TForm submit 提交 controller.submit() 触发 onSubmit 回调
00:29 +611 -6: E:/tdesign-flutter-v1/tdesign-component/test/components/form/t_form_test.dart: TForm submit 提交 controller.submit() 触发 onSubmit 回调
00:29 +612 -6: E:/tdesign-flutter-v1/tdesign-component/test/components/form/t_form_test.dart: TForm submit 提交 controller.submit() 触发 onSubmit 回调
00:29 +613 -6: E:/tdesign-flutter-v1/tdesign-component/test/components/form/t_form_test.dart: TForm submit 提交 controller.submit() 触发 onSubmit 回调
00:29 +614 -6: E:/tdesign-flutter-v1/tdesign-component/test/components/form/t_form_test.dart: TForm submit 提交 controller.submit() 触发 onSubmit 回调
00:29 +615 -6: E:/tdesign-flutter-v1/tdesign-component/test/components/form/t_form_test.dart: TForm submit 提交 controller.submit() 触发 onSubmit 回调
00:29 +616 -6: E:/tdesign-flutter-v1/tdesign-component/test/components/form/t_form_test.dart: TForm submit 提交 controller.submit() 触发 onSubmit 回调
00:29 +617 -6: E:/tdesign-flutter-v1/tdesign-component/test/components/form/t_form_test.dart: TForm submit 提交 controller.submit() 触发 onSubmit 回调
00:29 +618 -6: E:/tdesign-flutter-v1/tdesign-component/test/components/form/t_form_test.dart: TForm submit 提交 controller.submit() 触发 onSubmit 回调
00:29 +619 -6: E:/tdesign-flutter-v1/tdesign-component/test/components/form/t_form_test.dart: TForm submit 提交 controller.submit() 触发 onSubmit 回调
00:29 +620 -6: E:/tdesign-flutter-v1/tdesign-component/test/components/form/t_form_test.dart: TForm submit 提交 controller.submit() 触发 onSubmit 回调
00:29 +621 -6: E:/tdesign-flutter-v1/tdesign-component/test/components/form/t_form_test.dart: TForm submit 提交 controller.submit() 触发 onSubmit 回调
00:29 +622 -6: E:/tdesign-flutter-v1/tdesign-component/test/components/form/t_form_test.dart: TForm submit 提交 controller.submit() 触发 onSubmit 回调
00:29 +623 -6: E:/tdesign-flutter-v1/tdesign-component/test/components/form/t_form_test.dart: TForm submit 提交 controller.submit() 触发 onSubmit 回调
00:29 +624 -6: E:/tdesign-flutter-v1/tdesign-component/test/components/form/t_form_test.dart: TForm submit 提交 controller.submit() 触发 onSubmit 回调
00:29 +625 -6: E:/tdesign-flutter-v1/tdesign-component/test/components/form/t_form_test.dart: TForm submit 提交 controller.submit() 触发 onSubmit 回调
00:29 +626 -6: E:/tdesign-flutter-v1/tdesign-component/test/components/form/t_form_test.dart: TForm submit 提交 controller.submit() 触发 onSubmit 回调
00:29 +627 -6: E:/tdesign-flutter-v1/tdesign-component/test/components/form/t_form_test.dart: TForm submit 提交 controller.submit() 触发 onSubmit 回调
00:29 +628 -6: E:/tdesign-flutter-v1/tdesign-component/test/components/form/t_form_test.dart: TForm submit 提交 controller.submit() 触发 onSubmit 回调
00:29 +629 -6: E:/tdesign-flutter-v1/tdesign-component/test/components/form/t_form_test.dart: TForm submit 提交 controller.submit() 触发 onSubmit 回调
00:29 +630 -6: E:/tdesign-flutter-v1/tdesign-component/test/components/form/t_form_test.dart: TForm submit 提交 controller.submit() 触发 onSubmit 回调
00:29 +631 -6: E:/tdesign-flutter-v1/tdesign-component/test/components/form/t_form_test.dart: TForm submit 提交 controller.submit() 触发 onSubmit 回调
00:29 +632 -6: E:/tdesign-flutter-v1/tdesign-component/test/components/form/t_form_test.dart: TForm submit 提交 controller.submit() 触发 onSubmit 回调
00:29 +633 -6: E:/tdesign-flutter-v1/tdesign-component/test/components/form/t_form_test.dart: TForm submit 提交 controller.submit() 触发 onSubmit 回调
00:29 +634 -6: E:/tdesign-flutter-v1/tdesign-component/test/components/form/t_form_test.dart: TForm submit 提交 controller.submit() 触发 onSubmit 回调
00:29 +635 -6: E:/tdesign-flutter-v1/tdesign-component/test/components/form/t_form_test.dart: TForm submit 提交 controller.submit() 触发 onSubmit 回调
00:29 +636 -6: E:/tdesign-flutter-v1/tdesign-component/test/components/form/t_form_test.dart: TForm submit 提交 controller.submit() 触发 onSubmit 回调
00:29 +637 -6: E:/tdesign-flutter-v1/tdesign-component/test/components/form/t_form_test.dart: TForm submit 提交 controller.submit() 触发 onSubmit 回调
00:29 +638 -6: E:/tdesign-flutter-v1/tdesign-component/test/components/form/t_form_test.dart: TForm submit 提交 controller.submit() 触发 onSubmit 回调
00:29 +639 -6: E:/tdesign-flutter-v1/tdesign-component/test/components/form/t_form_test.dart: TForm submit 提交 controller.submit() 触发 onSubmit 回调
00:29 +640 -6: E:/tdesign-flutter-v1/tdesign-component/test/components/form/t_form_test.dart: TForm submit 提交 controller.submit() 触发 onSubmit 回调
00:29 +641 -6: E:/tdesign-flutter-v1/tdesign-component/test/components/form/t_form_test.dart: TForm submit 提交 controller.submit() 触发 onSubmit 回调
00:29 +642 -6: E:/tdesign-flutter-v1/tdesign-component/test/components/form/t_form_test.dart: TForm submit 提交 controller.submit() 触发 onSubmit 回调
00:29 +643 -6: E:/tdesign-flutter-v1/tdesign-component/test/components/form/t_form_test.dart: TForm submit 提交 controller.submit() 触发 onSubmit 回调
00:29 +644 -6: E:/tdesign-flutter-v1/tdesign-component/test/components/form/t_form_test.dart: TForm submit 提交 controller.submit() 触发 onSubmit 回调
00:29 +645 -6: E:/tdesign-flutter-v1/tdesign-component/test/components/form/t_form_test.dart: TForm submit 提交 controller.submit() 触发 onSubmit 回调
00:29 +646 -6: E:/tdesign-flutter-v1/tdesign-component/test/components/form/t_form_test.dart: TForm submit 提交 controller.submit() 触发 onSubmit 回调
00:30 +647 -6: E:/tdesign-flutter-v1/tdesign-component/test/components/form/t_form_test.dart: TForm submit 提交 controller.submit() 触发 onSubmit 回调
00:30 +648 -6: E:/tdesign-flutter-v1/tdesign-component/test/components/form/t_form_test.dart: TForm submit 提交 controller.submit() 触发 onSubmit 回调
00:30 +649 -6: E:/tdesign-flutter-v1/tdesign-component/test/components/form/t_form_test.dart: TForm submit 提交 controller.submit() 触发 onSubmit 回调
00:30 +650 -6: E:/tdesign-flutter-v1/tdesign-component/test/components/form/t_form_test.dart: TForm submit 提交 controller.submit() 触发 onSubmit 回调
00:30 +651 -6: E:/tdesign-flutter-v1/tdesign-component/test/components/form/t_form_test.dart: TForm submit 提交 controller.submit() 触发 onSubmit 回调
00:30 +652 -6: E:/tdesign-flutter-v1/tdesign-component/test/components/form/t_form_test.dart: TForm submit 提交 controller.submit() 触发 onSubmit 回调
00:30 +653 -6: E:/tdesign-flutter-v1/tdesign-component/test/components/form/t_form_test.dart: TForm submit 提交 controller.submit() 触发 onSubmit 回调
00:30 +654 -6: E:/tdesign-flutter-v1/tdesign-component/test/components/form/t_form_test.dart: TForm submit 提交 controller.submit() 触发 onSubmit 回调
00:30 +655 -6: E:/tdesign-flutter-v1/tdesign-component/test/components/form/t_form_test.dart: TForm submit 提交 controller.submit() 触发 onSubmit 回调
00:30 +656 -6: E:/tdesign-flutter-v1/tdesign-component/test/components/icon/t_icon_test.dart: T01 - 基础渲染：渲染 TDesign 图标
00:30 +657 -6: E:/tdesign-flutter-v1/tdesign-component/test/components/icon/t_icon_test.dart: T01 - 基础渲染：渲染 TDesign 图标
00:30 +658 -6: E:/tdesign-flutter-v1/tdesign-component/test/components/icon/t_icon_test.dart: T01 - 基础渲染：渲染 TDesign 图标
00:30 +659 -6: E:/tdesign-flutter-v1/tdesign-component/test/components/icon/t_icon_test.dart: T01 - 基础渲染：渲染 TDesign 图标
00:30 +660 -6: E:/tdesign-flutter-v1/tdesign-component/test/components/icon/t_icon_test.dart: T01 - 基础渲染：渲染 TDesign 图标
00:30 +661 -6: E:/tdesign-flutter-v1/tdesign-component/test/components/icon/t_icon_test.dart: T01 - 基础渲染：渲染 TDesign 图标
00:30 +662 -6: E:/tdesign-flutter-v1/tdesign-component/test/components/image/t_image_test.dart: TImage 基础渲染 默认参数渲染 - roundedSquare variant
00:30 +663 -6: E:/tdesign-flutter-v1/tdesign-component/test/components/image/t_image_test.dart: TImage 基础渲染 默认参数渲染 - roundedSquare variant
00:30 +664 -6: E:/tdesign-flutter-v1/tdesign-component/test/components/image/t_image_test.dart: TImage 基础渲染 默认参数渲染 - roundedSquare variant
00:30 +665 -6: E:/tdesign-flutter-v1/tdesign-component/test/components/image/t_image_test.dart: TImage 基础渲染 默认参数渲染 - roundedSquare variant
00:30 +666 -6: E:/tdesign-flutter-v1/tdesign-component/test/components/image/t_image_test.dart: TImage 基础渲染 默认参数渲染 - roundedSquare variant
00:30 +667 -6: E:/tdesign-flutter-v1/tdesign-component/test/components/image/t_image_test.dart: TImage 基础渲染 默认参数渲染 - roundedSquare variant
00:30 +668 -6: E:/tdesign-flutter-v1/tdesign-component/test/components/image/t_image_test.dart: TImage 基础渲染 默认参数渲染 - roundedSquare variant
00:30 +669 -6: E:/tdesign-flutter-v1/tdesign-component/test/components/image/t_image_test.dart: TImage 基础渲染 默认参数渲染 - roundedSquare variant
00:30 +670 -6: E:/tdesign-flutter-v1/tdesign-component/test/components/image/t_image_test.dart: TImage 基础渲染 默认参数渲染 - roundedSquare variant
00:31 +671 -6: E:/tdesign-flutter-v1/tdesign-component/test/components/image/t_image_test.dart: TImage 基础渲染 默认参数渲染 - roundedSquare variant
00:31 +672 -6: E:/tdesign-flutter-v1/tdesign-component/test/components/image/t_image_test.dart: TImage 基础渲染 默认参数渲染 - roundedSquare variant
00:31 +673 -6: E:/tdesign-flutter-v1/tdesign-component/test/components/image/t_image_test.dart: TImage 基础渲染 默认参数渲染 - roundedSquare variant
00:31 +674 -6: E:/tdesign-flutter-v1/tdesign-component/test/components/image/t_image_test.dart: TImage 基础渲染 默认参数渲染 - roundedSquare variant
00:31 +675 -6: E:/tdesign-flutter-v1/tdesign-component/test/components/image/t_image_test.dart: TImage 基础渲染 默认参数渲染 - roundedSquare variant
00:31 +676 -6: E:/tdesign-flutter-v1/tdesign-component/test/components/image/t_image_test.dart: TImage 基础渲染 默认参数渲染 - roundedSquare variant
00:31 +677 -6: E:/tdesign-flutter-v1/tdesign-component/test/components/image/t_image_test.dart: TImage 基础渲染 默认参数渲染 - roundedSquare variant
00:31 +678 -6: E:/tdesign-flutter-v1/tdesign-component/test/components/image/t_image_test.dart: TImage 基础渲染 默认参数渲染 - roundedSquare variant
00:31 +679 -6: E:/tdesign-flutter-v1/tdesign-component/test/components/image/t_image_test.dart: TImage 基础渲染 默认参数渲染 - roundedSquare variant
00:31 +680 -6: E:/tdesign-flutter-v1/tdesign-component/test/components/image/t_image_test.dart: TImage 基础渲染 默认参数渲染 - roundedSquare variant
00:31 +681 -6: E:/tdesign-flutter-v1/tdesign-component/test/components/image/t_image_test.dart: TImage 基础渲染 默认参数渲染 - roundedSquare variant
00:31 +682 -6: E:/tdesign-flutter-v1/tdesign-component/test/components/image_viewer/t_image_viewer_test.dart: TImageViewer showImageViewer 方法 点击按钮弹出预览
00:31 +683 -6: E:/tdesign-flutter-v1/tdesign-component/test/components/image_viewer/t_image_viewer_test.dart: TImageViewer showImageViewer 方法 点击按钮弹出预览
00:31 +684 -6: E:/tdesign-flutter-v1/tdesign-component/test/components/image_viewer/t_image_viewer_test.dart: TImageViewer showImageViewer 方法 点击按钮弹出预览
00:31 +685 -6: E:/tdesign-flutter-v1/tdesign-component/test/components/image_viewer/t_image_viewer_test.dart: TImageViewer showImageViewer 方法 点击按钮弹出预览
00:31 +686 -6: E:/tdesign-flutter-v1/tdesign-component/test/components/image_viewer/t_image_viewer_test.dart: TImageViewer showImageViewer 方法 点击按钮弹出预览
00:31 +687 -6: E:/tdesign-flutter-v1/tdesign-component/test/components/image_viewer/t_image_viewer_test.dart: TImageViewer showImageViewer 方法 点击按钮弹出预览
00:31 +688 -6: E:/tdesign-flutter-v1/tdesign-component/test/components/image_viewer/t_image_viewer_test.dart: TImageViewer showImageViewer 方法 点击按钮弹出预览
00:31 +689 -6: E:/tdesign-flutter-v1/tdesign-component/test/components/image_viewer/t_image_viewer_test.dart: TImageViewer showImageViewer 方法 点击按钮弹出预览
00:31 +690 -6: E:/tdesign-flutter-v1/tdesign-component/test/components/image_viewer/t_image_viewer_test.dart: TImageViewer showImageViewer 方法 点击按钮弹出预览
00:31 +691 -6: E:/tdesign-flutter-v1/tdesign-component/test/components/image_viewer/t_image_viewer_test.dart: TImageViewer showImageViewer 方法 点击按钮弹出预览
00:31 +692 -6: E:/tdesign-flutter-v1/tdesign-component/test/components/image_viewer/t_image_viewer_test.dart: TImageViewer showImageViewer 方法 点击按钮弹出预览
00:31 +693 -6: E:/tdesign-flutter-v1/tdesign-component/test/components/image_viewer/t_image_viewer_test.dart: TImageViewer showImageViewer 方法 点击按钮弹出预览
00:31 +694 -6: E:/tdesign-flutter-v1/tdesign-component/test/components/image_viewer/t_image_viewer_test.dart: TImageViewer showImageViewer 方法 点击按钮弹出预览
00:31 +695 -6: E:/tdesign-flutter-v1/tdesign-component/test/components/image_viewer/t_image_viewer_test.dart: TImageViewer showImageViewer 方法 点击按钮弹出预览
00:31 +696 -6: E:/tdesign-flutter-v1/tdesign-component/test/components/image_viewer/t_image_viewer_test.dart: TImageViewer showImageViewer 方法 点击按钮弹出预览
00:31 +697 -6: E:/tdesign-flutter-v1/tdesign-component/test/components/image_viewer/t_image_viewer_test.dart: TImageViewer showImageViewer 方法 点击按钮弹出预览
00:31 +698 -6: E:/tdesign-flutter-v1/tdesign-component/test/components/image_viewer/t_image_viewer_test.dart: TImageViewer showImageViewer 方法 点击按钮弹出预览
00:31 +699 -6: E:/tdesign-flutter-v1/tdesign-component/test/components/image_viewer/t_image_viewer_test.dart: TImageViewer showImageViewer 方法 点击按钮弹出预览
00:32 +700 -6: E:/tdesign-flutter-v1/tdesign-component/test/components/image_viewer/t_image_viewer_test.dart: TImageViewer showImageViewer 方法 点击按钮弹出预览
00:32 +701 -6: E:/tdesign-flutter-v1/tdesign-component/test/components/image_viewer/t_image_viewer_test.dart: TImageViewer showImageViewer 方法 点击按钮弹出预览
00:32 +702 -6: E:/tdesign-flutter-v1/tdesign-component/test/components/image_viewer/t_image_viewer_test.dart: TImageViewer showImageViewer 方法 点击按钮弹出预览
00:32 +703 -6: E:/tdesign-flutter-v1/tdesign-component/test/components/image_viewer/t_image_viewer_test.dart: TImageViewer showImageViewer 方法 点击按钮弹出预览
00:32 +704 -6: E:/tdesign-flutter-v1/tdesign-component/test/components/image_viewer/t_image_viewer_test.dart: TImageViewer showImageViewer 方法 点击按钮弹出预览
00:32 +705 -6: E:/tdesign-flutter-v1/tdesign-component/test/components/image_viewer/t_image_viewer_test.dart: TImageViewer showImageViewer 方法 点击按钮弹出预览
00:32 +706 -6: E:/tdesign-flutter-v1/tdesign-component/test/components/image_viewer/t_image_viewer_test.dart: TImageViewer showImageViewer 方法 点击按钮弹出预览
00:32 +707 -6: E:/tdesign-flutter-v1/tdesign-component/test/components/image_viewer/t_image_viewer_test.dart: TImageViewer showImageViewer 方法 点击按钮弹出预览
00:32 +708 -6: E:/tdesign-flutter-v1/tdesign-component/test/components/image_viewer/t_image_viewer_test.dart: TImageViewer showImageViewer 方法 点击按钮弹出预览
00:32 +709 -6: E:/tdesign-flutter-v1/tdesign-component/test/components/image_viewer/t_image_viewer_test.dart: TImageViewer showImageViewer 方法 点击按钮弹出预览
00:32 +710 -6: E:/tdesign-flutter-v1/tdesign-component/test/components/image_viewer/t_image_viewer_test.dart: TImageViewer showImageViewer 方法 点击按钮弹出预览
00:32 +711 -6: E:/tdesign-flutter-v1/tdesign-component/test/components/image_viewer/t_image_viewer_test.dart: TImageViewer showImageViewer 方法 点击按钮弹出预览
00:32 +712 -6: E:/tdesign-flutter-v1/tdesign-component/test/components/image_viewer/t_image_viewer_test.dart: TImageViewer showImageViewer 方法 点击按钮弹出预览
00:32 +713 -6: E:/tdesign-flutter-v1/tdesign-component/test/components/image_viewer/t_image_viewer_test.dart: TImageViewer showImageViewer 方法 点击按钮弹出预览
00:32 +714 -6: E:/tdesign-flutter-v1/tdesign-component/test/components/image_viewer/t_image_viewer_test.dart: TImageViewer showImageViewer 方法 点击按钮弹出预览
00:32 +715 -6: E:/tdesign-flutter-v1/tdesign-component/test/components/image_viewer/t_image_viewer_test.dart: TImageViewer showImageViewer 方法 点击按钮弹出预览
00:32 +716 -6: E:/tdesign-flutter-v1/tdesign-component/test/components/image_viewer/t_image_viewer_test.dart: TImageViewer showImageViewer 方法 点击按钮弹出预览
00:32 +717 -6: E:/tdesign-flutter-v1/tdesign-component/test/components/image_viewer/t_image_viewer_test.dart: TImageViewer showImageViewer 方法 点击按钮弹出预览
00:32 +718 -6: E:/tdesign-flutter-v1/tdesign-component/test/components/image_viewer/t_image_viewer_test.dart: TImageViewer showImageViewer 方法 点击按钮弹出预览
00:32 +719 -6: E:/tdesign-flutter-v1/tdesign-component/test/components/image_viewer/t_image_viewer_test.dart: TImageViewer showImageViewer 方法 点击按钮弹出预览
00:32 +720 -6: E:/tdesign-flutter-v1/tdesign-component/test/components/image_viewer/t_image_viewer_test.dart: TImageViewer showImageViewer 方法 点击按钮弹出预览
00:32 +721 -6: E:/tdesign-flutter-v1/tdesign-component/test/components/image_viewer/t_image_viewer_test.dart: TImageViewer showImageViewer 方法 点击按钮弹出预览
00:32 +722 -6: E:/tdesign-flutter-v1/tdesign-component/test/components/image_viewer/t_image_viewer_test.dart: TImageViewer showImageViewer 方法 点击按钮弹出预览
00:32 +723 -6: E:/tdesign-flutter-v1/tdesign-component/test/components/image_viewer/t_image_viewer_test.dart: TImageViewer showImageViewer 方法 点击按钮弹出预览
00:32 +724 -6: E:/tdesign-flutter-v1/tdesign-component/test/components/image_viewer/t_image_viewer_test.dart: TImageViewer showImageViewer 方法 点击按钮弹出预览
00:32 +725 -6: E:/tdesign-flutter-v1/tdesign-component/test/components/image_viewer/t_image_viewer_test.dart: TImageViewer showImageViewer 方法 点击按钮弹出预览
00:32 +726 -6: E:/tdesign-flutter-v1/tdesign-component/test/components/image_viewer/t_image_viewer_test.dart: TImageViewer showImageViewer 方法 点击按钮弹出预览
00:32 +727 -6: E:/tdesign-flutter-v1/tdesign-component/test/components/image_viewer/t_image_viewer_test.dart: TImageViewer showImageViewer 方法 点击按钮弹出预览
00:32 +728 -6: E:/tdesign-flutter-v1/tdesign-component/test/components/image_viewer/t_image_viewer_test.dart: TImageViewer showImageViewer 方法 点击按钮弹出预览
00:32 +729 -6: E:/tdesign-flutter-v1/tdesign-component/test/components/image_viewer/t_image_viewer_test.dart: TImageViewer showImageViewer 方法 点击按钮弹出预览
00:32 +730 -6: E:/tdesign-flutter-v1/tdesign-component/test/components/indexes/sticky_header/sticky_header_test.dart: SliverStickyHeaderWidget 垂直 normal 渲染
00:32 +731 -6: E:/tdesign-flutter-v1/tdesign-component/test/components/indexes/sticky_header/sticky_header_test.dart: SliverStickyHeaderWidget 垂直 normal 渲染
00:32 +732 -6: E:/tdesign-flutter-v1/tdesign-component/test/components/indexes/t_indexes_test.dart: TIndexes 基础渲染 默认渲染
00:32 +733 -6: E:/tdesign-flutter-v1/tdesign-component/test/components/indexes/t_indexes_test.dart: TIndexes 基础渲染 默认渲染
00:33 +734 -6: E:/tdesign-flutter-v1/tdesign-component/test/components/indexes/t_indexes_test.dart: TIndexes 基础渲染 默认渲染
00:33 +735 -6: E:/tdesign-flutter-v1/tdesign-component/test/components/indexes/t_indexes_test.dart: TIndexes 基础渲染 默认渲染
00:33 +736 -6: E:/tdesign-flutter-v1/tdesign-component/test/components/indexes/t_indexes_test.dart: TIndexes 基础渲染 默认渲染
00:33 +737 -6: E:/tdesign-flutter-v1/tdesign-component/test/components/indexes/t_indexes_test.dart: TIndexes 基础渲染 默认渲染
00:33 +738 -6: E:/tdesign-flutter-v1/tdesign-component/test/components/indexes/t_indexes_test.dart: TIndexes 基础渲染 默认渲染
00:33 +739 -6: E:/tdesign-flutter-v1/tdesign-component/test/components/indexes/t_indexes_test.dart: TIndexes 基础渲染 默认渲染
00:33 +740 -6: E:/tdesign-flutter-v1/tdesign-component/test/components/indexes/t_indexes_test.dart: TIndexes 基础渲染 默认渲染
00:33 +741 -6: E:/tdesign-flutter-v1/tdesign-component/test/components/indexes/t_indexes_test.dart: TIndexes 基础渲染 默认渲染
00:33 +742 -6: E:/tdesign-flutter-v1/tdesign-component/test/components/indexes/t_indexes_test.dart: TIndexes 基础渲染 默认渲染
00:33 +743 -6: E:/tdesign-flutter-v1/tdesign-component/test/components/indexes/t_indexes_test.dart: TIndexes 基础渲染 默认渲染
00:33 +744 -6: E:/tdesign-flutter-v1/tdesign-component/test/components/indexes/t_indexes_test.dart: TIndexes 基础渲染 默认渲染
00:33 +745 -6: E:/tdesign-flutter-v1/tdesign-component/test/components/indexes/t_indexes_test.dart: TIndexes 基础渲染 默认渲染
00:33 +746 -6: E:/tdesign-flutter-v1/tdesign-component/test/components/indexes/t_indexes_test.dart: TIndexes 基础渲染 默认渲染
00:33 +746 -6: E:/tdesign-flutter-v1/tdesign-component/test/components/fab/t_fab_test.dart: TFab 拖拽模式 child 模式 + 拖拽 + magnet

Warning: A call to timedDrag() with finder "Found 1 widget with type "TFab": [
  TFab(dependencies: [InheritedCupertinoTheme, MediaQuery, _InheritedTheme, _LocalizationsScope-[GlobalKey#377c3]]),
]" derived an Offset (Offset(756.0, 540.0)) that would not hit test on the specified widget.
Maybe the widget is actually off-screen, or another widget is obscuring it, or the widget cannot receive pointer events.
The finder corresponds to this RenderBox: RenderSemanticsGestureHandler#723bc relayoutBoundary=up2
The hit test result at that offset is: HitTestResult(_RenderInkFeatures#2713b@Offset(756.0, 540.0), RenderPhysicalModel#53233@Offset(756.0, 540.0), RenderSemanticsAnnotations#6e38b@Offset(756.0, 540.0), RenderRepaintBoundary#ab11f@Offset(756.0, 540.0), RenderIgnorePointer#95747@Offset(756.0, 540.0), RenderAnimatedOpacity#f42ec@Offset(756.0, 540.0), RenderAnimatedOpacity#acaf2@Offset(756.0, 540.0), _RenderColoredBox#024c8@Offset(756.0, 540.0), RenderAnimatedOpacity#21f7e@Offset(756.0, 540.0), RenderIgnorePointer#17633@Offset(756.0, 540.0), RenderAnimatedOpacity#07481@Offset(756.0, 540.0), RenderRepaintBoundary#24951@Offset(756.0, 540.0), RenderSemanticsAnnotations#d35d3@Offset(756.0, 540.0), RenderOffstage#6534f@Offset(756.0, 540.0), RenderSemanticsAnnotations#505da@Offset(756.0, 540.0), _RenderTheater#f1dbb@Offset(756.0, 540.0), RenderAbsorbPointer#57cd9@Offset(756.0, 540.0), RenderPointerListener#b24a4@Offset(756.0, 540.0), RenderSemanticsAnnotations#e0016@Offset(756.0, 540.0), RenderCustomPaint#e7b23@Offset(756.0, 540.0), RenderSemanticsAnnotations#5ca5d@Offset(756.0, 540.0), RenderSemanticsAnnotations#5bb78@Offset(756.0, 540.0), RenderSemanticsAnnotations#dedbe@Offset(756.0, 540.0), RenderTapRegionSurface#28a96@Offset(756.0, 540.0), RenderSemanticsAnnotations#22a98@Offset(756.0, 540.0), RenderSemanticsAnnotations#1fc84@Offset(756.0, 540.0), HitTestEntry<HitTestTarget>#73cf2(_ReusableRenderView#460d1), HitTestEntry<HitTestTarget>#41925(<AutomatedTestWidgetsFlutterBinding>))
#0      WidgetController._getElementPoint (package:flutter_test/src/controller.dart:2158:25)
#1      WidgetController.getCenter (package:flutter_test/src/controller.dart:1942:12)
#2      WidgetController.timedDrag (package:flutter_test/src/controller.dart:1748:7)
#3      main.<anonymous closure>.<anonymous closure> (file:///E:/tdesign-flutter-v1/tdesign-component/test/components/fab/t_fab_test.dart:601:20)
<asynchronous suspension>
#4      testWidgets.<anonymous closure>.<anonymous closure> (package:flutter_test/src/widget_tester.dart:192:15)
<asynchronous suspension>
#5      TestWidgetsFlutterBinding._runTestBody (package:flutter_test/src/binding.dart:1682:5)
<asynchronous suspension>
#6      StackZoneSpecification._registerCallback.<anonymous closure> (package:stack_trace/src/stack_zone_specification.dart:114:42)
<asynchronous suspension>
To silence this warning, pass "warnIfMissed: false" to "timedDrag()".
To make this warning fatal, set WidgetController.hitTestWarningShouldBeFatal to true.

00:33 +747 -6: E:/tdesign-flutter-v1/tdesign-component/test/components/indexes/t_indexes_test.dart: TIndexes 基础渲染 默认渲染
00:33 +748 -6: E:/tdesign-flutter-v1/tdesign-component/test/components/indexes/t_indexes_test.dart: TIndexes 基础渲染 默认渲染
00:33 +749 -6: E:/tdesign-flutter-v1/tdesign-component/test/components/indexes/t_indexes_test.dart: TIndexes 基础渲染 默认渲染
00:33 +750 -6: E:/tdesign-flutter-v1/tdesign-component/test/components/indexes/t_indexes_test.dart: TIndexes 基础渲染 默认渲染
00:33 +751 -6: E:/tdesign-flutter-v1/tdesign-component/test/components/indexes/t_indexes_test.dart: TIndexes 基础渲染 默认渲染
00:33 +752 -6: E:/tdesign-flutter-v1/tdesign-component/test/components/indexes/t_indexes_test.dart: TIndexes 基础渲染 默认渲染
00:33 +753 -6: E:/tdesign-flutter-v1/tdesign-component/test/components/indexes/t_indexes_test.dart: TIndexes 基础渲染 默认渲染
00:33 +754 -6: E:/tdesign-flutter-v1/tdesign-component/test/components/indexes/t_indexes_test.dart: TIndexes 基础渲染 默认渲染
00:33 +755 -6: E:/tdesign-flutter-v1/tdesign-component/test/components/indexes/t_indexes_test.dart: TIndexes 基础渲染 默认渲染
00:33 +756 -6: E:/tdesign-flutter-v1/tdesign-component/test/components/indexes/t_indexes_test.dart: TIndexes 基础渲染 默认渲染
00:33 +757 -6: E:/tdesign-flutter-v1/tdesign-component/test/components/indexes/t_indexes_test.dart: TIndexes 基础渲染 默认渲染
00:33 +758 -6: E:/tdesign-flutter-v1/tdesign-component/test/components/indexes/t_indexes_test.dart: TIndexes 基础渲染 默认渲染
00:33 +759 -6: E:/tdesign-flutter-v1/tdesign-component/test/components/indexes/t_indexes_test.dart: TIndexes 基础渲染 默认渲染
00:33 +760 -6: E:/tdesign-flutter-v1/tdesign-component/test/components/indexes/t_indexes_test.dart: TIndexes 基础渲染 默认渲染
00:33 +761 -6: E:/tdesign-flutter-v1/tdesign-component/test/components/indexes/t_indexes_test.dart: TIndexes 基础渲染 默认渲染
00:33 +762 -6: E:/tdesign-flutter-v1/tdesign-component/test/components/indexes/t_indexes_test.dart: TIndexes 基础渲染 默认渲染
00:33 +763 -6: E:/tdesign-flutter-v1/tdesign-component/test/components/indexes/t_indexes_test.dart: TIndexes 基础渲染 默认渲染
00:33 +764 -6: E:/tdesign-flutter-v1/tdesign-component/test/components/indexes/t_indexes_test.dart: TIndexes 基础渲染 默认渲染
00:33 +765 -6: E:/tdesign-flutter-v1/tdesign-component/test/components/indexes/t_indexes_test.dart: TIndexes 基础渲染 默认渲染
00:33 +766 -6: E:/tdesign-flutter-v1/tdesign-component/test/components/indexes/t_indexes_test.dart: TIndexes 基础渲染 默认渲染
00:33 +767 -6: E:/tdesign-flutter-v1/tdesign-component/test/components/indexes/t_indexes_test.dart: TIndexes 基础渲染 默认渲染
00:33 +768 -6: E:/tdesign-flutter-v1/tdesign-component/test/components/indexes/t_indexes_test.dart: TIndexes 基础渲染 默认渲染
00:33 +769 -6: E:/tdesign-flutter-v1/tdesign-component/test/components/indexes/t_indexes_test.dart: TIndexes 基础渲染 默认渲染
00:33 +770 -6: E:/tdesign-flutter-v1/tdesign-component/test/components/indexes/t_indexes_test.dart: TIndexes 基础渲染 默认渲染
00:33 +771 -6: E:/tdesign-flutter-v1/tdesign-component/test/components/indexes/t_indexes_test.dart: TIndexes 基础渲染 默认渲染
00:33 +772 -6: E:/tdesign-flutter-v1/tdesign-component/test/components/indexes/t_indexes_test.dart: TIndexes 基础渲染 默认渲染
00:33 +773 -6: E:/tdesign-flutter-v1/tdesign-component/test/components/indexes/t_indexes_test.dart: TIndexes 基础渲染 默认渲染
00:33 +774 -6: E:/tdesign-flutter-v1/tdesign-component/test/components/indexes/t_indexes_test.dart: TIndexes 基础渲染 默认渲染
00:33 +775 -6: E:/tdesign-flutter-v1/tdesign-component/test/components/indexes/t_indexes_test.dart: TIndexes 基础渲染 默认渲染
00:33 +776 -6: E:/tdesign-flutter-v1/tdesign-component/test/components/indexes/t_indexes_test.dart: TIndexes 基础渲染 默认渲染
00:33 +777 -6: E:/tdesign-flutter-v1/tdesign-component/test/components/indexes/t_indexes_test.dart: TIndexes 基础渲染 默认渲染
00:33 +778 -6: E:/tdesign-flutter-v1/tdesign-component/test/components/indexes/t_indexes_test.dart: TIndexes 基础渲染 默认渲染
00:33 +779 -6: E:/tdesign-flutter-v1/tdesign-component/test/components/indexes/t_indexes_test.dart: TIndexes 基础渲染 默认渲染
00:33 +780 -6: E:/tdesign-flutter-v1/tdesign-component/test/components/indexes/t_indexes_test.dart: TIndexes 基础渲染 默认渲染
00:33 +781 -6: E:/tdesign-flutter-v1/tdesign-component/test/components/indexes/t_indexes_test.dart: TIndexes 基础渲染 默认渲染
00:33 +782 -6: E:/tdesign-flutter-v1/tdesign-component/test/components/indexes/t_indexes_test.dart: TIndexes 基础渲染 默认渲染
00:33 +783 -6: E:/tdesign-flutter-v1/tdesign-component/test/components/indexes/t_indexes_test.dart: TIndexes 基础渲染 默认渲染
00:33 +784 -6: E:/tdesign-flutter-v1/tdesign-component/test/components/indexes/t_indexes_test.dart: TIndexes 基础渲染 默认渲染
00:33 +785 -6: E:/tdesign-flutter-v1/tdesign-component/test/components/indexes/t_indexes_test.dart: TIndexes 基础渲染 默认渲染
00:33 +786 -6: E:/tdesign-flutter-v1/tdesign-component/test/components/indexes/t_indexes_test.dart: TIndexes 基础渲染 默认渲染
00:33 +787 -6: E:/tdesign-flutter-v1/tdesign-component/test/components/indexes/t_indexes_test.dart: TIndexes 基础渲染 默认渲染
00:33 +788 -6: E:/tdesign-flutter-v1/tdesign-component/test/components/indexes/t_indexes_test.dart: TIndexes 基础渲染 默认渲染
00:33 +789 -6: E:/tdesign-flutter-v1/tdesign-component/test/components/indexes/t_indexes_test.dart: TIndexes 基础渲染 默认渲染
00:34 +790 -6: E:/tdesign-flutter-v1/tdesign-component/test/components/indexes/t_indexes_test.dart: TIndexes 基础渲染 默认渲染
00:34 +791 -6: E:/tdesign-flutter-v1/tdesign-component/test/components/indexes/t_indexes_test.dart: TIndexes 基础渲染 默认渲染
00:34 +792 -6: E:/tdesign-flutter-v1/tdesign-component/test/components/indexes/t_indexes_test.dart: TIndexes 基础渲染 默认渲染
00:34 +793 -6: E:/tdesign-flutter-v1/tdesign-component/test/components/indexes/t_indexes_test.dart: TIndexes 基础渲染 默认渲染
00:34 +794 -6: E:/tdesign-flutter-v1/tdesign-component/test/components/indexes/t_indexes_test.dart: TIndexes 基础渲染 默认渲染
00:34 +795 -6: E:/tdesign-flutter-v1/tdesign-component/test/components/indexes/t_indexes_test.dart: TIndexes 基础渲染 默认渲染
00:34 +796 -6: E:/tdesign-flutter-v1/tdesign-component/test/components/input/t_input_test.dart: TInput D 类控制（controller + readOnly） controller 预设文本正常显示
00:34 +797 -6: E:/tdesign-flutter-v1/tdesign-component/test/components/input/t_input_test.dart: TInput D 类控制（controller + readOnly） controller 预设文本正常显示
00:34 +798 -6: E:/tdesign-flutter-v1/tdesign-component/test/components/input/t_input_test.dart: TInput D 类控制（controller + readOnly） controller 预设文本正常显示
00:34 +799 -6: E:/tdesign-flutter-v1/tdesign-component/test/components/input/t_input_test.dart: TInput D 类控制（controller + readOnly） controller 预设文本正常显示
00:34 +800 -6: E:/tdesign-flutter-v1/tdesign-component/test/components/input/t_input_test.dart: TInput D 类控制（controller + readOnly） controller 预设文本正常显示
00:34 +801 -6: E:/tdesign-flutter-v1/tdesign-component/test/components/input/t_input_test.dart: TInput D 类控制（controller + readOnly） controller 预设文本正常显示
00:34 +802 -6: E:/tdesign-flutter-v1/tdesign-component/test/components/input/t_input_test.dart: TInput D 类控制（controller + readOnly） controller 预设文本正常显示
00:34 +803 -6: E:/tdesign-flutter-v1/tdesign-component/test/components/input/t_input_test.dart: TInput D 类控制（controller + readOnly） controller 预设文本正常显示
00:34 +804 -6: E:/tdesign-flutter-v1/tdesign-component/test/components/input/t_input_test.dart: TInput D 类控制（controller + readOnly） controller 预设文本正常显示
00:34 +805 -6: E:/tdesign-flutter-v1/tdesign-component/test/components/input/t_input_test.dart: TInput D 类控制（controller + readOnly） controller 预设文本正常显示
00:34 +806 -6: E:/tdesign-flutter-v1/tdesign-component/test/components/input/t_input_test.dart: TInput D 类控制（controller + readOnly） controller 预设文本正常显示
00:34 +807 -6: E:/tdesign-flutter-v1/tdesign-component/test/components/input/t_input_test.dart: TInput D 类控制（controller + readOnly） controller 预设文本正常显示
00:34 +808 -6: E:/tdesign-flutter-v1/tdesign-component/test/components/input/t_input_test.dart: TInput D 类控制（controller + readOnly） controller 预设文本正常显示
00:34 +809 -6: E:/tdesign-flutter-v1/tdesign-component/test/components/input/t_input_test.dart: TInput D 类控制（controller + readOnly） controller 预设文本正常显示
00:34 +810 -6: E:/tdesign-flutter-v1/tdesign-component/test/components/input/t_input_test.dart: TInput D 类控制（controller + readOnly） controller 预设文本正常显示
00:34 +811 -6: E:/tdesign-flutter-v1/tdesign-component/test/components/input/t_input_test.dart: TInput D 类控制（controller + readOnly） controller 预设文本正常显示
00:34 +812 -6: E:/tdesign-flutter-v1/tdesign-component/test/components/input/t_input_test.dart: TInput D 类控制（controller + readOnly） controller 预设文本正常显示
00:34 +813 -6: E:/tdesign-flutter-v1/tdesign-component/test/components/input/t_input_test.dart: TInput D 类控制（controller + readOnly） controller 预设文本正常显示
00:34 +814 -6: E:/tdesign-flutter-v1/tdesign-component/test/components/input/t_input_test.dart: TInput D 类控制（controller + readOnly） controller 预设文本正常显示
00:34 +815 -6: E:/tdesign-flutter-v1/tdesign-component/test/components/input/t_input_test.dart: TInput D 类控制（controller + readOnly） controller 预设文本正常显示
00:35 +816 -6: E:/tdesign-flutter-v1/tdesign-component/test/components/input/t_input_test.dart: TInput D 类控制（controller + readOnly） controller 预设文本正常显示
00:35 +817 -6: E:/tdesign-flutter-v1/tdesign-component/test/components/input/t_input_test.dart: TInput D 类控制（controller + readOnly） controller 预设文本正常显示
00:35 +818 -6: E:/tdesign-flutter-v1/tdesign-component/test/components/input/t_input_test.dart: TInput D 类控制（controller + readOnly） controller 预设文本正常显示
00:35 +819 -6: E:/tdesign-flutter-v1/tdesign-component/test/components/input/t_input_test.dart: TInput D 类控制（controller + readOnly） controller 预设文本正常显示
00:35 +820 -6: E:/tdesign-flutter-v1/tdesign-component/test/components/input/t_input_test.dart: TInput D 类控制（controller + readOnly） controller 预设文本正常显示
00:35 +821 -6: E:/tdesign-flutter-v1/tdesign-component/test/components/input/t_input_test.dart: TInput D 类控制（controller + readOnly） controller 预设文本正常显示
00:35 +822 -6: E:/tdesign-flutter-v1/tdesign-component/test/components/input/t_input_test.dart: TInput D 类控制（controller + readOnly） controller 预设文本正常显示
00:35 +823 -6: E:/tdesign-flutter-v1/tdesign-component/test/components/input/t_input_test.dart: TInput D 类控制（controller + readOnly） controller 预设文本正常显示
00:35 +824 -6: E:/tdesign-flutter-v1/tdesign-component/test/components/input/t_input_test.dart: TInput D 类控制（controller + readOnly） controller 预设文本正常显示
00:35 +825 -6: E:/tdesign-flutter-v1/tdesign-component/test/components/input/t_input_test.dart: TInput D 类控制（controller + readOnly） controller 预设文本正常显示
00:35 +826 -6: E:/tdesign-flutter-v1/tdesign-component/test/components/input/t_input_test.dart: TInput D 类控制（controller + readOnly） controller 预设文本正常显示
00:35 +827 -6: E:/tdesign-flutter-v1/tdesign-component/test/components/input/t_input_test.dart: TInput D 类控制（controller + readOnly） controller 预设文本正常显示
00:35 +828 -6: E:/tdesign-flutter-v1/tdesign-component/test/components/input/t_input_test.dart: TInput D 类控制（controller + readOnly） controller 预设文本正常显示
00:35 +829 -6: E:/tdesign-flutter-v1/tdesign-component/test/components/input/t_input_test.dart: TInput D 类控制（controller + readOnly） controller 预设文本正常显示
00:35 +830 -6: E:/tdesign-flutter-v1/tdesign-component/test/components/input/t_input_test.dart: TInput D 类控制（controller + readOnly） controller 预设文本正常显示
00:35 +831 -6: E:/tdesign-flutter-v1/tdesign-component/test/components/input/t_input_test.dart: TInput D 类控制（controller + readOnly） controller 预设文本正常显示
00:35 +832 -6: E:/tdesign-flutter-v1/tdesign-component/test/components/input/t_input_test.dart: TInput D 类控制（controller + readOnly） controller 预设文本正常显示
00:35 +833 -6: E:/tdesign-flutter-v1/tdesign-component/test/components/input/t_input_test.dart: TInput D 类控制（controller + readOnly） controller 预设文本正常显示
00:35 +834 -6: E:/tdesign-flutter-v1/tdesign-component/test/components/input/t_input_test.dart: TInput D 类控制（controller + readOnly） controller 预设文本正常显示
00:35 +835 -6: E:/tdesign-flutter-v1/tdesign-component/test/components/input/t_input_test.dart: TInput D 类控制（controller + readOnly） controller 预设文本正常显示
00:35 +836 -6: E:/tdesign-flutter-v1/tdesign-component/test/components/input/t_input_test.dart: TInput D 类控制（controller + readOnly） controller 预设文本正常显示
00:35 +837 -6: E:/tdesign-flutter-v1/tdesign-component/test/components/input/t_input_test.dart: TInput D 类控制（controller + readOnly） controller 预设文本正常显示
00:35 +838 -6: E:/tdesign-flutter-v1/tdesign-component/test/components/input/t_input_test.dart: TInput D 类控制（controller + readOnly） controller 预设文本正常显示
00:35 +839 -6: E:/tdesign-flutter-v1/tdesign-component/test/components/input/t_input_test.dart: TInput D 类控制（controller + readOnly） controller 预设文本正常显示
00:35 +840 -6: E:/tdesign-flutter-v1/tdesign-component/test/components/input/t_input_test.dart: TInput D 类控制（controller + readOnly） controller 预设文本正常显示
00:35 +841 -6: E:/tdesign-flutter-v1/tdesign-component/test/components/input/t_input_test.dart: TInput D 类控制（controller + readOnly） controller 预设文本正常显示
00:35 +842 -6: E:/tdesign-flutter-v1/tdesign-component/test/components/input/t_input_test.dart: TInput D 类控制（controller + readOnly） controller 预设文本正常显示
00:35 +843 -6: E:/tdesign-flutter-v1/tdesign-component/test/components/input/t_input_test.dart: TInput D 类控制（controller + readOnly） controller 预设文本正常显示
00:35 +844 -6: E:/tdesign-flutter-v1/tdesign-component/test/components/input/t_input_test.dart: TInput D 类控制（controller + readOnly） controller 预设文本正常显示
00:35 +845 -6: E:/tdesign-flutter-v1/tdesign-component/test/components/input/t_input_test.dart: TInput D 类控制（controller + readOnly） controller 预设文本正常显示
00:35 +846 -6: E:/tdesign-flutter-v1/tdesign-component/test/components/input/t_input_test.dart: TInput D 类控制（controller + readOnly） controller 预设文本正常显示
00:35 +847 -6: E:/tdesign-flutter-v1/tdesign-component/test/components/input/t_input_test.dart: TInput D 类控制（controller + readOnly） controller 预设文本正常显示
00:35 +848 -6: E:/tdesign-flutter-v1/tdesign-component/test/components/input/t_input_test.dart: TInput D 类控制（controller + readOnly） controller 预设文本正常显示
00:35 +849 -6: E:/tdesign-flutter-v1/tdesign-component/test/components/input/t_input_test.dart: TInput D 类控制（controller + readOnly） controller 预设文本正常显示
00:36 +850 -6: E:/tdesign-flutter-v1/tdesign-component/test/components/input/t_input_test.dart: TInput D 类控制（controller + readOnly） controller 预设文本正常显示
00:36 +851 -6: E:/tdesign-flutter-v1/tdesign-component/test/components/input/t_input_test.dart: TInput D 类控制（controller + readOnly） controller 预设文本正常显示
00:36 +852 -6: E:/tdesign-flutter-v1/tdesign-component/test/components/input/t_input_test.dart: TInput D 类控制（controller + readOnly） controller 预设文本正常显示
00:36 +853 -6: E:/tdesign-flutter-v1/tdesign-component/test/components/input/t_input_test.dart: TInput D 类控制（controller + readOnly） controller 预设文本正常显示
00:36 +854 -6: E:/tdesign-flutter-v1/tdesign-component/test/components/input/t_input_test.dart: TInput D 类控制（controller + readOnly） controller 预设文本正常显示
00:36 +855 -6: E:/tdesign-flutter-v1/tdesign-component/test/components/input/t_input_widget_test.dart: TInput widget 级用例 普通布局可构建
00:36 +856 -6: E:/tdesign-flutter-v1/tdesign-component/test/components/input/t_input_widget_test.dart: TInput widget 级用例 普通布局可构建
00:36 +857 -6: E:/tdesign-flutter-v1/tdesign-component/test/components/input/t_input_widget_test.dart: TInput widget 级用例 普通布局可构建
00:36 +858 -6: E:/tdesign-flutter-v1/tdesign-component/test/components/input/t_input_widget_test.dart: TInput widget 级用例 普通布局可构建
00:36 +859 -6: E:/tdesign-flutter-v1/tdesign-component/test/components/input/t_input_widget_test.dart: TInput widget 级用例 普通布局可构建
00:36 +860 -6: E:/tdesign-flutter-v1/tdesign-component/test/components/input/t_input_widget_test.dart: TInput widget 级用例 普通布局可构建
00:36 +861 -6: E:/tdesign-flutter-v1/tdesign-component/test/components/input/t_input_widget_test.dart: TInput widget 级用例 普通布局可构建
00:36 +862 -6: E:/tdesign-flutter-v1/tdesign-component/test/components/input/t_input_widget_test.dart: TInput widget 级用例 普通布局可构建
00:36 +863 -6: E:/tdesign-flutter-v1/tdesign-component/test/components/input/t_input_widget_test.dart: TInput widget 级用例 普通布局可构建
00:36 +864 -6: E:/tdesign-flutter-v1/tdesign-component/test/components/input/t_input_widget_test.dart: TInput widget 级用例 普通布局可构建
00:36 +865 -6: E:/tdesign-flutter-v1/tdesign-component/test/components/input/t_input_widget_test.dart: TInput widget 级用例 普通布局可构建
00:36 +866 -6: E:/tdesign-flutter-v1/tdesign-component/test/components/input/t_input_widget_test.dart: TInput widget 级用例 普通布局可构建
00:36 +867 -6: E:/tdesign-flutter-v1/tdesign-component/test/components/input/t_input_widget_test.dart: TInput widget 级用例 普通布局可构建
00:36 +868 -6: E:/tdesign-flutter-v1/tdesign-component/test/components/input/t_input_widget_test.dart: TInput widget 级用例 普通布局可构建
00:36 +869 -6: E:/tdesign-flutter-v1/tdesign-component/test/components/input/t_input_widget_test.dart: TInput widget 级用例 普通布局可构建
00:36 +870 -6: E:/tdesign-flutter-v1/tdesign-component/test/components/input/t_input_widget_test.dart: TInput widget 级用例 普通布局可构建
00:36 +871 -6: E:/tdesign-flutter-v1/tdesign-component/test/components/input/t_input_widget_test.dart: TInput widget 级用例 普通布局可构建
00:36 +872 -6: E:/tdesign-flutter-v1/tdesign-component/test/components/input/t_input_widget_test.dart: TInput widget 级用例 普通布局可构建
00:36 +873 -6: E:/tdesign-flutter-v1/tdesign-component/test/components/input/t_input_widget_test.dart: TInput widget 级用例 普通布局可构建
00:36 +874 -6: E:/tdesign-flutter-v1/tdesign-component/test/components/input/t_input_widget_test.dart: TInput widget 级用例 普通布局可构建
00:36 +875 -6: E:/tdesign-flutter-v1/tdesign-component/test/components/input/t_input_widget_test.dart: TInput widget 级用例 普通布局可构建
00:36 +876 -6: E:/tdesign-flutter-v1/tdesign-component/test/components/input/t_input_widget_test.dart: TInput widget 级用例 普通布局可构建
00:37 +877 -6: E:/tdesign-flutter-v1/tdesign-component/test/components/input/t_input_widget_test.dart: TInput widget 级用例 普通布局可构建
00:37 +878 -6: E:/tdesign-flutter-v1/tdesign-component/test/components/input/t_input_widget_test.dart: TInput widget 级用例 普通布局可构建
00:37 +879 -6: E:/tdesign-flutter-v1/tdesign-component/test/components/input/t_input_widget_test.dart: TInput widget 级用例 普通布局可构建
00:37 +880 -6: E:/tdesign-flutter-v1/tdesign-component/test/components/input/t_input_widget_test.dart: TInput widget 级用例 普通布局可构建
00:37 +881 -6: E:/tdesign-flutter-v1/tdesign-component/test/components/input/t_input_widget_test.dart: TInput widget 级用例 普通布局可构建
00:37 +882 -6: E:/tdesign-flutter-v1/tdesign-component/test/components/input/t_input_widget_test.dart: TInput widget 级用例 普通布局可构建
00:37 +883 -6: E:/tdesign-flutter-v1/tdesign-component/test/components/input/t_input_widget_test.dart: TInput widget 级用例 普通布局可构建
00:37 +884 -6: E:/tdesign-flutter-v1/tdesign-component/test/components/input/t_input_widget_test.dart: TInput widget 级用例 普通布局可构建
00:37 +885 -6: E:/tdesign-flutter-v1/tdesign-component/test/components/input/t_input_widget_test.dart: TInput widget 级用例 普通布局可构建
00:37 +886 -6: E:/tdesign-flutter-v1/tdesign-component/test/components/input/t_input_widget_test.dart: TInput widget 级用例 普通布局可构建
00:37 +887 -6: E:/tdesign-flutter-v1/tdesign-component/test/components/input/t_input_widget_test.dart: TInput widget 级用例 普通布局可构建
00:37 +888 -6: E:/tdesign-flutter-v1/tdesign-component/test/components/input/t_input_widget_test.dart: TInput widget 级用例 普通布局可构建
00:37 +889 -6: E:/tdesign-flutter-v1/tdesign-component/test/components/input/t_input_widget_test.dart: TInput widget 级用例 普通布局可构建
00:37 +890 -6: E:/tdesign-flutter-v1/tdesign-component/test/components/input/t_input_widget_test.dart: TInput widget 级用例 普通布局可构建
00:37 +891 -6: E:/tdesign-flutter-v1/tdesign-component/test/components/input/t_input_widget_test.dart: TInput widget 级用例 普通布局可构建
00:37 +892 -6: E:/tdesign-flutter-v1/tdesign-component/test/components/input/t_input_widget_test.dart: TInput widget 级用例 普通布局可构建
00:37 +893 -6: E:/tdesign-flutter-v1/tdesign-component/test/components/input/t_input_widget_test.dart: TInput widget 级用例 普通布局可构建
00:37 +894 -6: E:/tdesign-flutter-v1/tdesign-component/test/components/input/t_input_widget_test.dart: TInput widget 级用例 普通布局可构建
00:37 +895 -6: E:/tdesign-flutter-v1/tdesign-component/test/components/input/t_input_widget_test.dart: TInput widget 级用例 普通布局可构建
00:37 +896 -6: E:/tdesign-flutter-v1/tdesign-component/test/components/input/t_input_widget_test.dart: TInput widget 级用例 普通布局可构建
00:37 +897 -6: E:/tdesign-flutter-v1/tdesign-component/test/components/input/t_input_widget_test.dart: TInput widget 级用例 普通布局可构建
00:37 +898 -6: E:/tdesign-flutter-v1/tdesign-component/test/components/input/t_input_widget_test.dart: TInput widget 级用例 普通布局可构建
00:37 +899 -6: E:/tdesign-flutter-v1/tdesign-component/test/components/input/t_input_widget_test.dart: TInput widget 级用例 普通布局可构建
00:37 +900 -6: E:/tdesign-flutter-v1/tdesign-component/test/components/input/t_input_widget_test.dart: TInput widget 级用例 普通布局可构建
00:37 +901 -6: E:/tdesign-flutter-v1/tdesign-component/test/components/input/t_input_widget_test.dart: TInput widget 级用例 普通布局可构建
00:37 +902 -6: E:/tdesign-flutter-v1/tdesign-component/test/components/input/t_input_widget_test.dart: TInput widget 级用例 普通布局可构建
00:38 +903 -6: E:/tdesign-flutter-v1/tdesign-component/test/components/input/t_input_widget_test.dart: TInput widget 级用例 普通布局可构建
00:38 +904 -6: E:/tdesign-flutter-v1/tdesign-component/test/components/input/t_input_widget_test.dart: TInput widget 级用例 普通布局可构建
00:38 +905 -6: E:/tdesign-flutter-v1/tdesign-component/test/components/input/t_input_widget_test.dart: TInput widget 级用例 普通布局可构建
00:38 +906 -6: E:/tdesign-flutter-v1/tdesign-component/test/components/link/t_link_test.dart: T01 - 基础渲染：纯文本链接
00:38 +907 -6: E:/tdesign-flutter-v1/tdesign-component/test/components/link/t_link_test.dart: T01 - 基础渲染：纯文本链接
00:38 +908 -6: E:/tdesign-flutter-v1/tdesign-component/test/components/link/t_link_test.dart: T01 - 基础渲染：纯文本链接
00:38 +909 -6: E:/tdesign-flutter-v1/tdesign-component/test/components/link/t_link_test.dart: T01 - 基础渲染：纯文本链接
00:38 +910 -6: E:/tdesign-flutter-v1/tdesign-component/test/components/link/t_link_widget_test.dart: TLink widget 级用例 basic 变体可构建
00:38 +911 -6: E:/tdesign-flutter-v1/tdesign-component/test/components/link/t_link_widget_test.dart: TLink widget 级用例 basic 变体可构建
00:38 +912 -6: E:/tdesign-flutter-v1/tdesign-component/test/components/link/t_link_widget_test.dart: TLink widget 级用例 basic 变体可构建
00:38 +913 -6: E:/tdesign-flutter-v1/tdesign-component/test/components/link/t_link_widget_test.dart: TLink widget 级用例 basic 变体可构建
00:38 +914 -6: E:/tdesign-flutter-v1/tdesign-component/test/components/link/t_link_widget_test.dart: TLink widget 级用例 basic 变体可构建
00:38 +915 -6: E:/tdesign-flutter-v1/tdesign-component/test/components/link/t_link_widget_test.dart: TLink widget 级用例 basic 变体可构建
00:38 +916 -6: E:/tdesign-flutter-v1/tdesign-component/test/components/link/t_link_widget_test.dart: TLink widget 级用例 basic 变体可构建
00:38 +917 -6: E:/tdesign-flutter-v1/tdesign-component/test/components/link/t_link_widget_test.dart: TLink widget 级用例 basic 变体可构建
00:38 +918 -6: E:/tdesign-flutter-v1/tdesign-component/test/components/link/t_link_widget_test.dart: TLink widget 级用例 basic 变体可构建
00:39 +919 -6: E:/tdesign-flutter-v1/tdesign-component/test/components/link/t_link_widget_test.dart: TLink widget 级用例 basic 变体可构建
00:39 +920 -6: E:/tdesign-flutter-v1/tdesign-component/test/components/link/t_link_widget_test.dart: TLink widget 级用例 basic 变体可构建
00:39 +921 -6: E:/tdesign-flutter-v1/tdesign-component/test/components/link/t_link_widget_test.dart: TLink widget 级用例 basic 变体可构建
00:39 +922 -6: E:/tdesign-flutter-v1/tdesign-component/test/components/link/t_link_widget_test.dart: TLink widget 级用例 basic 变体可构建
00:39 +922 -6: E:/tdesign-flutter-v1/tdesign-component/test/components/link/t_link_test.dart: T06 - 禁用态（onPressed: null）

Warning: A call to tap() with finder "Found 1 widget with text "禁用链接": [
  Text("禁用链接", inherit: true, color: Color(alpha: 1.0000, red: 0.7098, green: 0.7804, blue: 1.0000, colorSpace: ColorSpace.sRGB), size: 14.0, dependencies: [DefaultSelectionStyle, DefaultTextStyle, MediaQuery]),
]" derived an Offset (Offset(400.0, 300.0)) that would not hit test on the specified widget.
Maybe the widget is actually off-screen, or another widget is obscuring it, or the widget cannot receive pointer events.
The finder corresponds to this RenderBox: RenderParagraph#cecb5 relayoutBoundary=up7
The hit test result at that offset is: HitTestResult(_RenderInkFeatures#7adf9@Offset(400.0, 300.0), RenderPhysicalModel#a6822@Offset(400.0, 300.0), RenderSemanticsAnnotations#4077a@Offset(400.0, 300.0), RenderRepaintBoundary#50be1@Offset(400.0, 300.0), RenderIgnorePointer#a0f07@Offset(400.0, 300.0), RenderAnimatedOpacity#34a5d@Offset(400.0, 300.0), RenderAnimatedOpacity#9eec5@Offset(400.0, 300.0), _RenderColoredBox#99966@Offset(400.0, 300.0), RenderAnimatedOpacity#3f4b1@Offset(400.0, 300.0), RenderIgnorePointer#80117@Offset(400.0, 300.0), RenderAnimatedOpacity#902d0@Offset(400.0, 300.0), RenderRepaintBoundary#87b57@Offset(400.0, 300.0), RenderSemanticsAnnotations#fcabb@Offset(400.0, 300.0), RenderOffstage#c7e21@Offset(400.0, 300.0), RenderSemanticsAnnotations#29521@Offset(400.0, 300.0), _RenderTheater#3f79b@Offset(400.0, 300.0), RenderAbsorbPointer#24f3d@Offset(400.0, 300.0), RenderPointerListener#0dc19@Offset(400.0, 300.0), RenderSemanticsAnnotations#9e90d@Offset(400.0, 300.0), RenderCustomPaint#a9911@Offset(400.0, 300.0), RenderSemanticsAnnotations#a1eed@Offset(400.0, 300.0), RenderSemanticsAnnotations#86111@Offset(400.0, 300.0), RenderSemanticsAnnotations#e5a2c@Offset(400.0, 300.0), RenderTapRegionSurface#5fc54@Offset(400.0, 300.0), RenderSemanticsAnnotations#e6101@Offset(400.0, 300.0), RenderSemanticsAnnotations#28b68@Offset(400.0, 300.0), HitTestEntry<HitTestTarget>#3b182(_ReusableRenderView#865a7), HitTestEntry<HitTestTarget>#f61d9(<AutomatedTestWidgetsFlutterBinding>))
#0      WidgetController._getElementPoint (package:flutter_test/src/controller.dart:2158:25)
#1      WidgetController.getCenter (package:flutter_test/src/controller.dart:1942:12)
#2      WidgetController.tap (package:flutter_test/src/controller.dart:1075:7)
#3      main.<anonymous closure> (file:///E:/tdesign-flutter-v1/tdesign-component/test/components/link/t_link_test.dart:100:18)
<asynchronous suspension>
#4      testWidgets.<anonymous closure>.<anonymous closure> (package:flutter_test/src/widget_tester.dart:192:15)
<asynchronous suspension>
#5      TestWidgetsFlutterBinding._runTestBody (package:flutter_test/src/binding.dart:1682:5)
<asynchronous suspension>
#6      StackZoneSpecification._registerCallback.<anonymous closure> (package:stack_trace/src/stack_zone_specification.dart:114:42)
<asynchronous suspension>
To silence this warning, pass "warnIfMissed: false" to "tap()".
To make this warning fatal, set WidgetController.hitTestWarningShouldBeFatal to true.

00:39 +923 -6: E:/tdesign-flutter-v1/tdesign-component/test/components/link/t_link_widget_test.dart: TLink widget 级用例 basic 变体可构建
00:39 +924 -6: E:/tdesign-flutter-v1/tdesign-component/test/components/link/t_link_widget_test.dart: TLink widget 级用例 basic 变体可构建
00:39 +925 -6: E:/tdesign-flutter-v1/tdesign-component/test/components/link/t_link_widget_test.dart: TLink widget 级用例 basic 变体可构建
00:39 +926 -6: E:/tdesign-flutter-v1/tdesign-component/test/components/link/t_link_widget_test.dart: TLink widget 级用例 basic 变体可构建
00:39 +927 -6: E:/tdesign-flutter-v1/tdesign-component/test/components/link/t_link_widget_test.dart: TLink widget 级用例 basic 变体可构建
00:39 +928 -6: E:/tdesign-flutter-v1/tdesign-component/test/components/link/t_link_widget_test.dart: TLink widget 级用例 basic 变体可构建
00:40 +929 -6: E:/tdesign-flutter-v1/tdesign-component/test/components/link/t_link_widget_test.dart: TLink widget 级用例 basic 变体可构建
00:40 +930 -6: E:/tdesign-flutter-v1/tdesign-component/test/components/loading/t_activity_indicator_test.dart: TCupertinoActivityIndicator animating=false 不启动动画
00:40 +931 -6: E:/tdesign-flutter-v1/tdesign-component/test/components/loading/t_activity_indicator_test.dart: TCupertinoActivityIndicator animating=false 不启动动画
00:40 +932 -6: E:/tdesign-flutter-v1/tdesign-component/test/components/loading/t_activity_indicator_test.dart: TCupertinoActivityIndicator animating=false 不启动动画
00:40 +933 -6: E:/tdesign-flutter-v1/tdesign-component/test/components/loading/t_activity_indicator_test.dart: TCupertinoActivityIndicator animating=false 不启动动画
00:40 +934 -6: E:/tdesign-flutter-v1/tdesign-component/test/components/loading/t_activity_indicator_test.dart: TCupertinoActivityIndicator animating=false 不启动动画
00:40 +935 -6: E:/tdesign-flutter-v1/tdesign-component/test/components/loading/t_activity_indicator_test.dart: TCupertinoActivityIndicator animating=false 不启动动画
00:40 +936 -6: E:/tdesign-flutter-v1/tdesign-component/test/components/loading/t_activity_indicator_test.dart: TCupertinoActivityIndicator animating=false 不启动动画
00:40 +937 -6: E:/tdesign-flutter-v1/tdesign-component/test/components/loading/t_activity_indicator_test.dart: TCupertinoActivityIndicator animating=false 不启动动画
00:40 +938 -6: E:/tdesign-flutter-v1/tdesign-component/test/components/loading/t_activity_indicator_test.dart: TCupertinoActivityIndicator animating=false 不启动动画
00:40 +939 -6: E:/tdesign-flutter-v1/tdesign-component/test/components/loading/t_activity_indicator_test.dart: TCupertinoActivityIndicator animating=false 不启动动画
00:40 +940 -6: E:/tdesign-flutter-v1/tdesign-component/test/components/loading/t_activity_indicator_test.dart: TCupertinoActivityIndicator animating=false 不启动动画
00:40 +941 -6: E:/tdesign-flutter-v1/tdesign-component/test/components/loading/t_circle_indicator_test.dart: TCircleIndicator 基础渲染
00:40 +942 -6: E:/tdesign-flutter-v1/tdesign-component/test/components/loading/t_circle_indicator_test.dart: TCircleIndicator 基础渲染
00:40 +943 -6: E:/tdesign-flutter-v1/tdesign-component/test/components/loading/t_circle_indicator_test.dart: TCircleIndicator 基础渲染
00:40 +944 -6: E:/tdesign-flutter-v1/tdesign-component/test/components/loading/t_circle_indicator_test.dart: TCircleIndicator 基础渲染
00:40 +945 -6: E:/tdesign-flutter-v1/tdesign-component/test/components/loading/t_circle_indicator_test.dart: TCircleIndicator 基础渲染
00:40 +946 -6: E:/tdesign-flutter-v1/tdesign-component/test/components/loading/t_circle_indicator_test.dart: TCircleIndicator 基础渲染
00:40 +947 -6: E:/tdesign-flutter-v1/tdesign-component/test/components/loading/t_circle_indicator_test.dart: TCircleIndicator 基础渲染
00:41 +948 -6: E:/tdesign-flutter-v1/tdesign-component/test/components/loading/t_circle_indicator_test.dart: TCircleIndicator 基础渲染
00:41 +949 -6: E:/tdesign-flutter-v1/tdesign-component/test/components/loading/t_circle_indicator_test.dart: TCircleIndicator 基础渲染
00:41 +950 -6: E:/tdesign-flutter-v1/tdesign-component/test/components/loading/t_circle_indicator_test.dart: TCircleIndicator 基础渲染
00:41 +951 -6: E:/tdesign-flutter-v1/tdesign-component/test/components/loading/t_loading_test.dart: TLoading 基础渲染 size=small 正常渲染
00:41 +952 -6: E:/tdesign-flutter-v1/tdesign-component/test/components/loading/t_loading_test.dart: TLoading 基础渲染 size=small 正常渲染
00:41 +953 -6: E:/tdesign-flutter-v1/tdesign-component/test/components/loading/t_loading_test.dart: TLoading 基础渲染 size=small 正常渲染
00:41 +954 -6: E:/tdesign-flutter-v1/tdesign-component/test/components/loading/t_loading_test.dart: TLoading 基础渲染 size=small 正常渲染
00:41 +955 -6: E:/tdesign-flutter-v1/tdesign-component/test/components/loading/t_loading_test.dart: TLoading 基础渲染 size=small 正常渲染
00:41 +956 -6: E:/tdesign-flutter-v1/tdesign-component/test/components/message/t_message_test.dart: TMessage 基础渲染 渲染消息内容
00:41 +957 -6: E:/tdesign-flutter-v1/tdesign-component/test/components/message/t_message_test.dart: TMessage 基础渲染 渲染消息内容
00:41 +958 -6: E:/tdesign-flutter-v1/tdesign-component/test/components/message/t_message_test.dart: TMessage 基础渲染 渲染消息内容
00:42 +959 -6: E:/tdesign-flutter-v1/tdesign-component/test/components/message/t_message_test.dart: TMessage 基础渲染 渲染消息内容
00:42 +960 -6: E:/tdesign-flutter-v1/tdesign-component/test/components/message/t_message_test.dart: TMessage 基础渲染 渲染消息内容
00:42 +961 -6: E:/tdesign-flutter-v1/tdesign-component/test/components/message/t_message_test.dart: TMessage 基础渲染 渲染消息内容
00:42 +962 -6: E:/tdesign-flutter-v1/tdesign-component/test/components/message/t_message_test.dart: TMessage 基础渲染 渲染消息内容
00:42 +963 -6: E:/tdesign-flutter-v1/tdesign-component/test/components/navbar/t_navbar_test.dart: TNavBar 基础渲染 默认标题渲染
00:42 +964 -6: E:/tdesign-flutter-v1/tdesign-component/test/components/navbar/t_navbar_test.dart: TNavBar 基础渲染 默认标题渲染
00:42 +965 -6: E:/tdesign-flutter-v1/tdesign-component/test/components/navbar/t_navbar_test.dart: TNavBar 基础渲染 默认标题渲染
00:42 +966 -6: E:/tdesign-flutter-v1/tdesign-component/test/components/navbar/t_navbar_test.dart: TNavBar 基础渲染 默认标题渲染
00:42 +967 -6: E:/tdesign-flutter-v1/tdesign-component/test/components/navbar/t_navbar_test.dart: TNavBar 基础渲染 默认标题渲染
00:42 +968 -6: E:/tdesign-flutter-v1/tdesign-component/test/components/navbar/t_navbar_test.dart: TNavBar 基础渲染 默认标题渲染
00:42 +969 -6: E:/tdesign-flutter-v1/tdesign-component/test/components/navbar/t_navbar_test.dart: TNavBar 基础渲染 默认标题渲染
00:42 +970 -6: E:/tdesign-flutter-v1/tdesign-component/test/components/navbar/t_navbar_test.dart: TNavBar 基础渲染 默认标题渲染
00:42 +971 -6: E:/tdesign-flutter-v1/tdesign-component/test/components/navbar/t_navbar_test.dart: TNavBar 基础渲染 默认标题渲染
00:42 +972 -6: E:/tdesign-flutter-v1/tdesign-component/test/components/navbar/t_navbar_test.dart: TNavBar 基础渲染 默认标题渲染
00:43 +973 -6: E:/tdesign-flutter-v1/tdesign-component/test/components/navbar/t_navbar_test.dart: TNavBar 基础渲染 默认标题渲染
00:43 +974 -6: E:/tdesign-flutter-v1/tdesign-component/test/components/navbar/t_navbar_test.dart: TNavBar 基础渲染 默认标题渲染
00:43 +975 -6: E:/tdesign-flutter-v1/tdesign-component/test/components/navbar/t_nav_bar_test.dart: TNavBar 基础渲染 默认渲染（标题居中、默认返回）
00:43 +976 -6: E:/tdesign-flutter-v1/tdesign-component/test/components/navbar/t_nav_bar_test.dart: TNavBar 基础渲染 默认渲染（标题居中、默认返回）
00:43 +977 -6: E:/tdesign-flutter-v1/tdesign-component/test/components/navbar/t_nav_bar_test.dart: TNavBar 基础渲染 默认渲染（标题居中、默认返回）
00:43 +978 -6: E:/tdesign-flutter-v1/tdesign-component/test/components/navbar/t_nav_bar_test.dart: TNavBar 基础渲染 默认渲染（标题居中、默认返回）
00:43 +979 -6: E:/tdesign-flutter-v1/tdesign-component/test/components/navbar/t_nav_bar_test.dart: TNavBar 基础渲染 默认渲染（标题居中、默认返回）
00:43 +980 -6: E:/tdesign-flutter-v1/tdesign-component/test/components/navbar/t_nav_bar_test.dart: TNavBar 基础渲染 默认渲染（标题居中、默认返回）
00:43 +981 -6: E:/tdesign-flutter-v1/tdesign-component/test/components/navbar/t_nav_bar_test.dart: TNavBar 基础渲染 默认渲染（标题居中、默认返回）
00:43 +982 -6: E:/tdesign-flutter-v1/tdesign-component/test/components/navbar/t_nav_bar_test.dart: TNavBar 基础渲染 默认渲染（标题居中、默认返回）
00:43 +983 -6: E:/tdesign-flutter-v1/tdesign-component/test/components/navbar/t_nav_bar_test.dart: TNavBar 基础渲染 默认渲染（标题居中、默认返回）
00:43 +984 -6: E:/tdesign-flutter-v1/tdesign-component/test/components/navbar/t_nav_bar_test.dart: TNavBar 基础渲染 默认渲染（标题居中、默认返回）
00:43 +985 -6: E:/tdesign-flutter-v1/tdesign-component/test/components/navbar/t_nav_bar_test.dart: TNavBar 基础渲染 默认渲染（标题居中、默认返回）
00:43 +986 -6: E:/tdesign-flutter-v1/tdesign-component/test/components/navbar/t_nav_bar_test.dart: TNavBar 基础渲染 默认渲染（标题居中、默认返回）
00:43 +987 -6: E:/tdesign-flutter-v1/tdesign-component/test/components/navbar/t_nav_bar_test.dart: TNavBar 基础渲染 默认渲染（标题居中、默认返回）
00:43 +987 -6: E:/tdesign-flutter-v1/tdesign-component/test/components/loading/t_loading_test.dart: TLoadingController 重复 show 打印 warning
warn: TLoading is showing!
00:43 +988 -6: E:/tdesign-flutter-v1/tdesign-component/test/components/navbar/t_nav_bar_test.dart: TNavBar 基础渲染 默认渲染（标题居中、默认返回）
00:43 +989 -6: E:/tdesign-flutter-v1/tdesign-component/test/components/navbar/t_nav_bar_test.dart: TNavBar 基础渲染 默认渲染（标题居中、默认返回）
00:43 +990 -6: E:/tdesign-flutter-v1/tdesign-component/test/components/notice_bar/t_notice_bar_test.dart: TNoticeBar 基础渲染 字符串内容渲染
00:43 +991 -6: E:/tdesign-flutter-v1/tdesign-component/test/components/notice_bar/t_notice_bar_test.dart: TNoticeBar 基础渲染 字符串内容渲染
00:43 +992 -6: E:/tdesign-flutter-v1/tdesign-component/test/components/notice_bar/t_notice_bar_test.dart: TNoticeBar 基础渲染 字符串内容渲染
00:43 +993 -6: E:/tdesign-flutter-v1/tdesign-component/test/components/notice_bar/t_notice_bar_test.dart: TNoticeBar 基础渲染 字符串内容渲染
00:43 +994 -6: E:/tdesign-flutter-v1/tdesign-component/test/components/notice_bar/t_notice_bar_test.dart: TNoticeBar 基础渲染 字符串内容渲染
00:43 +995 -6: E:/tdesign-flutter-v1/tdesign-component/test/components/notice_bar/t_notice_bar_test.dart: TNoticeBar 基础渲染 字符串内容渲染
00:43 +996 -6: E:/tdesign-flutter-v1/tdesign-component/test/components/notice_bar/t_notice_bar_test.dart: TNoticeBar 基础渲染 字符串内容渲染
00:43 +997 -6: E:/tdesign-flutter-v1/tdesign-component/test/components/notice_bar/t_notice_bar_test.dart: TNoticeBar 基础渲染 字符串内容渲染
00:43 +998 -6: E:/tdesign-flutter-v1/tdesign-component/test/components/notice_bar/t_notice_bar_test.dart: TNoticeBar 基础渲染 字符串内容渲染
00:43 +999 -6: E:/tdesign-flutter-v1/tdesign-component/test/components/notice_bar/t_notice_bar_test.dart: TNoticeBar 基础渲染 字符串内容渲染
00:44 +1000 -6: E:/tdesign-flutter-v1/tdesign-component/test/components/notice_bar/t_notice_bar_test.dart: TNoticeBar 基础渲染 字符串内容渲染
00:44 +1001 -6: E:/tdesign-flutter-v1/tdesign-component/test/components/notice_bar/t_notice_bar_test.dart: TNoticeBar 基础渲染 字符串内容渲染
00:44 +1002 -6: E:/tdesign-flutter-v1/tdesign-component/test/components/notice_bar/t_notice_bar_test.dart: TNoticeBar 基础渲染 字符串内容渲染
00:44 +1003 -6: E:/tdesign-flutter-v1/tdesign-component/test/components/notice_bar/t_notice_bar_test.dart: TNoticeBar 基础渲染 字符串内容渲染
00:44 +1004 -6: E:/tdesign-flutter-v1/tdesign-component/test/components/notice_bar/t_notice_bar_test.dart: TNoticeBar 基础渲染 字符串内容渲染
00:44 +1005 -6: E:/tdesign-flutter-v1/tdesign-component/test/components/picker/t_picker_widget_test.dart: TPicker widget 级用例 多列独立数据可构建并渲染选项
00:44 +1006 -6: E:/tdesign-flutter-v1/tdesign-component/test/components/picker/t_picker_widget_test.dart: TPicker widget 级用例 多列独立数据可构建并渲染选项
00:44 +1007 -6: E:/tdesign-flutter-v1/tdesign-component/test/components/picker/t_picker_widget_test.dart: TPicker widget 级用例 多列独立数据可构建并渲染选项
00:44 +1008 -6: E:/tdesign-flutter-v1/tdesign-component/test/components/picker/t_picker_widget_test.dart: TPicker widget 级用例 多列独立数据可构建并渲染选项
00:44 +1009 -6: E:/tdesign-flutter-v1/tdesign-component/test/components/picker/t_picker_widget_test.dart: TPicker widget 级用例 多列独立数据可构建并渲染选项
00:44 +1010 -6: E:/tdesign-flutter-v1/tdesign-component/test/components/picker/t_picker_widget_test.dart: TPicker widget 级用例 多列独立数据可构建并渲染选项
00:44 +1011 -6: E:/tdesign-flutter-v1/tdesign-component/test/components/picker/t_picker_widget_test.dart: TPicker widget 级用例 多列独立数据可构建并渲染选项
00:44 +1012 -6: E:/tdesign-flutter-v1/tdesign-component/test/components/picker/t_picker_widget_test.dart: TPicker widget 级用例 多列独立数据可构建并渲染选项
00:44 +1013 -6: E:/tdesign-flutter-v1/tdesign-component/test/components/picker/t_picker_widget_test.dart: TPicker widget 级用例 多列独立数据可构建并渲染选项
00:44 +1014 -6: E:/tdesign-flutter-v1/tdesign-component/test/components/picker/t_picker_widget_test.dart: TPicker widget 级用例 多列独立数据可构建并渲染选项
00:44 +1015 -6: E:/tdesign-flutter-v1/tdesign-component/test/components/picker/t_picker_widget_test.dart: TPicker widget 级用例 多列独立数据可构建并渲染选项
00:44 +1016 -6: E:/tdesign-flutter-v1/tdesign-component/test/components/picker/t_picker_widget_test.dart: TPicker widget 级用例 多列独立数据可构建并渲染选项
00:44 +1017 -6: E:/tdesign-flutter-v1/tdesign-component/test/components/picker/t_picker_widget_test.dart: TPicker widget 级用例 多列独立数据可构建并渲染选项
00:44 +1018 -6: E:/tdesign-flutter-v1/tdesign-component/test/components/picker/t_picker_widget_test.dart: TPicker widget 级用例 多列独立数据可构建并渲染选项
00:44 +1019 -6: E:/tdesign-flutter-v1/tdesign-component/test/components/picker/t_picker_widget_test.dart: TPicker widget 级用例 多列独立数据可构建并渲染选项
00:44 +1020 -6: E:/tdesign-flutter-v1/tdesign-component/test/components/picker/t_picker_widget_test.dart: TPicker widget 级用例 多列独立数据可构建并渲染选项
00:44 +1021 -6: E:/tdesign-flutter-v1/tdesign-component/test/components/picker/t_picker_widget_test.dart: TPicker widget 级用例 多列独立数据可构建并渲染选项
00:44 +1022 -6: E:/tdesign-flutter-v1/tdesign-component/test/components/picker/t_picker_widget_test.dart: TPicker widget 级用例 多列独立数据可构建并渲染选项
00:44 +1023 -6: E:/tdesign-flutter-v1/tdesign-component/test/components/picker/t_picker_widget_test.dart: TPicker widget 级用例 多列独立数据可构建并渲染选项
00:44 +1024 -6: E:/tdesign-flutter-v1/tdesign-component/test/components/picker/t_picker_widget_test.dart: TPicker widget 级用例 多列独立数据可构建并渲染选项
00:44 +1025 -6: E:/tdesign-flutter-v1/tdesign-component/test/components/picker/t_picker_widget_test.dart: TPicker widget 级用例 多列独立数据可构建并渲染选项
00:44 +1026 -6: E:/tdesign-flutter-v1/tdesign-component/test/components/picker/t_picker_widget_test.dart: TPicker widget 级用例 多列独立数据可构建并渲染选项
00:44 +1027 -6: E:/tdesign-flutter-v1/tdesign-component/test/components/picker/t_picker_widget_test.dart: TPicker widget 级用例 多列独立数据可构建并渲染选项
00:44 +1028 -6: E:/tdesign-flutter-v1/tdesign-component/test/components/picker/t_picker_widget_test.dart: TPicker widget 级用例 多列独立数据可构建并渲染选项
00:44 +1029 -6: E:/tdesign-flutter-v1/tdesign-component/test/components/picker/t_picker_widget_test.dart: TPicker widget 级用例 多列独立数据可构建并渲染选项
00:44 +1030 -6: E:/tdesign-flutter-v1/tdesign-component/test/components/picker/t_picker_widget_test.dart: TPicker widget 级用例 多列独立数据可构建并渲染选项
00:44 +1031 -6: E:/tdesign-flutter-v1/tdesign-component/test/components/picker/t_picker_widget_test.dart: TPicker widget 级用例 多列独立数据可构建并渲染选项
00:44 +1032 -6: E:/tdesign-flutter-v1/tdesign-component/test/components/picker/t_picker_widget_test.dart: TPicker widget 级用例 多列独立数据可构建并渲染选项
00:44 +1033 -6: E:/tdesign-flutter-v1/tdesign-component/test/components/picker/t_picker_widget_test.dart: TPicker widget 级用例 多列独立数据可构建并渲染选项
00:44 +1034 -6: E:/tdesign-flutter-v1/tdesign-component/test/components/picker/t_picker_widget_test.dart: TPicker widget 级用例 多列独立数据可构建并渲染选项
00:44 +1035 -6: E:/tdesign-flutter-v1/tdesign-component/test/components/picker/t_picker_widget_test.dart: TPicker widget 级用例 多列独立数据可构建并渲染选项
00:44 +1036 -6: E:/tdesign-flutter-v1/tdesign-component/test/components/picker/t_picker_widget_test.dart: TPicker widget 级用例 多列独立数据可构建并渲染选项
00:44 +1037 -6: E:/tdesign-flutter-v1/tdesign-component/test/components/picker/t_picker_widget_test.dart: TPicker widget 级用例 多列独立数据可构建并渲染选项
00:44 +1038 -6: E:/tdesign-flutter-v1/tdesign-component/test/components/picker/t_picker_widget_test.dart: TPicker widget 级用例 多列独立数据可构建并渲染选项
00:44 +1039 -6: E:/tdesign-flutter-v1/tdesign-component/test/components/picker/t_picker_widget_test.dart: TPicker widget 级用例 多列独立数据可构建并渲染选项
00:44 +1040 -6: E:/tdesign-flutter-v1/tdesign-component/test/components/picker/t_picker_widget_test.dart: TPicker widget 级用例 多列独立数据可构建并渲染选项
00:44 +1041 -6: E:/tdesign-flutter-v1/tdesign-component/test/components/picker/t_picker_widget_test.dart: TPicker widget 级用例 多列独立数据可构建并渲染选项
00:44 +1042 -6: E:/tdesign-flutter-v1/tdesign-component/test/components/picker/t_picker_widget_test.dart: TPicker widget 级用例 多列独立数据可构建并渲染选项
00:44 +1043 -6: E:/tdesign-flutter-v1/tdesign-component/test/components/picker/t_picker_widget_test.dart: TPicker widget 级用例 多列独立数据可构建并渲染选项
00:44 +1044 -6: E:/tdesign-flutter-v1/tdesign-component/test/components/picker/t_picker_widget_test.dart: TPicker widget 级用例 多列独立数据可构建并渲染选项
00:44 +1045 -6: E:/tdesign-flutter-v1/tdesign-component/test/components/picker/t_picker_widget_test.dart: TPicker widget 级用例 多列独立数据可构建并渲染选项
00:44 +1046 -6: E:/tdesign-flutter-v1/tdesign-component/test/components/picker/t_picker_widget_test.dart: TPicker widget 级用例 多列独立数据可构建并渲染选项
00:44 +1047 -6: E:/tdesign-flutter-v1/tdesign-component/test/components/picker/t_picker_widget_test.dart: TPicker widget 级用例 多列独立数据可构建并渲染选项
00:45 +1048 -6: E:/tdesign-flutter-v1/tdesign-component/test/components/picker/t_picker_widget_test.dart: TPicker widget 级用例 多列独立数据可构建并渲染选项
00:45 +1049 -6: E:/tdesign-flutter-v1/tdesign-component/test/components/picker/t_picker_widget_test.dart: TPicker widget 级用例 多列独立数据可构建并渲染选项
00:45 +1050 -6: E:/tdesign-flutter-v1/tdesign-component/test/components/picker/t_picker_widget_test.dart: TPicker widget 级用例 多列独立数据可构建并渲染选项
00:45 +1051 -6: E:/tdesign-flutter-v1/tdesign-component/test/components/picker/t_picker_widget_test.dart: TPicker widget 级用例 多列独立数据可构建并渲染选项
00:45 +1052 -6: E:/tdesign-flutter-v1/tdesign-component/test/components/picker/t_picker_widget_test.dart: TPicker widget 级用例 多列独立数据可构建并渲染选项
00:45 +1053 -6: E:/tdesign-flutter-v1/tdesign-component/test/components/picker/t_picker_widget_test.dart: TPicker widget 级用例 多列独立数据可构建并渲染选项
00:45 +1054 -6: E:/tdesign-flutter-v1/tdesign-component/test/components/picker/t_picker_widget_test.dart: TPicker widget 级用例 多列独立数据可构建并渲染选项
00:45 +1055 -6: E:/tdesign-flutter-v1/tdesign-component/test/components/picker/t_picker_widget_test.dart: TPicker widget 级用例 多列独立数据可构建并渲染选项
00:45 +1056 -6: E:/tdesign-flutter-v1/tdesign-component/test/components/picker/t_picker_widget_test.dart: TPicker widget 级用例 多列独立数据可构建并渲染选项
00:45 +1057 -6: E:/tdesign-flutter-v1/tdesign-component/test/components/picker/t_picker_widget_test.dart: TPicker widget 级用例 多列独立数据可构建并渲染选项
00:45 +1058 -6: E:/tdesign-flutter-v1/tdesign-component/test/components/picker/t_picker_widget_test.dart: TPicker widget 级用例 多列独立数据可构建并渲染选项
00:45 +1059 -6: E:/tdesign-flutter-v1/tdesign-component/test/components/picker/t_picker_widget_test.dart: TPicker widget 级用例 多列独立数据可构建并渲染选项
00:45 +1060 -6: E:/tdesign-flutter-v1/tdesign-component/test/components/picker/t_picker_widget_test.dart: TPicker widget 级用例 多列独立数据可构建并渲染选项
00:45 +1061 -6: E:/tdesign-flutter-v1/tdesign-component/test/components/picker/t_picker_widget_test.dart: TPicker widget 级用例 多列独立数据可构建并渲染选项
00:45 +1062 -6: E:/tdesign-flutter-v1/tdesign-component/test/components/popover/t_popover_test.dart: TPopoverWidget 基础渲染 渲染文本内容
00:45 +1063 -6: E:/tdesign-flutter-v1/tdesign-component/test/components/popover/t_popover_test.dart: TPopoverWidget 基础渲染 渲染文本内容
00:45 +1064 -6: E:/tdesign-flutter-v1/tdesign-component/test/components/popover/t_popover_test.dart: TPopoverWidget 基础渲染 渲染文本内容
00:45 +1065 -6: E:/tdesign-flutter-v1/tdesign-component/test/components/popover/t_popover_test.dart: TPopoverWidget 基础渲染 渲染文本内容
00:45 +1066 -6: E:/tdesign-flutter-v1/tdesign-component/test/components/popover/t_popover_test.dart: TPopoverWidget 基础渲染 渲染文本内容
00:45 +1067 -6: E:/tdesign-flutter-v1/tdesign-component/test/components/popover/t_popover_test.dart: TPopoverWidget 基础渲染 渲染文本内容
00:45 +1068 -6: E:/tdesign-flutter-v1/tdesign-component/test/components/popover/t_popover_test.dart: TPopoverWidget 基础渲染 渲染文本内容
00:45 +1069 -6: E:/tdesign-flutter-v1/tdesign-component/test/components/popover/t_popover_test.dart: TPopoverWidget 基础渲染 渲染文本内容
00:45 +1070 -6: E:/tdesign-flutter-v1/tdesign-component/test/components/popover/t_popover_test.dart: TPopoverWidget 基础渲染 渲染文本内容
00:45 +1071 -6: E:/tdesign-flutter-v1/tdesign-component/test/components/popover/t_popover_test.dart: TPopoverWidget 基础渲染 渲染文本内容
00:45 +1072 -6: E:/tdesign-flutter-v1/tdesign-component/test/components/popup/t_popup_widget_test.dart: TPopup widget 级用例 TPopupOptions 各方向工厂可构造
00:45 +1073 -6: E:/tdesign-flutter-v1/tdesign-component/test/components/popup/t_popup_widget_test.dart: TPopup widget 级用例 TPopupOptions 各方向工厂可构造
00:45 +1074 -6: E:/tdesign-flutter-v1/tdesign-component/test/components/popup/t_popup_widget_test.dart: TPopup widget 级用例 TPopupOptions 各方向工厂可构造
00:45 +1075 -6: E:/tdesign-flutter-v1/tdesign-component/test/components/popup/t_popup_widget_test.dart: TPopup widget 级用例 TPopupOptions 各方向工厂可构造
00:45 +1076 -6: E:/tdesign-flutter-v1/tdesign-component/test/components/popup/t_popup_widget_test.dart: TPopup widget 级用例 TPopupOptions 各方向工厂可构造
00:45 +1077 -6: E:/tdesign-flutter-v1/tdesign-component/test/components/popup/t_popup_widget_test.dart: TPopup widget 级用例 TPopupOptions 各方向工厂可构造
00:45 +1078 -6: E:/tdesign-flutter-v1/tdesign-component/test/components/popup/t_popup_widget_test.dart: TPopup widget 级用例 TPopupOptions 各方向工厂可构造
00:45 +1079 -6: E:/tdesign-flutter-v1/tdesign-component/test/components/notice_bar/t_notice_bar_test.dart: TNoticeBar onPressed 回调 点击内容区域触发 onPressed
00:45 +1080 -6: E:/tdesign-flutter-v1/tdesign-component/test/components/popover/t_popover_test.dart: TPopoverWidget colorScheme colorScheme: TPopoverColorScheme.dark 渲染正常
00:45 +1081 -6: E:/tdesign-flutter-v1/tdesign-component/test/components/popup/t_popup_widget_test.dart: TPopup widget 级用例 TPopup.show 打开浮层并渲染内容
00:45 +1082 -6: E:/tdesign-flutter-v1/tdesign-component/test/components/popup/t_popup_widget_test.dart: TPopup widget 级用例 TPopup.show 打开浮层并渲染内容
00:45 +1083 -6: E:/tdesign-flutter-v1/tdesign-component/test/components/popup/t_popup_widget_test.dart: TPopup widget 级用例 TPopup.show 打开浮层并渲染内容
00:46 +1084 -6: E:/tdesign-flutter-v1/tdesign-component/test/components/popup/t_popup_widget_test.dart: TPopup widget 级用例 TPopup.show 打开浮层并渲染内容
00:46 +1085 -6: E:/tdesign-flutter-v1/tdesign-component/test/components/popup/t_popup_widget_test.dart: TPopup widget 级用例 TPopup.show 打开浮层并渲染内容
00:46 +1086 -6: E:/tdesign-flutter-v1/tdesign-component/test/components/popup/t_popup_widget_test.dart: TPopup widget 级用例 TPopup.show 打开浮层并渲染内容
00:46 +1087 -6: E:/tdesign-flutter-v1/tdesign-component/test/components/popup/t_popup_widget_test.dart: TPopup widget 级用例 TPopup.show 打开浮层并渲染内容
00:46 +1088 -6: E:/tdesign-flutter-v1/tdesign-component/test/components/popup/t_popup_widget_test.dart: TPopup widget 级用例 TPopup.show 打开浮层并渲染内容
00:46 +1089 -6: E:/tdesign-flutter-v1/tdesign-component/test/components/popup/t_popup_widget_test.dart: TPopup widget 级用例 TPopup.show 打开浮层并渲染内容
00:46 +1090 -6: E:/tdesign-flutter-v1/tdesign-component/test/components/popup/t_popup_widget_test.dart: TPopup widget 级用例 TPopup.show 打开浮层并渲染内容
00:46 +1091 -6: E:/tdesign-flutter-v1/tdesign-component/test/components/popup/t_popup_widget_test.dart: TPopup widget 级用例 TPopup.show 打开浮层并渲染内容
00:46 +1092 -6: E:/tdesign-flutter-v1/tdesign-component/test/components/popup/t_popup_widget_test.dart: TPopup widget 级用例 TPopup.show 打开浮层并渲染内容
00:46 +1093 -6: E:/tdesign-flutter-v1/tdesign-component/test/components/popup/t_popup_widget_test.dart: TPopup widget 级用例 TPopup.show 打开浮层并渲染内容
00:46 +1094 -6: E:/tdesign-flutter-v1/tdesign-component/test/components/popup/t_popup_widget_test.dart: TPopup widget 级用例 TPopup.show 打开浮层并渲染内容
00:46 +1095 -6: E:/tdesign-flutter-v1/tdesign-component/test/components/popup/t_popup_widget_test.dart: TPopup widget 级用例 TPopup.show 打开浮层并渲染内容
00:46 +1096 -6: E:/tdesign-flutter-v1/tdesign-component/test/components/popup/t_popup_widget_test.dart: TPopup widget 级用例 TPopup.show 打开浮层并渲染内容
00:46 +1097 -6: E:/tdesign-flutter-v1/tdesign-component/test/components/popup/t_popup_widget_test.dart: TPopup widget 级用例 TPopup.show 打开浮层并渲染内容
00:46 +1098 -6: E:/tdesign-flutter-v1/tdesign-component/test/components/popup/t_popup_widget_test.dart: TPopup widget 级用例 TPopup.show 打开浮层并渲染内容
00:46 +1099 -6: E:/tdesign-flutter-v1/tdesign-component/test/components/popup/t_popup_widget_test.dart: TPopup widget 级用例 TPopup.show 打开浮层并渲染内容
00:46 +1100 -6: E:/tdesign-flutter-v1/tdesign-component/test/components/popup/t_popup_widget_test.dart: TPopup widget 级用例 TPopup.show 打开浮层并渲染内容
00:46 +1101 -6: E:/tdesign-flutter-v1/tdesign-component/test/components/popup/t_popup_widget_test.dart: TPopup widget 级用例 TPopup.show 打开浮层并渲染内容
00:46 +1102 -6: E:/tdesign-flutter-v1/tdesign-component/test/components/popup/t_popup_widget_test.dart: TPopup widget 级用例 TPopup.show 打开浮层并渲染内容
00:46 +1103 -6: E:/tdesign-flutter-v1/tdesign-component/test/components/popup/t_popup_widget_test.dart: TPopup widget 级用例 TPopup.show 打开浮层并渲染内容
00:46 +1104 -6: E:/tdesign-flutter-v1/tdesign-component/test/components/popup/t_popup_widget_test.dart: TPopup widget 级用例 TPopup.show 打开浮层并渲染内容
00:46 +1105 -6: E:/tdesign-flutter-v1/tdesign-component/test/components/popup/t_popup_widget_test.dart: TPopup widget 级用例 TPopup.show 打开浮层并渲染内容
00:46 +1106 -6: E:/tdesign-flutter-v1/tdesign-component/test/components/popup/t_popup_widget_test.dart: TPopup widget 级用例 TPopup.show 打开浮层并渲染内容
00:46 +1107 -6: E:/tdesign-flutter-v1/tdesign-component/test/components/popup/t_popup_widget_test.dart: TPopup widget 级用例 TPopup.show 打开浮层并渲染内容
00:46 +1108 -6: E:/tdesign-flutter-v1/tdesign-component/test/components/popup/t_popup_widget_test.dart: TPopup widget 级用例 TPopup.show 打开浮层并渲染内容
00:46 +1109 -6: E:/tdesign-flutter-v1/tdesign-component/test/components/popup/t_popup_widget_test.dart: TPopup widget 级用例 TPopup.show 打开浮层并渲染内容
00:46 +1110 -6: E:/tdesign-flutter-v1/tdesign-component/test/components/popup/t_popup_widget_test.dart: TPopup widget 级用例 TPopup.show 打开浮层并渲染内容
00:46 +1111 -6: E:/tdesign-flutter-v1/tdesign-component/test/components/popup/t_popup_widget_test.dart: TPopup widget 级用例 TPopup.show 打开浮层并渲染内容
00:46 +1112 -6: E:/tdesign-flutter-v1/tdesign-component/test/components/popup/t_popup_widget_test.dart: TPopup widget 级用例 TPopup.show 打开浮层并渲染内容
00:47 +1113 -6: E:/tdesign-flutter-v1/tdesign-component/test/components/popup/t_popup_widget_test.dart: TPopup widget 级用例 TPopup.show 打开浮层并渲染内容
00:47 +1114 -6: E:/tdesign-flutter-v1/tdesign-component/test/components/popup/t_popup_widget_test.dart: TPopup widget 级用例 TPopup.show 打开浮层并渲染内容
00:47 +1115 -6: E:/tdesign-flutter-v1/tdesign-component/test/components/popup/t_popup_widget_test.dart: TPopup widget 级用例 TPopup.show 打开浮层并渲染内容
00:47 +1116 -6: E:/tdesign-flutter-v1/tdesign-component/test/components/popup/t_popup_widget_test.dart: TPopup widget 级用例 TPopup.show 打开浮层并渲染内容
00:47 +1117 -6: E:/tdesign-flutter-v1/tdesign-component/test/components/popup/t_popup_widget_test.dart: TPopup widget 级用例 TPopup.show 打开浮层并渲染内容
00:47 +1118 -6: E:/tdesign-flutter-v1/tdesign-component/test/components/popup/t_popup_widget_test.dart: TPopup widget 级用例 TPopup.show 打开浮层并渲染内容
00:47 +1119 -6: E:/tdesign-flutter-v1/tdesign-component/test/components/popup/t_popup_widget_test.dart: TPopup widget 级用例 TPopup.show 打开浮层并渲染内容
00:47 +1120 -6: E:/tdesign-flutter-v1/tdesign-component/test/components/progress/t_progress_test.dart: TProgress 基础渲染 linear variant 默认渲染
00:47 +1121 -6: E:/tdesign-flutter-v1/tdesign-component/test/components/progress/t_progress_test.dart: TProgress 基础渲染 linear variant 默认渲染
00:47 +1122 -6: E:/tdesign-flutter-v1/tdesign-component/test/components/progress/t_progress_test.dart: TProgress 基础渲染 linear variant 默认渲染
00:47 +1123 -6: E:/tdesign-flutter-v1/tdesign-component/test/components/progress/t_progress_test.dart: TProgress 基础渲染 linear variant 默认渲染
00:47 +1124 -6: E:/tdesign-flutter-v1/tdesign-component/test/components/progress/t_progress_test.dart: TProgress 基础渲染 linear variant 默认渲染
00:47 +1125 -6: E:/tdesign-flutter-v1/tdesign-component/test/components/progress/t_progress_test.dart: TProgress 基础渲染 linear variant 默认渲染
00:47 +1126 -6: E:/tdesign-flutter-v1/tdesign-component/test/components/progress/t_progress_test.dart: TProgress 基础渲染 linear variant 默认渲染
00:47 +1127 -6: E:/tdesign-flutter-v1/tdesign-component/test/components/radio/t_radio_test.dart: TRadio 基础渲染 TRadio 正常渲染
00:47 +1128 -6: E:/tdesign-flutter-v1/tdesign-component/test/components/radio/t_radio_test.dart: TRadio 基础渲染 TRadio 正常渲染
00:47 +1129 -6: E:/tdesign-flutter-v1/tdesign-component/test/components/radio/t_radio_test.dart: TRadio 基础渲染 TRadio 正常渲染
00:47 +1130 -6: E:/tdesign-flutter-v1/tdesign-component/test/components/radio/t_radio_test.dart: TRadio 基础渲染 TRadio 正常渲染
00:47 +1131 -6: E:/tdesign-flutter-v1/tdesign-component/test/components/radio/t_radio_test.dart: TRadio 基础渲染 TRadio 正常渲染
00:47 +1132 -6: E:/tdesign-flutter-v1/tdesign-component/test/components/radio/t_radio_test.dart: TRadio 基础渲染 TRadio 正常渲染
00:47 +1133 -6: E:/tdesign-flutter-v1/tdesign-component/test/components/radio/t_radio_test.dart: TRadio 基础渲染 TRadio 正常渲染
00:48 +1134 -6: E:/tdesign-flutter-v1/tdesign-component/test/components/radio/t_radio_test.dart: TRadio 基础渲染 TRadio 正常渲染
00:48 +1135 -6: E:/tdesign-flutter-v1/tdesign-component/test/components/radio/t_radio_test.dart: TRadio 基础渲染 TRadio 正常渲染
00:48 +1136 -6: E:/tdesign-flutter-v1/tdesign-component/test/components/radio/t_radio_test.dart: TRadio 基础渲染 TRadio 正常渲染
00:48 +1137 -6: E:/tdesign-flutter-v1/tdesign-component/test/components/radio/t_radio_test.dart: TRadio 基础渲染 TRadio 正常渲染
00:48 +1138 -6: E:/tdesign-flutter-v1/tdesign-component/test/components/radio/t_radio_test.dart: TRadio 基础渲染 TRadio 正常渲染
00:48 +1139 -6: E:/tdesign-flutter-v1/tdesign-component/test/components/radio/t_radio_test.dart: TRadio 基础渲染 TRadio 正常渲染
00:48 +1140 -6: E:/tdesign-flutter-v1/tdesign-component/test/components/radio/t_radio_test.dart: TRadio 基础渲染 TRadio 正常渲染
00:48 +1141 -6: E:/tdesign-flutter-v1/tdesign-component/test/components/radio/t_radio_test.dart: TRadio 基础渲染 TRadio 正常渲染
00:48 +1142 -6: E:/tdesign-flutter-v1/tdesign-component/test/components/radio/t_radio_test.dart: TRadio 基础渲染 TRadio 正常渲染
00:48 +1143 -6: E:/tdesign-flutter-v1/tdesign-component/test/components/radio/t_radio_test.dart: TRadio 基础渲染 TRadio 正常渲染
00:48 +1144 -6: E:/tdesign-flutter-v1/tdesign-component/test/components/radio/t_radio_test.dart: TRadio 基础渲染 TRadio 正常渲染
00:48 +1145 -6: E:/tdesign-flutter-v1/tdesign-component/test/components/radio/t_radio_test.dart: TRadio 基础渲染 TRadio 正常渲染
00:48 +1146 -6: E:/tdesign-flutter-v1/tdesign-component/test/components/radio/t_radio_test.dart: TRadio 基础渲染 TRadio 正常渲染
00:48 +1147 -6: E:/tdesign-flutter-v1/tdesign-component/test/components/radio/t_radio_test.dart: TRadio 基础渲染 TRadio 正常渲染
00:48 +1148 -6: E:/tdesign-flutter-v1/tdesign-component/test/components/radio/t_radio_test.dart: TRadio 基础渲染 TRadio 正常渲染
00:48 +1149 -6: E:/tdesign-flutter-v1/tdesign-component/test/components/radio/t_radio_test.dart: TRadio 基础渲染 TRadio 正常渲染
00:48 +1150 -6: E:/tdesign-flutter-v1/tdesign-component/test/components/radio/t_radio_test.dart: TRadio 基础渲染 TRadio 正常渲染
00:48 +1151 -6: E:/tdesign-flutter-v1/tdesign-component/test/components/radio/t_radio_test.dart: TRadio 基础渲染 TRadio 正常渲染
00:48 +1152 -6: E:/tdesign-flutter-v1/tdesign-component/test/components/radio/t_radio_test.dart: TRadio 基础渲染 TRadio 正常渲染
00:48 +1153 -6: E:/tdesign-flutter-v1/tdesign-component/test/components/rate/t_rate_test.dart: TRate C 类控制（value + onChanged:null 禁用） value=0 正常渲染
00:48 +1154 -6: E:/tdesign-flutter-v1/tdesign-component/test/components/rate/t_rate_test.dart: TRate C 类控制（value + onChanged:null 禁用） value=0 正常渲染
00:48 +1155 -6: E:/tdesign-flutter-v1/tdesign-component/test/components/rate/t_rate_test.dart: TRate C 类控制（value + onChanged:null 禁用） value=0 正常渲染
00:48 +1156 -6: E:/tdesign-flutter-v1/tdesign-component/test/components/rate/t_rate_test.dart: TRate C 类控制（value + onChanged:null 禁用） value=0 正常渲染
00:48 +1157 -6: E:/tdesign-flutter-v1/tdesign-component/test/components/rate/t_rate_test.dart: TRate C 类控制（value + onChanged:null 禁用） value=0 正常渲染
00:48 +1158 -6: E:/tdesign-flutter-v1/tdesign-component/test/components/rate/t_rate_test.dart: TRate C 类控制（value + onChanged:null 禁用） value=0 正常渲染
00:48 +1159 -6: E:/tdesign-flutter-v1/tdesign-component/test/components/rate/t_rate_test.dart: TRate C 类控制（value + onChanged:null 禁用） value=0 正常渲染
00:48 +1160 -6: E:/tdesign-flutter-v1/tdesign-component/test/components/rate/t_rate_test.dart: TRate C 类控制（value + onChanged:null 禁用） value=0 正常渲染
00:48 +1161 -6: E:/tdesign-flutter-v1/tdesign-component/test/components/rate/t_rate_test.dart: TRate C 类控制（value + onChanged:null 禁用） value=0 正常渲染
00:48 +1162 -6: E:/tdesign-flutter-v1/tdesign-component/test/components/rate/t_rate_test.dart: TRate C 类控制（value + onChanged:null 禁用） value=0 正常渲染
00:48 +1163 -6: E:/tdesign-flutter-v1/tdesign-component/test/components/rate/t_rate_test.dart: TRate C 类控制（value + onChanged:null 禁用） value=0 正常渲染
00:48 +1164 -6: E:/tdesign-flutter-v1/tdesign-component/test/components/rate/t_rate_test.dart: TRate C 类控制（value + onChanged:null 禁用） value=0 正常渲染
00:48 +1165 -6: E:/tdesign-flutter-v1/tdesign-component/test/components/rate/t_rate_test.dart: TRate C 类控制（value + onChanged:null 禁用） value=0 正常渲染
00:48 +1166 -6: E:/tdesign-flutter-v1/tdesign-component/test/components/rate/t_rate_test.dart: TRate C 类控制（value + onChanged:null 禁用） value=0 正常渲染
00:48 +1167 -6: E:/tdesign-flutter-v1/tdesign-component/test/components/rate/t_rate_tips_test.dart: allowHalf=false / isClick=false 渲染
00:48 +1168 -6: E:/tdesign-flutter-v1/tdesign-component/test/components/rate/t_rate_tips_test.dart: allowHalf=false / isClick=false 渲染
00:48 +1169 -6: E:/tdesign-flutter-v1/tdesign-component/test/components/rate/t_rate_tips_test.dart: allowHalf=false / isClick=false 渲染
00:48 +1170 -6: E:/tdesign-flutter-v1/tdesign-component/test/components/rate/t_rate_tips_test.dart: allowHalf=false / isClick=false 渲染
00:48 +1171 -6: E:/tdesign-flutter-v1/tdesign-component/test/components/rate/t_rate_tips_test.dart: allowHalf=false / isClick=false 渲染
00:48 +1172 -6: E:/tdesign-flutter-v1/tdesign-component/test/components/rate/t_rate_tips_test.dart: allowHalf=false / isClick=false 渲染
00:48 +1173 -6: E:/tdesign-flutter-v1/tdesign-component/test/components/rate/t_rate_tips_test.dart: allowHalf=false / isClick=false 渲染
00:48 +1174 -6: E:/tdesign-flutter-v1/tdesign-component/test/components/rate/t_rate_tips_test.dart: allowHalf=false / isClick=false 渲染
00:48 +1175 -6: E:/tdesign-flutter-v1/tdesign-component/test/components/rate/t_rate_tips_test.dart: allowHalf=false / isClick=false 渲染
00:48 +1176 -6: E:/tdesign-flutter-v1/tdesign-component/test/components/rate/t_rate_tips_test.dart: allowHalf=false / isClick=false 渲染
00:48 +1176 -6: E:/tdesign-flutter-v1/tdesign-component/test/components/rate/t_rate_test.dart: TRate C 类控制（value + onChanged:null 禁用） onChanged=null 禁用时不响应点击

Warning: A call to tap() with finder "Found 1 widget with icon "IconData(U+0E780)" (ignoring all but first): [
  Icon(IconData(U+0E780), size: 24.0, color: Color(alpha: 1.0000, red: 0.9098, green: 0.9098, blue: 0.9098, colorSpace: ColorSpace.sRGB), dependencies: [Directionality, IconTheme]),
]" derived an Offset (Offset(12.0, 300.0)) that would not hit test on the specified widget.
Maybe the widget is actually off-screen, or another widget is obscuring it, or the widget cannot receive pointer events.
The finder corresponds to this RenderBox: RenderSemanticsAnnotations#3a846 relayoutBoundary=up10
The hit test result at that offset is: HitTestResult(HitTestEntry<HitTestTarget>#81c5f(TextSpan(inherit: false, color: Color(alpha: 1.0000, red: 0.9098, green: 0.9098, blue: 0.9098, colorSpace: ColorSpace.sRGB), family: packages/tdesign_icons/TIcons, size: 24.0, height: 1.0x, leadingDistribution: even, "")), RenderParagraph#38ff3@Offset(12.0, 12.0), RenderPositionedBox#04a35@Offset(12.0, 12.0), RenderConstrainedBox#03b5d@Offset(12.0, 12.0), RenderExcludeSemantics#6e8de@Offset(12.0, 12.0), RenderSemanticsAnnotations#d73ec@Offset(12.0, 12.0), RenderPositionedBox#ac201@Offset(0.0, 300.0), RenderClipRect#4ab76@Offset(0.0, 300.0), RenderFlex#c218a@Offset(12.0, 300.0), RenderPadding#2c2c6@Offset(12.0, 300.0), RenderFlex#e7e65@Offset(12.0, 300.0), RenderPointerListener#d845e@Offset(12.0, 300.0), RenderSemanticsGestureHandler#7ae1f@Offset(12.0, 300.0), RenderFlex#22348@Offset(12.0, 300.0), RenderCustomMultiChildLayoutBox#ddb2f@Offset(12.0, 300.0), _RenderInkFeatures#e9bcd@Offset(12.0, 300.0), RenderPhysicalModel#672dc@Offset(12.0, 300.0), RenderSemanticsAnnotations#36953@Offset(12.0, 300.0), RenderRepaintBoundary#ef24e@Offset(12.0, 300.0), RenderIgnorePointer#587d6@Offset(12.0, 300.0), RenderAnimatedOpacity#7f318@Offset(12.0, 300.0), RenderAnimatedOpacity#9712f@Offset(12.0, 300.0), _RenderColoredBox#d9d4f@Offset(12.0, 300.0), RenderAnimatedOpacity#d53e3@Offset(12.0, 300.0), RenderIgnorePointer#456f9@Offset(12.0, 300.0), RenderAnimatedOpacity#4cff3@Offset(12.0, 300.0), RenderRepaintBoundary#978db@Offset(12.0, 300.0), RenderSemanticsAnnotations#a8670@Offset(12.0, 300.0), RenderOffstage#1bd13@Offset(12.0, 300.0), RenderSemanticsAnnotations#25766@Offset(12.0, 300.0), _RenderTheater#b9c55@Offset(12.0, 300.0), RenderAbsorbPointer#3e510@Offset(12.0, 300.0), RenderPointerListener#4ef95@Offset(12.0, 300.0), RenderSemanticsAnnotations#28a25@Offset(12.0, 300.0), RenderCustomPaint#05cba@Offset(12.0, 300.0), RenderSemanticsAnnotations#9aa42@Offset(12.0, 300.0), RenderSemanticsAnnotations#62718@Offset(12.0, 300.0), RenderSemanticsAnnotations#0cd65@Offset(12.0, 300.0), RenderTapRegionSurface#6d9df@Offset(12.0, 300.0), RenderSemanticsAnnotations#227df@Offset(12.0, 300.0), RenderSemanticsAnnotations#cbcfb@Offset(12.0, 300.0), HitTestEntry<HitTestTarget>#86e47(_ReusableRenderView#1c11f), HitTestEntry<HitTestTarget>#ff41b(<AutomatedTestWidgetsFlutterBinding>))
#0      WidgetController._getElementPoint (package:flutter_test/src/controller.dart:2158:25)
#1      WidgetController.getCenter (package:flutter_test/src/controller.dart:1942:12)
#2      WidgetController.tap (package:flutter_test/src/controller.dart:1075:7)
#3      main.<anonymous closure>.<anonymous closure> (file:///E:/tdesign-flutter-v1/tdesign-component/test/components/rate/t_rate_test.dart:42:20)
<asynchronous suspension>
#4      testWidgets.<anonymous closure>.<anonymous closure> (package:flutter_test/src/widget_tester.dart:192:15)
<asynchronous suspension>
#5      TestWidgetsFlutterBinding._runTestBody (package:flutter_test/src/binding.dart:1682:5)
<asynchronous suspension>
#6      StackZoneSpecification._registerCallback.<anonymous closure> (package:stack_trace/src/stack_zone_specification.dart:114:42)
<asynchronous suspension>
To silence this warning, pass "warnIfMissed: false" to "tap()".
To make this warning fatal, set WidgetController.hitTestWarningShouldBeFatal to true.

00:48 +1177 -6: E:/tdesign-flutter-v1/tdesign-component/test/components/refresh/t_refresh_test.dart: TRefreshHeader EasyRefresh 集成 EasyRefresh 使用 TRefreshHeader 渲染
00:48 +1178 -6: E:/tdesign-flutter-v1/tdesign-component/test/components/refresh/t_refresh_test.dart: TRefreshHeader EasyRefresh 集成 EasyRefresh 使用 TRefreshHeader 渲染
00:49 +1179 -6: E:/tdesign-flutter-v1/tdesign-component/test/components/refresh/t_refresh_test.dart: TRefreshHeader EasyRefresh 集成 EasyRefresh 使用 TRefreshHeader 渲染
00:49 +1180 -6: E:/tdesign-flutter-v1/tdesign-component/test/components/refresh/t_refresh_test.dart: TRefreshHeader EasyRefresh 集成 EasyRefresh 使用 TRefreshHeader 渲染
00:49 +1181 -6: E:/tdesign-flutter-v1/tdesign-component/test/components/refresh/t_refresh_test.dart: TRefreshHeader EasyRefresh 集成 EasyRefresh 使用 TRefreshHeader 渲染
00:49 +1182 -6: E:/tdesign-flutter-v1/tdesign-component/test/components/refresh/t_refresh_test.dart: TRefreshHeader EasyRefresh 集成 EasyRefresh 使用 TRefreshHeader 渲染
00:49 +1183 -6: E:/tdesign-flutter-v1/tdesign-component/test/components/refresh/t_refresh_test.dart: TRefreshHeader EasyRefresh 集成 EasyRefresh 使用 TRefreshHeader 渲染
00:49 +1184 -6: E:/tdesign-flutter-v1/tdesign-component/test/components/refresh/t_refresh_test.dart: TRefreshHeader EasyRefresh 集成 EasyRefresh 使用 TRefreshHeader 渲染
00:49 +1185 -6: E:/tdesign-flutter-v1/tdesign-component/test/components/refresh/t_refresh_test.dart: TRefreshHeader EasyRefresh 集成 EasyRefresh 使用 TRefreshHeader 渲染
00:49 +1186 -6: E:/tdesign-flutter-v1/tdesign-component/test/components/refresh/t_refresh_test.dart: TRefreshHeader EasyRefresh 集成 EasyRefresh 使用 TRefreshHeader 渲染
00:49 +1187 -6: E:/tdesign-flutter-v1/tdesign-component/test/components/refresh/t_refresh_test.dart: TRefreshHeader EasyRefresh 集成 EasyRefresh 使用 TRefreshHeader 渲染
00:49 +1188 -6: E:/tdesign-flutter-v1/tdesign-component/test/components/refresh/t_refresh_test.dart: TRefreshHeader EasyRefresh 集成 EasyRefresh 使用 TRefreshHeader 渲染
00:49 +1189 -6: E:/tdesign-flutter-v1/tdesign-component/test/components/refresh/t_refresh_test.dart: TRefreshHeader EasyRefresh 集成 EasyRefresh 使用 TRefreshHeader 渲染
00:49 +1190 -6: E:/tdesign-flutter-v1/tdesign-component/test/components/refresh/t_refresh_test.dart: TRefreshHeader EasyRefresh 集成 EasyRefresh 使用 TRefreshHeader 渲染
00:49 +1191 -6: E:/tdesign-flutter-v1/tdesign-component/test/components/refresh/t_refresh_test.dart: TRefreshHeader EasyRefresh 集成 EasyRefresh 使用 TRefreshHeader 渲染
00:49 +1192 -6: E:/tdesign-flutter-v1/tdesign-component/test/components/refresh/t_refresh_test.dart: TRefreshHeader EasyRefresh 集成 EasyRefresh 使用 TRefreshHeader 渲染
00:49 +1193 -6: E:/tdesign-flutter-v1/tdesign-component/test/components/refresh/t_refresh_test.dart: TRefreshHeader EasyRefresh 集成 EasyRefresh 使用 TRefreshHeader 渲染
00:49 +1194 -6: E:/tdesign-flutter-v1/tdesign-component/test/components/refresh/t_refresh_test.dart: TRefreshHeader EasyRefresh 集成 EasyRefresh 使用 TRefreshHeader 渲染
00:49 +1195 -6: E:/tdesign-flutter-v1/tdesign-component/test/components/refresh/t_refresh_test.dart: TRefreshHeader EasyRefresh 集成 EasyRefresh 使用 TRefreshHeader 渲染
00:49 +1196 -6: E:/tdesign-flutter-v1/tdesign-component/test/components/refresh/t_refresh_test.dart: TRefreshHeader EasyRefresh 集成 EasyRefresh 使用 TRefreshHeader 渲染
00:49 +1196 -6: E:/tdesign-flutter-v1/tdesign-component/test/components/rate/t_rate_tips_test.dart: allowHalf=true / isClick=true 渲染并触发两个点击回调
══╡ EXCEPTION CAUGHT BY FLUTTER TEST FRAMEWORK ╞════════════════════════════════════════════════════
The following TestFailure was thrown running a test:
Expected: <1.5>
  Actual: <2.0>

When the exception was thrown, this was the stack:
#4      main.<anonymous closure> (file:///E:/tdesign-flutter-v1/tdesign-component/test/components/rate/t_rate_tips_test.dart:94:5)
<asynchronous suspension>
#5      testWidgets.<anonymous closure>.<anonymous closure> (package:flutter_test/src/widget_tester.dart:192:15)
<asynchronous suspension>
#6      TestWidgetsFlutterBinding._runTestBody (package:flutter_test/src/binding.dart:1682:5)
<asynchronous suspension>
<asynchronous suspension>
(elided one frame from package:stack_trace)

This was caught by the test expectation on the following line:
  file:///E:/tdesign-flutter-v1/tdesign-component/test/components/rate/t_rate_tips_test.dart line 94
The test description was:
  allowHalf=true / isClick=true 渲染并触发两个点击回调
════════════════════════════════════════════════════════════════════════════════════════════════════
00:49 +1196 -7: E:/tdesign-flutter-v1/tdesign-component/test/components/refresh/t_refresh_test.dart: TRefreshHeader EasyRefresh 集成 EasyRefresh 使用 TRefreshHeader 渲染
00:49 +1196 -7: E:/tdesign-flutter-v1/tdesign-component/test/components/rate/t_rate_tips_test.dart: allowHalf=true / isClick=true 渲染并触发两个点击回调 [E]
  Test failed. See exception logs above.
  The test description was: allowHalf=true / isClick=true 渲染并触发两个点击回调
  
00:49 +1197 -7: E:/tdesign-flutter-v1/tdesign-component/test/components/refresh/t_refresh_test.dart: TRefreshHeader EasyRefresh 集成 EasyRefresh 使用 TRefreshHeader 渲染
00:49 +1198 -7: E:/tdesign-flutter-v1/tdesign-component/test/components/refresh/t_refresh_test.dart: TRefreshHeader EasyRefresh 集成 EasyRefresh 使用 TRefreshHeader 渲染
00:49 +1199 -7: E:/tdesign-flutter-v1/tdesign-component/test/components/refresh/t_refresh_test.dart: TRefreshHeader EasyRefresh 集成 EasyRefresh 使用 TRefreshHeader 渲染
00:49 +1200 -7: E:/tdesign-flutter-v1/tdesign-component/test/components/refresh/t_refresh_test.dart: TRefreshHeader EasyRefresh 集成 EasyRefresh 使用 TRefreshHeader 渲染
00:49 +1201 -7: E:/tdesign-flutter-v1/tdesign-component/test/components/refresh/t_refresh_test.dart: TRefreshHeader EasyRefresh 集成 EasyRefresh 使用 TRefreshHeader 渲染
00:49 +1202 -7: E:/tdesign-flutter-v1/tdesign-component/test/components/refresh/t_refresh_test.dart: TRefreshHeader EasyRefresh 集成 EasyRefresh 使用 TRefreshHeader 渲染
00:49 +1203 -7: E:/tdesign-flutter-v1/tdesign-component/test/components/refresh/t_refresh_test.dart: TRefreshHeader EasyRefresh 集成 EasyRefresh 使用 TRefreshHeader 渲染
00:49 +1204 -7: E:/tdesign-flutter-v1/tdesign-component/test/components/refresh/t_refresh_test.dart: TRefreshHeader EasyRefresh 集成 EasyRefresh 使用 TRefreshHeader 渲染
00:49 +1205 -7: E:/tdesign-flutter-v1/tdesign-component/test/components/refresh/t_refresh_test.dart: TRefreshHeader EasyRefresh 集成 EasyRefresh 使用 TRefreshHeader 渲染
00:49 +1206 -7: E:/tdesign-flutter-v1/tdesign-component/test/components/refresh/t_refresh_test.dart: TRefreshHeader EasyRefresh 集成 EasyRefresh 使用 TRefreshHeader 渲染
00:49 +1207 -7: E:/tdesign-flutter-v1/tdesign-component/test/components/refresh/t_refresh_test.dart: TRefreshHeader EasyRefresh 集成 EasyRefresh 使用 TRefreshHeader 渲染
00:49 +1208 -7: E:/tdesign-flutter-v1/tdesign-component/test/components/refresh/t_refresh_test.dart: TRefreshHeader EasyRefresh 集成 EasyRefresh 使用 TRefreshHeader 渲染
00:49 +1209 -7: E:/tdesign-flutter-v1/tdesign-component/test/components/refresh/t_refresh_test.dart: TRefreshHeader EasyRefresh 集成 EasyRefresh 使用 TRefreshHeader 渲染
00:49 +1210 -7: E:/tdesign-flutter-v1/tdesign-component/test/components/refresh/t_refresh_test.dart: TRefreshHeader EasyRefresh 集成 EasyRefresh 使用 TRefreshHeader 渲染
00:49 +1211 -7: E:/tdesign-flutter-v1/tdesign-component/test/components/refresh/t_refresh_test.dart: TRefreshHeader EasyRefresh 集成 EasyRefresh 使用 TRefreshHeader 渲染
00:49 +1212 -7: E:/tdesign-flutter-v1/tdesign-component/test/components/refresh/t_refresh_test.dart: TRefreshHeader EasyRefresh 集成 EasyRefresh 使用 TRefreshHeader 渲染
00:49 +1213 -7: E:/tdesign-flutter-v1/tdesign-component/test/components/refresh/t_refresh_test.dart: TRefreshHeader EasyRefresh 集成 EasyRefresh 使用 TRefreshHeader 渲染
00:49 +1214 -7: E:/tdesign-flutter-v1/tdesign-component/test/components/refresh/t_refresh_test.dart: TRefreshHeader EasyRefresh 集成 EasyRefresh 使用 TRefreshHeader 渲染
00:49 +1215 -7: E:/tdesign-flutter-v1/tdesign-component/test/components/refresh/t_refresh_test.dart: TRefreshHeader EasyRefresh 集成 EasyRefresh 使用 TRefreshHeader 渲染
00:49 +1216 -7: E:/tdesign-flutter-v1/tdesign-component/test/components/refresh/t_refresh_test.dart: TRefreshHeader EasyRefresh 集成 EasyRefresh 使用 TRefreshHeader 渲染
00:49 +1217 -7: E:/tdesign-flutter-v1/tdesign-component/test/components/refresh/t_refresh_test.dart: TRefreshHeader EasyRefresh 集成 EasyRefresh 使用 TRefreshHeader 渲染
00:49 +1218 -7: E:/tdesign-flutter-v1/tdesign-component/test/components/refresh/t_refresh_test.dart: TRefreshHeader EasyRefresh 集成 EasyRefresh 使用 TRefreshHeader 渲染
00:49 +1219 -7: E:/tdesign-flutter-v1/tdesign-component/test/components/refresh/t_refresh_test.dart: TRefreshHeader EasyRefresh 集成 EasyRefresh 使用 TRefreshHeader 渲染
00:49 +1220 -7: E:/tdesign-flutter-v1/tdesign-component/test/components/refresh/t_refresh_test.dart: TRefreshHeader EasyRefresh 集成 EasyRefresh 使用 TRefreshHeader 渲染
00:49 +1221 -7: E:/tdesign-flutter-v1/tdesign-component/test/components/refresh/t_refresh_test.dart: TRefreshHeader EasyRefresh 集成 EasyRefresh 使用 TRefreshHeader 渲染
00:49 +1222 -7: E:/tdesign-flutter-v1/tdesign-component/test/components/refresh/t_refresh_test.dart: TRefreshHeader EasyRefresh 集成 EasyRefresh 使用 TRefreshHeader 渲染
00:49 +1223 -7: E:/tdesign-flutter-v1/tdesign-component/test/components/refresh/t_refresh_test.dart: TRefreshHeader EasyRefresh 集成 EasyRefresh 使用 TRefreshHeader 渲染
00:50 +1224 -7: E:/tdesign-flutter-v1/tdesign-component/test/components/refresh/t_refresh_test.dart: TRefreshHeader EasyRefresh 集成 EasyRefresh 使用 TRefreshHeader 渲染
00:50 +1225 -7: E:/tdesign-flutter-v1/tdesign-component/test/components/refresh/t_refresh_test.dart: TRefreshHeader EasyRefresh 集成 EasyRefresh 使用 TRefreshHeader 渲染
00:50 +1226 -7: E:/tdesign-flutter-v1/tdesign-component/test/components/refresh/t_refresh_test.dart: TRefreshHeader EasyRefresh 集成 EasyRefresh 使用 TRefreshHeader 渲染
00:50 +1227 -7: E:/tdesign-flutter-v1/tdesign-component/test/components/refresh/t_refresh_test.dart: TRefreshHeader EasyRefresh 集成 EasyRefresh 使用 TRefreshHeader 渲染
00:50 +1228 -7: E:/tdesign-flutter-v1/tdesign-component/test/components/result/t_result_test.dart: TResult 基础渲染 默认 variant 渲染 - info 图标
00:50 +1229 -7: E:/tdesign-flutter-v1/tdesign-component/test/components/result/t_result_test.dart: TResult 基础渲染 默认 variant 渲染 - info 图标
00:50 +1230 -7: E:/tdesign-flutter-v1/tdesign-component/test/components/result/t_result_test.dart: TResult 基础渲染 默认 variant 渲染 - info 图标
00:50 +1231 -7: E:/tdesign-flutter-v1/tdesign-component/test/components/result/t_result_test.dart: TResult 基础渲染 默认 variant 渲染 - info 图标
00:50 +1232 -7: E:/tdesign-flutter-v1/tdesign-component/test/components/result/t_result_test.dart: TResult 基础渲染 默认 variant 渲染 - info 图标
00:50 +1233 -7: E:/tdesign-flutter-v1/tdesign-component/test/components/result/t_result_test.dart: TResult 基础渲染 默认 variant 渲染 - info 图标
00:50 +1234 -7: E:/tdesign-flutter-v1/tdesign-component/test/components/result/t_result_test.dart: TResult 基础渲染 默认 variant 渲染 - info 图标
00:50 +1235 -7: E:/tdesign-flutter-v1/tdesign-component/test/components/result/t_result_test.dart: TResult 基础渲染 默认 variant 渲染 - info 图标
00:50 +1236 -7: E:/tdesign-flutter-v1/tdesign-component/test/components/result/t_result_test.dart: TResult 基础渲染 默认 variant 渲染 - info 图标
00:50 +1237 -7: E:/tdesign-flutter-v1/tdesign-component/test/components/result/t_result_test.dart: TResult 基础渲染 默认 variant 渲染 - info 图标
00:50 +1238 -7: E:/tdesign-flutter-v1/tdesign-component/test/components/search/t_search_test.dart: TSearchBar 基础渲染 TSearchBar 正常渲染
00:50 +1239 -7: E:/tdesign-flutter-v1/tdesign-component/test/components/search/t_search_test.dart: TSearchBar 基础渲染 TSearchBar 正常渲染
00:50 +1240 -7: E:/tdesign-flutter-v1/tdesign-component/test/components/search/t_search_test.dart: TSearchBar 基础渲染 TSearchBar 正常渲染
00:50 +1241 -7: E:/tdesign-flutter-v1/tdesign-component/test/components/search/t_search_test.dart: TSearchBar 基础渲染 TSearchBar 正常渲染
00:50 +1242 -7: E:/tdesign-flutter-v1/tdesign-component/test/components/search/t_search_test.dart: TSearchBar 基础渲染 TSearchBar 正常渲染
00:50 +1243 -7: E:/tdesign-flutter-v1/tdesign-component/test/components/search/t_search_test.dart: TSearchBar 基础渲染 TSearchBar 正常渲染
00:50 +1244 -7: E:/tdesign-flutter-v1/tdesign-component/test/components/search/t_search_test.dart: TSearchBar 基础渲染 TSearchBar 正常渲染
00:50 +1245 -7: E:/tdesign-flutter-v1/tdesign-component/test/components/search/t_search_test.dart: TSearchBar 基础渲染 TSearchBar 正常渲染
00:50 +1246 -7: E:/tdesign-flutter-v1/tdesign-component/test/components/search/t_search_test.dart: TSearchBar 基础渲染 TSearchBar 正常渲染
00:50 +1247 -7: E:/tdesign-flutter-v1/tdesign-component/test/components/search/t_search_test.dart: TSearchBar 基础渲染 TSearchBar 正常渲染
00:50 +1248 -7: E:/tdesign-flutter-v1/tdesign-component/test/components/search/t_search_test.dart: TSearchBar 基础渲染 TSearchBar 正常渲染
00:50 +1249 -7: E:/tdesign-flutter-v1/tdesign-component/test/components/search/t_search_test.dart: TSearchBar 基础渲染 TSearchBar 正常渲染
00:50 +1250 -7: E:/tdesign-flutter-v1/tdesign-component/test/components/search/t_search_test.dart: TSearchBar 基础渲染 TSearchBar 正常渲染
00:50 +1251 -7: E:/tdesign-flutter-v1/tdesign-component/test/components/search/t_search_test.dart: TSearchBar 基础渲染 TSearchBar 正常渲染
00:50 +1252 -7: E:/tdesign-flutter-v1/tdesign-component/test/components/search/t_search_test.dart: TSearchBar 基础渲染 TSearchBar 正常渲染
00:50 +1253 -7: E:/tdesign-flutter-v1/tdesign-component/test/components/search/t_search_test.dart: TSearchBar 基础渲染 TSearchBar 正常渲染
00:50 +1254 -7: E:/tdesign-flutter-v1/tdesign-component/test/components/search/t_search_test.dart: TSearchBar 基础渲染 TSearchBar 正常渲染
00:50 +1255 -7: E:/tdesign-flutter-v1/tdesign-component/test/components/search/t_search_test.dart: TSearchBar 基础渲染 TSearchBar 正常渲染
00:50 +1256 -7: E:/tdesign-flutter-v1/tdesign-component/test/components/search/t_search_test.dart: TSearchBar 基础渲染 TSearchBar 正常渲染
00:50 +1257 -7: E:/tdesign-flutter-v1/tdesign-component/test/components/search/t_search_test.dart: TSearchBar 基础渲染 TSearchBar 正常渲染
00:50 +1258 -7: E:/tdesign-flutter-v1/tdesign-component/test/components/search/t_search_test.dart: TSearchBar 基础渲染 TSearchBar 正常渲染
00:50 +1259 -7: E:/tdesign-flutter-v1/tdesign-component/test/components/search/t_search_test.dart: TSearchBar 基础渲染 TSearchBar 正常渲染
00:50 +1260 -7: E:/tdesign-flutter-v1/tdesign-component/test/components/search/t_search_test.dart: TSearchBar 基础渲染 TSearchBar 正常渲染
00:50 +1261 -7: E:/tdesign-flutter-v1/tdesign-component/test/components/search/t_search_test.dart: TSearchBar 基础渲染 TSearchBar 正常渲染
00:50 +1262 -7: E:/tdesign-flutter-v1/tdesign-component/test/components/search/t_search_test.dart: TSearchBar 基础渲染 TSearchBar 正常渲染
00:50 +1263 -7: E:/tdesign-flutter-v1/tdesign-component/test/components/search/t_search_test.dart: TSearchBar 基础渲染 TSearchBar 正常渲染
00:50 +1264 -7: E:/tdesign-flutter-v1/tdesign-component/test/components/search/t_search_test.dart: TSearchBar 基础渲染 TSearchBar 正常渲染
00:50 +1265 -7: E:/tdesign-flutter-v1/tdesign-component/test/components/search/t_search_test.dart: TSearchBar 基础渲染 TSearchBar 正常渲染
00:50 +1266 -7: E:/tdesign-flutter-v1/tdesign-component/test/components/search/t_search_test.dart: TSearchBar 基础渲染 TSearchBar 正常渲染
00:50 +1267 -7: E:/tdesign-flutter-v1/tdesign-component/test/components/search/t_search_test.dart: TSearchBar 基础渲染 TSearchBar 正常渲染
00:50 +1268 -7: E:/tdesign-flutter-v1/tdesign-component/test/components/search/t_search_test.dart: TSearchBar 基础渲染 TSearchBar 正常渲染
00:50 +1269 -7: E:/tdesign-flutter-v1/tdesign-component/test/components/search/t_search_test.dart: TSearchBar 基础渲染 TSearchBar 正常渲染
00:51 +1270 -7: E:/tdesign-flutter-v1/tdesign-component/test/components/search/t_search_test.dart: TSearchBar 基础渲染 TSearchBar 正常渲染
00:51 +1271 -7: E:/tdesign-flutter-v1/tdesign-component/test/components/search/t_search_test.dart: TSearchBar 基础渲染 TSearchBar 正常渲染
00:51 +1272 -7: E:/tdesign-flutter-v1/tdesign-component/test/components/search/t_search_test.dart: TSearchBar 基础渲染 TSearchBar 正常渲染
00:51 +1273 -7: E:/tdesign-flutter-v1/tdesign-component/test/components/search/t_search_test.dart: TSearchBar 基础渲染 TSearchBar 正常渲染
00:51 +1274 -7: E:/tdesign-flutter-v1/tdesign-component/test/components/search/t_search_test.dart: TSearchBar 基础渲染 TSearchBar 正常渲染
00:51 +1275 -7: E:/tdesign-flutter-v1/tdesign-component/test/components/search/t_search_test.dart: TSearchBar 基础渲染 TSearchBar 正常渲染
00:51 +1276 -7: E:/tdesign-flutter-v1/tdesign-component/test/components/search/t_search_test.dart: TSearchBar 基础渲染 TSearchBar 正常渲染
00:51 +1277 -7: E:/tdesign-flutter-v1/tdesign-component/test/components/search/t_search_test.dart: TSearchBar 基础渲染 TSearchBar 正常渲染
00:51 +1278 -7: E:/tdesign-flutter-v1/tdesign-component/test/components/search/t_search_test.dart: TSearchBar 基础渲染 TSearchBar 正常渲染
00:51 +1279 -7: E:/tdesign-flutter-v1/tdesign-component/test/components/search/t_search_test.dart: TSearchBar 基础渲染 TSearchBar 正常渲染
00:51 +1280 -7: E:/tdesign-flutter-v1/tdesign-component/test/components/search/t_search_test.dart: TSearchBar 基础渲染 TSearchBar 正常渲染
00:51 +1281 -7: E:/tdesign-flutter-v1/tdesign-component/test/components/search/t_search_test.dart: TSearchBar 基础渲染 TSearchBar 正常渲染
00:51 +1282 -7: E:/tdesign-flutter-v1/tdesign-component/test/components/search/t_search_test.dart: TSearchBar 基础渲染 TSearchBar 正常渲染
00:51 +1283 -7: E:/tdesign-flutter-v1/tdesign-component/test/components/search/t_search_test.dart: TSearchBar 基础渲染 TSearchBar 正常渲染
00:51 +1284 -7: E:/tdesign-flutter-v1/tdesign-component/test/components/search/t_search_test.dart: TSearchBar 基础渲染 TSearchBar 正常渲染
00:51 +1285 -7: E:/tdesign-flutter-v1/tdesign-component/test/components/search/t_search_test.dart: TSearchBar 基础渲染 TSearchBar 正常渲染
00:51 +1286 -7: E:/tdesign-flutter-v1/tdesign-component/test/components/sidebar/t_sidebar_test.dart: TSideBar 基础渲染 默认渲染
00:51 +1287 -7: E:/tdesign-flutter-v1/tdesign-component/test/components/sidebar/t_sidebar_test.dart: TSideBar 基础渲染 默认渲染
00:51 +1288 -7: E:/tdesign-flutter-v1/tdesign-component/test/components/sidebar/t_sidebar_test.dart: TSideBar 基础渲染 默认渲染
00:51 +1289 -7: E:/tdesign-flutter-v1/tdesign-component/test/components/sidebar/t_sidebar_test.dart: TSideBar 基础渲染 默认渲染
00:51 +1290 -7: E:/tdesign-flutter-v1/tdesign-component/test/components/sidebar/t_sidebar_test.dart: TSideBar 基础渲染 默认渲染
00:51 +1291 -7: E:/tdesign-flutter-v1/tdesign-component/test/components/sidebar/t_sidebar_test.dart: TSideBar 基础渲染 默认渲染
00:51 +1292 -7: E:/tdesign-flutter-v1/tdesign-component/test/components/sidebar/t_sidebar_test.dart: TSideBar 基础渲染 默认渲染
00:51 +1293 -7: E:/tdesign-flutter-v1/tdesign-component/test/components/sidebar/t_sidebar_test.dart: TSideBar 基础渲染 默认渲染
00:51 +1294 -7: E:/tdesign-flutter-v1/tdesign-component/test/components/sidebar/t_sidebar_test.dart: TSideBar 基础渲染 默认渲染
00:51 +1295 -7: E:/tdesign-flutter-v1/tdesign-component/test/components/sidebar/t_sidebar_test.dart: TSideBar 基础渲染 默认渲染
00:51 +1296 -7: E:/tdesign-flutter-v1/tdesign-component/test/components/sidebar/t_sidebar_test.dart: TSideBar 基础渲染 默认渲染
00:51 +1297 -7: E:/tdesign-flutter-v1/tdesign-component/test/components/sidebar/t_sidebar_test.dart: TSideBar 基础渲染 默认渲染
00:51 +1298 -7: E:/tdesign-flutter-v1/tdesign-component/test/components/sidebar/t_sidebar_test.dart: TSideBar 基础渲染 默认渲染
00:51 +1299 -7: E:/tdesign-flutter-v1/tdesign-component/test/components/sidebar/t_sidebar_test.dart: TSideBar 基础渲染 默认渲染
00:51 +1300 -7: E:/tdesign-flutter-v1/tdesign-component/test/components/sidebar/t_sidebar_test.dart: TSideBar 基础渲染 默认渲染
00:51 +1301 -7: E:/tdesign-flutter-v1/tdesign-component/test/components/sidebar/t_sidebar_test.dart: TSideBar 基础渲染 默认渲染
00:51 +1302 -7: E:/tdesign-flutter-v1/tdesign-component/test/components/sidebar/t_sidebar_test.dart: TSideBar 基础渲染 默认渲染
00:51 +1303 -7: E:/tdesign-flutter-v1/tdesign-component/test/components/sidebar/t_sidebar_test.dart: TSideBar 基础渲染 默认渲染
00:51 +1304 -7: E:/tdesign-flutter-v1/tdesign-component/test/components/sidebar/t_sidebar_test.dart: TSideBar 基础渲染 默认渲染
00:51 +1305 -7: E:/tdesign-flutter-v1/tdesign-component/test/components/sidebar/t_sidebar_test.dart: TSideBar 基础渲染 默认渲染
00:51 +1306 -7: E:/tdesign-flutter-v1/tdesign-component/test/components/search/t_search_test.dart: TSearchBar style 枚举变体 style=round 渲染
00:51 +1307 -7: E:/tdesign-flutter-v1/tdesign-component/test/components/search/t_search_test.dart: TSearchBar style 枚举变体 style=round 渲染
00:51 +1308 -7: E:/tdesign-flutter-v1/tdesign-component/test/components/sidebar/t_sidebar_test.dart: TSideBar 基础渲染 value 指定选中项
00:51 +1309 -7: E:/tdesign-flutter-v1/tdesign-component/test/components/sidebar/t_sidebar_test.dart: TSideBar 基础渲染 value 指定选中项
00:51 +1310 -7: E:/tdesign-flutter-v1/tdesign-component/test/components/sidebar/t_sidebar_test.dart: TSideBar 基础渲染 value 指定选中项
00:51 +1311 -7: E:/tdesign-flutter-v1/tdesign-component/test/components/sidebar/t_sidebar_test.dart: TSideBar 基础渲染 value 指定选中项
00:51 +1312 -7: E:/tdesign-flutter-v1/tdesign-component/test/components/sidebar/t_sidebar_widget_test.dart: TSideBar widget 级用例 基础可构建并渲染标签
00:51 +1313 -7: E:/tdesign-flutter-v1/tdesign-component/test/components/sidebar/t_sidebar_widget_test.dart: TSideBar widget 级用例 基础可构建并渲染标签
00:51 +1314 -7: E:/tdesign-flutter-v1/tdesign-component/test/components/sidebar/t_sidebar_widget_test.dart: TSideBar widget 级用例 基础可构建并渲染标签
00:52 +1315 -7: E:/tdesign-flutter-v1/tdesign-component/test/components/sidebar/t_sidebar_widget_test.dart: TSideBar widget 级用例 基础可构建并渲染标签
00:52 +1316 -7: E:/tdesign-flutter-v1/tdesign-component/test/components/sidebar/t_sidebar_widget_test.dart: TSideBar widget 级用例 基础可构建并渲染标签
00:52 +1317 -7: E:/tdesign-flutter-v1/tdesign-component/test/components/sidebar/t_sidebar_widget_test.dart: TSideBar widget 级用例 基础可构建并渲染标签
00:52 +1318 -7: E:/tdesign-flutter-v1/tdesign-component/test/components/sidebar/t_sidebar_widget_test.dart: TSideBar widget 级用例 基础可构建并渲染标签
00:52 +1319 -7: E:/tdesign-flutter-v1/tdesign-component/test/components/sidebar/t_sidebar_widget_test.dart: TSideBar widget 级用例 基础可构建并渲染标签
00:52 +1320 -7: E:/tdesign-flutter-v1/tdesign-component/test/components/sidebar/t_sidebar_widget_test.dart: TSideBar widget 级用例 基础可构建并渲染标签
00:52 +1321 -7: E:/tdesign-flutter-v1/tdesign-component/test/components/sidebar/t_sidebar_widget_test.dart: TSideBar widget 级用例 基础可构建并渲染标签
00:52 +1322 -7: E:/tdesign-flutter-v1/tdesign-component/test/components/sidebar/t_sidebar_widget_test.dart: TSideBar widget 级用例 基础可构建并渲染标签
00:52 +1323 -7: E:/tdesign-flutter-v1/tdesign-component/test/components/sidebar/t_sidebar_widget_test.dart: TSideBar widget 级用例 基础可构建并渲染标签
00:52 +1324 -7: E:/tdesign-flutter-v1/tdesign-component/test/components/sidebar/t_sidebar_widget_test.dart: TSideBar widget 级用例 基础可构建并渲染标签
00:52 +1325 -7: E:/tdesign-flutter-v1/tdesign-component/test/components/sidebar/t_sidebar_widget_test.dart: TSideBar widget 级用例 基础可构建并渲染标签
00:52 +1326 -7: E:/tdesign-flutter-v1/tdesign-component/test/components/sidebar/t_sidebar_widget_test.dart: TSideBar widget 级用例 基础可构建并渲染标签
00:52 +1327 -7: E:/tdesign-flutter-v1/tdesign-component/test/components/sidebar/t_sidebar_widget_test.dart: TSideBar widget 级用例 基础可构建并渲染标签
00:52 +1328 -7: E:/tdesign-flutter-v1/tdesign-component/test/components/sidebar/t_sidebar_widget_test.dart: TSideBar widget 级用例 基础可构建并渲染标签
00:52 +1329 -7: E:/tdesign-flutter-v1/tdesign-component/test/components/sidebar/t_sidebar_widget_test.dart: TSideBar widget 级用例 基础可构建并渲染标签
00:52 +1330 -7: E:/tdesign-flutter-v1/tdesign-component/test/components/sidebar/t_sidebar_widget_test.dart: TSideBar widget 级用例 基础可构建并渲染标签
00:52 +1331 -7: E:/tdesign-flutter-v1/tdesign-component/test/components/sidebar/t_sidebar_widget_test.dart: TSideBar widget 级用例 基础可构建并渲染标签
00:52 +1332 -7: E:/tdesign-flutter-v1/tdesign-component/test/components/sidebar/t_sidebar_widget_test.dart: TSideBar widget 级用例 基础可构建并渲染标签
00:52 +1333 -7: E:/tdesign-flutter-v1/tdesign-component/test/components/sidebar/t_sidebar_widget_test.dart: TSideBar widget 级用例 基础可构建并渲染标签
00:52 +1334 -7: E:/tdesign-flutter-v1/tdesign-component/test/components/sidebar/t_sidebar_widget_test.dart: TSideBar widget 级用例 基础可构建并渲染标签
00:52 +1335 -7: E:/tdesign-flutter-v1/tdesign-component/test/components/sidebar/t_sidebar_widget_test.dart: TSideBar widget 级用例 基础可构建并渲染标签
00:52 +1336 -7: E:/tdesign-flutter-v1/tdesign-component/test/components/sidebar/t_sidebar_widget_test.dart: TSideBar widget 级用例 基础可构建并渲染标签
00:52 +1337 -7: E:/tdesign-flutter-v1/tdesign-component/test/components/sidebar/t_sidebar_widget_test.dart: TSideBar widget 级用例 基础可构建并渲染标签
00:52 +1338 -7: E:/tdesign-flutter-v1/tdesign-component/test/components/sidebar/t_sidebar_widget_test.dart: TSideBar widget 级用例 基础可构建并渲染标签
00:52 +1339 -7: E:/tdesign-flutter-v1/tdesign-component/test/components/sidebar/t_sidebar_widget_test.dart: TSideBar widget 级用例 基础可构建并渲染标签
00:52 +1340 -7: E:/tdesign-flutter-v1/tdesign-component/test/components/sidebar/t_sidebar_widget_test.dart: TSideBar widget 级用例 基础可构建并渲染标签
00:52 +1341 -7: E:/tdesign-flutter-v1/tdesign-component/test/components/sidebar/t_sidebar_widget_test.dart: TSideBar widget 级用例 基础可构建并渲染标签
00:52 +1342 -7: E:/tdesign-flutter-v1/tdesign-component/test/components/sidebar/t_sidebar_widget_test.dart: TSideBar widget 级用例 基础可构建并渲染标签
00:52 +1343 -7: E:/tdesign-flutter-v1/tdesign-component/test/components/sidebar/t_sidebar_widget_test.dart: TSideBar widget 级用例 基础可构建并渲染标签
00:52 +1344 -7: E:/tdesign-flutter-v1/tdesign-component/test/components/sidebar/t_sidebar_widget_test.dart: TSideBar widget 级用例 基础可构建并渲染标签
00:52 +1345 -7: E:/tdesign-flutter-v1/tdesign-component/test/components/sidebar/t_sidebar_widget_test.dart: TSideBar widget 级用例 基础可构建并渲染标签
00:52 +1346 -7: E:/tdesign-flutter-v1/tdesign-component/test/components/sidebar/t_sidebar_widget_test.dart: TSideBar widget 级用例 基础可构建并渲染标签
00:53 +1347 -7: E:/tdesign-flutter-v1/tdesign-component/test/components/sidebar/t_sidebar_widget_test.dart: TSideBar widget 级用例 基础可构建并渲染标签
00:53 +1348 -7: E:/tdesign-flutter-v1/tdesign-component/test/components/sidebar/t_sidebar_widget_test.dart: TSideBar widget 级用例 基础可构建并渲染标签
00:53 +1349 -7: E:/tdesign-flutter-v1/tdesign-component/test/components/sidebar/t_sidebar_widget_test.dart: TSideBar widget 级用例 基础可构建并渲染标签
00:53 +1350 -7: E:/tdesign-flutter-v1/tdesign-component/test/components/sidebar/t_sidebar_widget_test.dart: TSideBar widget 级用例 基础可构建并渲染标签
00:53 +1351 -7: E:/tdesign-flutter-v1/tdesign-component/test/components/sidebar/t_sidebar_widget_test.dart: TSideBar widget 级用例 基础可构建并渲染标签
00:53 +1352 -7: E:/tdesign-flutter-v1/tdesign-component/test/components/sidebar/t_sidebar_widget_test.dart: TSideBar widget 级用例 基础可构建并渲染标签
00:53 +1353 -7: E:/tdesign-flutter-v1/tdesign-component/test/components/sidebar/t_sidebar_widget_test.dart: TSideBar widget 级用例 基础可构建并渲染标签
00:53 +1354 -7: E:/tdesign-flutter-v1/tdesign-component/test/components/sidebar/t_sidebar_widget_test.dart: TSideBar widget 级用例 基础可构建并渲染标签
00:53 +1355 -7: E:/tdesign-flutter-v1/tdesign-component/test/components/sidebar/t_sidebar_widget_test.dart: TSideBar widget 级用例 基础可构建并渲染标签
00:53 +1356 -7: E:/tdesign-flutter-v1/tdesign-component/test/components/sidebar/t_sidebar_widget_test.dart: TSideBar widget 级用例 基础可构建并渲染标签
00:53 +1357 -7: E:/tdesign-flutter-v1/tdesign-component/test/components/sidebar/t_sidebar_widget_test.dart: TSideBar widget 级用例 基础可构建并渲染标签
00:53 +1358 -7: E:/tdesign-flutter-v1/tdesign-component/test/components/sidebar/t_sidebar_widget_test.dart: TSideBar widget 级用例 基础可构建并渲染标签
00:53 +1359 -7: E:/tdesign-flutter-v1/tdesign-component/test/components/sidebar/t_sidebar_widget_test.dart: TSideBar widget 级用例 基础可构建并渲染标签
00:53 +1360 -7: E:/tdesign-flutter-v1/tdesign-component/test/components/sidebar/t_sidebar_widget_test.dart: TSideBar widget 级用例 基础可构建并渲染标签
00:53 +1361 -7: E:/tdesign-flutter-v1/tdesign-component/test/components/sidebar/t_sidebar_widget_test.dart: TSideBar widget 级用例 基础可构建并渲染标签
00:53 +1362 -7: E:/tdesign-flutter-v1/tdesign-component/test/components/skeleton/t_skeleton_test.dart: TSkeleton 基础渲染 默认 variant=text 渲染
00:53 +1363 -7: E:/tdesign-flutter-v1/tdesign-component/test/components/skeleton/t_skeleton_test.dart: TSkeleton 基础渲染 默认 variant=text 渲染
00:53 +1364 -7: E:/tdesign-flutter-v1/tdesign-component/test/components/skeleton/t_skeleton_test.dart: TSkeleton 基础渲染 默认 variant=text 渲染
00:53 +1365 -7: E:/tdesign-flutter-v1/tdesign-component/test/components/skeleton/t_skeleton_test.dart: TSkeleton 基础渲染 默认 variant=text 渲染
00:53 +1366 -7: E:/tdesign-flutter-v1/tdesign-component/test/components/skeleton/t_skeleton_test.dart: TSkeleton 基础渲染 默认 variant=text 渲染
00:53 +1367 -7: E:/tdesign-flutter-v1/tdesign-component/test/components/skeleton/t_skeleton_test.dart: TSkeleton 基础渲染 默认 variant=text 渲染
00:53 +1368 -7: E:/tdesign-flutter-v1/tdesign-component/test/components/skeleton/t_skeleton_test.dart: TSkeleton 基础渲染 默认 variant=text 渲染
00:53 +1369 -7: E:/tdesign-flutter-v1/tdesign-component/test/components/skeleton/t_skeleton_test.dart: TSkeleton 基础渲染 默认 variant=text 渲染
00:53 +1370 -7: E:/tdesign-flutter-v1/tdesign-component/test/components/skeleton/t_skeleton_test.dart: TSkeleton 基础渲染 默认 variant=text 渲染
00:53 +1371 -7: E:/tdesign-flutter-v1/tdesign-component/test/components/skeleton/t_skeleton_test.dart: TSkeleton 基础渲染 默认 variant=text 渲染
00:53 +1372 -7: E:/tdesign-flutter-v1/tdesign-component/test/components/slider/t_slider_golden_test.dart: TSlider Golden normal 默认态
00:53 +1373 -7: E:/tdesign-flutter-v1/tdesign-component/test/components/slider/t_slider_golden_test.dart: TSlider Golden normal 默认态
00:53 +1374 -7: E:/tdesign-flutter-v1/tdesign-component/test/components/slider/t_slider_golden_test.dart: TSlider Golden normal 默认态
00:53 +1375 -7: E:/tdesign-flutter-v1/tdesign-component/test/components/slider/t_slider_golden_test.dart: TSlider Golden normal 默认态
00:53 +1376 -7: E:/tdesign-flutter-v1/tdesign-component/test/components/slider/t_slider_golden_test.dart: TSlider Golden normal 默认态
00:53 +1377 -7: E:/tdesign-flutter-v1/tdesign-component/test/components/slider/t_slider_golden_test.dart: TSlider Golden normal 默认态
00:53 +1378 -7: E:/tdesign-flutter-v1/tdesign-component/test/components/slider/t_slider_golden_test.dart: TSlider Golden normal 默认态
00:53 +1379 -7: E:/tdesign-flutter-v1/tdesign-component/test/components/slider/t_slider_golden_test.dart: TSlider Golden normal 默认态
00:53 +1380 -7: E:/tdesign-flutter-v1/tdesign-component/test/components/slider/t_slider_golden_test.dart: TSlider Golden normal 默认态
00:53 +1381 -7: E:/tdesign-flutter-v1/tdesign-component/test/components/slider/t_slider_golden_test.dart: TSlider Golden normal 默认态
00:53 +1382 -7: E:/tdesign-flutter-v1/tdesign-component/test/components/slider/t_slider_golden_test.dart: TSlider Golden normal 默认态
00:53 +1383 -7: E:/tdesign-flutter-v1/tdesign-component/test/components/slider/t_slider_golden_test.dart: TSlider Golden normal 默认态
00:53 +1384 -7: E:/tdesign-flutter-v1/tdesign-component/test/components/slider/t_slider_golden_test.dart: TSlider Golden normal 默认态
00:54 +1385 -7: E:/tdesign-flutter-v1/tdesign-component/test/components/slider/t_slider_golden_test.dart: TSlider Golden normal 默认态
00:54 +1386 -7: E:/tdesign-flutter-v1/tdesign-component/test/components/slider/t_slider_golden_test.dart: TSlider Golden normal 默认态
00:54 +1387 -7: E:/tdesign-flutter-v1/tdesign-component/test/components/slider/t_slider_golden_test.dart: TSlider Golden normal 默认态
00:54 +1388 -7: E:/tdesign-flutter-v1/tdesign-component/test/components/slider/t_slider_golden_test.dart: TSlider Golden normal 默认态
00:54 +1389 -7: E:/tdesign-flutter-v1/tdesign-component/test/components/slider/t_slider_golden_test.dart: TSlider Golden normal 默认态
00:54 +1390 -7: E:/tdesign-flutter-v1/tdesign-component/test/components/slider/t_slider_golden_test.dart: TSlider Golden normal 默认态
00:54 +1391 -7: E:/tdesign-flutter-v1/tdesign-component/test/components/slider/t_slider_golden_test.dart: TSlider Golden normal 默认态
00:54 +1392 -7: E:/tdesign-flutter-v1/tdesign-component/test/components/slider/t_slider_golden_test.dart: TSlider Golden normal 默认态
00:54 +1393 -7: E:/tdesign-flutter-v1/tdesign-component/test/components/slider/t_slider_golden_test.dart: TSlider Golden normal 默认态
00:54 +1394 -7: E:/tdesign-flutter-v1/tdesign-component/test/components/slider/t_slider_golden_test.dart: TSlider Golden normal 默认态
00:54 +1395 -7: E:/tdesign-flutter-v1/tdesign-component/test/components/slider/t_slider_golden_test.dart: TSlider Golden normal 默认态
00:54 +1396 -7: E:/tdesign-flutter-v1/tdesign-component/test/components/slider/t_slider_golden_test.dart: TSlider Golden normal 默认态
00:54 +1397 -7: E:/tdesign-flutter-v1/tdesign-component/test/components/slider/t_slider_golden_test.dart: TSlider Golden normal 默认态
00:54 +1398 -7: E:/tdesign-flutter-v1/tdesign-component/test/components/slider/t_slider_golden_test.dart: TSlider Golden normal 默认态
00:54 +1399 -7: E:/tdesign-flutter-v1/tdesign-component/test/components/slider/t_slider_golden_test.dart: TSlider Golden normal 默认态
00:54 +1400 -7: E:/tdesign-flutter-v1/tdesign-component/test/components/slider/t_slider_golden_test.dart: TSlider Golden normal 默认态
00:54 +1401 -7: E:/tdesign-flutter-v1/tdesign-component/test/components/slider/t_slider_golden_test.dart: TSlider Golden normal 默认态
00:54 +1402 -7: E:/tdesign-flutter-v1/tdesign-component/test/components/slider/t_slider_golden_test.dart: TSlider Golden normal 默认态
00:54 +1403 -7: E:/tdesign-flutter-v1/tdesign-component/test/components/slider/t_slider_golden_test.dart: TSlider Golden normal 默认态
00:54 +1404 -7: E:/tdesign-flutter-v1/tdesign-component/test/components/slider/t_slider_golden_test.dart: TSlider Golden normal 默认态
00:54 +1405 -7: E:/tdesign-flutter-v1/tdesign-component/test/components/slider/t_slider_golden_test.dart: TSlider Golden normal 默认态
00:54 +1406 -7: E:/tdesign-flutter-v1/tdesign-component/test/components/slider/t_slider_golden_test.dart: TSlider Golden normal 默认态
00:54 +1407 -7: E:/tdesign-flutter-v1/tdesign-component/test/components/slider/t_slider_golden_test.dart: TSlider Golden normal 默认态
00:54 +1408 -7: E:/tdesign-flutter-v1/tdesign-component/test/components/slider/t_slider_golden_test.dart: TSlider Golden normal 默认态
00:54 +1409 -7: E:/tdesign-flutter-v1/tdesign-component/test/components/slider/t_slider_golden_test.dart: TSlider Golden normal 默认态
00:54 +1410 -7: E:/tdesign-flutter-v1/tdesign-component/test/components/slider/t_slider_golden_test.dart: TSlider Golden normal 默认态
00:54 +1411 -7: E:/tdesign-flutter-v1/tdesign-component/test/components/slider/t_slider_test.dart: TSlider C 类控制（value + onChanged） value=0 正常渲染
00:54 +1412 -7: E:/tdesign-flutter-v1/tdesign-component/test/components/slider/t_slider_test.dart: TSlider C 类控制（value + onChanged） value=0 正常渲染
00:54 +1413 -7: E:/tdesign-flutter-v1/tdesign-component/test/components/slider/t_slider_test.dart: TSlider C 类控制（value + onChanged） value=0 正常渲染
00:54 +1414 -7: E:/tdesign-flutter-v1/tdesign-component/test/components/slider/t_slider_test.dart: TSlider C 类控制（value + onChanged） value=0 正常渲染
00:54 +1415 -7: E:/tdesign-flutter-v1/tdesign-component/test/components/slider/t_slider_test.dart: TSlider C 类控制（value + onChanged） value=0 正常渲染
00:54 +1415 -7: E:/tdesign-flutter-v1/tdesign-component/test/components/slider/t_slider_golden_test.dart: TSlider Golden normal 带标签
══╡ EXCEPTION CAUGHT BY FLUTTER TEST FRAMEWORK ╞════════════════════════════════════════════════════
The following assertion was thrown while running async test code:
Golden "goldens/t_slider_normal_labels.png": Pixel test failed, 0.02%, 36px diff detected.
Failure feedback can be found at
/E:/tdesign-flutter-v1/tdesign-component/test/components/slider/failures

When the exception was thrown, this was the stack:
#0      LocalFileComparator.compare (package:flutter_test/src/_goldens_io.dart:108:5)
<asynchronous suspension>
#1      MatchesGoldenFile.matchAsync.<anonymous closure> (package:flutter_test/src/_matchers_io.dart:124:32)
<asynchronous suspension>
<asynchronous suspension>
#3      _expect.<anonymous closure> (package:matcher/src/expect/expect.dart:153:17)
<asynchronous suspension>
<asynchronous suspension>
#5      expectLater.<anonymous closure> (package:flutter_test/src/widget_tester.dart:508:19)
<asynchronous suspension>
#6      main.<anonymous closure>.<anonymous closure> (file:///E:/tdesign-flutter-v1/tdesign-component/test/components/slider/t_slider_golden_test.dart:52:7)
<asynchronous suspension>
#7      testWidgets.<anonymous closure>.<anonymous closure> (package:flutter_test/src/widget_tester.dart:192:15)
<asynchronous suspension>
#8      TestWidgetsFlutterBinding._runTestBody (package:flutter_test/src/binding.dart:1682:5)
<asynchronous suspension>
<asynchronous suspension>
(elided 3 frames from dart:async and package:stack_trace)

The exception was caught asynchronously.
════════════════════════════════════════════════════════════════════════════════════════════════════
00:54 +1415 -8: E:/tdesign-flutter-v1/tdesign-component/test/components/slider/t_slider_test.dart: TSlider C 类控制（value + onChanged） value=0 正常渲染
00:54 +1415 -8: E:/tdesign-flutter-v1/tdesign-component/test/components/slider/t_slider_golden_test.dart: TSlider Golden normal 带标签 [E]
  Test failed. See exception logs above.
  The test description was: normal 带标签
  
00:54 +1416 -8: E:/tdesign-flutter-v1/tdesign-component/test/components/slider/t_slider_theme_test.dart: 普通 Slider 渲染（覆盖 paint） ltr 启用 + divisions
00:54 +1417 -8: E:/tdesign-flutter-v1/tdesign-component/test/components/slider/t_slider_theme_test.dart: 普通 Slider 渲染（覆盖 paint） ltr 启用 + divisions
00:55 +1418 -8: E:/tdesign-flutter-v1/tdesign-component/test/components/slider/t_slider_theme_test.dart: 普通 Slider 渲染（覆盖 paint） ltr 启用 + divisions
00:55 +1419 -8: E:/tdesign-flutter-v1/tdesign-component/test/components/slider/t_slider_theme_test.dart: 普通 Slider 渲染（覆盖 paint） ltr 启用 + divisions
00:55 +1420 -8: E:/tdesign-flutter-v1/tdesign-component/test/components/slider/t_slider_theme_test.dart: 普通 Slider 渲染（覆盖 paint） ltr 启用 + divisions
00:55 +1421 -8: E:/tdesign-flutter-v1/tdesign-component/test/components/slider/t_slider_theme_test.dart: 普通 Slider 渲染（覆盖 paint） ltr 启用 + divisions
00:55 +1422 -8: E:/tdesign-flutter-v1/tdesign-component/test/components/slider/t_slider_theme_test.dart: 普通 Slider 渲染（覆盖 paint） ltr 启用 + divisions
00:55 +1423 -8: E:/tdesign-flutter-v1/tdesign-component/test/components/slider/t_slider_theme_test.dart: 普通 Slider 渲染（覆盖 paint） ltr 启用 + divisions
00:55 +1424 -8: E:/tdesign-flutter-v1/tdesign-component/test/components/slider/t_slider_theme_test.dart: 普通 Slider 渲染（覆盖 paint） ltr 启用 + divisions
00:55 +1425 -8: E:/tdesign-flutter-v1/tdesign-component/test/components/slider/t_slider_theme_test.dart: 普通 Slider 渲染（覆盖 paint） ltr 启用 + divisions
00:55 +1426 -8: E:/tdesign-flutter-v1/tdesign-component/test/components/slider/t_slider_theme_test.dart: 普通 Slider 渲染（覆盖 paint） ltr 启用 + divisions
00:55 +1426 -8: E:/tdesign-flutter-v1/tdesign-component/test/components/slider/t_slider_golden_test.dart: TSlider Golden capsule 带标签
══╡ EXCEPTION CAUGHT BY FLUTTER TEST FRAMEWORK ╞════════════════════════════════════════════════════
The following assertion was thrown while running async test code:
Golden "goldens/t_slider_capsule_labels.png": Pixel test failed, 0.02%, 36px diff detected.
Failure feedback can be found at
/E:/tdesign-flutter-v1/tdesign-component/test/components/slider/failures

When the exception was thrown, this was the stack:
#0      LocalFileComparator.compare (package:flutter_test/src/_goldens_io.dart:108:5)
<asynchronous suspension>
#1      MatchesGoldenFile.matchAsync.<anonymous closure> (package:flutter_test/src/_matchers_io.dart:124:32)
<asynchronous suspension>
<asynchronous suspension>
#3      _expect.<anonymous closure> (package:matcher/src/expect/expect.dart:153:17)
<asynchronous suspension>
<asynchronous suspension>
#5      expectLater.<anonymous closure> (package:flutter_test/src/widget_tester.dart:508:19)
<asynchronous suspension>
#6      main.<anonymous closure>.<anonymous closure> (file:///E:/tdesign-flutter-v1/tdesign-component/test/components/slider/t_slider_golden_test.dart:101:7)
<asynchronous suspension>
#7      testWidgets.<anonymous closure>.<anonymous closure> (package:flutter_test/src/widget_tester.dart:192:15)
<asynchronous suspension>
#8      TestWidgetsFlutterBinding._runTestBody (package:flutter_test/src/binding.dart:1682:5)
<asynchronous suspension>
<asynchronous suspension>
(elided 3 frames from dart:async and package:stack_trace)

The exception was caught asynchronously.
════════════════════════════════════════════════════════════════════════════════════════════════════
00:55 +1426 -9: E:/tdesign-flutter-v1/tdesign-component/test/components/slider/t_slider_theme_test.dart: 普通 Slider 渲染（覆盖 paint） ltr 启用 + divisions
00:55 +1426 -9: E:/tdesign-flutter-v1/tdesign-component/test/components/slider/t_slider_golden_test.dart: TSlider Golden capsule 带标签 [E]
  Test failed. See exception logs above.
  The test description was: capsule 带标签
  
00:55 +1427 -9: E:/tdesign-flutter-v1/tdesign-component/test/components/slider/t_slider_theme_test.dart: 普通 Slider 渲染（覆盖 paint） ltr 启用 + divisions
00:55 +1428 -9: E:/tdesign-flutter-v1/tdesign-component/test/components/slider/t_slider_theme_test.dart: 普通 Slider 渲染（覆盖 paint） ltr 启用 + divisions
00:55 +1429 -9: E:/tdesign-flutter-v1/tdesign-component/test/components/slider/t_slider_test.dart: TSlider C 类控制（value + onChanged） onChanged:null 时拖动不触发回调
00:55 +1430 -9: E:/tdesign-flutter-v1/tdesign-component/test/components/slider/t_slider_test.dart: TSlider C 类控制（value + onChanged） onChanged:null 时拖动不触发回调
00:55 +1431 -9: E:/tdesign-flutter-v1/tdesign-component/test/components/slider/t_slider_test.dart: TSlider C 类控制（value + onChanged） onChanged:null 时拖动不触发回调
00:55 +1432 -9: E:/tdesign-flutter-v1/tdesign-component/test/components/slider/t_slider_test.dart: TSlider C 类控制（value + onChanged） onChanged:null 时拖动不触发回调
00:55 +1433 -9: E:/tdesign-flutter-v1/tdesign-component/test/components/slider/t_slider_theme_test.dart: 普通 Slider 渲染（覆盖 paint） rtl 启用
00:55 +1434 -9: E:/tdesign-flutter-v1/tdesign-component/test/components/slider/t_slider_theme_test.dart: 普通 Slider 渲染（覆盖 paint） rtl 启用
00:55 +1435 -9: E:/tdesign-flutter-v1/tdesign-component/test/components/slider/t_slider_test.dart: TSlider 标签 label 显示左侧标签
00:55 +1436 -9: E:/tdesign-flutter-v1/tdesign-component/test/components/slider/t_slider_test.dart: TSlider 标签 label 显示左侧标签
00:55 +1437 -9: E:/tdesign-flutter-v1/tdesign-component/test/components/slider/t_slider_theme_test.dart: 普通 Slider 渲染（覆盖 paint） disabled（onChanged=null）
00:55 +1438 -9: E:/tdesign-flutter-v1/tdesign-component/test/components/skeleton/t_skeleton_test.dart: TSkeleton 边界情况 paragraph variant 渲染多行
00:55 +1439 -9: E:/tdesign-flutter-v1/tdesign-component/test/components/slider/t_slider_test.dart: TSlider 标签 rightLabel 显示右侧标签
00:55 +1440 -9: E:/tdesign-flutter-v1/tdesign-component/test/components/slider/t_slider_theme_test.dart: 普通 Slider 渲染（覆盖 paint） showThumbValue 绘制游标文本
00:55 +1441 -9: E:/tdesign-flutter-v1/tdesign-component/test/components/skeleton/t_skeleton_test.dart: TSkeleton 边界情况 text variant 渲染 2 行
00:55 +1442 -9: E:/tdesign-flutter-v1/tdesign-component/test/components/slider/t_slider_test.dart: TSlider 标签 label + rightLabel 同时显示
00:55 +1443 -9: E:/tdesign-flutter-v1/tdesign-component/test/components/slider/t_slider_theme_test.dart: 普通 Slider 渲染（覆盖 paint） showScaleValue + divisions 绘制刻度文本
00:55 +1444 -9: E:/tdesign-flutter-v1/tdesign-component/test/components/slider/t_slider_theme_test.dart: 普通 Slider 渲染（覆盖 paint） showScaleValue + divisions 绘制刻度文本
00:55 +1445 -9: E:/tdesign-flutter-v1/tdesign-component/test/components/slider/t_slider_theme_test.dart: 普通 Slider 渲染（覆盖 paint） showScaleValue + divisions 绘制刻度文本
00:55 +1446 -9: E:/tdesign-flutter-v1/tdesign-component/test/components/slider/t_slider_theme_test.dart: 普通 Slider 渲染（覆盖 paint） showScaleValue + divisions 绘制刻度文本
00:55 +1447 -9: E:/tdesign-flutter-v1/tdesign-component/test/components/slider/t_slider_test.dart: TSlider 标签 无标签时正常渲染
00:55 +1448 -9: E:/tdesign-flutter-v1/tdesign-component/test/components/slider/t_slider_test.dart: TSlider 标签 无标签时正常渲染
00:55 +1449 -9: E:/tdesign-flutter-v1/tdesign-component/test/components/slider/t_slider_theme_test.dart: 普通 Slider 渲染（覆盖 paint） showThumbValue + showScaleValue 同时开启
00:55 +1450 -9: E:/tdesign-flutter-v1/tdesign-component/test/components/stepper/t_stepper_test.dart: TStepper 基础渲染 size=TStepperSize.small theme=TStepperColorScheme.normal 渲染
00:55 +1451 -9: E:/tdesign-flutter-v1/tdesign-component/test/components/stepper/t_stepper_test.dart: TStepper 基础渲染 size=TStepperSize.small theme=TStepperColorScheme.normal 渲染
00:55 +1452 -9: E:/tdesign-flutter-v1/tdesign-component/test/components/stepper/t_stepper_test.dart: TStepper 基础渲染 size=TStepperSize.small theme=TStepperColorScheme.normal 渲染
00:55 +1453 -9: E:/tdesign-flutter-v1/tdesign-component/test/components/stepper/t_stepper_test.dart: TStepper 基础渲染 size=TStepperSize.small theme=TStepperColorScheme.normal 渲染
00:56 +1454 -9: E:/tdesign-flutter-v1/tdesign-component/test/components/stepper/t_stepper_test.dart: TStepper 基础渲染 size=TStepperSize.small theme=TStepperColorScheme.normal 渲染
00:56 +1455 -9: E:/tdesign-flutter-v1/tdesign-component/test/components/stepper/t_stepper_test.dart: TStepper 基础渲染 size=TStepperSize.small theme=TStepperColorScheme.normal 渲染
00:56 +1456 -9: E:/tdesign-flutter-v1/tdesign-component/test/components/stepper/t_stepper_test.dart: TStepper 基础渲染 size=TStepperSize.small theme=TStepperColorScheme.normal 渲染
00:56 +1457 -9: E:/tdesign-flutter-v1/tdesign-component/test/components/stepper/t_stepper_test.dart: TStepper 基础渲染 size=TStepperSize.small theme=TStepperColorScheme.normal 渲染
00:56 +1458 -9: E:/tdesign-flutter-v1/tdesign-component/test/components/stepper/t_stepper_test.dart: TStepper 基础渲染 size=TStepperSize.small theme=TStepperColorScheme.normal 渲染
00:56 +1459 -9: E:/tdesign-flutter-v1/tdesign-component/test/components/stepper/t_stepper_test.dart: TStepper 基础渲染 size=TStepperSize.small theme=TStepperColorScheme.normal 渲染
00:56 +1460 -9: E:/tdesign-flutter-v1/tdesign-component/test/components/stepper/t_stepper_test.dart: TStepper 基础渲染 size=TStepperSize.small theme=TStepperColorScheme.normal 渲染
00:56 +1461 -9: E:/tdesign-flutter-v1/tdesign-component/test/components/stepper/t_stepper_test.dart: TStepper 基础渲染 size=TStepperSize.small theme=TStepperColorScheme.normal 渲染
00:56 +1462 -9: E:/tdesign-flutter-v1/tdesign-component/test/components/stepper/t_stepper_test.dart: TStepper 基础渲染 size=TStepperSize.small theme=TStepperColorScheme.normal 渲染
00:56 +1463 -9: E:/tdesign-flutter-v1/tdesign-component/test/components/stepper/t_stepper_test.dart: TStepper 基础渲染 size=TStepperSize.small theme=TStepperColorScheme.normal 渲染
00:56 +1464 -9: E:/tdesign-flutter-v1/tdesign-component/test/components/stepper/t_stepper_test.dart: TStepper 基础渲染 size=TStepperSize.small theme=TStepperColorScheme.normal 渲染
00:56 +1465 -9: E:/tdesign-flutter-v1/tdesign-component/test/components/stepper/t_stepper_test.dart: TStepper 基础渲染 size=TStepperSize.small theme=TStepperColorScheme.normal 渲染
00:56 +1466 -9: E:/tdesign-flutter-v1/tdesign-component/test/components/stepper/t_stepper_test.dart: TStepper 基础渲染 size=TStepperSize.small theme=TStepperColorScheme.normal 渲染
00:56 +1467 -9: E:/tdesign-flutter-v1/tdesign-component/test/components/stepper/t_stepper_test.dart: TStepper 基础渲染 size=TStepperSize.small theme=TStepperColorScheme.normal 渲染
00:56 +1468 -9: E:/tdesign-flutter-v1/tdesign-component/test/components/stepper/t_stepper_test.dart: TStepper 基础渲染 size=TStepperSize.small theme=TStepperColorScheme.normal 渲染
00:56 +1469 -9: E:/tdesign-flutter-v1/tdesign-component/test/components/stepper/t_stepper_test.dart: TStepper 基础渲染 size=TStepperSize.small theme=TStepperColorScheme.normal 渲染
00:56 +1470 -9: E:/tdesign-flutter-v1/tdesign-component/test/components/stepper/t_stepper_test.dart: TStepper 基础渲染 size=TStepperSize.small theme=TStepperColorScheme.normal 渲染
00:56 +1471 -9: E:/tdesign-flutter-v1/tdesign-component/test/components/stepper/t_stepper_test.dart: TStepper 基础渲染 size=TStepperSize.small theme=TStepperColorScheme.normal 渲染
00:56 +1472 -9: E:/tdesign-flutter-v1/tdesign-component/test/components/stepper/t_stepper_test.dart: TStepper 基础渲染 size=TStepperSize.small theme=TStepperColorScheme.normal 渲染
00:56 +1473 -9: E:/tdesign-flutter-v1/tdesign-component/test/components/stepper/t_stepper_test.dart: TStepper 基础渲染 size=TStepperSize.small theme=TStepperColorScheme.normal 渲染
00:56 +1474 -9: E:/tdesign-flutter-v1/tdesign-component/test/components/stepper/t_stepper_test.dart: TStepper 基础渲染 size=TStepperSize.small theme=TStepperColorScheme.normal 渲染
00:56 +1475 -9: E:/tdesign-flutter-v1/tdesign-component/test/components/stepper/t_stepper_test.dart: TStepper 基础渲染 size=TStepperSize.small theme=TStepperColorScheme.normal 渲染
00:56 +1476 -9: E:/tdesign-flutter-v1/tdesign-component/test/components/stepper/t_stepper_test.dart: TStepper 基础渲染 size=TStepperSize.small theme=TStepperColorScheme.normal 渲染
00:56 +1477 -9: E:/tdesign-flutter-v1/tdesign-component/test/components/stepper/t_stepper_test.dart: TStepper 基础渲染 size=TStepperSize.small theme=TStepperColorScheme.normal 渲染
00:56 +1478 -9: E:/tdesign-flutter-v1/tdesign-component/test/components/stepper/t_stepper_test.dart: TStepper 基础渲染 size=TStepperSize.small theme=TStepperColorScheme.normal 渲染
00:56 +1479 -9: E:/tdesign-flutter-v1/tdesign-component/test/components/stepper/t_stepper_test.dart: TStepper 基础渲染 size=TStepperSize.small theme=TStepperColorScheme.normal 渲染
00:56 +1480 -9: E:/tdesign-flutter-v1/tdesign-component/test/components/stepper/t_stepper_test.dart: TStepper 基础渲染 size=TStepperSize.small theme=TStepperColorScheme.normal 渲染
00:56 +1481 -9: E:/tdesign-flutter-v1/tdesign-component/test/components/stepper/t_stepper_test.dart: TStepper 基础渲染 size=TStepperSize.small theme=TStepperColorScheme.normal 渲染
00:56 +1482 -9: E:/tdesign-flutter-v1/tdesign-component/test/components/stepper/t_stepper_test.dart: TStepper 基础渲染 size=TStepperSize.small theme=TStepperColorScheme.normal 渲染
00:56 +1483 -9: E:/tdesign-flutter-v1/tdesign-component/test/components/stepper/t_stepper_test.dart: TStepper 基础渲染 size=TStepperSize.small theme=TStepperColorScheme.normal 渲染
00:56 +1484 -9: E:/tdesign-flutter-v1/tdesign-component/test/components/stepper/t_stepper_test.dart: TStepper 基础渲染 size=TStepperSize.small theme=TStepperColorScheme.normal 渲染
00:56 +1485 -9: E:/tdesign-flutter-v1/tdesign-component/test/components/stepper/t_stepper_test.dart: TStepper 基础渲染 size=TStepperSize.small theme=TStepperColorScheme.normal 渲染
00:56 +1486 -9: E:/tdesign-flutter-v1/tdesign-component/test/components/stepper/t_stepper_test.dart: TStepper 基础渲染 size=TStepperSize.small theme=TStepperColorScheme.normal 渲染
00:56 +1487 -9: E:/tdesign-flutter-v1/tdesign-component/test/components/stepper/t_stepper_test.dart: TStepper 基础渲染 size=TStepperSize.small theme=TStepperColorScheme.normal 渲染
00:56 +1488 -9: E:/tdesign-flutter-v1/tdesign-component/test/components/stepper/t_stepper_test.dart: TStepper 基础渲染 size=TStepperSize.small theme=TStepperColorScheme.normal 渲染
00:56 +1489 -9: E:/tdesign-flutter-v1/tdesign-component/test/components/stepper/t_stepper_test.dart: TStepper 基础渲染 size=TStepperSize.small theme=TStepperColorScheme.normal 渲染
00:56 +1490 -9: E:/tdesign-flutter-v1/tdesign-component/test/components/stepper/t_stepper_test.dart: TStepper 基础渲染 size=TStepperSize.small theme=TStepperColorScheme.normal 渲染
00:57 +1491 -9: E:/tdesign-flutter-v1/tdesign-component/test/components/stepper/t_stepper_test.dart: TStepper 基础渲染 size=TStepperSize.small theme=TStepperColorScheme.normal 渲染
00:57 +1492 -9: E:/tdesign-flutter-v1/tdesign-component/test/components/stepper/t_stepper_test.dart: TStepper 基础渲染 size=TStepperSize.small theme=TStepperColorScheme.normal 渲染
00:57 +1493 -9: E:/tdesign-flutter-v1/tdesign-component/test/components/stepper/t_stepper_test.dart: TStepper 基础渲染 size=TStepperSize.small theme=TStepperColorScheme.normal 渲染
00:57 +1494 -9: E:/tdesign-flutter-v1/tdesign-component/test/components/stepper/t_stepper_test.dart: TStepper 基础渲染 size=TStepperSize.small theme=TStepperColorScheme.normal 渲染
00:57 +1495 -9: E:/tdesign-flutter-v1/tdesign-component/test/components/stepper/t_stepper_test.dart: TStepper 基础渲染 size=TStepperSize.small theme=TStepperColorScheme.normal 渲染
00:57 +1496 -9: E:/tdesign-flutter-v1/tdesign-component/test/components/steps/t_steps_test.dart: TSteps 基础渲染 horizontal 默认渲染
00:57 +1497 -9: E:/tdesign-flutter-v1/tdesign-component/test/components/steps/t_steps_test.dart: TSteps 基础渲染 horizontal 默认渲染
00:57 +1498 -9: E:/tdesign-flutter-v1/tdesign-component/test/components/steps/t_steps_widget_test.dart: TSteps widget 级用例 横向 success 可构建
00:57 +1499 -9: E:/tdesign-flutter-v1/tdesign-component/test/components/steps/t_steps_widget_test.dart: TSteps widget 级用例 横向 success 可构建
00:57 +1500 -9: E:/tdesign-flutter-v1/tdesign-component/test/components/steps/t_steps_widget_test.dart: TSteps widget 级用例 横向 success 可构建
00:58 +1501 -9: E:/tdesign-flutter-v1/tdesign-component/test/components/steps/t_steps_widget_test.dart: TSteps widget 级用例 横向 success 可构建
00:58 +1502 -9: E:/tdesign-flutter-v1/tdesign-component/test/components/steps/t_steps_widget_test.dart: TSteps widget 级用例 横向 success 可构建
00:58 +1503 -9: E:/tdesign-flutter-v1/tdesign-component/test/components/steps/t_steps_widget_test.dart: TSteps widget 级用例 横向 success 可构建
00:58 +1504 -9: E:/tdesign-flutter-v1/tdesign-component/test/components/steps/t_steps_widget_test.dart: TSteps widget 级用例 横向 success 可构建
00:58 +1505 -9: E:/tdesign-flutter-v1/tdesign-component/test/components/steps/t_steps_widget_test.dart: TSteps widget 级用例 横向 success 可构建
00:58 +1506 -9: E:/tdesign-flutter-v1/tdesign-component/test/components/steps/t_steps_widget_test.dart: TSteps widget 级用例 横向 success 可构建
00:58 +1507 -9: E:/tdesign-flutter-v1/tdesign-component/test/components/steps/t_steps_widget_test.dart: TSteps widget 级用例 横向 success 可构建
00:58 +1508 -9: E:/tdesign-flutter-v1/tdesign-component/test/components/steps/t_steps_widget_test.dart: TSteps widget 级用例 横向 success 可构建
00:58 +1509 -9: E:/tdesign-flutter-v1/tdesign-component/test/components/steps/t_steps_widget_test.dart: TSteps widget 级用例 横向 success 可构建
00:58 +1510 -9: E:/tdesign-flutter-v1/tdesign-component/test/components/steps/t_steps_widget_test.dart: TSteps widget 级用例 横向 success 可构建
00:58 +1511 -9: E:/tdesign-flutter-v1/tdesign-component/test/components/swiper/t_swiper_test.dart: TSwiper 基础渲染 Swiper + TSwiperPagination 渲染子项
00:58 +1512 -9: E:/tdesign-flutter-v1/tdesign-component/test/components/swiper/t_swiper_test.dart: TSwiper 基础渲染 Swiper + TSwiperPagination 渲染子项
00:58 +1513 -9: E:/tdesign-flutter-v1/tdesign-component/test/components/swiper/t_swiper_test.dart: TSwiper 基础渲染 Swiper + TSwiperPagination 渲染子项
00:58 +1514 -9: E:/tdesign-flutter-v1/tdesign-component/test/components/swiper/t_swiper_test.dart: TSwiper 基础渲染 Swiper + TSwiperPagination 渲染子项
00:58 +1515 -9: E:/tdesign-flutter-v1/tdesign-component/test/components/swiper/t_swiper_test.dart: TSwiper 基础渲染 Swiper + TSwiperPagination 渲染子项
00:58 +1516 -9: E:/tdesign-flutter-v1/tdesign-component/test/components/swiper/t_swiper_test.dart: TSwiper 基础渲染 Swiper + TSwiperPagination 渲染子项
00:58 +1517 -9: E:/tdesign-flutter-v1/tdesign-component/test/components/swiper/t_swiper_test.dart: TSwiper 基础渲染 Swiper + TSwiperPagination 渲染子项
00:58 +1518 -9: E:/tdesign-flutter-v1/tdesign-component/test/components/swiper/t_swiper_test.dart: TSwiper 基础渲染 Swiper + TSwiperPagination 渲染子项
00:58 +1519 -9: E:/tdesign-flutter-v1/tdesign-component/test/components/swiper/t_swiper_test.dart: TSwiper 基础渲染 Swiper + TSwiperPagination 渲染子项
00:58 +1520 -9: E:/tdesign-flutter-v1/tdesign-component/test/components/swiper/t_swiper_test.dart: TSwiper 基础渲染 Swiper + TSwiperPagination 渲染子项
00:58 +1521 -9: E:/tdesign-flutter-v1/tdesign-component/test/components/swiper/t_swiper_test.dart: TSwiper 基础渲染 Swiper + TSwiperPagination 渲染子项
00:59 +1522 -9: E:/tdesign-flutter-v1/tdesign-component/test/components/swiper/t_swiper_test.dart: TSwiper 基础渲染 Swiper + TSwiperPagination 渲染子项
00:59 +1523 -9: E:/tdesign-flutter-v1/tdesign-component/test/components/swiper/t_swiper_test.dart: TSwiper 基础渲染 Swiper + TSwiperPagination 渲染子项
00:59 +1524 -9: E:/tdesign-flutter-v1/tdesign-component/test/components/swipe_cell/t_swipe_cell_test.dart: TSwipeCell 基础渲染 渲染 cell 内容
00:59 +1525 -9: E:/tdesign-flutter-v1/tdesign-component/test/components/swipe_cell/t_swipe_cell_test.dart: TSwipeCell 基础渲染 渲染 cell 内容
00:59 +1526 -9: E:/tdesign-flutter-v1/tdesign-component/test/components/swipe_cell/t_swipe_cell_test.dart: TSwipeCell 基础渲染 渲染 cell 内容
00:59 +1527 -9: E:/tdesign-flutter-v1/tdesign-component/test/components/swipe_cell/t_swipe_cell_test.dart: TSwipeCell 基础渲染 渲染 cell 内容
00:59 +1528 -9: E:/tdesign-flutter-v1/tdesign-component/test/components/swipe_cell/t_swipe_cell_test.dart: TSwipeCell 基础渲染 渲染 cell 内容
00:59 +1529 -9: E:/tdesign-flutter-v1/tdesign-component/test/components/swipe_cell/t_swipe_cell_test.dart: TSwipeCell 基础渲染 渲染 cell 内容
00:59 +1530 -9: E:/tdesign-flutter-v1/tdesign-component/test/components/swipe_cell/t_swipe_cell_test.dart: TSwipeCell 基础渲染 渲染 cell 内容
00:59 +1531 -9: E:/tdesign-flutter-v1/tdesign-component/test/components/swipe_cell/t_swipe_cell_test.dart: TSwipeCell 基础渲染 渲染 cell 内容
00:59 +1532 -9: E:/tdesign-flutter-v1/tdesign-component/test/components/swipe_cell/t_swipe_cell_test.dart: TSwipeCell 基础渲染 渲染 cell 内容
00:59 +1533 -9: E:/tdesign-flutter-v1/tdesign-component/test/components/swipe_cell/t_swipe_cell_test.dart: TSwipeCell 基础渲染 渲染 cell 内容
00:59 +1534 -9: E:/tdesign-flutter-v1/tdesign-component/test/components/swipe_cell/t_swipe_cell_test.dart: TSwipeCell 基础渲染 渲染 cell 内容
00:59 +1535 -9: E:/tdesign-flutter-v1/tdesign-component/test/components/swipe_cell/t_swipe_cell_test.dart: TSwipeCell 基础渲染 渲染 cell 内容
00:59 +1536 -9: E:/tdesign-flutter-v1/tdesign-component/test/components/swipe_cell/t_swipe_cell_test.dart: TSwipeCell 基础渲染 渲染 cell 内容
00:59 +1537 -9: E:/tdesign-flutter-v1/tdesign-component/test/components/swipe_cell/t_swipe_cell_test.dart: TSwipeCell 基础渲染 渲染 cell 内容
00:59 +1538 -9: E:/tdesign-flutter-v1/tdesign-component/test/components/swipe_cell/t_swipe_cell_test.dart: TSwipeCell 基础渲染 渲染 cell 内容
00:59 +1539 -9: E:/tdesign-flutter-v1/tdesign-component/test/components/swipe_cell/t_swipe_cell_test.dart: TSwipeCell 基础渲染 渲染 cell 内容
00:59 +1540 -9: E:/tdesign-flutter-v1/tdesign-component/test/components/swipe_cell/t_swipe_cell_test.dart: TSwipeCell 基础渲染 渲染 cell 内容
00:59 +1541 -9: E:/tdesign-flutter-v1/tdesign-component/test/components/swipe_cell/t_swipe_cell_test.dart: TSwipeCell 基础渲染 渲染 cell 内容
00:59 +1542 -9: E:/tdesign-flutter-v1/tdesign-component/test/components/swipe_cell/t_swipe_cell_test.dart: TSwipeCell 基础渲染 渲染 cell 内容
00:59 +1543 -9: E:/tdesign-flutter-v1/tdesign-component/test/components/swipe_cell/t_swipe_cell_test.dart: TSwipeCell 基础渲染 渲染 cell 内容
00:59 +1544 -9: E:/tdesign-flutter-v1/tdesign-component/test/components/swipe_cell/t_swipe_cell_test.dart: TSwipeCell 基础渲染 渲染 cell 内容
00:59 +1545 -9: E:/tdesign-flutter-v1/tdesign-component/test/components/switch/t_switch_test.dart: TSwitch B 类控制（value + enabled） value=false 正常渲染
00:59 +1546 -9: E:/tdesign-flutter-v1/tdesign-component/test/components/switch/t_switch_test.dart: TSwitch B 类控制（value + enabled） value=false 正常渲染
00:59 +1547 -9: E:/tdesign-flutter-v1/tdesign-component/test/components/switch/t_switch_test.dart: TSwitch B 类控制（value + enabled） value=false 正常渲染
00:59 +1548 -9: E:/tdesign-flutter-v1/tdesign-component/test/components/switch/t_switch_test.dart: TSwitch B 类控制（value + enabled） value=false 正常渲染
00:59 +1549 -9: E:/tdesign-flutter-v1/tdesign-component/test/components/switch/t_switch_test.dart: TSwitch B 类控制（value + enabled） value=false 正常渲染
00:59 +1550 -9: E:/tdesign-flutter-v1/tdesign-component/test/components/switch/t_switch_test.dart: TSwitch B 类控制（value + enabled） value=false 正常渲染
00:59 +1551 -9: E:/tdesign-flutter-v1/tdesign-component/test/components/switch/t_switch_test.dart: TSwitch B 类控制（value + enabled） value=false 正常渲染
00:59 +1552 -9: E:/tdesign-flutter-v1/tdesign-component/test/components/switch/t_switch_test.dart: TSwitch B 类控制（value + enabled） value=false 正常渲染
00:59 +1553 -9: E:/tdesign-flutter-v1/tdesign-component/test/components/switch/t_switch_test.dart: TSwitch B 类控制（value + enabled） value=false 正常渲染
00:59 +1554 -9: E:/tdesign-flutter-v1/tdesign-component/test/components/switch/t_switch_test.dart: TSwitch B 类控制（value + enabled） value=false 正常渲染
00:59 +1555 -9: E:/tdesign-flutter-v1/tdesign-component/test/components/switch/t_switch_test.dart: TSwitch B 类控制（value + enabled） value=false 正常渲染
00:59 +1556 -9: E:/tdesign-flutter-v1/tdesign-component/test/components/switch/t_switch_test.dart: TSwitch B 类控制（value + enabled） value=false 正常渲染
00:59 +1557 -9: E:/tdesign-flutter-v1/tdesign-component/test/components/switch/t_switch_test.dart: TSwitch B 类控制（value + enabled） value=false 正常渲染
00:59 +1558 -9: E:/tdesign-flutter-v1/tdesign-component/test/components/switch/t_switch_test.dart: TSwitch B 类控制（value + enabled） value=false 正常渲染
00:59 +1559 -9: E:/tdesign-flutter-v1/tdesign-component/test/components/switch/t_switch_test.dart: TSwitch B 类控制（value + enabled） value=false 正常渲染
00:59 +1560 -9: E:/tdesign-flutter-v1/tdesign-component/test/components/switch/t_switch_test.dart: TSwitch B 类控制（value + enabled） value=false 正常渲染
00:59 +1561 -9: E:/tdesign-flutter-v1/tdesign-component/test/components/switch/t_switch_test.dart: TSwitch B 类控制（value + enabled） value=false 正常渲染
00:59 +1562 -9: E:/tdesign-flutter-v1/tdesign-component/test/components/switch/t_switch_test.dart: TSwitch B 类控制（value + enabled） value=false 正常渲染
01:00 +1563 -9: E:/tdesign-flutter-v1/tdesign-component/test/components/switch/t_switch_test.dart: TSwitch B 类控制（value + enabled） value=false 正常渲染
01:00 +1564 -9: E:/tdesign-flutter-v1/tdesign-component/test/components/switch/t_switch_test.dart: TSwitch B 类控制（value + enabled） value=false 正常渲染
01:00 +1565 -9: E:/tdesign-flutter-v1/tdesign-component/test/components/switch/t_switch_test.dart: TSwitch B 类控制（value + enabled） value=false 正常渲染
01:00 +1566 -9: E:/tdesign-flutter-v1/tdesign-component/test/components/switch/t_switch_test.dart: TSwitch B 类控制（value + enabled） value=false 正常渲染
01:00 +1567 -9: E:/tdesign-flutter-v1/tdesign-component/test/components/switch/t_switch_test.dart: TSwitch B 类控制（value + enabled） value=false 正常渲染
01:00 +1568 -9: E:/tdesign-flutter-v1/tdesign-component/test/components/switch/t_switch_test.dart: TSwitch B 类控制（value + enabled） value=false 正常渲染
01:00 +1569 -9: E:/tdesign-flutter-v1/tdesign-component/test/components/switch/t_switch_test.dart: TSwitch B 类控制（value + enabled） value=false 正常渲染
01:00 +1570 -9: E:/tdesign-flutter-v1/tdesign-component/test/components/switch/t_switch_test.dart: TSwitch B 类控制（value + enabled） value=false 正常渲染
01:00 +1571 -9: E:/tdesign-flutter-v1/tdesign-component/test/components/switch/t_switch_test.dart: TSwitch B 类控制（value + enabled） value=false 正常渲染
01:00 +1572 -9: E:/tdesign-flutter-v1/tdesign-component/test/components/switch/t_switch_test.dart: TSwitch B 类控制（value + enabled） value=false 正常渲染
01:00 +1573 -9: E:/tdesign-flutter-v1/tdesign-component/test/components/switch/t_switch_test.dart: TSwitch B 类控制（value + enabled） value=false 正常渲染
01:00 +1574 -9: E:/tdesign-flutter-v1/tdesign-component/test/components/switch/t_switch_test.dart: TSwitch B 类控制（value + enabled） value=false 正常渲染
01:00 +1575 -9: E:/tdesign-flutter-v1/tdesign-component/test/components/switch/t_switch_test.dart: TSwitch B 类控制（value + enabled） value=false 正常渲染
01:00 +1576 -9: E:/tdesign-flutter-v1/tdesign-component/test/components/switch/t_switch_test.dart: TSwitch B 类控制（value + enabled） value=false 正常渲染
01:00 +1577 -9: E:/tdesign-flutter-v1/tdesign-component/test/components/switch/t_switch_test.dart: TSwitch B 类控制（value + enabled） value=false 正常渲染
01:00 +1578 -9: E:/tdesign-flutter-v1/tdesign-component/test/components/switch/t_switch_test.dart: TSwitch B 类控制（value + enabled） value=false 正常渲染
01:00 +1579 -9: E:/tdesign-flutter-v1/tdesign-component/test/components/switch/t_switch_test.dart: TSwitch B 类控制（value + enabled） value=false 正常渲染
01:00 +1580 -9: E:/tdesign-flutter-v1/tdesign-component/test/components/switch/t_switch_test.dart: TSwitch B 类控制（value + enabled） value=false 正常渲染
01:00 +1581 -9: E:/tdesign-flutter-v1/tdesign-component/test/components/switch/t_switch_test.dart: TSwitch B 类控制（value + enabled） value=false 正常渲染
01:00 +1582 -9: E:/tdesign-flutter-v1/tdesign-component/test/components/switch/t_switch_test.dart: TSwitch B 类控制（value + enabled） value=false 正常渲染
01:00 +1583 -9: E:/tdesign-flutter-v1/tdesign-component/test/components/switch/t_switch_test.dart: TSwitch B 类控制（value + enabled） value=false 正常渲染
01:00 +1584 -9: E:/tdesign-flutter-v1/tdesign-component/test/components/switch/t_switch_test.dart: TSwitch B 类控制（value + enabled） value=false 正常渲染
01:00 +1585 -9: E:/tdesign-flutter-v1/tdesign-component/test/components/switch/t_switch_test.dart: TSwitch B 类控制（value + enabled） value=false 正常渲染
01:00 +1586 -9: E:/tdesign-flutter-v1/tdesign-component/test/components/switch/t_switch_test.dart: TSwitch B 类控制（value + enabled） value=false 正常渲染
01:00 +1587 -9: E:/tdesign-flutter-v1/tdesign-component/test/components/switch/t_switch_test.dart: TSwitch B 类控制（value + enabled） value=false 正常渲染
01:00 +1588 -9: E:/tdesign-flutter-v1/tdesign-component/test/components/tabbar/t_bottom_tab_bar_golden_test.dart: TBottomTabBar Golden text 类型 - 默认选中第一项
01:00 +1589 -9: E:/tdesign-flutter-v1/tdesign-component/test/components/tabbar/t_bottom_tab_bar_golden_test.dart: TBottomTabBar Golden text 类型 - 默认选中第一项
01:00 +1590 -9: E:/tdesign-flutter-v1/tdesign-component/test/components/tabbar/t_bottom_tab_bar_golden_test.dart: TBottomTabBar Golden text 类型 - 默认选中第一项
01:00 +1591 -9: E:/tdesign-flutter-v1/tdesign-component/test/components/tabbar/t_bottom_tab_bar_golden_test.dart: TBottomTabBar Golden text 类型 - 默认选中第一项
01:00 +1592 -9: E:/tdesign-flutter-v1/tdesign-component/test/components/tabbar/t_bottom_tab_bar_golden_test.dart: TBottomTabBar Golden text 类型 - 默认选中第一项
01:00 +1593 -9: E:/tdesign-flutter-v1/tdesign-component/test/components/tabbar/t_bottom_tab_bar_golden_test.dart: TBottomTabBar Golden text 类型 - 默认选中第一项
01:00 +1594 -9: E:/tdesign-flutter-v1/tdesign-component/test/components/tabbar/t_bottom_tab_bar_golden_test.dart: TBottomTabBar Golden text 类型 - 默认选中第一项
01:00 +1595 -9: E:/tdesign-flutter-v1/tdesign-component/test/components/tabbar/t_bottom_tab_bar_golden_test.dart: TBottomTabBar Golden text 类型 - 默认选中第一项
01:00 +1596 -9: E:/tdesign-flutter-v1/tdesign-component/test/components/tabbar/t_bottom_tab_bar_golden_test.dart: TBottomTabBar Golden text 类型 - 默认选中第一项
01:00 +1597 -9: E:/tdesign-flutter-v1/tdesign-component/test/components/tabbar/t_bottom_tab_bar_golden_test.dart: TBottomTabBar Golden text 类型 - 默认选中第一项
01:00 +1598 -9: E:/tdesign-flutter-v1/tdesign-component/test/components/tabbar/t_bottom_tab_bar_golden_test.dart: TBottomTabBar Golden text 类型 - 默认选中第一项
01:00 +1599 -9: E:/tdesign-flutter-v1/tdesign-component/test/components/tabbar/t_bottom_tab_bar_golden_test.dart: TBottomTabBar Golden text 类型 - 默认选中第一项
01:00 +1600 -9: E:/tdesign-flutter-v1/tdesign-component/test/components/tabbar/t_bottom_tab_bar_golden_test.dart: TBottomTabBar Golden text 类型 - 默认选中第一项
01:00 +1600 -9: E:/tdesign-flutter-v1/tdesign-component/test/components/swiper/t_swiper_test.dart: TSwiper 覆盖率补充 itemCount > 20 触发 warning
warning: The itemCount is too big, we suggest use TFractionPaginationBuilder
01:00 +1601 -9: E:/tdesign-flutter-v1/tdesign-component/test/components/tabbar/t_bottom_tab_bar_golden_test.dart: TBottomTabBar Golden text 类型 - 默认选中第一项
01:00 +1602 -9: E:/tdesign-flutter-v1/tdesign-component/test/components/tabbar/t_bottom_tab_bar_golden_test.dart: TBottomTabBar Golden text 类型 - 默认选中第一项
01:00 +1603 -9: E:/tdesign-flutter-v1/tdesign-component/test/components/tabbar/t_bottom_tab_bar_golden_test.dart: TBottomTabBar Golden text 类型 - 默认选中第一项
01:00 +1604 -9: E:/tdesign-flutter-v1/tdesign-component/test/components/tabbar/t_bottom_tab_bar_golden_test.dart: TBottomTabBar Golden text 类型 - 默认选中第一项
01:00 +1605 -9: E:/tdesign-flutter-v1/tdesign-component/test/components/tabbar/t_bottom_tab_bar_golden_test.dart: TBottomTabBar Golden text 类型 - 默认选中第一项
01:00 +1606 -9: E:/tdesign-flutter-v1/tdesign-component/test/components/tabbar/t_bottom_tab_bar_golden_test.dart: TBottomTabBar Golden text 类型 - 默认选中第一项
01:00 +1607 -9: E:/tdesign-flutter-v1/tdesign-component/test/components/tabbar/t_bottom_tab_bar_golden_test.dart: TBottomTabBar Golden text 类型 - 默认选中第一项
01:00 +1608 -9: E:/tdesign-flutter-v1/tdesign-component/test/components/tabbar/t_bottom_tab_bar_golden_test.dart: TBottomTabBar Golden text 类型 - 默认选中第一项
01:00 +1609 -9: E:/tdesign-flutter-v1/tdesign-component/test/components/tabbar/t_bottom_tab_bar_golden_test.dart: TBottomTabBar Golden text 类型 - 默认选中第一项
01:00 +1610 -9: E:/tdesign-flutter-v1/tdesign-component/test/components/tabbar/t_bottom_tab_bar_golden_test.dart: TBottomTabBar Golden text 类型 - 默认选中第一项
01:00 +1611 -9: E:/tdesign-flutter-v1/tdesign-component/test/components/tabbar/t_bottom_tab_bar_golden_test.dart: TBottomTabBar Golden text 类型 - 默认选中第一项
01:00 +1612 -9: E:/tdesign-flutter-v1/tdesign-component/test/components/tabbar/t_bottom_tab_bar_golden_test.dart: TBottomTabBar Golden text 类型 - 默认选中第一项
01:00 +1613 -9: E:/tdesign-flutter-v1/tdesign-component/test/components/tabbar/t_bottom_tab_bar_golden_test.dart: TBottomTabBar Golden text 类型 - 默认选中第一项
01:00 +1614 -9: E:/tdesign-flutter-v1/tdesign-component/test/components/tabbar/t_bottom_tab_bar_golden_test.dart: TBottomTabBar Golden text 类型 - 默认选中第一项
01:00 +1615 -9: E:/tdesign-flutter-v1/tdesign-component/test/components/tabbar/t_bottom_tab_bar_golden_test.dart: TBottomTabBar Golden text 类型 - 默认选中第一项
01:00 +1616 -9: E:/tdesign-flutter-v1/tdesign-component/test/components/tabbar/t_bottom_tab_bar_golden_test.dart: TBottomTabBar Golden text 类型 - 默认选中第一项
01:00 +1617 -9: E:/tdesign-flutter-v1/tdesign-component/test/components/tabbar/t_bottom_tab_bar_golden_test.dart: TBottomTabBar Golden text 类型 - 默认选中第一项
01:00 +1618 -9: E:/tdesign-flutter-v1/tdesign-component/test/components/tabbar/t_bottom_tab_bar_golden_test.dart: TBottomTabBar Golden text 类型 - 默认选中第一项
01:00 +1619 -9: E:/tdesign-flutter-v1/tdesign-component/test/components/tabbar/t_bottom_tab_bar_golden_test.dart: TBottomTabBar Golden text 类型 - 默认选中第一项
01:00 +1620 -9: E:/tdesign-flutter-v1/tdesign-component/test/components/tabbar/t_bottom_tab_bar_golden_test.dart: TBottomTabBar Golden text 类型 - 默认选中第一项
01:00 +1621 -9: E:/tdesign-flutter-v1/tdesign-component/test/components/tabbar/t_bottom_tab_bar_golden_test.dart: TBottomTabBar Golden text 类型 - 默认选中第一项
01:01 +1622 -9: E:/tdesign-flutter-v1/tdesign-component/test/components/tabbar/t_bottom_tab_bar_golden_test.dart: TBottomTabBar Golden text 类型 - 默认选中第一项
01:01 +1623 -9: E:/tdesign-flutter-v1/tdesign-component/test/components/tabbar/t_bottom_tab_bar_golden_test.dart: TBottomTabBar Golden text 类型 - 默认选中第一项
01:01 +1624 -9: E:/tdesign-flutter-v1/tdesign-component/test/components/tabbar/t_bottom_tab_bar_golden_test.dart: TBottomTabBar Golden text 类型 - 默认选中第一项
01:01 +1625 -9: E:/tdesign-flutter-v1/tdesign-component/test/components/tabbar/t_bottom_tab_bar_golden_test.dart: TBottomTabBar Golden text 类型 - 默认选中第一项
01:01 +1626 -9: E:/tdesign-flutter-v1/tdesign-component/test/components/tabbar/t_bottom_tab_bar_golden_test.dart: TBottomTabBar Golden text 类型 - 默认选中第一项
01:01 +1627 -9: E:/tdesign-flutter-v1/tdesign-component/test/components/tabbar/t_bottom_tab_bar_golden_test.dart: TBottomTabBar Golden text 类型 - 默认选中第一项
01:01 +1628 -9: E:/tdesign-flutter-v1/tdesign-component/test/components/tabbar/t_bottom_tab_bar_golden_test.dart: TBottomTabBar Golden text 类型 - 默认选中第一项
01:01 +1629 -9: E:/tdesign-flutter-v1/tdesign-component/test/components/tabbar/t_bottom_tab_bar_golden_test.dart: TBottomTabBar Golden text 类型 - 默认选中第一项
01:01 +1630 -9: E:/tdesign-flutter-v1/tdesign-component/test/components/tabbar/t_bottom_tab_bar_golden_test.dart: TBottomTabBar Golden text 类型 - 默认选中第一项
01:01 +1631 -9: E:/tdesign-flutter-v1/tdesign-component/test/components/tabbar/t_bottom_tab_bar_golden_test.dart: TBottomTabBar Golden text 类型 - 默认选中第一项
01:01 +1632 -9: E:/tdesign-flutter-v1/tdesign-component/test/components/tabbar/t_bottom_tab_bar_golden_test.dart: TBottomTabBar Golden text 类型 - 默认选中第一项
01:01 +1633 -9: E:/tdesign-flutter-v1/tdesign-component/test/components/tabbar/t_bottom_tab_bar_golden_test.dart: TBottomTabBar Golden text 类型 - 默认选中第一项
01:01 +1634 -9: E:/tdesign-flutter-v1/tdesign-component/test/components/tabbar/t_bottom_tab_bar_golden_test.dart: TBottomTabBar Golden text 类型 - 默认选中第一项
01:01 +1635 -9: E:/tdesign-flutter-v1/tdesign-component/test/components/tabbar/t_bottom_tab_bar_golden_test.dart: TBottomTabBar Golden text 类型 - 默认选中第一项
01:01 +1636 -9: E:/tdesign-flutter-v1/tdesign-component/test/components/tabbar/t_bottom_tab_bar_golden_test.dart: TBottomTabBar Golden text 类型 - 默认选中第一项
01:01 +1637 -9: E:/tdesign-flutter-v1/tdesign-component/test/components/tabbar/t_bottom_tab_bar_golden_test.dart: TBottomTabBar Golden text 类型 - 默认选中第一项
01:01 +1638 -9: E:/tdesign-flutter-v1/tdesign-component/test/components/tabbar/t_bottom_tab_bar_golden_test.dart: TBottomTabBar Golden text 类型 - 默认选中第一项
01:01 +1639 -9: E:/tdesign-flutter-v1/tdesign-component/test/components/tabbar/t_bottom_tab_bar_golden_test.dart: TBottomTabBar Golden text 类型 - 默认选中第一项
01:01 +1640 -9: E:/tdesign-flutter-v1/tdesign-component/test/components/tabbar/t_bottom_tab_bar_golden_test.dart: TBottomTabBar Golden text 类型 - 默认选中第一项
01:01 +1641 -9: E:/tdesign-flutter-v1/tdesign-component/test/components/tabbar/t_bottom_tab_bar_golden_test.dart: TBottomTabBar Golden text 类型 - 默认选中第一项
01:01 +1642 -9: E:/tdesign-flutter-v1/tdesign-component/test/components/tabbar/t_bottom_tab_bar_golden_test.dart: TBottomTabBar Golden text 类型 - 默认选中第一项
01:01 +1643 -9: E:/tdesign-flutter-v1/tdesign-component/test/components/tabbar/t_bottom_tab_bar_golden_test.dart: TBottomTabBar Golden text 类型 - 默认选中第一项
01:01 +1644 -9: E:/tdesign-flutter-v1/tdesign-component/test/components/tabbar/t_bottom_tab_bar_golden_test.dart: TBottomTabBar Golden text 类型 - 默认选中第一项
01:01 +1645 -9: E:/tdesign-flutter-v1/tdesign-component/test/components/tabbar/t_bottom_tab_bar_golden_test.dart: TBottomTabBar Golden text 类型 - 默认选中第一项
══╡ EXCEPTION CAUGHT BY FLUTTER TEST FRAMEWORK ╞════════════════════════════════════════════════════
The following assertion was thrown while running async test code:
Golden "goldens/t_bottom_tab_bar_text_default.png": Pixel test failed, 0.08%, 40px diff detected.
Failure feedback can be found at
/E:/tdesign-flutter-v1/tdesign-component/test/components/tabbar/failures

When the exception was thrown, this was the stack:
#0      LocalFileComparator.compare (package:flutter_test/src/_goldens_io.dart:108:5)
<asynchronous suspension>
#1      MatchesGoldenFile.matchAsync.<anonymous closure> (package:flutter_test/src/_matchers_io.dart:124:32)
<asynchronous suspension>
<asynchronous suspension>
#3      _expect.<anonymous closure> (package:matcher/src/expect/expect.dart:153:17)
<asynchronous suspension>
<asynchronous suspension>
#5      expectLater.<anonymous closure> (package:flutter_test/src/widget_tester.dart:508:19)
<asynchronous suspension>
#6      main.<anonymous closure>.<anonymous closure> (file:///E:/tdesign-flutter-v1/tdesign-component/test/components/tabbar/t_bottom_tab_bar_golden_test.dart:88:7)
<asynchronous suspension>
#7      testWidgets.<anonymous closure>.<anonymous closure> (package:flutter_test/src/widget_tester.dart:192:15)
<asynchronous suspension>
#8      TestWidgetsFlutterBinding._runTestBody (package:flutter_test/src/binding.dart:1682:5)
<asynchronous suspension>
<asynchronous suspension>
(elided 3 frames from dart:async and package:stack_trace)

The exception was caught asynchronously.
════════════════════════════════════════════════════════════════════════════════════════════════════
01:01 +1645 -10: E:/tdesign-flutter-v1/tdesign-component/test/components/tabbar/t_bottom_tab_bar_test.dart: TBottomTabBar 基础渲染 text 类型渲染
01:01 +1645 -10: E:/tdesign-flutter-v1/tdesign-component/test/components/tabbar/t_bottom_tab_bar_golden_test.dart: TBottomTabBar Golden text 类型 - 默认选中第一项 [E]
  Test failed. See exception logs above.
  The test description was: text 类型 - 默认选中第一项
  
01:01 +1646 -10: E:/tdesign-flutter-v1/tdesign-component/test/components/tabbar/t_bottom_tab_bar_test.dart: TBottomTabBar 基础渲染 text 类型渲染
01:01 +1647 -10: E:/tdesign-flutter-v1/tdesign-component/test/components/tabbar/t_bottom_tab_bar_test.dart: TBottomTabBar 基础渲染 text 类型渲染
01:01 +1648 -10: E:/tdesign-flutter-v1/tdesign-component/test/components/tabbar/t_bottom_tab_bar_test.dart: TBottomTabBar 基础渲染 text 类型渲染
01:01 +1649 -10: E:/tdesign-flutter-v1/tdesign-component/test/components/tabbar/t_bottom_tab_bar_test.dart: TBottomTabBar 基础渲染 text 类型渲染
01:01 +1650 -10: E:/tdesign-flutter-v1/tdesign-component/test/components/tabbar/t_bottom_tab_bar_test.dart: TBottomTabBar 基础渲染 text 类型渲染
01:01 +1651 -10: E:/tdesign-flutter-v1/tdesign-component/test/components/tabbar/t_bottom_tab_bar_test.dart: TBottomTabBar 基础渲染 text 类型渲染
01:01 +1652 -10: E:/tdesign-flutter-v1/tdesign-component/test/components/tabbar/t_bottom_tab_bar_test.dart: TBottomTabBar 基础渲染 text 类型渲染
01:01 +1653 -10: E:/tdesign-flutter-v1/tdesign-component/test/components/tabbar/t_bottom_tab_bar_test.dart: TBottomTabBar 基础渲染 text 类型渲染
01:01 +1654 -10: E:/tdesign-flutter-v1/tdesign-component/test/components/tabbar/t_bottom_tab_bar_test.dart: TBottomTabBar 基础渲染 text 类型渲染
01:01 +1655 -10: E:/tdesign-flutter-v1/tdesign-component/test/components/tabbar/t_bottom_tab_bar_test.dart: TBottomTabBar 基础渲染 text 类型渲染
01:01 +1656 -10: E:/tdesign-flutter-v1/tdesign-component/test/components/tabbar/t_bottom_tab_bar_test.dart: TBottomTabBar 基础渲染 text 类型渲染
01:01 +1656 -10: E:/tdesign-flutter-v1/tdesign-component/test/components/tabbar/t_bottom_tab_bar_golden_test.dart: TBottomTabBar Golden text 类型 - 选中第二项
══╡ EXCEPTION CAUGHT BY FLUTTER TEST FRAMEWORK ╞════════════════════════════════════════════════════
The following assertion was thrown while running async test code:
Golden "goldens/t_bottom_tab_bar_text_selected_1.png": Pixel test failed, 0.08%, 40px diff detected.
Failure feedback can be found at
/E:/tdesign-flutter-v1/tdesign-component/test/components/tabbar/failures

When the exception was thrown, this was the stack:
#0      LocalFileComparator.compare (package:flutter_test/src/_goldens_io.dart:108:5)
<asynchronous suspension>
#1      MatchesGoldenFile.matchAsync.<anonymous closure> (package:flutter_test/src/_matchers_io.dart:124:32)
<asynchronous suspension>
<asynchronous suspension>
#3      _expect.<anonymous closure> (package:matcher/src/expect/expect.dart:153:17)
<asynchronous suspension>
<asynchronous suspension>
#5      expectLater.<anonymous closure> (package:flutter_test/src/widget_tester.dart:508:19)
<asynchronous suspension>
#6      main.<anonymous closure>.<anonymous closure> (file:///E:/tdesign-flutter-v1/tdesign-component/test/components/tabbar/t_bottom_tab_bar_golden_test.dart:106:7)
<asynchronous suspension>
#7      testWidgets.<anonymous closure>.<anonymous closure> (package:flutter_test/src/widget_tester.dart:192:15)
<asynchronous suspension>
#8      TestWidgetsFlutterBinding._runTestBody (package:flutter_test/src/binding.dart:1682:5)
<asynchronous suspension>
<asynchronous suspension>
(elided 3 frames from dart:async and package:stack_trace)

The exception was caught asynchronously.
════════════════════════════════════════════════════════════════════════════════════════════════════
01:01 +1656 -11: E:/tdesign-flutter-v1/tdesign-component/test/components/tabbar/t_bottom_tab_bar_test.dart: TBottomTabBar 基础渲染 text 类型渲染
01:01 +1656 -11: E:/tdesign-flutter-v1/tdesign-component/test/components/tabbar/t_bottom_tab_bar_golden_test.dart: TBottomTabBar Golden text 类型 - 选中第二项 [E]
  Test failed. See exception logs above.
  The test description was: text 类型 - 选中第二项
  
01:01 +1657 -11: E:/tdesign-flutter-v1/tdesign-component/test/components/tabbar/t_bottom_tab_bar_test.dart: TBottomTabBar 基础渲染 text 类型渲染
01:01 +1658 -11: E:/tdesign-flutter-v1/tdesign-component/test/components/tabbar/t_bottom_tab_bar_test.dart: TBottomTabBar 基础渲染 text 类型渲染
01:01 +1659 -11: E:/tdesign-flutter-v1/tdesign-component/test/components/tabbar/t_bottom_tab_bar_test.dart: TBottomTabBar 基础渲染 text 类型渲染
01:01 +1660 -11: E:/tdesign-flutter-v1/tdesign-component/test/components/tabbar/t_bottom_tab_bar_test.dart: TBottomTabBar 基础渲染 text 类型渲染
01:01 +1661 -11: E:/tdesign-flutter-v1/tdesign-component/test/components/tabbar/t_bottom_tab_bar_test.dart: TBottomTabBar 基础渲染 text 类型渲染
01:01 +1662 -11: E:/tdesign-flutter-v1/tdesign-component/test/components/tabbar/t_bottom_tab_bar_test.dart: TBottomTabBar 基础渲染 text 类型渲染
01:01 +1663 -11: E:/tdesign-flutter-v1/tdesign-component/test/components/tabbar/t_bottom_tab_bar_test.dart: TBottomTabBar 基础渲染 text 类型渲染
01:01 +1663 -11: E:/tdesign-flutter-v1/tdesign-component/test/components/tabbar/t_bottom_tab_bar_golden_test.dart: TBottomTabBar Golden iconText 类型
══╡ EXCEPTION CAUGHT BY FLUTTER TEST FRAMEWORK ╞════════════════════════════════════════════════════
The following assertion was thrown while running async test code:
Golden "goldens/t_bottom_tab_bar_icon_text.png": Pixel test failed, 0.59%, 282px diff detected.
Failure feedback can be found at
/E:/tdesign-flutter-v1/tdesign-component/test/components/tabbar/failures

When the exception was thrown, this was the stack:
#0      LocalFileComparator.compare (package:flutter_test/src/_goldens_io.dart:108:5)
<asynchronous suspension>
#1      MatchesGoldenFile.matchAsync.<anonymous closure> (package:flutter_test/src/_matchers_io.dart:124:32)
<asynchronous suspension>
<asynchronous suspension>
#3      _expect.<anonymous closure> (package:matcher/src/expect/expect.dart:153:17)
<asynchronous suspension>
<asynchronous suspension>
#5      expectLater.<anonymous closure> (package:flutter_test/src/widget_tester.dart:508:19)
<asynchronous suspension>
#6      main.<anonymous closure>.<anonymous closure> (file:///E:/tdesign-flutter-v1/tdesign-component/test/components/tabbar/t_bottom_tab_bar_golden_test.dart:123:7)
<asynchronous suspension>
#7      testWidgets.<anonymous closure>.<anonymous closure> (package:flutter_test/src/widget_tester.dart:192:15)
<asynchronous suspension>
#8      TestWidgetsFlutterBinding._runTestBody (package:flutter_test/src/binding.dart:1682:5)
<asynchronous suspension>
<asynchronous suspension>
(elided 3 frames from dart:async and package:stack_trace)

The exception was caught asynchronously.
════════════════════════════════════════════════════════════════════════════════════════════════════
01:01 +1663 -12: E:/tdesign-flutter-v1/tdesign-component/test/components/tabbar/t_bottom_tab_bar_test.dart: TBottomTabBar 基础渲染 text 类型渲染
01:01 +1663 -12: E:/tdesign-flutter-v1/tdesign-component/test/components/tabbar/t_bottom_tab_bar_golden_test.dart: TBottomTabBar Golden iconText 类型 [E]
  Test failed. See exception logs above.
  The test description was: iconText 类型
  
01:01 +1664 -12: E:/tdesign-flutter-v1/tdesign-component/test/components/tabbar/t_bottom_tab_bar_test.dart: TBottomTabBar 基础渲染 text 类型渲染
01:01 +1665 -12: E:/tdesign-flutter-v1/tdesign-component/test/components/tabbar/t_bottom_tab_bar_test.dart: TBottomTabBar 基础渲染 text 类型渲染
01:01 +1666 -12: E:/tdesign-flutter-v1/tdesign-component/test/components/tabbar/t_bottom_tab_bar_test.dart: TBottomTabBar 基础渲染 text 类型渲染
01:01 +1667 -12: E:/tdesign-flutter-v1/tdesign-component/test/components/tabbar/t_bottom_tab_bar_test.dart: TBottomTabBar 基础渲染 text 类型渲染
01:02 +1667 -12: E:/tdesign-flutter-v1/tdesign-component/test/components/tabbar/t_bottom_tab_bar_golden_test.dart: TBottomTabBar Golden icon 类型
══╡ EXCEPTION CAUGHT BY FLUTTER TEST FRAMEWORK ╞════════════════════════════════════════════════════
The following assertion was thrown while running async test code:
Golden "goldens/t_bottom_tab_bar_icon.png": Pixel test failed, 0.13%, 60px diff detected.
Failure feedback can be found at
/E:/tdesign-flutter-v1/tdesign-component/test/components/tabbar/failures

When the exception was thrown, this was the stack:
#0      LocalFileComparator.compare (package:flutter_test/src/_goldens_io.dart:108:5)
<asynchronous suspension>
#1      MatchesGoldenFile.matchAsync.<anonymous closure> (package:flutter_test/src/_matchers_io.dart:124:32)
<asynchronous suspension>
<asynchronous suspension>
#3      _expect.<anonymous closure> (package:matcher/src/expect/expect.dart:153:17)
<asynchronous suspension>
<asynchronous suspension>
#5      expectLater.<anonymous closure> (package:flutter_test/src/widget_tester.dart:508:19)
<asynchronous suspension>
#6      main.<anonymous closure>.<anonymous closure> (file:///E:/tdesign-flutter-v1/tdesign-component/test/components/tabbar/t_bottom_tab_bar_golden_test.dart:140:7)
<asynchronous suspension>
#7      testWidgets.<anonymous closure>.<anonymous closure> (package:flutter_test/src/widget_tester.dart:192:15)
<asynchronous suspension>
#8      TestWidgetsFlutterBinding._runTestBody (package:flutter_test/src/binding.dart:1682:5)
<asynchronous suspension>
<asynchronous suspension>
(elided 3 frames from dart:async and package:stack_trace)

The exception was caught asynchronously.
════════════════════════════════════════════════════════════════════════════════════════════════════
01:02 +1667 -13: E:/tdesign-flutter-v1/tdesign-component/test/components/tabbar/t_bottom_tab_bar_test.dart: TBottomTabBar 基础渲染 text 类型渲染
01:02 +1667 -13: E:/tdesign-flutter-v1/tdesign-component/test/components/tabbar/t_bottom_tab_bar_golden_test.dart: TBottomTabBar Golden icon 类型 [E]
  Test failed. See exception logs above.
  The test description was: icon 类型
  
01:02 +1668 -13: E:/tdesign-flutter-v1/tdesign-component/test/components/tabbar/t_bottom_tab_bar_test.dart: TBottomTabBar 基础渲染 text 类型渲染
01:02 +1669 -13: E:/tdesign-flutter-v1/tdesign-component/test/components/tabbar/t_bottom_tab_bar_test.dart: TBottomTabBar 基础渲染 text 类型渲染
01:02 +1670 -13: E:/tdesign-flutter-v1/tdesign-component/test/components/tabbar/t_bottom_tab_bar_test.dart: TBottomTabBar 基础渲染 text 类型渲染
01:02 +1671 -13: E:/tdesign-flutter-v1/tdesign-component/test/components/tabbar/t_bottom_tab_bar_test.dart: TBottomTabBar 基础渲染 text 类型渲染
01:02 +1672 -13: E:/tdesign-flutter-v1/tdesign-component/test/components/tabbar/t_bottom_tab_bar_test.dart: TBottomTabBar 基础渲染 text 类型渲染
01:02 +1673 -13: E:/tdesign-flutter-v1/tdesign-component/test/components/tabbar/t_bottom_tab_bar_test.dart: TBottomTabBar 基础渲染 text 类型渲染
01:02 +1674 -13: E:/tdesign-flutter-v1/tdesign-component/test/components/tabbar/t_bottom_tab_bar_test.dart: TBottomTabBar 基础渲染 text 类型渲染
01:02 +1675 -13: E:/tdesign-flutter-v1/tdesign-component/test/components/tabbar/t_bottom_tab_bar_test.dart: TBottomTabBar 基础渲染 text 类型渲染
01:02 +1675 -13: E:/tdesign-flutter-v1/tdesign-component/test/components/tabbar/t_bottom_tab_bar_golden_test.dart: TBottomTabBar Golden capsule 轮廓样式
══╡ EXCEPTION CAUGHT BY FLUTTER TEST FRAMEWORK ╞════════════════════════════════════════════════════
The following assertion was thrown while running async test code:
Golden "goldens/t_bottom_tab_bar_capsule.png": Pixel test failed, 0.08%, 40px diff detected.
Failure feedback can be found at
/E:/tdesign-flutter-v1/tdesign-component/test/components/tabbar/failures

When the exception was thrown, this was the stack:
#0      LocalFileComparator.compare (package:flutter_test/src/_goldens_io.dart:108:5)
<asynchronous suspension>
#1      MatchesGoldenFile.matchAsync.<anonymous closure> (package:flutter_test/src/_matchers_io.dart:124:32)
<asynchronous suspension>
<asynchronous suspension>
#3      _expect.<anonymous closure> (package:matcher/src/expect/expect.dart:153:17)
<asynchronous suspension>
<asynchronous suspension>
#5      expectLater.<anonymous closure> (package:flutter_test/src/widget_tester.dart:508:19)
<asynchronous suspension>
#6      main.<anonymous closure>.<anonymous closure> (file:///E:/tdesign-flutter-v1/tdesign-component/test/components/tabbar/t_bottom_tab_bar_golden_test.dart:158:7)
<asynchronous suspension>
#7      testWidgets.<anonymous closure>.<anonymous closure> (package:flutter_test/src/widget_tester.dart:192:15)
<asynchronous suspension>
#8      TestWidgetsFlutterBinding._runTestBody (package:flutter_test/src/binding.dart:1682:5)
<asynchronous suspension>
<asynchronous suspension>
(elided 3 frames from dart:async and package:stack_trace)

The exception was caught asynchronously.
════════════════════════════════════════════════════════════════════════════════════════════════════
01:02 +1675 -14: E:/tdesign-flutter-v1/tdesign-component/test/components/tabbar/t_bottom_tab_bar_test.dart: TBottomTabBar 基础渲染 text 类型渲染
01:02 +1675 -14: E:/tdesign-flutter-v1/tdesign-component/test/components/tabbar/t_bottom_tab_bar_golden_test.dart: TBottomTabBar Golden capsule 轮廓样式 [E]
  Test failed. See exception logs above.
  The test description was: capsule 轮廓样式
  
01:02 +1676 -14: E:/tdesign-flutter-v1/tdesign-component/test/components/tabbar/t_bottom_tab_bar_test.dart: TBottomTabBar 基础渲染 text 类型渲染
01:02 +1677 -14: E:/tdesign-flutter-v1/tdesign-component/test/components/tabbar/t_bottom_tab_bar_test.dart: TBottomTabBar 基础渲染 text 类型渲染
01:02 +1678 -14: E:/tdesign-flutter-v1/tdesign-component/test/components/tabbar/t_bottom_tab_bar_test.dart: TBottomTabBar 基础渲染 text 类型渲染
01:02 +1679 -14: E:/tdesign-flutter-v1/tdesign-component/test/components/tabbar/t_bottom_tab_bar_test.dart: TBottomTabBar 基础渲染 text 类型渲染
01:02 +1680 -14: E:/tdesign-flutter-v1/tdesign-component/test/components/tabbar/t_bottom_tab_bar_test.dart: TBottomTabBar 基础渲染 text 类型渲染
01:02 +1680 -14: E:/tdesign-flutter-v1/tdesign-component/test/components/tabbar/t_bottom_tab_bar_golden_test.dart: TBottomTabBar Golden normal 选中样式（无胶囊背景）
══╡ EXCEPTION CAUGHT BY FLUTTER TEST FRAMEWORK ╞════════════════════════════════════════════════════
The following assertion was thrown while running async test code:
Golden "goldens/t_bottom_tab_bar_normal_style.png": Pixel test failed, 0.08%, 40px diff detected.
Failure feedback can be found at
/E:/tdesign-flutter-v1/tdesign-component/test/components/tabbar/failures

When the exception was thrown, this was the stack:
#0      LocalFileComparator.compare (package:flutter_test/src/_goldens_io.dart:108:5)
<asynchronous suspension>
#1      MatchesGoldenFile.matchAsync.<anonymous closure> (package:flutter_test/src/_matchers_io.dart:124:32)
<asynchronous suspension>
<asynchronous suspension>
#3      _expect.<anonymous closure> (package:matcher/src/expect/expect.dart:153:17)
<asynchronous suspension>
<asynchronous suspension>
#5      expectLater.<anonymous closure> (package:flutter_test/src/widget_tester.dart:508:19)
<asynchronous suspension>
#6      main.<anonymous closure>.<anonymous closure> (file:///E:/tdesign-flutter-v1/tdesign-component/test/components/tabbar/t_bottom_tab_bar_golden_test.dart:176:7)
<asynchronous suspension>
#7      testWidgets.<anonymous closure>.<anonymous closure> (package:flutter_test/src/widget_tester.dart:192:15)
<asynchronous suspension>
#8      TestWidgetsFlutterBinding._runTestBody (package:flutter_test/src/binding.dart:1682:5)
<asynchronous suspension>
<asynchronous suspension>
(elided 3 frames from dart:async and package:stack_trace)

The exception was caught asynchronously.
════════════════════════════════════════════════════════════════════════════════════════════════════
01:02 +1680 -15: E:/tdesign-flutter-v1/tdesign-component/test/components/tabbar/t_bottom_tab_bar_test.dart: TBottomTabBar 基础渲染 text 类型渲染
01:02 +1680 -15: E:/tdesign-flutter-v1/tdesign-component/test/components/tabbar/t_bottom_tab_bar_golden_test.dart: TBottomTabBar Golden normal 选中样式（无胶囊背景） [E]
  Test failed. See exception logs above.
  The test description was: normal 选中样式（无胶囊背景）
  
01:02 +1681 -15: E:/tdesign-flutter-v1/tdesign-component/test/components/tabbar/t_bottom_tab_bar_test.dart: TBottomTabBar 基础渲染 text 类型渲染
01:02 +1682 -15: E:/tdesign-flutter-v1/tdesign-component/test/components/tabbar/t_bottom_tab_bar_test.dart: TBottomTabBar 基础渲染 text 类型渲染
01:02 +1683 -15: E:/tdesign-flutter-v1/tdesign-component/test/components/tabbar/t_bottom_tab_bar_test.dart: TBottomTabBar 基础渲染 text 类型渲染
01:02 +1684 -15: E:/tdesign-flutter-v1/tdesign-component/test/components/tabbar/t_bottom_tab_bar_test.dart: TBottomTabBar 基础渲染 text 类型渲染
01:02 +1685 -15: E:/tdesign-flutter-v1/tdesign-component/test/components/tabbar/t_bottom_tab_bar_test.dart: TBottomTabBar 基础渲染 text 类型渲染
01:02 +1686 -15: E:/tdesign-flutter-v1/tdesign-component/test/components/tabbar/t_bottom_tab_bar_test.dart: TBottomTabBar 基础渲染 text 类型渲染
01:02 +1687 -15: E:/tdesign-flutter-v1/tdesign-component/test/components/tabbar/t_bottom_tab_bar_test.dart: TBottomTabBar 基础渲染 text 类型渲染
01:02 +1688 -15: E:/tdesign-flutter-v1/tdesign-component/test/components/tabbar/t_bottom_tab_bar_test.dart: TBottomTabBar 基础渲染 text 类型渲染
01:02 +1689 -15: E:/tdesign-flutter-v1/tdesign-component/test/components/tabbar/t_bottom_tab_bar_test.dart: TBottomTabBar 基础渲染 text 类型渲染
01:02 +1690 -15: E:/tdesign-flutter-v1/tdesign-component/test/components/tabbar/t_bottom_tab_bar_test.dart: TBottomTabBar 基础渲染 text 类型渲染
01:02 +1691 -15: E:/tdesign-flutter-v1/tdesign-component/test/components/table/t_table_test.dart: TTable 基础渲染 渲染基本表格 - 表头和数据
01:02 +1692 -15: E:/tdesign-flutter-v1/tdesign-component/test/components/table/t_table_test.dart: TTable 基础渲染 渲染基本表格 - 表头和数据
01:02 +1693 -15: E:/tdesign-flutter-v1/tdesign-component/test/components/table/t_table_test.dart: TTable 基础渲染 渲染基本表格 - 表头和数据
01:02 +1694 -15: E:/tdesign-flutter-v1/tdesign-component/test/components/table/t_table_test.dart: TTable 基础渲染 渲染基本表格 - 表头和数据
01:02 +1695 -15: E:/tdesign-flutter-v1/tdesign-component/test/components/table/t_table_test.dart: TTable 基础渲染 渲染基本表格 - 表头和数据
01:02 +1696 -15: E:/tdesign-flutter-v1/tdesign-component/test/components/table/t_table_test.dart: TTable 基础渲染 渲染基本表格 - 表头和数据
01:02 +1697 -15: E:/tdesign-flutter-v1/tdesign-component/test/components/table/t_table_test.dart: TTable 基础渲染 渲染基本表格 - 表头和数据
01:03 +1698 -15: E:/tdesign-flutter-v1/tdesign-component/test/components/table/t_table_test.dart: TTable 基础渲染 渲染基本表格 - 表头和数据
01:03 +1699 -15: E:/tdesign-flutter-v1/tdesign-component/test/components/table/t_table_test.dart: TTable 基础渲染 渲染基本表格 - 表头和数据
01:03 +1700 -15: E:/tdesign-flutter-v1/tdesign-component/test/components/table/t_table_test.dart: TTable 基础渲染 渲染基本表格 - 表头和数据
01:03 +1701 -15: E:/tdesign-flutter-v1/tdesign-component/test/components/table/t_table_test.dart: TTable 基础渲染 渲染基本表格 - 表头和数据
01:03 +1702 -15: E:/tdesign-flutter-v1/tdesign-component/test/components/table/t_table_test.dart: TTable 基础渲染 渲染基本表格 - 表头和数据
01:03 +1703 -15: E:/tdesign-flutter-v1/tdesign-component/test/components/table/t_table_test.dart: TTable 基础渲染 渲染基本表格 - 表头和数据
01:03 +1704 -15: E:/tdesign-flutter-v1/tdesign-component/test/components/table/t_table_test.dart: TTable 基础渲染 渲染基本表格 - 表头和数据
01:03 +1705 -15: E:/tdesign-flutter-v1/tdesign-component/test/components/table/t_table_test.dart: TTable 基础渲染 渲染基本表格 - 表头和数据
01:03 +1706 -15: E:/tdesign-flutter-v1/tdesign-component/test/components/table/t_table_test.dart: TTable 基础渲染 渲染基本表格 - 表头和数据
01:03 +1707 -15: E:/tdesign-flutter-v1/tdesign-component/test/components/table/t_table_test.dart: TTable 基础渲染 渲染基本表格 - 表头和数据
01:03 +1708 -15: E:/tdesign-flutter-v1/tdesign-component/test/components/table/t_table_test.dart: TTable 基础渲染 渲染基本表格 - 表头和数据
01:03 +1709 -15: E:/tdesign-flutter-v1/tdesign-component/test/components/tabs/t_horizontal_tab_bar_test.dart: THorizontalTabBar 默认/裸渲染 裸渲染（labelStyle/labelColor 为 null 走默认分支）
01:03 +1710 -15: E:/tdesign-flutter-v1/tdesign-component/test/components/tabs/t_horizontal_tab_bar_test.dart: THorizontalTabBar 默认/裸渲染 裸渲染（labelStyle/labelColor 为 null 走默认分支）
01:03 +1711 -15: E:/tdesign-flutter-v1/tdesign-component/test/components/tabs/t_horizontal_tab_bar_test.dart: THorizontalTabBar 默认/裸渲染 裸渲染（labelStyle/labelColor 为 null 走默认分支）
01:03 +1712 -15: E:/tdesign-flutter-v1/tdesign-component/test/components/tabs/t_horizontal_tab_bar_test.dart: THorizontalTabBar 默认/裸渲染 裸渲染（labelStyle/labelColor 为 null 走默认分支）
01:03 +1713 -15: E:/tdesign-flutter-v1/tdesign-component/test/components/tabs/t_horizontal_tab_bar_test.dart: THorizontalTabBar 默认/裸渲染 裸渲染（labelStyle/labelColor 为 null 走默认分支）
01:03 +1714 -15: E:/tdesign-flutter-v1/tdesign-component/test/components/tabs/t_horizontal_tab_bar_test.dart: THorizontalTabBar 默认/裸渲染 裸渲染（labelStyle/labelColor 为 null 走默认分支）
01:03 +1715 -15: E:/tdesign-flutter-v1/tdesign-component/test/components/tabs/t_horizontal_tab_bar_test.dart: THorizontalTabBar 默认/裸渲染 裸渲染（labelStyle/labelColor 为 null 走默认分支）
01:03 +1716 -15: E:/tdesign-flutter-v1/tdesign-component/test/components/tabs/t_horizontal_tab_bar_test.dart: THorizontalTabBar 默认/裸渲染 裸渲染（labelStyle/labelColor 为 null 走默认分支）
01:03 +1717 -15: E:/tdesign-flutter-v1/tdesign-component/test/components/tabs/t_horizontal_tab_bar_test.dart: THorizontalTabBar 默认/裸渲染 裸渲染（labelStyle/labelColor 为 null 走默认分支）
01:03 +1718 -15: E:/tdesign-flutter-v1/tdesign-component/test/components/tabs/t_horizontal_tab_bar_test.dart: THorizontalTabBar 默认/裸渲染 裸渲染（labelStyle/labelColor 为 null 走默认分支）
01:03 +1719 -15: E:/tdesign-flutter-v1/tdesign-component/test/components/tabs/t_horizontal_tab_bar_test.dart: THorizontalTabBar 默认/裸渲染 裸渲染（labelStyle/labelColor 为 null 走默认分支）
01:03 +1720 -15: E:/tdesign-flutter-v1/tdesign-component/test/components/tabs/t_horizontal_tab_bar_test.dart: THorizontalTabBar 默认/裸渲染 裸渲染（labelStyle/labelColor 为 null 走默认分支）
01:03 +1721 -15: E:/tdesign-flutter-v1/tdesign-component/test/components/tabs/t_horizontal_tab_bar_test.dart: THorizontalTabBar 默认/裸渲染 裸渲染（labelStyle/labelColor 为 null 走默认分支）
01:03 +1722 -15: E:/tdesign-flutter-v1/tdesign-component/test/components/tabs/t_horizontal_tab_bar_test.dart: THorizontalTabBar 默认/裸渲染 裸渲染（labelStyle/labelColor 为 null 走默认分支）
01:03 +1723 -15: E:/tdesign-flutter-v1/tdesign-component/test/components/tabs/t_horizontal_tab_bar_test.dart: THorizontalTabBar 默认/裸渲染 裸渲染（labelStyle/labelColor 为 null 走默认分支）
01:03 +1724 -15: E:/tdesign-flutter-v1/tdesign-component/test/components/tabs/t_horizontal_tab_bar_test.dart: THorizontalTabBar 默认/裸渲染 裸渲染（labelStyle/labelColor 为 null 走默认分支）
01:03 +1725 -15: E:/tdesign-flutter-v1/tdesign-component/test/components/tabs/t_horizontal_tab_bar_test.dart: THorizontalTabBar 默认/裸渲染 裸渲染（labelStyle/labelColor 为 null 走默认分支）
01:03 +1726 -15: E:/tdesign-flutter-v1/tdesign-component/test/components/tabs/t_horizontal_tab_bar_test.dart: THorizontalTabBar 默认/裸渲染 裸渲染（labelStyle/labelColor 为 null 走默认分支）
01:03 +1727 -15: E:/tdesign-flutter-v1/tdesign-component/test/components/tabs/t_horizontal_tab_bar_test.dart: THorizontalTabBar 默认/裸渲染 裸渲染（labelStyle/labelColor 为 null 走默认分支）
01:03 +1728 -15: E:/tdesign-flutter-v1/tdesign-component/test/components/tabs/t_horizontal_tab_bar_test.dart: THorizontalTabBar 默认/裸渲染 裸渲染（labelStyle/labelColor 为 null 走默认分支）
01:03 +1729 -15: E:/tdesign-flutter-v1/tdesign-component/test/components/tabs/t_horizontal_tab_bar_test.dart: THorizontalTabBar 默认/裸渲染 裸渲染（labelStyle/labelColor 为 null 走默认分支）
01:03 +1730 -15: E:/tdesign-flutter-v1/tdesign-component/test/components/tabs/t_horizontal_tab_bar_test.dart: THorizontalTabBar 默认/裸渲染 裸渲染（labelStyle/labelColor 为 null 走默认分支）
01:03 +1731 -15: E:/tdesign-flutter-v1/tdesign-component/test/components/tabs/t_horizontal_tab_bar_test.dart: THorizontalTabBar 默认/裸渲染 裸渲染（labelStyle/labelColor 为 null 走默认分支）
01:03 +1732 -15: E:/tdesign-flutter-v1/tdesign-component/test/components/tabs/t_horizontal_tab_bar_test.dart: THorizontalTabBar 默认/裸渲染 裸渲染（labelStyle/labelColor 为 null 走默认分支）
01:03 +1733 -15: E:/tdesign-flutter-v1/tdesign-component/test/components/tabs/t_horizontal_tab_bar_test.dart: THorizontalTabBar 默认/裸渲染 裸渲染（labelStyle/labelColor 为 null 走默认分支）
01:03 +1734 -15: E:/tdesign-flutter-v1/tdesign-component/test/components/tabs/t_horizontal_tab_bar_test.dart: THorizontalTabBar 默认/裸渲染 裸渲染（labelStyle/labelColor 为 null 走默认分支）
01:04 +1735 -15: E:/tdesign-flutter-v1/tdesign-component/test/components/tabs/t_horizontal_tab_bar_test.dart: THorizontalTabBar 默认/裸渲染 裸渲染（labelStyle/labelColor 为 null 走默认分支）
01:04 +1736 -15: E:/tdesign-flutter-v1/tdesign-component/test/components/tabs/t_horizontal_tab_bar_test.dart: THorizontalTabBar 默认/裸渲染 裸渲染（labelStyle/labelColor 为 null 走默认分支）
01:04 +1737 -15: E:/tdesign-flutter-v1/tdesign-component/test/components/tabs/t_horizontal_tab_bar_test.dart: THorizontalTabBar 默认/裸渲染 裸渲染（labelStyle/labelColor 为 null 走默认分支）
01:04 +1738 -15: E:/tdesign-flutter-v1/tdesign-component/test/components/tabs/t_horizontal_tab_bar_test.dart: THorizontalTabBar 默认/裸渲染 裸渲染（labelStyle/labelColor 为 null 走默认分支）
01:04 +1739 -15: E:/tdesign-flutter-v1/tdesign-component/test/components/tabs/t_horizontal_tab_bar_test.dart: THorizontalTabBar 默认/裸渲染 裸渲染（labelStyle/labelColor 为 null 走默认分支）
01:04 +1740 -15: E:/tdesign-flutter-v1/tdesign-component/test/components/tabs/t_horizontal_tab_bar_test.dart: THorizontalTabBar 默认/裸渲染 裸渲染（labelStyle/labelColor 为 null 走默认分支）
01:04 +1741 -15: E:/tdesign-flutter-v1/tdesign-component/test/components/tabs/t_horizontal_tab_bar_test.dart: THorizontalTabBar 默认/裸渲染 裸渲染（labelStyle/labelColor 为 null 走默认分支）
01:04 +1742 -15: E:/tdesign-flutter-v1/tdesign-component/test/components/tabs/t_horizontal_tab_bar_test.dart: THorizontalTabBar 默认/裸渲染 裸渲染（labelStyle/labelColor 为 null 走默认分支）
01:04 +1743 -15: E:/tdesign-flutter-v1/tdesign-component/test/components/tabs/t_horizontal_tab_bar_test.dart: THorizontalTabBar 默认/裸渲染 裸渲染（labelStyle/labelColor 为 null 走默认分支）
01:04 +1744 -15: E:/tdesign-flutter-v1/tdesign-component/test/components/tabs/t_horizontal_tab_bar_test.dart: THorizontalTabBar 默认/裸渲染 裸渲染（labelStyle/labelColor 为 null 走默认分支）
01:04 +1745 -15: E:/tdesign-flutter-v1/tdesign-component/test/components/tabs/t_horizontal_tab_bar_test.dart: THorizontalTabBar 默认/裸渲染 裸渲染（labelStyle/labelColor 为 null 走默认分支）
01:04 +1746 -15: E:/tdesign-flutter-v1/tdesign-component/test/components/tabs/t_horizontal_tab_bar_test.dart: THorizontalTabBar 默认/裸渲染 裸渲染（labelStyle/labelColor 为 null 走默认分支）
01:04 +1747 -15: E:/tdesign-flutter-v1/tdesign-component/test/components/tabs/t_horizontal_tab_bar_test.dart: THorizontalTabBar 默认/裸渲染 裸渲染（labelStyle/labelColor 为 null 走默认分支）
01:04 +1748 -15: E:/tdesign-flutter-v1/tdesign-component/test/components/tabs/t_horizontal_tab_bar_test.dart: THorizontalTabBar 默认/裸渲染 裸渲染（labelStyle/labelColor 为 null 走默认分支）
01:04 +1749 -15: E:/tdesign-flutter-v1/tdesign-component/test/components/tabs/t_horizontal_tab_bar_test.dart: THorizontalTabBar 默认/裸渲染 裸渲染（labelStyle/labelColor 为 null 走默认分支）
01:04 +1750 -15: E:/tdesign-flutter-v1/tdesign-component/test/components/tabs/t_horizontal_tab_bar_test.dart: THorizontalTabBar 默认/裸渲染 裸渲染（labelStyle/labelColor 为 null 走默认分支）
01:04 +1751 -15: E:/tdesign-flutter-v1/tdesign-component/test/components/tabs/t_horizontal_tab_bar_test.dart: THorizontalTabBar 默认/裸渲染 裸渲染（labelStyle/labelColor 为 null 走默认分支）
01:04 +1752 -15: E:/tdesign-flutter-v1/tdesign-component/test/components/tabs/t_horizontal_tab_bar_test.dart: THorizontalTabBar 默认/裸渲染 裸渲染（labelStyle/labelColor 为 null 走默认分支）
01:04 +1753 -15: E:/tdesign-flutter-v1/tdesign-component/test/components/tabs/t_horizontal_tab_bar_test.dart: THorizontalTabBar 默认/裸渲染 裸渲染（labelStyle/labelColor 为 null 走默认分支）
01:04 +1754 -15: E:/tdesign-flutter-v1/tdesign-component/test/components/tabs/t_horizontal_tab_bar_test.dart: THorizontalTabBar 默认/裸渲染 裸渲染（labelStyle/labelColor 为 null 走默认分支）
01:04 +1755 -15: E:/tdesign-flutter-v1/tdesign-component/test/components/tabs/t_tabbar_golden_test.dart: TTabBar Golden filled 变体（默认）
01:04 +1756 -15: E:/tdesign-flutter-v1/tdesign-component/test/components/tabs/t_tabbar_golden_test.dart: TTabBar Golden filled 变体（默认）
01:04 +1757 -15: E:/tdesign-flutter-v1/tdesign-component/test/components/tabs/t_tabbar_golden_test.dart: TTabBar Golden filled 变体（默认）
01:04 +1758 -15: E:/tdesign-flutter-v1/tdesign-component/test/components/tabs/t_tabbar_golden_test.dart: TTabBar Golden filled 变体（默认）
01:04 +1759 -15: E:/tdesign-flutter-v1/tdesign-component/test/components/tabs/t_tabbar_golden_test.dart: TTabBar Golden filled 变体（默认）
01:04 +1760 -15: E:/tdesign-flutter-v1/tdesign-component/test/components/tabs/t_tabbar_golden_test.dart: TTabBar Golden filled 变体（默认）
01:04 +1761 -15: E:/tdesign-flutter-v1/tdesign-component/test/components/tabs/t_tabbar_golden_test.dart: TTabBar Golden filled 变体（默认）
01:04 +1762 -15: E:/tdesign-flutter-v1/tdesign-component/test/components/tabs/t_tabbar_golden_test.dart: TTabBar Golden filled 变体（默认）
01:04 +1763 -15: E:/tdesign-flutter-v1/tdesign-component/test/components/tabs/t_tabbar_golden_test.dart: TTabBar Golden filled 变体（默认）
01:04 +1764 -15: E:/tdesign-flutter-v1/tdesign-component/test/components/tabs/t_tabbar_golden_test.dart: TTabBar Golden filled 变体（默认）
01:04 +1765 -15: E:/tdesign-flutter-v1/tdesign-component/test/components/tabs/t_tabbar_golden_test.dart: TTabBar Golden filled 变体（默认）
01:04 +1766 -15: E:/tdesign-flutter-v1/tdesign-component/test/components/tabs/t_tabbar_golden_test.dart: TTabBar Golden filled 变体（默认）
01:04 +1767 -15: E:/tdesign-flutter-v1/tdesign-component/test/components/tabs/t_tabbar_golden_test.dart: TTabBar Golden filled 变体（默认）
01:04 +1768 -15: E:/tdesign-flutter-v1/tdesign-component/test/components/tabs/t_tabbar_golden_test.dart: TTabBar Golden filled 变体（默认）
01:04 +1769 -15: E:/tdesign-flutter-v1/tdesign-component/test/components/tabs/t_tabbar_golden_test.dart: TTabBar Golden filled 变体（默认）
01:04 +1770 -15: E:/tdesign-flutter-v1/tdesign-component/test/components/tabs/t_tabbar_golden_test.dart: TTabBar Golden filled 变体（默认）
01:04 +1771 -15: E:/tdesign-flutter-v1/tdesign-component/test/components/tabs/t_tabbar_golden_test.dart: TTabBar Golden filled 变体（默认）
01:04 +1772 -15: E:/tdesign-flutter-v1/tdesign-component/test/components/tabs/t_tabbar_golden_test.dart: TTabBar Golden filled 变体（默认）
01:04 +1773 -15: E:/tdesign-flutter-v1/tdesign-component/test/components/tabs/t_tabbar_golden_test.dart: TTabBar Golden filled 变体（默认）
01:05 +1774 -15: E:/tdesign-flutter-v1/tdesign-component/test/components/tabs/t_tabbar_golden_test.dart: TTabBar Golden filled 变体（默认）
01:05 +1775 -15: E:/tdesign-flutter-v1/tdesign-component/test/components/tabs/t_tabbar_golden_test.dart: TTabBar Golden filled 变体（默认）
01:05 +1776 -15: E:/tdesign-flutter-v1/tdesign-component/test/components/tabs/t_tabbar_golden_test.dart: TTabBar Golden filled 变体（默认）
01:05 +1777 -15: E:/tdesign-flutter-v1/tdesign-component/test/components/tabs/t_tabbar_golden_test.dart: TTabBar Golden filled 变体（默认）
01:05 +1778 -15: E:/tdesign-flutter-v1/tdesign-component/test/components/tabs/t_tabbar_golden_test.dart: TTabBar Golden filled 变体（默认）
01:05 +1779 -15: E:/tdesign-flutter-v1/tdesign-component/test/components/tabs/t_tabbar_golden_test.dart: TTabBar Golden filled 变体（默认）
01:05 +1780 -15: E:/tdesign-flutter-v1/tdesign-component/test/components/tabs/t_tabbar_golden_test.dart: TTabBar Golden filled 变体（默认）
01:05 +1781 -15: E:/tdesign-flutter-v1/tdesign-component/test/components/tabs/t_tabbar_golden_test.dart: TTabBar Golden filled 变体（默认）
01:05 +1782 -15: E:/tdesign-flutter-v1/tdesign-component/test/components/tabs/t_tabbar_golden_test.dart: TTabBar Golden filled 变体（默认）
01:05 +1783 -15: E:/tdesign-flutter-v1/tdesign-component/test/components/tabs/t_tabbar_golden_test.dart: TTabBar Golden filled 变体（默认）
══╡ EXCEPTION CAUGHT BY FLUTTER TEST FRAMEWORK ╞════════════════════════════════════════════════════
The following assertion was thrown while running async test code:
Golden "goldens/t_tabbar_filled.png": Pixel test failed, 0.37%, 294px diff detected.
Failure feedback can be found at
/E:/tdesign-flutter-v1/tdesign-component/test/components/tabs/failures

When the exception was thrown, this was the stack:
#0      LocalFileComparator.compare (package:flutter_test/src/_goldens_io.dart:108:5)
<asynchronous suspension>
#1      MatchesGoldenFile.matchAsync.<anonymous closure> (package:flutter_test/src/_matchers_io.dart:124:32)
<asynchronous suspension>
<asynchronous suspension>
#3      _expect.<anonymous closure> (package:matcher/src/expect/expect.dart:153:17)
<asynchronous suspension>
<asynchronous suspension>
#5      expectLater.<anonymous closure> (package:flutter_test/src/widget_tester.dart:508:19)
<asynchronous suspension>
#6      main.<anonymous closure>.<anonymous closure> (file:///E:/tdesign-flutter-v1/tdesign-component/test/components/tabs/t_tabbar_golden_test.dart:40:7)
<asynchronous suspension>
#7      testWidgets.<anonymous closure>.<anonymous closure> (package:flutter_test/src/widget_tester.dart:192:15)
<asynchronous suspension>
#8      TestWidgetsFlutterBinding._runTestBody (package:flutter_test/src/binding.dart:1682:5)
<asynchronous suspension>
<asynchronous suspension>
(elided 3 frames from dart:async and package:stack_trace)

The exception was caught asynchronously.
════════════════════════════════════════════════════════════════════════════════════════════════════
01:05 +1783 -16: E:/tdesign-flutter-v1/tdesign-component/test/components/tabs/t_tab_bar_test.dart: TTabBar 基础渲染 variant=filled 渲染标签栏
01:05 +1783 -16: E:/tdesign-flutter-v1/tdesign-component/test/components/tabs/t_tabbar_golden_test.dart: TTabBar Golden filled 变体（默认） [E]
  Test failed. See exception logs above.
  The test description was: filled 变体（默认）
  
01:05 +1784 -16: E:/tdesign-flutter-v1/tdesign-component/test/components/tabs/t_tab_bar_test.dart: TTabBar 基础渲染 variant=filled 渲染标签栏
01:05 +1785 -16: E:/tdesign-flutter-v1/tdesign-component/test/components/tabs/t_tab_bar_test.dart: TTabBar 基础渲染 variant=filled 渲染标签栏
01:05 +1786 -16: E:/tdesign-flutter-v1/tdesign-component/test/components/tabs/t_tab_bar_test.dart: TTabBar 基础渲染 variant=filled 渲染标签栏
01:05 +1787 -16: E:/tdesign-flutter-v1/tdesign-component/test/components/tabs/t_tab_bar_test.dart: TTabBar 基础渲染 variant=filled 渲染标签栏
01:05 +1788 -16: E:/tdesign-flutter-v1/tdesign-component/test/components/tabs/t_tab_bar_test.dart: TTabBar 基础渲染 variant=filled 渲染标签栏
01:05 +1789 -16: E:/tdesign-flutter-v1/tdesign-component/test/components/tabs/t_tab_test.dart: TTab text 渲染
01:05 +1789 -16: E:/tdesign-flutter-v1/tdesign-component/test/components/tabs/t_tabbar_golden_test.dart: TTabBar Golden capsule 变体
══╡ EXCEPTION CAUGHT BY FLUTTER TEST FRAMEWORK ╞════════════════════════════════════════════════════
The following assertion was thrown while running async test code:
Golden "goldens/t_tabbar_capsule.png": Pixel test failed, 0.37%, 294px diff detected.
Failure feedback can be found at
/E:/tdesign-flutter-v1/tdesign-component/test/components/tabs/failures

When the exception was thrown, this was the stack:
#0      LocalFileComparator.compare (package:flutter_test/src/_goldens_io.dart:108:5)
<asynchronous suspension>
#1      MatchesGoldenFile.matchAsync.<anonymous closure> (package:flutter_test/src/_matchers_io.dart:124:32)
<asynchronous suspension>
<asynchronous suspension>
#3      _expect.<anonymous closure> (package:matcher/src/expect/expect.dart:153:17)
<asynchronous suspension>
<asynchronous suspension>
#5      expectLater.<anonymous closure> (package:flutter_test/src/widget_tester.dart:508:19)
<asynchronous suspension>
#6      main.<anonymous closure>.<anonymous closure> (file:///E:/tdesign-flutter-v1/tdesign-component/test/components/tabs/t_tabbar_golden_test.dart:58:7)
<asynchronous suspension>
#7      testWidgets.<anonymous closure>.<anonymous closure> (package:flutter_test/src/widget_tester.dart:192:15)
<asynchronous suspension>
#8      TestWidgetsFlutterBinding._runTestBody (package:flutter_test/src/binding.dart:1682:5)
<asynchronous suspension>
<asynchronous suspension>
(elided 3 frames from dart:async and package:stack_trace)

The exception was caught asynchronously.
════════════════════════════════════════════════════════════════════════════════════════════════════
01:05 +1789 -17: E:/tdesign-flutter-v1/tdesign-component/test/components/tabs/t_tab_test.dart: TTab text 渲染
01:05 +1789 -17: E:/tdesign-flutter-v1/tdesign-component/test/components/tabs/t_tabbar_golden_test.dart: TTabBar Golden capsule 变体 [E]
  Test failed. See exception logs above.
  The test description was: capsule 变体
  
01:05 +1790 -17: E:/tdesign-flutter-v1/tdesign-component/test/components/tabs/t_tab_test.dart: TTab text 渲染
01:05 +1791 -17: E:/tdesign-flutter-v1/tdesign-component/test/components/tabs/t_tab_test.dart: TTab text 渲染
01:05 +1792 -17: E:/tdesign-flutter-v1/tdesign-component/test/components/tabs/t_tab_test.dart: TTab text 渲染
01:05 +1793 -17: E:/tdesign-flutter-v1/tdesign-component/test/components/tabs/t_tab_test.dart: TTab text 渲染
01:05 +1794 -17: E:/tdesign-flutter-v1/tdesign-component/test/components/tabs/t_tab_test.dart: TTab text 渲染
01:05 +1795 -17: E:/tdesign-flutter-v1/tdesign-component/test/components/tabs/t_tab_test.dart: TTab text 渲染
01:05 +1796 -17: E:/tdesign-flutter-v1/tdesign-component/test/components/tabs/t_tab_test.dart: TTab text 渲染
01:05 +1797 -17: E:/tdesign-flutter-v1/tdesign-component/test/components/tabs/t_tab_test.dart: TTab text 渲染
01:05 +1798 -17: E:/tdesign-flutter-v1/tdesign-component/test/components/tabs/t_tab_test.dart: TTab text 渲染
01:05 +1799 -17: E:/tdesign-flutter-v1/tdesign-component/test/components/tabs/t_tab_test.dart: TTab text 渲染
01:05 +1800 -17: E:/tdesign-flutter-v1/tdesign-component/test/components/tabs/t_tab_test.dart: TTab text 渲染
01:05 +1800 -17: E:/tdesign-flutter-v1/tdesign-component/test/components/tabs/t_tabbar_golden_test.dart: TTabBar Golden card 变体
══╡ EXCEPTION CAUGHT BY FLUTTER TEST FRAMEWORK ╞════════════════════════════════════════════════════
The following assertion was thrown while running async test code:
Golden "goldens/t_tabbar_card.png": Pixel test failed, 0.37%, 294px diff detected.
Failure feedback can be found at
/E:/tdesign-flutter-v1/tdesign-component/test/components/tabs/failures

When the exception was thrown, this was the stack:
#0      LocalFileComparator.compare (package:flutter_test/src/_goldens_io.dart:108:5)
<asynchronous suspension>
#1      MatchesGoldenFile.matchAsync.<anonymous closure> (package:flutter_test/src/_matchers_io.dart:124:32)
<asynchronous suspension>
<asynchronous suspension>
#3      _expect.<anonymous closure> (package:matcher/src/expect/expect.dart:153:17)
<asynchronous suspension>
<asynchronous suspension>
#5      expectLater.<anonymous closure> (package:flutter_test/src/widget_tester.dart:508:19)
<asynchronous suspension>
#6      main.<anonymous closure>.<anonymous closure> (file:///E:/tdesign-flutter-v1/tdesign-component/test/components/tabs/t_tabbar_golden_test.dart:76:7)
<asynchronous suspension>
#7      testWidgets.<anonymous closure>.<anonymous closure> (package:flutter_test/src/widget_tester.dart:192:15)
<asynchronous suspension>
#8      TestWidgetsFlutterBinding._runTestBody (package:flutter_test/src/binding.dart:1682:5)
<asynchronous suspension>
<asynchronous suspension>
(elided 3 frames from dart:async and package:stack_trace)

The exception was caught asynchronously.
════════════════════════════════════════════════════════════════════════════════════════════════════
01:05 +1800 -18: E:/tdesign-flutter-v1/tdesign-component/test/components/tabs/t_tab_test.dart: TTab text 渲染
01:05 +1800 -18: E:/tdesign-flutter-v1/tdesign-component/test/components/tabs/t_tabbar_golden_test.dart: TTabBar Golden card 变体 [E]
  Test failed. See exception logs above.
  The test description was: card 变体
  
01:06 +1801 -18: E:/tdesign-flutter-v1/tdesign-component/test/components/tabs/t_tab_test.dart: TTab text 渲染
01:06 +1802 -18: E:/tdesign-flutter-v1/tdesign-component/test/components/tabs/t_tab_test.dart: TTab text 渲染
01:06 +1803 -18: E:/tdesign-flutter-v1/tdesign-component/test/components/tabs/t_tab_test.dart: TTab text 渲染
01:06 +1804 -18: E:/tdesign-flutter-v1/tdesign-component/test/components/tabs/t_tab_test.dart: TTab text 渲染
01:06 +1805 -18: E:/tdesign-flutter-v1/tdesign-component/test/components/tag/t_tag_test.dart: TTag 基础渲染 显示文字内容
01:06 +1806 -18: E:/tdesign-flutter-v1/tdesign-component/test/components/tag/t_tag_test.dart: TTag 基础渲染 显示文字内容
01:06 +1807 -18: E:/tdesign-flutter-v1/tdesign-component/test/components/tag/t_tag_test.dart: TTag 基础渲染 显示文字内容
01:06 +1808 -18: E:/tdesign-flutter-v1/tdesign-component/test/components/tag/t_tag_test.dart: TTag 基础渲染 显示文字内容
01:06 +1809 -18: E:/tdesign-flutter-v1/tdesign-component/test/components/tag/t_tag_test.dart: TTag 基础渲染 显示文字内容
01:06 +1809 -18: E:/tdesign-flutter-v1/tdesign-component/test/components/tabs/t_tabbar_golden_test.dart: TTabBar Golden filled 等分态
══╡ EXCEPTION CAUGHT BY FLUTTER TEST FRAMEWORK ╞════════════════════════════════════════════════════
The following assertion was thrown while running async test code:
Golden "goldens/t_tabbar_filled_2tabs.png": Pixel test failed, 0.27%, 218px diff detected.
Failure feedback can be found at
/E:/tdesign-flutter-v1/tdesign-component/test/components/tabs/failures

When the exception was thrown, this was the stack:
#0      LocalFileComparator.compare (package:flutter_test/src/_goldens_io.dart:108:5)
<asynchronous suspension>
#1      MatchesGoldenFile.matchAsync.<anonymous closure> (package:flutter_test/src/_matchers_io.dart:124:32)
<asynchronous suspension>
<asynchronous suspension>
#3      _expect.<anonymous closure> (package:matcher/src/expect/expect.dart:153:17)
<asynchronous suspension>
<asynchronous suspension>
#5      expectLater.<anonymous closure> (package:flutter_test/src/widget_tester.dart:508:19)
<asynchronous suspension>
#6      main.<anonymous closure>.<anonymous closure> (file:///E:/tdesign-flutter-v1/tdesign-component/test/components/tabs/t_tabbar_golden_test.dart:93:7)
<asynchronous suspension>
#7      testWidgets.<anonymous closure>.<anonymous closure> (package:flutter_test/src/widget_tester.dart:192:15)
<asynchronous suspension>
#8      TestWidgetsFlutterBinding._runTestBody (package:flutter_test/src/binding.dart:1682:5)
<asynchronous suspension>
<asynchronous suspension>
(elided 3 frames from dart:async and package:stack_trace)

The exception was caught asynchronously.
════════════════════════════════════════════════════════════════════════════════════════════════════
01:06 +1809 -19: E:/tdesign-flutter-v1/tdesign-component/test/components/tag/t_tag_test.dart: TTag 基础渲染 显示文字内容
01:06 +1809 -19: E:/tdesign-flutter-v1/tdesign-component/test/components/tabs/t_tabbar_golden_test.dart: TTabBar Golden filled 等分态 [E]
  Test failed. See exception logs above.
  The test description was: filled 等分态
  
01:06 +1810 -19: E:/tdesign-flutter-v1/tdesign-component/test/components/tag/t_tag_test.dart: TTag 基础渲染 显示文字内容
01:06 +1811 -19: E:/tdesign-flutter-v1/tdesign-component/test/components/tag/t_tag_test.dart: TTag 基础渲染 显示文字内容
01:06 +1812 -19: E:/tdesign-flutter-v1/tdesign-component/test/components/tag/t_tag_test.dart: TTag 基础渲染 显示文字内容
01:06 +1813 -19: E:/tdesign-flutter-v1/tdesign-component/test/components/tag/t_tag_test.dart: TTag 基础渲染 显示文字内容
01:06 +1814 -19: E:/tdesign-flutter-v1/tdesign-component/test/components/tag/t_tag_test.dart: TTag 基础渲染 显示文字内容
01:06 +1815 -19: E:/tdesign-flutter-v1/tdesign-component/test/components/tag/t_tag_test.dart: TTag 基础渲染 显示文字内容
01:06 +1816 -19: E:/tdesign-flutter-v1/tdesign-component/test/components/tag/t_tag_test.dart: TTag 基础渲染 显示文字内容
01:06 +1817 -19: E:/tdesign-flutter-v1/tdesign-component/test/components/tag/t_tag_test.dart: TTag 基础渲染 显示文字内容
01:06 +1818 -19: E:/tdesign-flutter-v1/tdesign-component/test/components/tag/t_tag_test.dart: TTag 基础渲染 显示文字内容
01:06 +1818 -19: E:/tdesign-flutter-v1/tdesign-component/test/components/tabs/t_tabbar_golden_test.dart: TTabBar Golden capsule 多标签
══╡ EXCEPTION CAUGHT BY FLUTTER TEST FRAMEWORK ╞════════════════════════════════════════════════════
The following assertion was thrown while running async test code:
Golden "goldens/t_tabbar_capsule_small.png": Pixel test failed, 0.56%, 444px diff detected.
Failure feedback can be found at
/E:/tdesign-flutter-v1/tdesign-component/test/components/tabs/failures

When the exception was thrown, this was the stack:
#0      LocalFileComparator.compare (package:flutter_test/src/_goldens_io.dart:108:5)
<asynchronous suspension>
#1      MatchesGoldenFile.matchAsync.<anonymous closure> (package:flutter_test/src/_matchers_io.dart:124:32)
<asynchronous suspension>
<asynchronous suspension>
#3      _expect.<anonymous closure> (package:matcher/src/expect/expect.dart:153:17)
<asynchronous suspension>
<asynchronous suspension>
#5      expectLater.<anonymous closure> (package:flutter_test/src/widget_tester.dart:508:19)
<asynchronous suspension>
#6      main.<anonymous closure>.<anonymous closure> (file:///E:/tdesign-flutter-v1/tdesign-component/test/components/tabs/t_tabbar_golden_test.dart:113:7)
<asynchronous suspension>
#7      testWidgets.<anonymous closure>.<anonymous closure> (package:flutter_test/src/widget_tester.dart:192:15)
<asynchronous suspension>
#8      TestWidgetsFlutterBinding._runTestBody (package:flutter_test/src/binding.dart:1682:5)
<asynchronous suspension>
<asynchronous suspension>
(elided 3 frames from dart:async and package:stack_trace)

The exception was caught asynchronously.
════════════════════════════════════════════════════════════════════════════════════════════════════
01:06 +1818 -20: E:/tdesign-flutter-v1/tdesign-component/test/components/tag/t_tag_test.dart: TTag 基础渲染 显示文字内容
01:06 +1819 -20: E:/tdesign-flutter-v1/tdesign-component/test/components/tag/t_tag_test.dart: TTag 基础渲染 显示文字内容
01:06 +1819 -20: E:/tdesign-flutter-v1/tdesign-component/test/components/tabs/t_tabbar_golden_test.dart: TTabBar Golden capsule 多标签 [E]
  Test failed. See exception logs above.
  The test description was: capsule 多标签
  
01:06 +1820 -20: E:/tdesign-flutter-v1/tdesign-component/test/components/tag/t_tag_test.dart: TTag 基础渲染 显示文字内容
01:06 +1821 -20: E:/tdesign-flutter-v1/tdesign-component/test/components/tag/t_tag_test.dart: TTag 基础渲染 显示文字内容
01:06 +1822 -20: E:/tdesign-flutter-v1/tdesign-component/test/components/tag/t_tag_test.dart: TTag 基础渲染 显示文字内容
01:06 +1823 -20: E:/tdesign-flutter-v1/tdesign-component/test/components/tag/t_tag_test.dart: TTag 基础渲染 显示文字内容
01:06 +1824 -20: E:/tdesign-flutter-v1/tdesign-component/test/components/tag/t_tag_test.dart: TTag 基础渲染 显示文字内容
01:06 +1825 -20: E:/tdesign-flutter-v1/tdesign-component/test/components/tag/t_tag_test.dart: TTag 基础渲染 显示文字内容
01:06 +1826 -20: E:/tdesign-flutter-v1/tdesign-component/test/components/tag/t_tag_test.dart: TTag 基础渲染 显示文字内容
01:06 +1827 -20: E:/tdesign-flutter-v1/tdesign-component/test/components/tag/t_tag_test.dart: TTag 基础渲染 显示文字内容
01:06 +1828 -20: E:/tdesign-flutter-v1/tdesign-component/test/components/tag/t_tag_test.dart: TTag 基础渲染 显示文字内容
01:06 +1829 -20: E:/tdesign-flutter-v1/tdesign-component/test/components/tag/t_tag_test.dart: TTag 基础渲染 显示文字内容
01:06 +1830 -20: E:/tdesign-flutter-v1/tdesign-component/test/components/tag/t_tag_test.dart: TTag 基础渲染 显示文字内容
01:06 +1831 -20: E:/tdesign-flutter-v1/tdesign-component/test/components/tag/t_tag_test.dart: TTag 基础渲染 显示文字内容
01:06 +1832 -20: E:/tdesign-flutter-v1/tdesign-component/test/components/tag/t_tag_test.dart: TTag 基础渲染 显示文字内容
01:06 +1833 -20: E:/tdesign-flutter-v1/tdesign-component/test/components/tag/t_tag_test.dart: TTag 基础渲染 显示文字内容
01:06 +1834 -20: E:/tdesign-flutter-v1/tdesign-component/test/components/tag/t_tag_test.dart: TTag 基础渲染 显示文字内容
01:06 +1835 -20: E:/tdesign-flutter-v1/tdesign-component/test/components/tag/t_tag_test.dart: TTag 基础渲染 显示文字内容
01:06 +1836 -20: E:/tdesign-flutter-v1/tdesign-component/test/components/tag/t_tag_test.dart: TTag 基础渲染 显示文字内容
01:07 +1837 -20: E:/tdesign-flutter-v1/tdesign-component/test/components/tag/t_tag_test.dart: TTag 基础渲染 显示文字内容
01:07 +1838 -20: E:/tdesign-flutter-v1/tdesign-component/test/components/tag/t_tag_test.dart: TTag 基础渲染 显示文字内容
01:07 +1839 -20: E:/tdesign-flutter-v1/tdesign-component/test/components/tag/t_tag_test.dart: TTag 基础渲染 显示文字内容
01:07 +1840 -20: E:/tdesign-flutter-v1/tdesign-component/test/components/tag/t_tag_test.dart: TTag 基础渲染 显示文字内容
01:07 +1841 -20: E:/tdesign-flutter-v1/tdesign-component/test/components/tag/t_tag_test.dart: TTag 基础渲染 显示文字内容
01:07 +1842 -20: E:/tdesign-flutter-v1/tdesign-component/test/components/tag/t_tag_test.dart: TTag 基础渲染 显示文字内容
01:07 +1843 -20: E:/tdesign-flutter-v1/tdesign-component/test/components/tag/t_tag_test.dart: TTag 基础渲染 显示文字内容
01:07 +1844 -20: E:/tdesign-flutter-v1/tdesign-component/test/components/tag/t_tag_test.dart: TTag 基础渲染 显示文字内容
01:07 +1845 -20: E:/tdesign-flutter-v1/tdesign-component/test/components/tag/t_tag_test.dart: TTag 基础渲染 显示文字内容
01:07 +1846 -20: E:/tdesign-flutter-v1/tdesign-component/test/components/tag/t_tag_test.dart: TTag 基础渲染 显示文字内容
01:07 +1847 -20: E:/tdesign-flutter-v1/tdesign-component/test/components/tag/t_tag_test.dart: TTag 基础渲染 显示文字内容
01:07 +1848 -20: E:/tdesign-flutter-v1/tdesign-component/test/components/tag/t_tag_test.dart: TTag 基础渲染 显示文字内容
01:07 +1849 -20: E:/tdesign-flutter-v1/tdesign-component/test/components/tag/t_tag_test.dart: TTag 基础渲染 显示文字内容
01:07 +1850 -20: E:/tdesign-flutter-v1/tdesign-component/test/components/tag/t_tag_test.dart: TTag 基础渲染 显示文字内容
01:07 +1851 -20: E:/tdesign-flutter-v1/tdesign-component/test/components/tag/t_tag_test.dart: TTag 基础渲染 显示文字内容
01:07 +1852 -20: E:/tdesign-flutter-v1/tdesign-component/test/components/tag/t_tag_test.dart: TTag 基础渲染 显示文字内容
01:07 +1853 -20: E:/tdesign-flutter-v1/tdesign-component/test/components/tag/t_tag_test.dart: TTag 基础渲染 显示文字内容
01:07 +1854 -20: E:/tdesign-flutter-v1/tdesign-component/test/components/tag/t_tag_test.dart: TTag 基础渲染 显示文字内容
01:07 +1855 -20: E:/tdesign-flutter-v1/tdesign-component/test/components/tag/t_tag_test.dart: TTag 基础渲染 显示文字内容
01:07 +1856 -20: E:/tdesign-flutter-v1/tdesign-component/test/components/tag/t_tag_test.dart: TTag 基础渲染 显示文字内容
01:07 +1857 -20: E:/tdesign-flutter-v1/tdesign-component/test/components/tag/t_tag_test.dart: TTag 基础渲染 显示文字内容
01:07 +1858 -20: E:/tdesign-flutter-v1/tdesign-component/test/components/tag/t_tag_test.dart: TTag 基础渲染 显示文字内容
01:07 +1859 -20: E:/tdesign-flutter-v1/tdesign-component/test/components/tag/t_tag_test.dart: TTag 基础渲染 显示文字内容
01:07 +1860 -20: E:/tdesign-flutter-v1/tdesign-component/test/components/tag/t_tag_test.dart: TTag 基础渲染 显示文字内容
01:07 +1861 -20: E:/tdesign-flutter-v1/tdesign-component/test/components/tag/t_tag_test.dart: TTag 基础渲染 显示文字内容
01:07 +1862 -20: E:/tdesign-flutter-v1/tdesign-component/test/components/tag/t_tag_test.dart: TTag 基础渲染 显示文字内容
01:07 +1863 -20: E:/tdesign-flutter-v1/tdesign-component/test/components/text/t_text_test.dart: T01 - 基础渲染：渲染文本内容
01:07 +1864 -20: E:/tdesign-flutter-v1/tdesign-component/test/components/text/t_text_test.dart: T01 - 基础渲染：渲染文本内容
01:07 +1865 -20: E:/tdesign-flutter-v1/tdesign-component/test/components/text/t_text_test.dart: T01 - 基础渲染：渲染文本内容
01:07 +1866 -20: E:/tdesign-flutter-v1/tdesign-component/test/components/text/t_text_test.dart: T01 - 基础渲染：渲染文本内容
01:07 +1867 -20: E:/tdesign-flutter-v1/tdesign-component/test/components/text/t_text_test.dart: T01 - 基础渲染：渲染文本内容
01:07 +1868 -20: E:/tdesign-flutter-v1/tdesign-component/test/components/text/t_text_test.dart: T01 - 基础渲染：渲染文本内容
01:07 +1869 -20: E:/tdesign-flutter-v1/tdesign-component/test/components/text/t_text_test.dart: T01 - 基础渲染：渲染文本内容
01:07 +1870 -20: E:/tdesign-flutter-v1/tdesign-component/test/components/text/t_text_test.dart: T01 - 基础渲染：渲染文本内容
01:07 +1871 -20: E:/tdesign-flutter-v1/tdesign-component/test/components/text/t_text_test.dart: T01 - 基础渲染：渲染文本内容
01:07 +1872 -20: E:/tdesign-flutter-v1/tdesign-component/test/components/text/t_text_test.dart: T01 - 基础渲染：渲染文本内容
01:07 +1873 -20: E:/tdesign-flutter-v1/tdesign-component/test/components/text/t_text_test.dart: T01 - 基础渲染：渲染文本内容
01:07 +1874 -20: E:/tdesign-flutter-v1/tdesign-component/test/components/text/t_text_test.dart: T01 - 基础渲染：渲染文本内容
01:07 +1875 -20: E:/tdesign-flutter-v1/tdesign-component/test/components/text/t_text_test.dart: T01 - 基础渲染：渲染文本内容
01:07 +1876 -20: E:/tdesign-flutter-v1/tdesign-component/test/components/text/t_text_test.dart: T01 - 基础渲染：渲染文本内容
01:07 +1877 -20: E:/tdesign-flutter-v1/tdesign-component/test/components/text/t_text_test.dart: T01 - 基础渲染：渲染文本内容
01:08 +1878 -20: E:/tdesign-flutter-v1/tdesign-component/test/components/text/t_text_test.dart: T01 - 基础渲染：渲染文本内容
01:08 +1879 -20: E:/tdesign-flutter-v1/tdesign-component/test/components/text/t_text_test.dart: T01 - 基础渲染：渲染文本内容
01:08 +1880 -20: E:/tdesign-flutter-v1/tdesign-component/test/components/text/t_text_test.dart: T01 - 基础渲染：渲染文本内容
01:08 +1881 -20: E:/tdesign-flutter-v1/tdesign-component/test/components/text/t_text_test.dart: T01 - 基础渲染：渲染文本内容
01:08 +1882 -20: E:/tdesign-flutter-v1/tdesign-component/test/components/text/t_text_test.dart: T01 - 基础渲染：渲染文本内容
01:08 +1883 -20: E:/tdesign-flutter-v1/tdesign-component/test/components/text/t_text_test.dart: T01 - 基础渲染：渲染文本内容
01:08 +1884 -20: E:/tdesign-flutter-v1/tdesign-component/test/components/text/t_text_test.dart: T01 - 基础渲染：渲染文本内容
01:08 +1885 -20: E:/tdesign-flutter-v1/tdesign-component/test/components/text/t_text_test.dart: T01 - 基础渲染：渲染文本内容
01:08 +1886 -20: E:/tdesign-flutter-v1/tdesign-component/test/components/text/t_text_test.dart: T01 - 基础渲染：渲染文本内容
01:08 +1887 -20: E:/tdesign-flutter-v1/tdesign-component/test/components/text/t_text_test.dart: T01 - 基础渲染：渲染文本内容
01:08 +1888 -20: E:/tdesign-flutter-v1/tdesign-component/test/components/text/t_text_test.dart: T01 - 基础渲染：渲染文本内容
01:08 +1889 -20: E:/tdesign-flutter-v1/tdesign-component/test/components/text/t_text_test.dart: T01 - 基础渲染：渲染文本内容
01:08 +1890 -20: E:/tdesign-flutter-v1/tdesign-component/test/components/text/t_text_test.dart: T01 - 基础渲染：渲染文本内容
01:08 +1891 -20: E:/tdesign-flutter-v1/tdesign-component/test/components/text/t_text_test.dart: T01 - 基础渲染：渲染文本内容
01:08 +1892 -20: E:/tdesign-flutter-v1/tdesign-component/test/components/text/t_text_test.dart: T01 - 基础渲染：渲染文本内容
01:08 +1893 -20: E:/tdesign-flutter-v1/tdesign-component/test/components/text/t_text_test.dart: T01 - 基础渲染：渲染文本内容
01:08 +1894 -20: E:/tdesign-flutter-v1/tdesign-component/test/components/text/t_text_test.dart: T01 - 基础渲染：渲染文本内容
01:08 +1895 -20: E:/tdesign-flutter-v1/tdesign-component/test/components/text/t_text_test.dart: T01 - 基础渲染：渲染文本内容
01:08 +1896 -20: E:/tdesign-flutter-v1/tdesign-component/test/components/tabs/t_tab_test.dart: TTabBar onTap 回调
01:08 +1897 -20: E:/tdesign-flutter-v1/tdesign-component/test/components/tabs/t_tab_test.dart: TTabBar onTap 回调
01:08 +1898 -20: E:/tdesign-flutter-v1/tdesign-component/test/components/tabs/t_tab_test.dart: TTabBar onTap 回调
01:08 +1899 -20: E:/tdesign-flutter-v1/tdesign-component/test/components/tabs/t_tab_test.dart: TTabBar onTap 回调
01:08 +1900 -20: E:/tdesign-flutter-v1/tdesign-component/test/components/tabs/t_tab_test.dart: TTabBar onTap 回调
01:08 +1901 -20: E:/tdesign-flutter-v1/tdesign-component/test/components/tabs/t_tab_test.dart: TTabBar onTap 回调
01:08 +1902 -20: E:/tdesign-flutter-v1/tdesign-component/test/components/tabs/t_tab_test.dart: TTabBar onTap 回调
01:08 +1903 -20: E:/tdesign-flutter-v1/tdesign-component/test/components/tabs/t_tab_test.dart: TTabBar onTap 回调
01:08 +1904 -20: E:/tdesign-flutter-v1/tdesign-component/test/components/tabs/t_tab_test.dart: TTabBar onTap 回调
01:08 +1905 -20: E:/tdesign-flutter-v1/tdesign-component/test/components/table/t_table_test.dart: TTable 覆盖补充 onScroll 回调（纵向滚动）
01:08 +1906 -20: E:/tdesign-flutter-v1/tdesign-component/test/components/table/t_table_test.dart: TTable 覆盖补充 onScroll 回调（纵向滚动）
01:08 +1907 -20: E:/tdesign-flutter-v1/tdesign-component/test/components/table/t_table_test.dart: TTable 覆盖补充 onScroll 回调（纵向滚动）
01:08 +1908 -20: E:/tdesign-flutter-v1/tdesign-component/test/components/table/t_table_test.dart: TTable 覆盖补充 onScroll 回调（纵向滚动）
01:08 +1909 -20: E:/tdesign-flutter-v1/tdesign-component/test/components/table/t_table_test.dart: TTable 覆盖补充 onScroll 回调（纵向滚动）
01:08 +1910 -20: E:/tdesign-flutter-v1/tdesign-component/test/components/table/t_table_test.dart: TTable 覆盖补充 onScroll 回调（纵向滚动）
01:08 +1911 -20: E:/tdesign-flutter-v1/tdesign-component/test/components/table/t_table_test.dart: TTable 覆盖补充 onScroll 回调（纵向滚动）
01:08 +1912 -20: E:/tdesign-flutter-v1/tdesign-component/test/components/table/t_table_test.dart: TTable 覆盖补充 onScroll 回调（纵向滚动）
01:08 +1913 -20: E:/tdesign-flutter-v1/tdesign-component/test/components/tabs/t_tab_test.dart: TTabBar ThemeData 注入 variant
01:08 +1914 -20: E:/tdesign-flutter-v1/tdesign-component/test/components/tabs/t_tab_test.dart: TTabBar ThemeData 注入 variant
01:08 +1915 -20: E:/tdesign-flutter-v1/tdesign-component/test/components/tabs/t_tab_bar_test.dart: TTabBarVerticalIndicator 通过 indicator 参数渲染并触发 paint
01:08 +1916 -20: E:/tdesign-flutter-v1/tdesign-component/test/components/text/t_text_test.dart: T02c - 构造器糖：isTextThrough 删除线
01:08 +1917 -20: E:/tdesign-flutter-v1/tdesign-component/test/components/tabs/t_horizontal_tab_bar_test.dart: THorizontalTabBar 边界/断言 didUpdateWidget tabs 数量减少裁剪 keys（656）
01:08 +1918 -20: E:/tdesign-flutter-v1/tdesign-component/test/components/tabs/t_horizontal_tab_bar_test.dart: THorizontalTabBar 边界/断言 didUpdateWidget tabs 数量减少裁剪 keys（656）
01:08 +1919 -20: E:/tdesign-flutter-v1/tdesign-component/test/components/tabs/t_horizontal_tab_bar_test.dart: THorizontalTabBar 边界/断言 didUpdateWidget tabs 数量减少裁剪 keys（656）
01:08 +1920 -20: E:/tdesign-flutter-v1/tdesign-component/test/components/tabs/t_horizontal_tab_bar_test.dart: THorizontalTabBar 边界/断言 didUpdateWidget tabs 数量减少裁剪 keys（656）
01:08 +1921 -20: E:/tdesign-flutter-v1/tdesign-component/test/components/textarea/t_textarea_test.dart: TTextarea D 类控制（controller + readOnly） controller 预设文本正常显示
01:08 +1922 -20: E:/tdesign-flutter-v1/tdesign-component/test/components/textarea/t_textarea_test.dart: TTextarea D 类控制（controller + readOnly） controller 预设文本正常显示
01:08 +1923 -20: E:/tdesign-flutter-v1/tdesign-component/test/components/textarea/t_textarea_test.dart: TTextarea D 类控制（controller + readOnly） controller 预设文本正常显示
01:08 +1924 -20: E:/tdesign-flutter-v1/tdesign-component/test/components/textarea/t_textarea_test.dart: TTextarea D 类控制（controller + readOnly） controller 预设文本正常显示
01:08 +1925 -20: E:/tdesign-flutter-v1/tdesign-component/test/components/textarea/t_textarea_test.dart: TTextarea D 类控制（controller + readOnly） controller 预设文本正常显示
01:08 +1926 -20: E:/tdesign-flutter-v1/tdesign-component/test/components/textarea/t_textarea_test.dart: TTextarea D 类控制（controller + readOnly） controller 预设文本正常显示
01:08 +1927 -20: E:/tdesign-flutter-v1/tdesign-component/test/components/textarea/t_textarea_test.dart: TTextarea D 类控制（controller + readOnly） controller 预设文本正常显示
01:08 +1928 -20: E:/tdesign-flutter-v1/tdesign-component/test/components/textarea/t_textarea_test.dart: TTextarea D 类控制（controller + readOnly） controller 预设文本正常显示
01:08 +1929 -20: E:/tdesign-flutter-v1/tdesign-component/test/components/textarea/t_textarea_test.dart: TTextarea D 类控制（controller + readOnly） controller 预设文本正常显示
01:08 +1930 -20: E:/tdesign-flutter-v1/tdesign-component/test/components/textarea/t_textarea_test.dart: TTextarea D 类控制（controller + readOnly） controller 预设文本正常显示
01:09 +1931 -20: E:/tdesign-flutter-v1/tdesign-component/test/components/textarea/t_textarea_test.dart: TTextarea D 类控制（controller + readOnly） controller 预设文本正常显示
01:09 +1932 -20: E:/tdesign-flutter-v1/tdesign-component/test/components/textarea/t_textarea_test.dart: TTextarea D 类控制（controller + readOnly） controller 预设文本正常显示
01:09 +1933 -20: E:/tdesign-flutter-v1/tdesign-component/test/components/textarea/t_textarea_test.dart: TTextarea D 类控制（controller + readOnly） controller 预设文本正常显示
01:09 +1934 -20: E:/tdesign-flutter-v1/tdesign-component/test/components/textarea/t_textarea_test.dart: TTextarea D 类控制（controller + readOnly） controller 预设文本正常显示
01:09 +1935 -20: E:/tdesign-flutter-v1/tdesign-component/test/components/textarea/t_textarea_test.dart: TTextarea D 类控制（controller + readOnly） controller 预设文本正常显示
01:09 +1936 -20: E:/tdesign-flutter-v1/tdesign-component/test/components/textarea/t_textarea_test.dart: TTextarea D 类控制（controller + readOnly） controller 预设文本正常显示
01:09 +1937 -20: E:/tdesign-flutter-v1/tdesign-component/test/components/textarea/t_textarea_test.dart: TTextarea D 类控制（controller + readOnly） controller 预设文本正常显示
01:09 +1938 -20: E:/tdesign-flutter-v1/tdesign-component/test/components/textarea/t_textarea_test.dart: TTextarea D 类控制（controller + readOnly） controller 预设文本正常显示
01:09 +1939 -20: E:/tdesign-flutter-v1/tdesign-component/test/components/textarea/t_textarea_test.dart: TTextarea D 类控制（controller + readOnly） controller 预设文本正常显示
01:09 +1940 -20: E:/tdesign-flutter-v1/tdesign-component/test/components/textarea/t_textarea_test.dart: TTextarea D 类控制（controller + readOnly） controller 预设文本正常显示
01:09 +1941 -20: E:/tdesign-flutter-v1/tdesign-component/test/components/textarea/t_textarea_test.dart: TTextarea D 类控制（controller + readOnly） controller 预设文本正常显示
01:09 +1942 -20: E:/tdesign-flutter-v1/tdesign-component/test/components/textarea/t_textarea_test.dart: TTextarea D 类控制（controller + readOnly） controller 预设文本正常显示
01:09 +1943 -20: E:/tdesign-flutter-v1/tdesign-component/test/components/textarea/t_textarea_test.dart: TTextarea D 类控制（controller + readOnly） controller 预设文本正常显示
01:09 +1944 -20: E:/tdesign-flutter-v1/tdesign-component/test/components/textarea/t_textarea_test.dart: TTextarea D 类控制（controller + readOnly） controller 预设文本正常显示
01:09 +1945 -20: E:/tdesign-flutter-v1/tdesign-component/test/components/textarea/t_textarea_test.dart: TTextarea D 类控制（controller + readOnly） controller 预设文本正常显示
01:09 +1946 -20: E:/tdesign-flutter-v1/tdesign-component/test/components/textarea/t_textarea_test.dart: TTextarea D 类控制（controller + readOnly） controller 预设文本正常显示
01:09 +1947 -20: E:/tdesign-flutter-v1/tdesign-component/test/components/textarea/t_textarea_test.dart: TTextarea D 类控制（controller + readOnly） controller 预设文本正常显示
01:09 +1948 -20: E:/tdesign-flutter-v1/tdesign-component/test/components/textarea/t_textarea_test.dart: TTextarea D 类控制（controller + readOnly） controller 预设文本正常显示
01:09 +1949 -20: E:/tdesign-flutter-v1/tdesign-component/test/components/textarea/t_textarea_test.dart: TTextarea D 类控制（controller + readOnly） controller 预设文本正常显示
01:09 +1950 -20: E:/tdesign-flutter-v1/tdesign-component/test/components/textarea/t_textarea_test.dart: TTextarea D 类控制（controller + readOnly） controller 预设文本正常显示
01:09 +1951 -20: E:/tdesign-flutter-v1/tdesign-component/test/components/textarea/t_textarea_test.dart: TTextarea D 类控制（controller + readOnly） controller 预设文本正常显示
01:09 +1952 -20: E:/tdesign-flutter-v1/tdesign-component/test/components/textarea/t_textarea_test.dart: TTextarea D 类控制（controller + readOnly） controller 预设文本正常显示
01:09 +1953 -20: E:/tdesign-flutter-v1/tdesign-component/test/components/textarea/t_textarea_test.dart: TTextarea D 类控制（controller + readOnly） controller 预设文本正常显示
01:09 +1954 -20: E:/tdesign-flutter-v1/tdesign-component/test/components/textarea/t_textarea_test.dart: TTextarea D 类控制（controller + readOnly） controller 预设文本正常显示
01:09 +1955 -20: E:/tdesign-flutter-v1/tdesign-component/test/components/textarea/t_textarea_test.dart: TTextarea D 类控制（controller + readOnly） controller 预设文本正常显示
01:09 +1956 -20: E:/tdesign-flutter-v1/tdesign-component/test/components/textarea/t_textarea_test.dart: TTextarea D 类控制（controller + readOnly） controller 预设文本正常显示
01:09 +1957 -20: E:/tdesign-flutter-v1/tdesign-component/test/components/textarea/t_textarea_test.dart: TTextarea D 类控制（controller + readOnly） controller 预设文本正常显示
01:09 +1958 -20: E:/tdesign-flutter-v1/tdesign-component/test/components/textarea/t_textarea_test.dart: TTextarea D 类控制（controller + readOnly） controller 预设文本正常显示
01:09 +1959 -20: E:/tdesign-flutter-v1/tdesign-component/test/components/textarea/t_textarea_test.dart: TTextarea D 类控制（controller + readOnly） controller 预设文本正常显示
01:09 +1960 -20: E:/tdesign-flutter-v1/tdesign-component/test/components/textarea/t_textarea_test.dart: TTextarea D 类控制（controller + readOnly） controller 预设文本正常显示
01:09 +1961 -20: E:/tdesign-flutter-v1/tdesign-component/test/components/textarea/t_textarea_test.dart: TTextarea D 类控制（controller + readOnly） controller 预设文本正常显示
01:09 +1962 -20: E:/tdesign-flutter-v1/tdesign-component/test/components/textarea/t_textarea_test.dart: TTextarea D 类控制（controller + readOnly） controller 预设文本正常显示
01:09 +1963 -20: E:/tdesign-flutter-v1/tdesign-component/test/components/textarea/t_textarea_test.dart: TTextarea D 类控制（controller + readOnly） controller 预设文本正常显示
01:09 +1964 -20: E:/tdesign-flutter-v1/tdesign-component/test/components/textarea/t_textarea_test.dart: TTextarea D 类控制（controller + readOnly） controller 预设文本正常显示
01:09 +1965 -20: E:/tdesign-flutter-v1/tdesign-component/test/components/textarea/t_textarea_test.dart: TTextarea D 类控制（controller + readOnly） controller 预设文本正常显示
01:09 +1966 -20: E:/tdesign-flutter-v1/tdesign-component/test/components/textarea/t_textarea_test.dart: TTextarea D 类控制（controller + readOnly） controller 预设文本正常显示
01:09 +1967 -20: E:/tdesign-flutter-v1/tdesign-component/test/components/textarea/t_textarea_test.dart: TTextarea D 类控制（controller + readOnly） controller 预设文本正常显示
01:09 +1968 -20: E:/tdesign-flutter-v1/tdesign-component/test/components/textarea/t_textarea_test.dart: TTextarea D 类控制（controller + readOnly） controller 预设文本正常显示
01:09 +1969 -20: E:/tdesign-flutter-v1/tdesign-component/test/components/textarea/t_textarea_test.dart: TTextarea D 类控制（controller + readOnly） controller 预设文本正常显示
01:09 +1970 -20: E:/tdesign-flutter-v1/tdesign-component/test/components/textarea/t_textarea_test.dart: TTextarea D 类控制（controller + readOnly） controller 预设文本正常显示
01:09 +1971 -20: E:/tdesign-flutter-v1/tdesign-component/test/components/textarea/t_textarea_test.dart: TTextarea D 类控制（controller + readOnly） controller 预设文本正常显示
01:09 +1972 -20: E:/tdesign-flutter-v1/tdesign-component/test/components/textarea/t_textarea_test.dart: TTextarea D 类控制（controller + readOnly） controller 预设文本正常显示
01:09 +1973 -20: E:/tdesign-flutter-v1/tdesign-component/test/components/textarea/t_textarea_test.dart: TTextarea D 类控制（controller + readOnly） controller 预设文本正常显示
01:09 +1974 -20: E:/tdesign-flutter-v1/tdesign-component/test/components/textarea/t_textarea_test.dart: TTextarea D 类控制（controller + readOnly） controller 预设文本正常显示
01:09 +1975 -20: E:/tdesign-flutter-v1/tdesign-component/test/components/textarea/t_textarea_test.dart: TTextarea D 类控制（controller + readOnly） controller 预设文本正常显示
01:09 +1976 -20: E:/tdesign-flutter-v1/tdesign-component/test/components/textarea/t_textarea_test.dart: TTextarea D 类控制（controller + readOnly） controller 预设文本正常显示
01:09 +1977 -20: E:/tdesign-flutter-v1/tdesign-component/test/components/textarea/t_textarea_test.dart: TTextarea D 类控制（controller + readOnly） controller 预设文本正常显示
01:10 +1978 -20: E:/tdesign-flutter-v1/tdesign-component/test/components/textarea/t_textarea_test.dart: TTextarea D 类控制（controller + readOnly） controller 预设文本正常显示
01:10 +1979 -20: E:/tdesign-flutter-v1/tdesign-component/test/components/textarea/t_textarea_test.dart: TTextarea D 类控制（controller + readOnly） controller 预设文本正常显示
01:10 +1980 -20: E:/tdesign-flutter-v1/tdesign-component/test/components/textarea/t_textarea_test.dart: TTextarea D 类控制（controller + readOnly） controller 预设文本正常显示
01:10 +1981 -20: E:/tdesign-flutter-v1/tdesign-component/test/components/textarea/t_textarea_test.dart: TTextarea D 类控制（controller + readOnly） controller 预设文本正常显示
01:10 +1982 -20: E:/tdesign-flutter-v1/tdesign-component/test/components/textarea/t_textarea_test.dart: TTextarea D 类控制（controller + readOnly） controller 预设文本正常显示
01:10 +1983 -20: E:/tdesign-flutter-v1/tdesign-component/test/components/textarea/t_textarea_test.dart: TTextarea D 类控制（controller + readOnly） controller 预设文本正常显示
01:10 +1984 -20: E:/tdesign-flutter-v1/tdesign-component/test/components/textarea/t_textarea_test.dart: TTextarea D 类控制（controller + readOnly） controller 预设文本正常显示
01:10 +1985 -20: E:/tdesign-flutter-v1/tdesign-component/test/components/textarea/t_textarea_test.dart: TTextarea D 类控制（controller + readOnly） controller 预设文本正常显示
01:10 +1986 -20: E:/tdesign-flutter-v1/tdesign-component/test/components/textarea/t_textarea_test.dart: TTextarea D 类控制（controller + readOnly） controller 预设文本正常显示
01:10 +1987 -20: E:/tdesign-flutter-v1/tdesign-component/test/components/textarea/t_textarea_test.dart: TTextarea D 类控制（controller + readOnly） controller 预设文本正常显示
01:10 +1988 -20: E:/tdesign-flutter-v1/tdesign-component/test/components/textarea/t_textarea_test.dart: TTextarea D 类控制（controller + readOnly） controller 预设文本正常显示
01:10 +1989 -20: E:/tdesign-flutter-v1/tdesign-component/test/components/textarea/t_textarea_test.dart: TTextarea D 类控制（controller + readOnly） controller 预设文本正常显示
01:10 +1990 -20: E:/tdesign-flutter-v1/tdesign-component/test/components/textarea/t_textarea_test.dart: TTextarea D 类控制（controller + readOnly） controller 预设文本正常显示
01:10 +1991 -20: E:/tdesign-flutter-v1/tdesign-component/test/components/textarea/t_textarea_test.dart: TTextarea D 类控制（controller + readOnly） controller 预设文本正常显示
01:10 +1992 -20: E:/tdesign-flutter-v1/tdesign-component/test/components/textarea/t_textarea_test.dart: TTextarea D 类控制（controller + readOnly） controller 预设文本正常显示
01:10 +1993 -20: E:/tdesign-flutter-v1/tdesign-component/test/components/textarea/t_textarea_test.dart: TTextarea D 类控制（controller + readOnly） controller 预设文本正常显示
01:10 +1994 -20: E:/tdesign-flutter-v1/tdesign-component/test/components/textarea/t_textarea_test.dart: TTextarea D 类控制（controller + readOnly） controller 预设文本正常显示
01:10 +1995 -20: E:/tdesign-flutter-v1/tdesign-component/test/components/textarea/t_textarea_test.dart: TTextarea D 类控制（controller + readOnly） controller 预设文本正常显示
01:10 +1996 -20: E:/tdesign-flutter-v1/tdesign-component/test/components/textarea/t_textarea_test.dart: TTextarea D 类控制（controller + readOnly） controller 预设文本正常显示
01:10 +1997 -20: E:/tdesign-flutter-v1/tdesign-component/test/components/textarea/t_textarea_test.dart: TTextarea D 类控制（controller + readOnly） controller 预设文本正常显示
01:10 +1998 -20: E:/tdesign-flutter-v1/tdesign-component/test/components/textarea/t_textarea_test.dart: TTextarea D 类控制（controller + readOnly） controller 预设文本正常显示
01:10 +1999 -20: E:/tdesign-flutter-v1/tdesign-component/test/components/textarea/t_textarea_test.dart: TTextarea D 类控制（controller + readOnly） controller 预设文本正常显示
01:10 +2000 -20: E:/tdesign-flutter-v1/tdesign-component/test/components/textarea/t_textarea_test.dart: TTextarea D 类控制（controller + readOnly） controller 预设文本正常显示
01:10 +2001 -20: E:/tdesign-flutter-v1/tdesign-component/test/components/textarea/t_textarea_test.dart: TTextarea D 类控制（controller + readOnly） controller 预设文本正常显示
01:10 +2002 -20: E:/tdesign-flutter-v1/tdesign-component/test/components/textarea/t_textarea_test.dart: TTextarea D 类控制（controller + readOnly） controller 预设文本正常显示
01:10 +2003 -20: E:/tdesign-flutter-v1/tdesign-component/test/components/textarea/t_textarea_test.dart: TTextarea D 类控制（controller + readOnly） controller 预设文本正常显示
01:10 +2004 -20: E:/tdesign-flutter-v1/tdesign-component/test/components/textarea/t_textarea_test.dart: TTextarea D 类控制（controller + readOnly） controller 预设文本正常显示
01:10 +2005 -20: E:/tdesign-flutter-v1/tdesign-component/test/components/textarea/t_textarea_test.dart: TTextarea D 类控制（controller + readOnly） controller 预设文本正常显示
01:10 +2006 -20: E:/tdesign-flutter-v1/tdesign-component/test/components/textarea/t_textarea_test.dart: TTextarea D 类控制（controller + readOnly） controller 预设文本正常显示
01:10 +2007 -20: E:/tdesign-flutter-v1/tdesign-component/test/components/textarea/t_textarea_test.dart: TTextarea D 类控制（controller + readOnly） controller 预设文本正常显示
01:10 +2008 -20: E:/tdesign-flutter-v1/tdesign-component/test/components/textarea/t_textarea_test.dart: TTextarea D 类控制（controller + readOnly） controller 预设文本正常显示
01:10 +2009 -20: E:/tdesign-flutter-v1/tdesign-component/test/components/textarea/t_textarea_test.dart: TTextarea D 类控制（controller + readOnly） controller 预设文本正常显示
01:10 +2010 -20: E:/tdesign-flutter-v1/tdesign-component/test/components/textarea/t_textarea_test.dart: TTextarea D 类控制（controller + readOnly） controller 预设文本正常显示
01:10 +2011 -20: E:/tdesign-flutter-v1/tdesign-component/test/components/textarea/t_textarea_test.dart: TTextarea D 类控制（controller + readOnly） controller 预设文本正常显示
01:10 +2012 -20: E:/tdesign-flutter-v1/tdesign-component/test/components/tabs/t_horizontal_tab_bar_test.dart: THorizontalTabBar + THorizontalTabBarView 组合 组合下点击 tab 切换页面
01:10 +2013 -20: E:/tdesign-flutter-v1/tdesign-component/test/components/theme/t_theme_test.dart: TThemeContextExtension.tTheme 有 TThemeData Extension 时取注入值
01:10 +2014 -20: E:/tdesign-flutter-v1/tdesign-component/test/components/theme/t_theme_test.dart: TThemeContextExtension.tTheme 有 TThemeData Extension 时取注入值
01:10 +2015 -20: E:/tdesign-flutter-v1/tdesign-component/test/components/theme/t_theme_test.dart: TThemeContextExtension.tTheme 有 TThemeData Extension 时取注入值
01:10 +2016 -20: E:/tdesign-flutter-v1/tdesign-component/test/components/theme/t_theme_test.dart: TThemeContextExtension.tTheme 有 TThemeData Extension 时取注入值
01:11 +2017 -20: E:/tdesign-flutter-v1/tdesign-component/test/components/theme/t_theme_test.dart: TThemeContextExtension.tTheme 有 TThemeData Extension 时取注入值
01:11 +2018 -20: E:/tdesign-flutter-v1/tdesign-component/test/components/theme/t_theme_test.dart: TThemeContextExtension.tTheme 有 TThemeData Extension 时取注入值
01:11 +2019 -20: E:/tdesign-flutter-v1/tdesign-component/test/components/theme/t_theme_test.dart: TThemeContextExtension.tTheme 有 TThemeData Extension 时取注入值
01:11 +2020 -20: E:/tdesign-flutter-v1/tdesign-component/test/components/theme/t_theme_test.dart: TThemeContextExtension.tTheme 有 TThemeData Extension 时取注入值
01:11 +2021 -20: E:/tdesign-flutter-v1/tdesign-component/test/components/theme/t_theme_test.dart: TThemeContextExtension.tTheme 有 TThemeData Extension 时取注入值
01:11 +2022 -20: E:/tdesign-flutter-v1/tdesign-component/test/components/theme/t_theme_test.dart: TThemeContextExtension.tTheme 有 TThemeData Extension 时取注入值
01:11 +2023 -20: E:/tdesign-flutter-v1/tdesign-component/test/components/theme/t_theme_test.dart: TThemeContextExtension.tTheme 有 TThemeData Extension 时取注入值
01:11 +2024 -20: E:/tdesign-flutter-v1/tdesign-component/test/components/theme/t_theme_test.dart: TThemeContextExtension.tTheme 有 TThemeData Extension 时取注入值
01:11 +2025 -20: E:/tdesign-flutter-v1/tdesign-component/test/components/theme/t_theme_test.dart: TThemeContextExtension.tTheme 有 TThemeData Extension 时取注入值
01:11 +2026 -20: E:/tdesign-flutter-v1/tdesign-component/test/components/theme/t_theme_test.dart: TThemeContextExtension.tTheme 有 TThemeData Extension 时取注入值
01:11 +2027 -20: E:/tdesign-flutter-v1/tdesign-component/test/components/theme/t_theme_test.dart: TThemeContextExtension.tTheme 有 TThemeData Extension 时取注入值
01:11 +2028 -20: E:/tdesign-flutter-v1/tdesign-component/test/components/theme/t_theme_test.dart: TThemeContextExtension.tTheme 有 TThemeData Extension 时取注入值
01:11 +2029 -20: E:/tdesign-flutter-v1/tdesign-component/test/components/theme/t_theme_test.dart: TThemeContextExtension.tTheme 有 TThemeData Extension 时取注入值
01:11 +2030 -20: E:/tdesign-flutter-v1/tdesign-component/test/components/theme/t_theme_test.dart: TThemeContextExtension.tTheme 有 TThemeData Extension 时取注入值
01:11 +2031 -20: E:/tdesign-flutter-v1/tdesign-component/test/components/theme/t_theme_test.dart: TThemeContextExtension.tTheme 有 TThemeData Extension 时取注入值
01:11 +2032 -20: E:/tdesign-flutter-v1/tdesign-component/test/components/theme/t_theme_test.dart: TThemeContextExtension.tTheme 有 TThemeData Extension 时取注入值
01:11 +2033 -20: E:/tdesign-flutter-v1/tdesign-component/test/components/theme/t_theme_test.dart: TThemeContextExtension.tTheme 有 TThemeData Extension 时取注入值
01:11 +2034 -20: E:/tdesign-flutter-v1/tdesign-component/test/components/theme/t_theme_test.dart: TThemeContextExtension.tTheme 有 TThemeData Extension 时取注入值
01:11 +2035 -20: E:/tdesign-flutter-v1/tdesign-component/test/components/theme/t_theme_test.dart: TThemeContextExtension.tTheme 有 TThemeData Extension 时取注入值
01:11 +2036 -20: E:/tdesign-flutter-v1/tdesign-component/test/components/theme/t_theme_test.dart: TThemeContextExtension.tTheme 有 TThemeData Extension 时取注入值
01:11 +2037 -20: E:/tdesign-flutter-v1/tdesign-component/test/components/theme/t_theme_test.dart: TThemeContextExtension.tTheme 有 TThemeData Extension 时取注入值
01:11 +2038 -20: E:/tdesign-flutter-v1/tdesign-component/test/components/theme/t_theme_test.dart: TThemeContextExtension.tTheme 有 TThemeData Extension 时取注入值
01:11 +2039 -20: E:/tdesign-flutter-v1/tdesign-component/test/components/theme/t_theme_test.dart: TThemeContextExtension.tTheme 有 TThemeData Extension 时取注入值
01:11 +2040 -20: E:/tdesign-flutter-v1/tdesign-component/test/components/theme/t_theme_test.dart: TThemeContextExtension.tTheme 有 TThemeData Extension 时取注入值
01:11 +2041 -20: E:/tdesign-flutter-v1/tdesign-component/test/components/theme/t_theme_test.dart: TThemeContextExtension.tTheme 有 TThemeData Extension 时取注入值
01:11 +2042 -20: E:/tdesign-flutter-v1/tdesign-component/test/components/theme/t_theme_test.dart: TThemeContextExtension.tTheme 有 TThemeData Extension 时取注入值
01:11 +2043 -20: E:/tdesign-flutter-v1/tdesign-component/test/components/theme/t_theme_test.dart: TThemeContextExtension.tTheme 有 TThemeData Extension 时取注入值
01:11 +2044 -20: E:/tdesign-flutter-v1/tdesign-component/test/components/theme/t_theme_test.dart: TThemeContextExtension.tTheme 有 TThemeData Extension 时取注入值
01:11 +2045 -20: E:/tdesign-flutter-v1/tdesign-component/test/components/theme/t_theme_test.dart: TThemeContextExtension.tTheme 有 TThemeData Extension 时取注入值
01:12 +2046 -20: E:/tdesign-flutter-v1/tdesign-component/test/components/theme/t_theme_test.dart: TThemeContextExtension.tTheme 有 TThemeData Extension 时取注入值
01:12 +2047 -20: E:/tdesign-flutter-v1/tdesign-component/test/components/theme/t_theme_test.dart: TThemeContextExtension.tTheme 有 TThemeData Extension 时取注入值
01:12 +2048 -20: E:/tdesign-flutter-v1/tdesign-component/test/components/time_counter/t_time_counter_test.dart: TTimeCounter 基础渲染 TTimeCounter 正常渲染（倒计时）
01:12 +2049 -20: E:/tdesign-flutter-v1/tdesign-component/test/components/time_counter/t_time_counter_test.dart: TTimeCounter 基础渲染 TTimeCounter 正常渲染（倒计时）
01:12 +2050 -20: E:/tdesign-flutter-v1/tdesign-component/test/components/time_counter/t_time_counter_test.dart: TTimeCounter 基础渲染 TTimeCounter 正常渲染（倒计时）
01:12 +2051 -20: E:/tdesign-flutter-v1/tdesign-component/test/components/time_counter/t_time_counter_test.dart: TTimeCounter 基础渲染 TTimeCounter 正常渲染（倒计时）
01:12 +2052 -20: E:/tdesign-flutter-v1/tdesign-component/test/components/time_counter/t_time_counter_test.dart: TTimeCounter 基础渲染 TTimeCounter 正常渲染（倒计时）
01:12 +2053 -20: E:/tdesign-flutter-v1/tdesign-component/test/components/time_counter/t_time_counter_test.dart: TTimeCounter 基础渲染 TTimeCounter 正常渲染（倒计时）
01:12 +2054 -20: E:/tdesign-flutter-v1/tdesign-component/test/components/time_counter/t_time_counter_test.dart: TTimeCounter 基础渲染 TTimeCounter 正常渲染（倒计时）
01:12 +2055 -20: E:/tdesign-flutter-v1/tdesign-component/test/components/time_counter/t_time_counter_test.dart: TTimeCounter 基础渲染 TTimeCounter 正常渲染（倒计时）
01:12 +2056 -20: E:/tdesign-flutter-v1/tdesign-component/test/components/time_counter/t_time_counter_test.dart: TTimeCounter 基础渲染 TTimeCounter 正常渲染（倒计时）
01:12 +2057 -20: E:/tdesign-flutter-v1/tdesign-component/test/components/time_counter/t_time_counter_test.dart: TTimeCounter 基础渲染 TTimeCounter 正常渲染（倒计时）
01:12 +2058 -20: E:/tdesign-flutter-v1/tdesign-component/test/components/time_counter/t_time_counter_test.dart: TTimeCounter 基础渲染 TTimeCounter 正常渲染（倒计时）
01:12 +2059 -20: E:/tdesign-flutter-v1/tdesign-component/test/components/time_counter/t_time_counter_test.dart: TTimeCounter 基础渲染 TTimeCounter 正常渲染（倒计时）
01:12 +2060 -20: E:/tdesign-flutter-v1/tdesign-component/test/components/time_counter/t_time_counter_test.dart: TTimeCounter 基础渲染 TTimeCounter 正常渲染（倒计时）
01:12 +2061 -20: E:/tdesign-flutter-v1/tdesign-component/test/components/time_counter/t_time_counter_test.dart: TTimeCounter 基础渲染 TTimeCounter 正常渲染（倒计时）
01:12 +2062 -20: E:/tdesign-flutter-v1/tdesign-component/test/components/time_counter/t_time_counter_test.dart: TTimeCounter 基础渲染 TTimeCounter 正常渲染（倒计时）
01:12 +2063 -20: E:/tdesign-flutter-v1/tdesign-component/test/components/time_counter/t_time_counter_test.dart: TTimeCounter 基础渲染 TTimeCounter 正常渲染（倒计时）
01:12 +2064 -20: E:/tdesign-flutter-v1/tdesign-component/test/components/time_counter/t_time_counter_test.dart: TTimeCounter 基础渲染 TTimeCounter 正常渲染（倒计时）
01:12 +2065 -20: E:/tdesign-flutter-v1/tdesign-component/test/components/time_counter/t_time_counter_test.dart: TTimeCounter 基础渲染 TTimeCounter 正常渲染（倒计时）
01:12 +2066 -20: E:/tdesign-flutter-v1/tdesign-component/test/components/time_counter/t_time_counter_test.dart: TTimeCounter 基础渲染 TTimeCounter 正常渲染（倒计时）
01:12 +2067 -20: E:/tdesign-flutter-v1/tdesign-component/test/components/time_counter/t_time_counter_test.dart: TTimeCounter 基础渲染 TTimeCounter 正常渲染（倒计时）
01:12 +2068 -20: E:/tdesign-flutter-v1/tdesign-component/test/components/time_counter/t_time_counter_test.dart: TTimeCounter 基础渲染 TTimeCounter 正常渲染（倒计时）
01:12 +2069 -20: E:/tdesign-flutter-v1/tdesign-component/test/components/time_counter/t_time_counter_test.dart: TTimeCounter 基础渲染 TTimeCounter 正常渲染（倒计时）
01:12 +2070 -20: E:/tdesign-flutter-v1/tdesign-component/test/components/time_counter/t_time_counter_test.dart: TTimeCounter 基础渲染 TTimeCounter 正常渲染（倒计时）
01:12 +2071 -20: E:/tdesign-flutter-v1/tdesign-component/test/components/time_counter/t_time_counter_test.dart: TTimeCounter 基础渲染 TTimeCounter 正常渲染（倒计时）
01:12 +2072 -20: E:/tdesign-flutter-v1/tdesign-component/test/components/time_counter/t_time_counter_test.dart: TTimeCounter 基础渲染 TTimeCounter 正常渲染（倒计时）
01:12 +2073 -20: E:/tdesign-flutter-v1/tdesign-component/test/components/time_counter/t_time_counter_test.dart: TTimeCounter 基础渲染 TTimeCounter 正常渲染（倒计时）
01:12 +2074 -20: E:/tdesign-flutter-v1/tdesign-component/test/components/time_counter/t_time_counter_test.dart: TTimeCounter 基础渲染 TTimeCounter 正常渲染（倒计时）
01:12 +2075 -20: E:/tdesign-flutter-v1/tdesign-component/test/components/time_counter/t_time_counter_test.dart: TTimeCounter 基础渲染 TTimeCounter 正常渲染（倒计时）
01:12 +2076 -20: E:/tdesign-flutter-v1/tdesign-component/test/components/time_counter/t_time_counter_test.dart: TTimeCounter 基础渲染 TTimeCounter 正常渲染（倒计时）
01:12 +2077 -20: E:/tdesign-flutter-v1/tdesign-component/test/components/time_counter/t_time_counter_test.dart: TTimeCounter 基础渲染 TTimeCounter 正常渲染（倒计时）
01:12 +2078 -20: E:/tdesign-flutter-v1/tdesign-component/test/components/time_counter/t_time_counter_test.dart: TTimeCounter 基础渲染 TTimeCounter 正常渲染（倒计时）
01:12 +2079 -20: E:/tdesign-flutter-v1/tdesign-component/test/components/time_counter/t_time_counter_test.dart: TTimeCounter 基础渲染 TTimeCounter 正常渲染（倒计时）
01:12 +2080 -20: E:/tdesign-flutter-v1/tdesign-component/test/components/time_counter/t_time_counter_test.dart: TTimeCounter 基础渲染 TTimeCounter 正常渲染（倒计时）
01:12 +2081 -20: E:/tdesign-flutter-v1/tdesign-component/test/components/toast/t_toast_test.dart: TToast E 类控制（showText） showText 调用后 Toast 出现
01:12 +2082 -20: E:/tdesign-flutter-v1/tdesign-component/test/components/toast/t_toast_test.dart: TToast E 类控制（showText） showText 调用后 Toast 出现
01:12 +2083 -20: E:/tdesign-flutter-v1/tdesign-component/test/components/toast/t_toast_test.dart: TToast E 类控制（showText） showText 调用后 Toast 出现
01:12 +2084 -20: E:/tdesign-flutter-v1/tdesign-component/test/components/toast/t_toast_test.dart: TToast E 类控制（showText） showText 调用后 Toast 出现
01:12 +2085 -20: E:/tdesign-flutter-v1/tdesign-component/test/components/toast/t_toast_test.dart: TToast E 类控制（showText） showText 调用后 Toast 出现
01:12 +2086 -20: E:/tdesign-flutter-v1/tdesign-component/test/components/toast/t_toast_test.dart: TToast E 类控制（showText） showText 调用后 Toast 出现
01:13 +2087 -20: E:/tdesign-flutter-v1/tdesign-component/test/components/toast/t_toast_test.dart: TToast E 类控制（showText） showText 调用后 Toast 出现
01:13 +2088 -20: E:/tdesign-flutter-v1/tdesign-component/test/components/toast/t_toast_test.dart: TToast E 类控制（showText） showText 调用后 Toast 出现
01:13 +2089 -20: E:/tdesign-flutter-v1/tdesign-component/test/components/toast/t_toast_test.dart: TToast E 类控制（showText） showText 调用后 Toast 出现
01:13 +2090 -20: E:/tdesign-flutter-v1/tdesign-component/test/components/toast/t_toast_test.dart: TToast E 类控制（showText） showText 调用后 Toast 出现
01:13 +2091 -20: E:/tdesign-flutter-v1/tdesign-component/test/components/toast/t_toast_test.dart: TToast E 类控制（showText） showText 调用后 Toast 出现
01:13 +2092 -20: E:/tdesign-flutter-v1/tdesign-component/test/components/toast/t_toast_test.dart: TToast E 类控制（showText） showText 调用后 Toast 出现
01:13 +2093 -20: E:/tdesign-flutter-v1/tdesign-component/test/components/toast/t_toast_test.dart: TToast E 类控制（showText） showText 调用后 Toast 出现
01:13 +2094 -20: E:/tdesign-flutter-v1/tdesign-component/test/components/toast/t_toast_test.dart: TToast E 类控制（showText） showText 调用后 Toast 出现
01:13 +2095 -20: E:/tdesign-flutter-v1/tdesign-component/test/components/toast/t_toast_test.dart: TToast E 类控制（showText） showText 调用后 Toast 出现
01:13 +2096 -20: E:/tdesign-flutter-v1/tdesign-component/test/components/toast/t_toast_test.dart: TToast E 类控制（showText） showText 调用后 Toast 出现
01:13 +2097 -20: E:/tdesign-flutter-v1/tdesign-component/test/components/toast/t_toast_test.dart: TToast E 类控制（showText） showText 调用后 Toast 出现
01:13 +2098 -20: E:/tdesign-flutter-v1/tdesign-component/test/components/toast/t_toast_test.dart: TToast E 类控制（showText） showText 调用后 Toast 出现
01:13 +2099 -20: E:/tdesign-flutter-v1/tdesign-component/test/components/toast/t_toast_test.dart: TToast E 类控制（showText） showText 调用后 Toast 出现
01:13 +2100 -20: E:/tdesign-flutter-v1/tdesign-component/test/components/toast/t_toast_test.dart: TToast E 类控制（showText） showText 调用后 Toast 出现
01:13 +2101 -20: E:/tdesign-flutter-v1/tdesign-component/test/components/toast/t_toast_test.dart: TToast E 类控制（showText） showText 调用后 Toast 出现
01:13 +2102 -20: E:/tdesign-flutter-v1/tdesign-component/test/components/toast/t_toast_test.dart: TToast E 类控制（showText） showText 调用后 Toast 出现
01:13 +2103 -20: E:/tdesign-flutter-v1/tdesign-component/test/components/toast/t_toast_test.dart: TToast E 类控制（showText） showText 调用后 Toast 出现
01:13 +2104 -20: E:/tdesign-flutter-v1/tdesign-component/test/components/toast/t_toast_test.dart: TToast E 类控制（showText） showText 调用后 Toast 出现
01:13 +2105 -20: E:/tdesign-flutter-v1/tdesign-component/test/components/toast/t_toast_test.dart: TToast E 类控制（showText） showText 调用后 Toast 出现
01:13 +2106 -20: E:/tdesign-flutter-v1/tdesign-component/test/components/toast/t_toast_test.dart: TToast E 类控制（showText） showText 调用后 Toast 出现
01:13 +2107 -20: E:/tdesign-flutter-v1/tdesign-component/test/components/tree/t_tree_select_test.dart: TTreeSelect 单选一级 点击一级选项触发 onChanged(level=1)
01:13 +2108 -20: E:/tdesign-flutter-v1/tdesign-component/test/components/tree/t_tree_select_test.dart: TTreeSelect 单选一级 点击一级选项触发 onChanged(level=1)
01:14 +2109 -20: E:/tdesign-flutter-v1/tdesign-component/test/components/tree/t_tree_select_test.dart: TTreeSelect 单选一级 点击一级选项触发 onChanged(level=1)
01:14 +2110 -20: E:/tdesign-flutter-v1/tdesign-component/test/components/tree/t_tree_select_test.dart: TTreeSelect 单选一级 点击一级选项触发 onChanged(level=1)
01:14 +2111 -20: E:/tdesign-flutter-v1/tdesign-component/test/components/tree/t_tree_select_test.dart: TTreeSelect 单选一级 点击一级选项触发 onChanged(level=1)
01:14 +2112 -20: E:/tdesign-flutter-v1/tdesign-component/test/components/tree/t_tree_select_test.dart: TTreeSelect 单选一级 点击一级选项触发 onChanged(level=1)
01:14 +2113 -20: E:/tdesign-flutter-v1/tdesign-component/test/components/tree/t_tree_select_test.dart: TTreeSelect 单选一级 点击一级选项触发 onChanged(level=1)
01:14 +2114 -20: E:/tdesign-flutter-v1/tdesign-component/test/components/tree/t_tree_select_test.dart: TTreeSelect 单选一级 点击一级选项触发 onChanged(level=1)
01:14 +2115 -20: E:/tdesign-flutter-v1/tdesign-component/test/components/tree/t_tree_select_test.dart: TTreeSelect 单选一级 点击一级选项触发 onChanged(level=1)
01:14 +2116 -20: E:/tdesign-flutter-v1/tdesign-component/test/components/tree/t_tree_test.dart: TTreeSelect 基础渲染 默认渲染 - 空选项列表
01:14 +2117 -20: E:/tdesign-flutter-v1/tdesign-component/test/components/tree/t_tree_test.dart: TTreeSelect 基础渲染 默认渲染 - 空选项列表
01:14 +2118 -20: E:/tdesign-flutter-v1/tdesign-component/test/components/tree/t_tree_test.dart: TTreeSelect 基础渲染 默认渲染 - 空选项列表
01:14 +2119 -20: E:/tdesign-flutter-v1/tdesign-component/test/components/tree/t_tree_test.dart: TTreeSelect 基础渲染 默认渲染 - 空选项列表
01:14 +2120 -20: E:/tdesign-flutter-v1/tdesign-component/test/components/tree/t_tree_test.dart: TTreeSelect 基础渲染 默认渲染 - 空选项列表
01:14 +2121 -20: E:/tdesign-flutter-v1/tdesign-component/test/components/tree/t_tree_test.dart: TTreeSelect 基础渲染 默认渲染 - 空选项列表
01:14 +2122 -20: E:/tdesign-flutter-v1/tdesign-component/test/components/tree/t_tree_test.dart: TTreeSelect 基础渲染 默认渲染 - 空选项列表
01:14 +2123 -20: E:/tdesign-flutter-v1/tdesign-component/test/components/tree/t_tree_test.dart: TTreeSelect 基础渲染 默认渲染 - 空选项列表
01:14 +2124 -20: E:/tdesign-flutter-v1/tdesign-component/test/components/tree/t_tree_test.dart: TTreeSelect 基础渲染 默认渲染 - 空选项列表
01:15 +2125 -20: E:/tdesign-flutter-v1/tdesign-component/test/components/tree/t_tree_test.dart: TTreeSelect 基础渲染 默认渲染 - 空选项列表
01:15 +2126 -20: E:/tdesign-flutter-v1/tdesign-component/test/components/tree/t_tree_test.dart: TTreeSelect 基础渲染 默认渲染 - 空选项列表
01:15 +2127 -20: E:/tdesign-flutter-v1/tdesign-component/test/components/upload/t_upload_test.dart: TUpload 基础渲染 空文件列表渲染上传按钮
01:15 +2128 -20: E:/tdesign-flutter-v1/tdesign-component/test/components/upload/t_upload_test.dart: TUpload 基础渲染 空文件列表渲染上传按钮
01:15 +2129 -20: E:/tdesign-flutter-v1/tdesign-component/test/components/upload/t_upload_test.dart: TUpload 基础渲染 空文件列表渲染上传按钮
01:15 +2130 -20: E:/tdesign-flutter-v1/tdesign-component/test/components/upload/t_upload_test.dart: TUpload 基础渲染 空文件列表渲染上传按钮
01:15 +2131 -20: E:/tdesign-flutter-v1/tdesign-component/test/components/upload/t_upload_test.dart: TUpload 基础渲染 空文件列表渲染上传按钮
01:15 +2132 -20: E:/tdesign-flutter-v1/tdesign-component/test/components/upload/t_upload_test.dart: TUpload 基础渲染 空文件列表渲染上传按钮
01:15 +2133 -20: E:/tdesign-flutter-v1/tdesign-component/test/components/upload/t_upload_test.dart: TUpload 基础渲染 空文件列表渲染上传按钮
01:15 +2134 -20: E:/tdesign-flutter-v1/tdesign-component/test/components/upload/t_upload_test.dart: TUpload 基础渲染 空文件列表渲染上传按钮
01:15 +2135 -20: E:/tdesign-flutter-v1/tdesign-component/test/components/upload/t_upload_test.dart: TUpload 基础渲染 空文件列表渲染上传按钮
01:15 +2136 -20: E:/tdesign-flutter-v1/tdesign-component/test/item_distance_calculator_test.dart: ItemDistanceCalculator 行为 4 档距离映射 - calculateFontWeight 离散赋值
01:15 +2137 -20: E:/tdesign-flutter-v1/tdesign-component/test/item_distance_calculator_test.dart: ItemDistanceCalculator 行为 4 档距离映射 - calculateFontWeight 离散赋值
01:15 +2138 -20: E:/tdesign-flutter-v1/tdesign-component/test/item_distance_calculator_test.dart: ItemDistanceCalculator 行为 4 档距离映射 - calculateFontWeight 离散赋值
01:15 +2139 -20: E:/tdesign-flutter-v1/tdesign-component/test/item_distance_calculator_test.dart: ItemDistanceCalculator 行为 4 档距离映射 - calculateFontWeight 离散赋值
01:15 +2140 -20: E:/tdesign-flutter-v1/tdesign-component/test/item_distance_calculator_test.dart: ItemDistanceCalculator 行为 4 档距离映射 - calculateFontWeight 离散赋值
01:15 +2141 -20: E:/tdesign-flutter-v1/tdesign-component/test/item_distance_calculator_test.dart: ItemDistanceCalculator 行为 4 档距离映射 - calculateFontWeight 离散赋值
01:15 +2142 -20: E:/tdesign-flutter-v1/tdesign-component/test/item_distance_calculator_test.dart: ItemDistanceCalculator 行为 4 档距离映射 - calculateFontWeight 离散赋值
01:15 +2143 -20: E:/tdesign-flutter-v1/tdesign-component/test/item_distance_calculator_test.dart: ItemDistanceCalculator 行为 4 档距离映射 - calculateFontWeight 离散赋值
01:15 +2144 -20: E:/tdesign-flutter-v1/tdesign-component/test/item_distance_calculator_test.dart: ItemDistanceCalculator 行为 4 档距离映射 - calculateFontWeight 离散赋值
01:15 +2145 -20: E:/tdesign-flutter-v1/tdesign-component/test/item_distance_calculator_test.dart: ItemDistanceCalculator 行为 4 档距离映射 - calculateFontWeight 离散赋值
01:15 +2146 -20: E:/tdesign-flutter-v1/tdesign-component/test/item_distance_calculator_test.dart: ItemDistanceCalculator 行为 4 档距离映射 - calculateFontWeight 离散赋值
01:16 +2147 -20: E:/tdesign-flutter-v1/tdesign-component/test/theme_test.dart: v1.0 全局 theme.of 基础设施 context.tTheme 从 Theme.of(context) 读取 TThemeData
01:16 +2148 -20: E:/tdesign-flutter-v1/tdesign-component/test/theme_test.dart: v1.0 全局 theme.of 基础设施 context.tTheme 从 Theme.of(context) 读取 TThemeData
01:16 +2149 -20: E:/tdesign-flutter-v1/tdesign-component/test/theme_test.dart: v1.0 全局 theme.of 基础设施 context.tTheme 从 Theme.of(context) 读取 TThemeData
01:16 +2150 -20: E:/tdesign-flutter-v1/tdesign-component/test/theme_test.dart: v1.0 全局 theme.of 基础设施 context.tTheme 从 Theme.of(context) 读取 TThemeData
01:16 +2151 -20: E:/tdesign-flutter-v1/tdesign-component/test/theme_test.dart: v1.0 全局 theme.of 基础设施 context.tTheme 从 Theme.of(context) 读取 TThemeData
01:16 +2152 -20: E:/tdesign-flutter-v1/tdesign-component/test/theme_test.dart: v1.0 全局 theme.of 基础设施 context.tTheme 从 Theme.of(context) 读取 TThemeData
01:16 +2153 -20: E:/tdesign-flutter-v1/tdesign-component/test/theme_test.dart: v1.0 全局 theme.of 基础设施 context.tTheme 从 Theme.of(context) 读取 TThemeData
01:16 +2154 -20: E:/tdesign-flutter-v1/tdesign-component/test/theme_test.dart: v1.0 全局 theme.of 基础设施 context.tTheme 从 Theme.of(context) 读取 TThemeData
01:16 +2155 -20: E:/tdesign-flutter-v1/tdesign-component/test/theme_test.dart: v1.0 全局 theme.of 基础设施 context.tTheme 从 Theme.of(context) 读取 TThemeData
01:16 +2156 -20: E:/tdesign-flutter-v1/tdesign-component/test/theme_test.dart: v1.0 全局 theme.of 基础设施 context.tTheme 从 Theme.of(context) 读取 TThemeData
01:16 +2157 -20: E:/tdesign-flutter-v1/tdesign-component/test/theme_test.dart: v1.0 全局 theme.of 基础设施 context.tTheme 从 Theme.of(context) 读取 TThemeData
01:16 +2158 -20: E:/tdesign-flutter-v1/tdesign-component/test/theme_test.dart: v1.0 全局 theme.of 基础设施 context.tTheme 从 Theme.of(context) 读取 TThemeData
01:16 +2159 -20: E:/tdesign-flutter-v1/tdesign-component/test/theme_test.dart: v1.0 全局 theme.of 基础设施 context.tTheme 从 Theme.of(context) 读取 TThemeData
01:16 +2160 -20: E:/tdesign-flutter-v1/tdesign-component/test/theme_test.dart: v1.0 全局 theme.of 基础设施 context.tTheme 从 Theme.of(context) 读取 TThemeData
01:16 +2161 -20: E:/tdesign-flutter-v1/tdesign-component/test/t_bottom_tab_bar_test.dart: TBottomTabBar — iconText 图标颜色 (issue #900) TC-01: 选中 tab 的图标颜色应为 brandNormalColor
01:16 +2162 -20: E:/tdesign-flutter-v1/tdesign-component/test/t_bottom_tab_bar_test.dart: TBottomTabBar — iconText 图标颜色 (issue #900) TC-01: 选中 tab 的图标颜色应为 brandNormalColor
01:16 +2163 -20: E:/tdesign-flutter-v1/tdesign-component/test/t_bottom_tab_bar_test.dart: TBottomTabBar — iconText 图标颜色 (issue #900) TC-01: 选中 tab 的图标颜色应为 brandNormalColor
01:16 +2164 -20: E:/tdesign-flutter-v1/tdesign-component/test/t_bottom_tab_bar_test.dart: TBottomTabBar — iconText 图标颜色 (issue #900) TC-01: 选中 tab 的图标颜色应为 brandNormalColor
01:16 +2165 -20: E:/tdesign-flutter-v1/tdesign-component/test/t_bottom_tab_bar_test.dart: TBottomTabBar — iconText 图标颜色 (issue #900) TC-01: 选中 tab 的图标颜色应为 brandNormalColor
01:16 +2166 -20: E:/tdesign-flutter-v1/tdesign-component/test/t_bottom_tab_bar_test.dart: TBottomTabBar — iconText 图标颜色 (issue #900) TC-01: 选中 tab 的图标颜色应为 brandNormalColor
01:16 +2167 -20: E:/tdesign-flutter-v1/tdesign-component/test/t_bottom_tab_bar_test.dart: TBottomTabBar — iconText 图标颜色 (issue #900) TC-01: 选中 tab 的图标颜色应为 brandNormalColor
01:16 +2168 -20: E:/tdesign-flutter-v1/tdesign-component/test/t_bottom_tab_bar_test.dart: TBottomTabBar — iconText 图标颜色 (issue #900) TC-01: 选中 tab 的图标颜色应为 brandNormalColor
01:16 +2169 -20: E:/tdesign-flutter-v1/tdesign-component/test/t_bottom_tab_bar_test.dart: TBottomTabBar — iconText 图标颜色 (issue #900) TC-01: 选中 tab 的图标颜色应为 brandNormalColor
01:16 +2170 -20: E:/tdesign-flutter-v1/tdesign-component/test/t_bottom_tab_bar_test.dart: TBottomTabBar — iconText 图标颜色 (issue #900) TC-01: 选中 tab 的图标颜色应为 brandNormalColor
01:16 +2171 -20: E:/tdesign-flutter-v1/tdesign-component/test/t_bottom_tab_bar_test.dart: TBottomTabBar — iconText 图标颜色 (issue #900) TC-01: 选中 tab 的图标颜色应为 brandNormalColor
01:16 +2172 -20: E:/tdesign-flutter-v1/tdesign-component/test/t_bottom_tab_bar_test.dart: TBottomTabBar — iconText 图标颜色 (issue #900) TC-01: 选中 tab 的图标颜色应为 brandNormalColor
01:16 +2173 -20: E:/tdesign-flutter-v1/tdesign-component/test/t_bottom_tab_bar_test.dart: TBottomTabBar — iconText 图标颜色 (issue #900) TC-01: 选中 tab 的图标颜色应为 brandNormalColor
01:16 +2174 -20: E:/tdesign-flutter-v1/tdesign-component/test/t_bottom_tab_bar_test.dart: TBottomTabBar — iconText 图标颜色 (issue #900) TC-01: 选中 tab 的图标颜色应为 brandNormalColor
01:17 +2175 -20: E:/tdesign-flutter-v1/tdesign-component/test/t_bottom_tab_bar_test.dart: TBottomTabBar — iconText 图标颜色 (issue #900) TC-01: 选中 tab 的图标颜色应为 brandNormalColor
01:17 +2176 -20: E:/tdesign-flutter-v1/tdesign-component/test/t_bottom_tab_bar_test.dart: TBottomTabBar — iconText 图标颜色 (issue #900) TC-01: 选中 tab 的图标颜色应为 brandNormalColor
01:17 +2177 -20: E:/tdesign-flutter-v1/tdesign-component/test/t_bottom_tab_bar_test.dart: TBottomTabBar — iconText 图标颜色 (issue #900) TC-01: 选中 tab 的图标颜色应为 brandNormalColor
01:17 +2178 -20: E:/tdesign-flutter-v1/tdesign-component/test/t_bottom_tab_bar_test.dart: TBottomTabBar — iconText 图标颜色 (issue #900) TC-01: 选中 tab 的图标颜色应为 brandNormalColor
01:17 +2179 -20: E:/tdesign-flutter-v1/tdesign-component/test/t_bottom_tab_bar_test.dart: TBottomTabBar — iconText 图标颜色 (issue #900) TC-01: 选中 tab 的图标颜色应为 brandNormalColor
01:17 +2180 -20: E:/tdesign-flutter-v1/tdesign-component/test/t_bottom_tab_bar_test.dart: TBottomTabBar — iconText 图标颜色 (issue #900) TC-01: 选中 tab 的图标颜色应为 brandNormalColor
01:17 +2181 -20: E:/tdesign-flutter-v1/tdesign-component/test/t_bottom_tab_bar_test.dart: TBottomTabBar — iconText 图标颜色 (issue #900) TC-01: 选中 tab 的图标颜色应为 brandNormalColor
01:17 +2182 -20: E:/tdesign-flutter-v1/tdesign-component/test/t_bottom_tab_bar_test.dart: TBottomTabBar — iconText 图标颜色 (issue #900) TC-01: 选中 tab 的图标颜色应为 brandNormalColor
01:17 +2183 -20: E:/tdesign-flutter-v1/tdesign-component/test/t_bottom_tab_bar_test.dart: TBottomTabBar — iconText 图标颜色 (issue #900) TC-01: 选中 tab 的图标颜色应为 brandNormalColor
01:17 +2184 -20: E:/tdesign-flutter-v1/tdesign-component/test/t_bottom_tab_bar_test.dart: TBottomTabBar — iconText 图标颜色 (issue #900) TC-01: 选中 tab 的图标颜色应为 brandNormalColor
01:17 +2185 -20: E:/tdesign-flutter-v1/tdesign-component/test/t_bottom_tab_bar_test.dart: TBottomTabBar — iconText 图标颜色 (issue #900) TC-01: 选中 tab 的图标颜色应为 brandNormalColor
01:17 +2186 -20: E:/tdesign-flutter-v1/tdesign-component/test/components/toast/t_toast_test.dart: TToast 自定义样式 自定义 textStyle
01:17 +2187 -20: E:/tdesign-flutter-v1/tdesign-component/test/components/toast/t_toast_test.dart: TToast 自定义样式 自定义 textStyle
01:17 +2188 -20: E:/tdesign-flutter-v1/tdesign-component/test/components/toast/t_toast_test.dart: TToast 自定义样式 自定义 textStyle
01:17 +2189 -20: E:/tdesign-flutter-v1/tdesign-component/test/components/toast/t_toast_test.dart: TToast 自定义样式 自定义 textStyle
01:17 +2190 -20: E:/tdesign-flutter-v1/tdesign-component/test/components/toast/t_toast_test.dart: TToast 自定义样式 自定义 textStyle
01:17 +2191 -20: E:/tdesign-flutter-v1/tdesign-component/test/components/toast/t_toast_test.dart: TToast 自定义样式 自定义 textStyle
01:17 +2192 -20: E:/tdesign-flutter-v1/tdesign-component/test/components/toast/t_toast_test.dart: TToast 自定义样式 自定义 textStyle
01:17 +2193 -20: E:/tdesign-flutter-v1/tdesign-component/test/components/toast/t_toast_test.dart: TToast 自定义样式 自定义 textStyle
01:17 +2194 -20: E:/tdesign-flutter-v1/tdesign-component/test/components/toast/t_toast_test.dart: TToast 自定义样式 自定义 textStyle
01:17 +2195 -20: E:/tdesign-flutter-v1/tdesign-component/test/t_calendar_lunar_test.dart: TCalendarSubtitleBuilder subtitleBuilder 收到当前格日期
01:17 +2196 -20: E:/tdesign-flutter-v1/tdesign-component/test/t_calendar_lunar_test.dart: TCalendarSubtitleBuilder subtitleBuilder 收到当前格日期
01:17 +2197 -20: E:/tdesign-flutter-v1/tdesign-component/test/t_calendar_lunar_test.dart: TCalendarSubtitleBuilder subtitleBuilder 收到当前格日期
01:17 +2198 -20: E:/tdesign-flutter-v1/tdesign-component/test/t_calendar_lunar_test.dart: TCalendarSubtitleBuilder subtitleBuilder 收到当前格日期
01:17 +2199 -20: E:/tdesign-flutter-v1/tdesign-component/test/t_calendar_lunar_test.dart: TCalendarSubtitleBuilder subtitleBuilder 收到当前格日期
01:17 +2200 -20: E:/tdesign-flutter-v1/tdesign-component/test/t_calendar_lunar_test.dart: TCalendarSubtitleBuilder subtitleBuilder 收到当前格日期
01:17 +2201 -20: E:/tdesign-flutter-v1/tdesign-component/test/t_calendar_lunar_test.dart: TCalendarSubtitleBuilder subtitleBuilder 收到当前格日期
01:17 +2202 -20: E:/tdesign-flutter-v1/tdesign-component/test/t_calendar_lunar_test.dart: TCalendarSubtitleBuilder subtitleBuilder 收到当前格日期
01:17 +2203 -20: E:/tdesign-flutter-v1/tdesign-component/test/t_calendar_lunar_test.dart: TCalendarSubtitleBuilder subtitleBuilder 收到当前格日期
01:17 +2204 -20: E:/tdesign-flutter-v1/tdesign-component/test/t_calendar_lunar_test.dart: TCalendarSubtitleBuilder subtitleBuilder 收到当前格日期
01:18 +2205 -20: E:/tdesign-flutter-v1/tdesign-component/test/t_calendar_lunar_test.dart: TCalendarSubtitleBuilder subtitleBuilder 收到当前格日期
01:18 +2206 -20: E:/tdesign-flutter-v1/tdesign-component/test/t_calendar_lunar_test.dart: TCalendarSubtitleBuilder subtitleBuilder 收到当前格日期
01:18 +2207 -20: E:/tdesign-flutter-v1/tdesign-component/test/t_calendar_lunar_test.dart: TCalendarSubtitleBuilder subtitleBuilder 收到当前格日期
01:18 +2208 -20: E:/tdesign-flutter-v1/tdesign-component/test/t_calendar_lunar_test.dart: TCalendarSubtitleBuilder subtitleBuilder 收到当前格日期
01:18 +2209 -20: E:/tdesign-flutter-v1/tdesign-component/test/t_calendar_lunar_test.dart: TCalendarSubtitleBuilder subtitleBuilder 收到当前格日期
01:18 +2210 -20: E:/tdesign-flutter-v1/tdesign-component/test/t_calendar_lunar_test.dart: TCalendarSubtitleBuilder subtitleBuilder 收到当前格日期
01:18 +2211 -20: E:/tdesign-flutter-v1/tdesign-component/test/t_calendar_lunar_test.dart: TCalendarSubtitleBuilder subtitleBuilder 收到当前格日期
01:18 +2212 -20: E:/tdesign-flutter-v1/tdesign-component/test/t_calendar_lunar_test.dart: TCalendarSubtitleBuilder subtitleBuilder 收到当前格日期
01:18 +2213 -20: E:/tdesign-flutter-v1/tdesign-component/test/t_calendar_lunar_test.dart: TCalendarSubtitleBuilder subtitleBuilder 收到当前格日期
01:18 +2214 -20: E:/tdesign-flutter-v1/tdesign-component/test/t_calendar_lunar_test.dart: TCalendarSubtitleBuilder subtitleBuilder 收到当前格日期
01:18 +2215 -20: E:/tdesign-flutter-v1/tdesign-component/test/t_calendar_lunar_test.dart: TCalendarSubtitleBuilder subtitleBuilder 收到当前格日期
01:18 +2216 -20: E:/tdesign-flutter-v1/tdesign-component/test/t_calendar_lunar_test.dart: TCalendarSubtitleBuilder subtitleBuilder 收到当前格日期
01:18 +2217 -20: E:/tdesign-flutter-v1/tdesign-component/test/t_calendar_lunar_test.dart: TCalendarSubtitleBuilder subtitleBuilder 收到当前格日期
01:18 +2218 -20: E:/tdesign-flutter-v1/tdesign-component/test/t_calendar_lunar_test.dart: TCalendarSubtitleBuilder subtitleBuilder 收到当前格日期
01:18 +2219 -20: E:/tdesign-flutter-v1/tdesign-component/test/t_calendar_lunar_test.dart: TCalendarSubtitleBuilder subtitleBuilder 收到当前格日期
01:18 +2220 -20: E:/tdesign-flutter-v1/tdesign-component/test/t_calendar_lunar_test.dart: TCalendarSubtitleBuilder subtitleBuilder 收到当前格日期
01:18 +2221 -20: E:/tdesign-flutter-v1/tdesign-component/test/t_calendar_lunar_test.dart: TCalendarSubtitleBuilder subtitleBuilder 收到当前格日期
01:18 +2222 -20: E:/tdesign-flutter-v1/tdesign-component/test/t_calendar_lunar_test.dart: TCalendarSubtitleBuilder subtitleBuilder 收到当前格日期
01:18 +2223 -20: E:/tdesign-flutter-v1/tdesign-component/test/t_calendar_lunar_test.dart: TCalendarSubtitleBuilder subtitleBuilder 收到当前格日期
01:18 +2224 -20: E:/tdesign-flutter-v1/tdesign-component/test/t_calendar_lunar_test.dart: TCalendarSubtitleBuilder subtitleBuilder 收到当前格日期
01:19 +2225 -20: E:/tdesign-flutter-v1/tdesign-component/test/t_calendar_lunar_test.dart: TCalendarSubtitleBuilder subtitleBuilder 收到当前格日期
01:19 +2226 -20: E:/tdesign-flutter-v1/tdesign-component/test/t_calendar_lunar_test.dart: TCalendarSubtitleBuilder subtitleBuilder 收到当前格日期
01:19 +2227 -20: E:/tdesign-flutter-v1/tdesign-component/test/t_calendar_on_change_init_test.dart: 挂载时 onChange 不应在 build 阶段触发
01:19 +2228 -20: E:/tdesign-flutter-v1/tdesign-component/test/t_calendar_on_change_init_test.dart: 挂载时 onChange 不应在 build 阶段触发
01:19 +2229 -20: E:/tdesign-flutter-v1/tdesign-component/test/t_calendar_on_change_init_test.dart: 挂载时 onChange 不应在 build 阶段触发
01:19 +2230 -20: E:/tdesign-flutter-v1/tdesign-component/test/t_calendar_on_change_init_test.dart: 挂载时 onChange 不应在 build 阶段触发
01:19 +2231 -20: E:/tdesign-flutter-v1/tdesign-component/test/t_calendar_on_change_init_test.dart: 挂载时 onChange 不应在 build 阶段触发
01:19 +2232 -20: E:/tdesign-flutter-v1/tdesign-component/test/t_calendar_on_change_init_test.dart: 挂载时 onChange 不应在 build 阶段触发
01:19 +2233 -20: E:/tdesign-flutter-v1/tdesign-component/test/t_calendar_on_change_init_test.dart: 挂载时 onChange 不应在 build 阶段触发
01:19 +2234 -20: E:/tdesign-flutter-v1/tdesign-component/test/t_calendar_on_change_init_test.dart: 挂载时 onChange 不应在 build 阶段触发
01:20 +2235 -20: E:/tdesign-flutter-v1/tdesign-component/test/t_calendar_on_change_init_test.dart: 挂载时 onChange 不应在 build 阶段触发
01:20 +2236 -20: E:/tdesign-flutter-v1/tdesign-component/test/t_calendar_on_change_init_test.dart: 挂载时 onChange 不应在 build 阶段触发
01:20 +2237 -20: E:/tdesign-flutter-v1/tdesign-component/test/t_calendar_on_change_init_test.dart: 挂载时 onChange 不应在 build 阶段触发
01:20 +2238 -20: E:/tdesign-flutter-v1/tdesign-component/test/t_calendar_on_change_init_test.dart: 挂载时 onChange 不应在 build 阶段触发
01:20 +2239 -20: E:/tdesign-flutter-v1/tdesign-component/test/t_calendar_on_change_init_test.dart: 挂载时 onChange 不应在 build 阶段触发
01:20 +2240 -20: E:/tdesign-flutter-v1/tdesign-component/test/t_calendar_on_change_init_test.dart: 挂载时 onChange 不应在 build 阶段触发
01:20 +2241 -20: E:/tdesign-flutter-v1/tdesign-component/test/t_calendar_on_change_init_test.dart: 挂载时 onChange 不应在 build 阶段触发
01:20 +2242 -20: E:/tdesign-flutter-v1/tdesign-component/test/t_calendar_on_change_init_test.dart: 挂载时 onChange 不应在 build 阶段触发
01:20 +2243 -20: E:/tdesign-flutter-v1/tdesign-component/test/t_calendar_on_change_init_test.dart: 挂载时 onChange 不应在 build 阶段触发
01:20 +2244 -20: E:/tdesign-flutter-v1/tdesign-component/test/t_calendar_on_change_init_test.dart: 挂载时 onChange 不应在 build 阶段触发
01:20 +2245 -20: E:/tdesign-flutter-v1/tdesign-component/test/t_calendar_on_change_init_test.dart: 挂载时 onChange 不应在 build 阶段触发
01:20 +2246 -20: E:/tdesign-flutter-v1/tdesign-component/test/t_calendar_on_change_init_test.dart: 挂载时 onChange 不应在 build 阶段触发
01:20 +2247 -20: E:/tdesign-flutter-v1/tdesign-component/test/t_calendar_on_change_init_test.dart: 挂载时 onChange 不应在 build 阶段触发
01:20 +2248 -20: E:/tdesign-flutter-v1/tdesign-component/test/t_calendar_on_change_init_test.dart: 挂载时 onChange 不应在 build 阶段触发
01:20 +2249 -20: E:/tdesign-flutter-v1/tdesign-component/test/t_calendar_on_change_init_test.dart: 挂载时 onChange 不应在 build 阶段触发
01:20 +2250 -20: E:/tdesign-flutter-v1/tdesign-component/test/t_calendar_on_change_init_test.dart: 挂载时 onChange 不应在 build 阶段触发
01:20 +2251 -20: E:/tdesign-flutter-v1/tdesign-component/test/t_calendar_on_change_init_test.dart: 挂载时 onChange 不应在 build 阶段触发
01:20 +2252 -20: E:/tdesign-flutter-v1/tdesign-component/test/t_calendar_on_change_init_test.dart: 挂载时 onChange 不应在 build 阶段触发
01:20 +2253 -20: E:/tdesign-flutter-v1/tdesign-component/test/t_calendar_on_change_init_test.dart: 挂载时 onChange 不应在 build 阶段触发
01:20 +2254 -20: E:/tdesign-flutter-v1/tdesign-component/test/t_calendar_on_change_init_test.dart: 挂载时 onChange 不应在 build 阶段触发
01:20 +2255 -20: E:/tdesign-flutter-v1/tdesign-component/test/t_calendar_on_change_init_test.dart: 挂载时 onChange 不应在 build 阶段触发
01:20 +2256 -20: E:/tdesign-flutter-v1/tdesign-component/test/t_calendar_on_change_init_test.dart: 挂载时 onChange 不应在 build 阶段触发
01:20 +2257 -20: E:/tdesign-flutter-v1/tdesign-component/test/t_calendar_on_change_init_test.dart: 挂载时 onChange 不应在 build 阶段触发
01:20 +2258 -20: E:/tdesign-flutter-v1/tdesign-component/test/t_calendar_on_change_init_test.dart: 挂载时 onChange 不应在 build 阶段触发
01:20 +2259 -20: E:/tdesign-flutter-v1/tdesign-component/test/t_calendar_on_change_init_test.dart: 挂载时 onChange 不应在 build 阶段触发
01:20 +2260 -20: E:/tdesign-flutter-v1/tdesign-component/test/t_calendar_on_change_init_test.dart: 挂载时 onChange 不应在 build 阶段触发
01:20 +2261 -20: E:/tdesign-flutter-v1/tdesign-component/test/t_calendar_on_change_init_test.dart: 挂载时 onChange 不应在 build 阶段触发
01:20 +2262 -20: E:/tdesign-flutter-v1/tdesign-component/test/t_calendar_on_change_init_test.dart: 挂载时 onChange 不应在 build 阶段触发
01:20 +2263 -20: E:/tdesign-flutter-v1/tdesign-component/test/t_calendar_on_change_init_test.dart: 挂载时 onChange 不应在 build 阶段触发
01:20 +2264 -20: E:/tdesign-flutter-v1/tdesign-component/test/t_calendar_on_change_init_test.dart: 挂载时 onChange 不应在 build 阶段触发
01:20 +2265 -20: E:/tdesign-flutter-v1/tdesign-component/test/t_calendar_on_change_init_test.dart: 挂载时 onChange 不应在 build 阶段触发
01:20 +2266 -20: E:/tdesign-flutter-v1/tdesign-component/test/t_calendar_on_change_init_test.dart: 挂载时 onChange 不应在 build 阶段触发
01:20 +2267 -20: E:/tdesign-flutter-v1/tdesign-component/test/t_calendar_on_change_init_test.dart: 挂载时 onChange 不应在 build 阶段触发
01:20 +2268 -20: E:/tdesign-flutter-v1/tdesign-component/test/t_calendar_on_change_init_test.dart: 挂载时 onChange 不应在 build 阶段触发
01:20 +2269 -20: E:/tdesign-flutter-v1/tdesign-component/test/t_calendar_on_change_init_test.dart: 挂载时 onChange 不应在 build 阶段触发
01:20 +2270 -20: E:/tdesign-flutter-v1/tdesign-component/test/t_calendar_on_change_init_test.dart: 挂载时 onChange 不应在 build 阶段触发
01:20 +2271 -20: E:/tdesign-flutter-v1/tdesign-component/test/t_calendar_on_change_init_test.dart: 挂载时 onChange 不应在 build 阶段触发
01:20 +2272 -20: E:/tdesign-flutter-v1/tdesign-component/test/t_calendar_on_change_init_test.dart: 挂载时 onChange 不应在 build 阶段触发
01:20 +2273 -20: E:/tdesign-flutter-v1/tdesign-component/test/t_calendar_on_change_init_test.dart: 挂载时 onChange 不应在 build 阶段触发
01:20 +2274 -20: E:/tdesign-flutter-v1/tdesign-component/test/t_calendar_on_change_init_test.dart: 挂载时 onChange 不应在 build 阶段触发
01:20 +2275 -20: E:/tdesign-flutter-v1/tdesign-component/test/t_calendar_on_change_init_test.dart: 挂载时 onChange 不应在 build 阶段触发
01:20 +2276 -20: E:/tdesign-flutter-v1/tdesign-component/test/t_calendar_on_change_init_test.dart: 挂载时 onChange 不应在 build 阶段触发
01:20 +2277 -20: E:/tdesign-flutter-v1/tdesign-component/test/t_calendar_on_change_init_test.dart: 挂载时 onChange 不应在 build 阶段触发
01:20 +2278 -20: E:/tdesign-flutter-v1/tdesign-component/test/t_calendar_on_change_init_test.dart: 挂载时 onChange 不应在 build 阶段触发
01:20 +2279 -20: E:/tdesign-flutter-v1/tdesign-component/test/t_calendar_on_change_init_test.dart: 挂载时 onChange 不应在 build 阶段触发
01:20 +2280 -20: E:/tdesign-flutter-v1/tdesign-component/test/t_calendar_on_change_init_test.dart: 挂载时 onChange 不应在 build 阶段触发
01:20 +2281 -20: E:/tdesign-flutter-v1/tdesign-component/test/t_calendar_on_change_init_test.dart: 挂载时 onChange 不应在 build 阶段触发
01:20 +2282 -20: E:/tdesign-flutter-v1/tdesign-component/test/t_calendar_on_change_init_test.dart: 挂载时 onChange 不应在 build 阶段触发
01:20 +2283 -20: E:/tdesign-flutter-v1/tdesign-component/test/t_calendar_on_change_init_test.dart: 挂载时 onChange 不应在 build 阶段触发
01:20 +2284 -20: E:/tdesign-flutter-v1/tdesign-component/test/t_calendar_on_change_init_test.dart: 挂载时 onChange 不应在 build 阶段触发
01:20 +2285 -20: E:/tdesign-flutter-v1/tdesign-component/test/t_calendar_on_change_init_test.dart: 挂载时 onChange 不应在 build 阶段触发
01:20 +2286 -20: E:/tdesign-flutter-v1/tdesign-component/test/t_calendar_on_change_init_test.dart: 挂载时 onChange 不应在 build 阶段触发
01:20 +2287 -20: E:/tdesign-flutter-v1/tdesign-component/test/t_calendar_on_change_init_test.dart: 挂载时 onChange 不应在 build 阶段触发
01:20 +2288 -20: E:/tdesign-flutter-v1/tdesign-component/test/t_calendar_on_change_init_test.dart: 挂载时 onChange 不应在 build 阶段触发
01:20 +2289 -20: E:/tdesign-flutter-v1/tdesign-component/test/t_calendar_on_change_init_test.dart: 挂载时 onChange 不应在 build 阶段触发
01:20 +2290 -20: E:/tdesign-flutter-v1/tdesign-component/test/t_calendar_on_change_init_test.dart: 挂载时 onChange 不应在 build 阶段触发
01:20 +2291 -20: E:/tdesign-flutter-v1/tdesign-component/test/t_calendar_on_change_init_test.dart: 挂载时 onChange 不应在 build 阶段触发
01:20 +2292 -20: E:/tdesign-flutter-v1/tdesign-component/test/t_calendar_on_change_init_test.dart: 挂载时 onChange 不应在 build 阶段触发
01:20 +2293 -20: E:/tdesign-flutter-v1/tdesign-component/test/t_calendar_on_change_init_test.dart: 挂载时 onChange 不应在 build 阶段触发
01:20 +2294 -20: E:/tdesign-flutter-v1/tdesign-component/test/t_calendar_on_change_init_test.dart: 挂载时 onChange 不应在 build 阶段触发
01:20 +2295 -20: E:/tdesign-flutter-v1/tdesign-component/test/t_calendar_on_change_init_test.dart: 挂载时 onChange 不应在 build 阶段触发
01:20 +2296 -20: E:/tdesign-flutter-v1/tdesign-component/test/t_calendar_on_change_init_test.dart: 挂载时 onChange 不应在 build 阶段触发
01:20 +2297 -20: E:/tdesign-flutter-v1/tdesign-component/test/t_calendar_on_change_init_test.dart: 挂载时 onChange 不应在 build 阶段触发
01:20 +2298 -20: E:/tdesign-flutter-v1/tdesign-component/test/t_calendar_on_change_init_test.dart: 挂载时 onChange 不应在 build 阶段触发
01:20 +2299 -20: E:/tdesign-flutter-v1/tdesign-component/test/t_calendar_on_change_init_test.dart: 挂载时 onChange 不应在 build 阶段触发
01:21 +2300 -20: E:/tdesign-flutter-v1/tdesign-component/test/t_calendar_on_change_init_test.dart: 挂载时 onChange 不应在 build 阶段触发
01:21 +2301 -20: E:/tdesign-flutter-v1/tdesign-component/test/t_calendar_on_change_init_test.dart: 挂载时 onChange 不应在 build 阶段触发
01:21 +2302 -20: E:/tdesign-flutter-v1/tdesign-component/test/t_calendar_on_change_init_test.dart: 挂载时 onChange 不应在 build 阶段触发
01:21 +2303 -20: E:/tdesign-flutter-v1/tdesign-component/test/t_calendar_on_change_init_test.dart: 挂载时 onChange 不应在 build 阶段触发
01:21 +2304 -20: E:/tdesign-flutter-v1/tdesign-component/test/t_calendar_on_change_init_test.dart: 挂载时 onChange 不应在 build 阶段触发
01:21 +2305 -20: E:/tdesign-flutter-v1/tdesign-component/test/t_calendar_on_change_init_test.dart: 挂载时 onChange 不应在 build 阶段触发
01:21 +2306 -20: E:/tdesign-flutter-v1/tdesign-component/test/t_calendar_on_change_init_test.dart: 挂载时 onChange 不应在 build 阶段触发
01:21 +2307 -20: E:/tdesign-flutter-v1/tdesign-component/test/t_calendar_on_change_init_test.dart: 挂载时 onChange 不应在 build 阶段触发
01:21 +2308 -20: E:/tdesign-flutter-v1/tdesign-component/test/t_calendar_on_change_init_test.dart: 挂载时 onChange 不应在 build 阶段触发
01:21 +2309 -20: E:/tdesign-flutter-v1/tdesign-component/test/t_calendar_test.dart: TCalendar — 单选 (single) 点击日期触发 onChange
01:21 +2310 -20: E:/tdesign-flutter-v1/tdesign-component/test/components/toast/t_toast_test.dart: TToast duration 长 duration Toast 保持显示
01:22 +2311 -20: E:/tdesign-flutter-v1/tdesign-component/test/components/toast/t_toast_test.dart: TToast duration 长 duration Toast 保持显示
01:22 +2312 -20: E:/tdesign-flutter-v1/tdesign-component/test/components/toast/t_toast_test.dart: TToast duration 长 duration Toast 保持显示
01:22 +2313 -20: E:/tdesign-flutter-v1/tdesign-component/test/components/toast/t_toast_test.dart: TToast duration 长 duration Toast 保持显示
01:22 +2314 -20: E:/tdesign-flutter-v1/tdesign-component/test/components/toast/t_toast_test.dart: TToast duration 长 duration Toast 保持显示
01:22 +2315 -20: E:/tdesign-flutter-v1/tdesign-component/test/components/toast/t_toast_test.dart: TToast duration 长 duration Toast 保持显示
01:22 +2316 -20: E:/tdesign-flutter-v1/tdesign-component/test/components/toast/t_toast_test.dart: TToast duration 长 duration Toast 保持显示
01:22 +2317 -20: E:/tdesign-flutter-v1/tdesign-component/test/components/toast/t_toast_test.dart: TToast duration 长 duration Toast 保持显示
01:22 +2318 -20: E:/tdesign-flutter-v1/tdesign-component/test/components/toast/t_toast_test.dart: TToast duration 长 duration Toast 保持显示
01:22 +2319 -20: E:/tdesign-flutter-v1/tdesign-component/test/components/toast/t_toast_test.dart: TToast duration 长 duration Toast 保持显示
01:22 +2320 -20: E:/tdesign-flutter-v1/tdesign-component/test/components/toast/t_toast_test.dart: TToast duration 长 duration Toast 保持显示
01:22 +2321 -20: E:/tdesign-flutter-v1/tdesign-component/test/components/toast/t_toast_test.dart: TToast duration 长 duration Toast 保持显示
01:22 +2322 -20: E:/tdesign-flutter-v1/tdesign-component/test/components/toast/t_toast_test.dart: TToast duration 长 duration Toast 保持显示
01:22 +2323 -20: E:/tdesign-flutter-v1/tdesign-component/test/components/toast/t_toast_test.dart: TToast duration 长 duration Toast 保持显示
01:22 +2324 -20: E:/tdesign-flutter-v1/tdesign-component/test/components/toast/t_toast_test.dart: TToast duration 长 duration Toast 保持显示
01:22 +2325 -20: E:/tdesign-flutter-v1/tdesign-component/test/components/toast/t_toast_test.dart: TToast duration 长 duration Toast 保持显示
01:22 +2326 -20: E:/tdesign-flutter-v1/tdesign-component/test/components/toast/t_toast_test.dart: TToast duration 长 duration Toast 保持显示
01:22 +2327 -20: E:/tdesign-flutter-v1/tdesign-component/test/components/toast/t_toast_test.dart: TToast duration 长 duration Toast 保持显示
01:22 +2328 -20: E:/tdesign-flutter-v1/tdesign-component/test/components/toast/t_toast_test.dart: TToast duration 长 duration Toast 保持显示
01:22 +2329 -20: E:/tdesign-flutter-v1/tdesign-component/test/components/toast/t_toast_test.dart: TToast duration 长 duration Toast 保持显示
01:22 +2330 -20: E:/tdesign-flutter-v1/tdesign-component/test/components/toast/t_toast_test.dart: TToast duration 长 duration Toast 保持显示
01:22 +2331 -20: E:/tdesign-flutter-v1/tdesign-component/test/components/toast/t_toast_test.dart: TToast duration 长 duration Toast 保持显示
01:22 +2332 -20: E:/tdesign-flutter-v1/tdesign-component/test/components/toast/t_toast_test.dart: TToast duration 长 duration Toast 保持显示
01:22 +2333 -20: E:/tdesign-flutter-v1/tdesign-component/test/components/toast/t_toast_test.dart: TToast duration 长 duration Toast 保持显示
01:22 +2334 -20: E:/tdesign-flutter-v1/tdesign-component/test/components/toast/t_toast_test.dart: TToast duration 长 duration Toast 保持显示
01:22 +2335 -20: E:/tdesign-flutter-v1/tdesign-component/test/components/toast/t_toast_test.dart: TToast duration 长 duration Toast 保持显示
01:22 +2336 -20: E:/tdesign-flutter-v1/tdesign-component/test/components/toast/t_toast_test.dart: TToast duration 长 duration Toast 保持显示
01:22 +2337 -20: E:/tdesign-flutter-v1/tdesign-component/test/components/toast/t_toast_test.dart: TToast duration 长 duration Toast 保持显示
01:22 +2338 -20: E:/tdesign-flutter-v1/tdesign-component/test/components/toast/t_toast_test.dart: TToast duration 长 duration Toast 保持显示
01:22 +2339 -20: E:/tdesign-flutter-v1/tdesign-component/test/components/toast/t_toast_test.dart: TToast duration 长 duration Toast 保持显示
01:22 +2340 -20: E:/tdesign-flutter-v1/tdesign-component/test/components/toast/t_toast_test.dart: TToast duration 长 duration Toast 保持显示
01:22 +2341 -20: E:/tdesign-flutter-v1/tdesign-component/test/components/toast/t_toast_test.dart: TToast duration 长 duration Toast 保持显示
01:23 +2342 -20: E:/tdesign-flutter-v1/tdesign-component/test/components/toast/t_toast_test.dart: TToast duration 长 duration Toast 保持显示
01:23 +2343 -20: E:/tdesign-flutter-v1/tdesign-component/test/components/toast/t_toast_test.dart: TToast duration 长 duration Toast 保持显示
01:23 +2344 -20: E:/tdesign-flutter-v1/tdesign-component/test/components/toast/t_toast_test.dart: TToast duration 长 duration Toast 保持显示
01:23 +2345 -20: E:/tdesign-flutter-v1/tdesign-component/test/components/toast/t_toast_test.dart: TToast duration 长 duration Toast 保持显示
01:23 +2346 -20: E:/tdesign-flutter-v1/tdesign-component/test/components/toast/t_toast_test.dart: TToast duration 长 duration Toast 保持显示
01:23 +2347 -20: E:/tdesign-flutter-v1/tdesign-component/test/components/toast/t_toast_test.dart: TToast duration 长 duration Toast 保持显示
01:23 +2348 -20: E:/tdesign-flutter-v1/tdesign-component/test/components/toast/t_toast_test.dart: TToast duration 长 duration Toast 保持显示
01:23 +2349 -20: E:/tdesign-flutter-v1/tdesign-component/test/components/toast/t_toast_test.dart: TToast duration 长 duration Toast 保持显示
01:23 +2350 -20: E:/tdesign-flutter-v1/tdesign-component/test/t_popup_coverage_test.dart: TPopup 覆盖率补充 bottom 仅标题行（无操作栏）
01:23 +2351 -20: E:/tdesign-flutter-v1/tdesign-component/test/t_popup_coverage_test.dart: TPopup 覆盖率补充 bottom 仅标题行（无操作栏）
01:23 +2352 -20: E:/tdesign-flutter-v1/tdesign-component/test/t_popup_coverage_test.dart: TPopup 覆盖率补充 bottom 仅标题行（无操作栏）
01:23 +2353 -20: E:/tdesign-flutter-v1/tdesign-component/test/t_popup_coverage_test.dart: TPopup 覆盖率补充 bottom 仅标题行（无操作栏）
01:23 +2354 -20: E:/tdesign-flutter-v1/tdesign-component/test/t_popup_coverage_test.dart: TPopup 覆盖率补充 bottom 仅标题行（无操作栏）
01:23 +2355 -20: E:/tdesign-flutter-v1/tdesign-component/test/t_popup_coverage_test.dart: TPopup 覆盖率补充 bottom 仅标题行（无操作栏）
01:23 +2356 -20: E:/tdesign-flutter-v1/tdesign-component/test/t_popup_coverage_test.dart: TPopup 覆盖率补充 bottom 仅标题行（无操作栏）
01:23 +2357 -20: E:/tdesign-flutter-v1/tdesign-component/test/t_popup_coverage_test.dart: TPopup 覆盖率补充 bottom 仅标题行（无操作栏）
01:23 +2358 -20: E:/tdesign-flutter-v1/tdesign-component/test/t_popup_coverage_test.dart: TPopup 覆盖率补充 bottom 仅标题行（无操作栏）
01:23 +2359 -20: E:/tdesign-flutter-v1/tdesign-component/test/t_popup_coverage_test.dart: TPopup 覆盖率补充 bottom 仅标题行（无操作栏）
01:23 +2360 -20: E:/tdesign-flutter-v1/tdesign-component/test/t_popup_coverage_test.dart: TPopup 覆盖率补充 bottom 仅标题行（无操作栏）
01:23 +2361 -20: E:/tdesign-flutter-v1/tdesign-component/test/components/toast/t_toast_test.dart: TToast 状态图标 showSuccess 显示成功图标与文案
01:23 +2362 -20: E:/tdesign-flutter-v1/tdesign-component/test/components/toast/t_toast_test.dart: TToast 状态图标 showSuccess 显示成功图标与文案
01:23 +2363 -20: E:/tdesign-flutter-v1/tdesign-component/test/components/toast/t_toast_test.dart: TToast 状态图标 showSuccess 显示成功图标与文案
01:23 +2364 -20: E:/tdesign-flutter-v1/tdesign-component/test/components/toast/t_toast_test.dart: TToast 状态图标 showSuccess 显示成功图标与文案
01:23 +2365 -20: E:/tdesign-flutter-v1/tdesign-component/test/components/toast/t_toast_test.dart: TToast 状态图标 showSuccess 显示成功图标与文案
01:23 +2366 -20: E:/tdesign-flutter-v1/tdesign-component/test/components/toast/t_toast_test.dart: TToast 状态图标 showSuccess 显示成功图标与文案
01:23 +2367 -20: E:/tdesign-flutter-v1/tdesign-component/test/components/toast/t_toast_test.dart: TToast 状态图标 showSuccess 显示成功图标与文案
01:23 +2368 -20: E:/tdesign-flutter-v1/tdesign-component/test/components/toast/t_toast_test.dart: TToast 状态图标 showSuccess 显示成功图标与文案
01:23 +2369 -20: E:/tdesign-flutter-v1/tdesign-component/test/components/toast/t_toast_test.dart: TToast 状态图标 showSuccess 显示成功图标与文案
01:23 +2370 -20: E:/tdesign-flutter-v1/tdesign-component/test/components/toast/t_toast_test.dart: TToast 状态图标 showSuccess 显示成功图标与文案
01:23 +2371 -20: E:/tdesign-flutter-v1/tdesign-component/test/components/toast/t_toast_test.dart: TToast 状态图标 showSuccess 显示成功图标与文案
01:23 +2372 -20: E:/tdesign-flutter-v1/tdesign-component/test/components/toast/t_toast_test.dart: TToast 状态图标 showSuccess 显示成功图标与文案
01:23 +2373 -20: E:/tdesign-flutter-v1/tdesign-component/test/components/toast/t_toast_test.dart: TToast 状态图标 showSuccess 显示成功图标与文案
01:23 +2374 -20: E:/tdesign-flutter-v1/tdesign-component/test/components/toast/t_toast_test.dart: TToast 状态图标 showSuccess 显示成功图标与文案
01:23 +2375 -20: E:/tdesign-flutter-v1/tdesign-component/test/components/toast/t_toast_test.dart: TToast 状态图标 showSuccess 显示成功图标与文案
01:23 +2376 -20: E:/tdesign-flutter-v1/tdesign-component/test/components/toast/t_toast_test.dart: TToast 状态图标 showSuccess 显示成功图标与文案
01:23 +2377 -20: E:/tdesign-flutter-v1/tdesign-component/test/components/toast/t_toast_test.dart: TToast 状态图标 showSuccess 显示成功图标与文案
01:23 +2378 -20: E:/tdesign-flutter-v1/tdesign-component/test/components/toast/t_toast_test.dart: TToast 状态图标 showSuccess 显示成功图标与文案
01:24 +2379 -20: E:/tdesign-flutter-v1/tdesign-component/test/t_popup_coverage_test.dart: TPopup 覆盖率补充 bottom 仅隐藏 confirm 槽位
01:24 +2380 -20: E:/tdesign-flutter-v1/tdesign-component/test/t_popup_coverage_test.dart: TPopup 覆盖率补充 bottom 仅隐藏 confirm 槽位
01:24 +2381 -20: E:/tdesign-flutter-v1/tdesign-component/test/t_calendar_test.dart: TCalendar — initialValue 与 anchorDate 运行期变更 initialValue 不会覆盖内部选中态
01:24 +2382 -20: E:/tdesign-flutter-v1/tdesign-component/test/t_calendar_test.dart: TCalendar — initialValue 与 anchorDate 运行期变更 initialValue 不会覆盖内部选中态
01:24 +2383 -20: E:/tdesign-flutter-v1/tdesign-component/test/t_calendar_test.dart: TCalendar — initialValue 与 anchorDate 运行期变更 initialValue 不会覆盖内部选中态
01:24 +2384 -20: E:/tdesign-flutter-v1/tdesign-component/test/t_date_time_picker_test.dart: TDateTimePicker 集成 onChange 滚动后触发回调
01:24 +2385 -20: E:/tdesign-flutter-v1/tdesign-component/test/t_date_time_picker_test.dart: TDateTimePicker 集成 onChange 滚动后触发回调
01:24 +2386 -20: E:/tdesign-flutter-v1/tdesign-component/test/t_date_time_picker_test.dart: TDateTimePicker 集成 onChange 滚动后触发回调
01:24 +2387 -20: E:/tdesign-flutter-v1/tdesign-component/test/t_date_time_picker_test.dart: TDateTimePicker 集成 onChange 滚动后触发回调
01:24 +2388 -20: E:/tdesign-flutter-v1/tdesign-component/test/components/toast/t_toast_test.dart: TToast 状态图标 showWarning 显示警告图标与文案
01:24 +2389 -20: E:/tdesign-flutter-v1/tdesign-component/test/components/toast/t_toast_test.dart: TToast 状态图标 showWarning 显示警告图标与文案
01:24 +2390 -20: E:/tdesign-flutter-v1/tdesign-component/test/components/toast/t_toast_test.dart: TToast 状态图标 showWarning 显示警告图标与文案
01:24 +2391 -20: E:/tdesign-flutter-v1/tdesign-component/test/components/toast/t_toast_test.dart: TToast 状态图标 showWarning 显示警告图标与文案
01:24 +2392 -20: E:/tdesign-flutter-v1/tdesign-component/test/components/toast/t_toast_test.dart: TToast 状态图标 showWarning 显示警告图标与文案
01:24 +2393 -20: E:/tdesign-flutter-v1/tdesign-component/test/components/toast/t_toast_test.dart: TToast 状态图标 showWarning 显示警告图标与文案
01:24 +2394 -20: E:/tdesign-flutter-v1/tdesign-component/test/components/toast/t_toast_test.dart: TToast 状态图标 showWarning 显示警告图标与文案
01:24 +2395 -20: E:/tdesign-flutter-v1/tdesign-component/test/components/toast/t_toast_test.dart: TToast 状态图标 showWarning 显示警告图标与文案
01:24 +2396 -20: E:/tdesign-flutter-v1/tdesign-component/test/components/toast/t_toast_test.dart: TToast 状态图标 showWarning 显示警告图标与文案
01:24 +2397 -20: E:/tdesign-flutter-v1/tdesign-component/test/components/toast/t_toast_test.dart: TToast 状态图标 showWarning 显示警告图标与文案
01:24 +2398 -20: E:/tdesign-flutter-v1/tdesign-component/test/components/toast/t_toast_test.dart: TToast 状态图标 showWarning 显示警告图标与文案
01:24 +2399 -20: E:/tdesign-flutter-v1/tdesign-component/test/t_date_time_picker_test.dart: TDateTimePicker 集成 onChange 初始挂载与相同 props 的父 rebuild 不重复触发
01:24 +2400 -20: E:/tdesign-flutter-v1/tdesign-component/test/t_date_time_picker_test.dart: TDateTimePicker 集成 onChange 初始挂载与相同 props 的父 rebuild 不重复触发
01:24 +2401 -20: E:/tdesign-flutter-v1/tdesign-component/test/t_date_time_picker_test.dart: TDateTimePicker 集成 onChange 初始挂载与相同 props 的父 rebuild 不重复触发
01:24 +2402 -20: E:/tdesign-flutter-v1/tdesign-component/test/t_popup_coverage_test.dart: TPopup 覆盖率补充 center 默认关闭按钮点击关闭浮层
01:24 +2403 -20: E:/tdesign-flutter-v1/tdesign-component/test/t_popup_coverage_test.dart: TPopup 覆盖率补充 center 默认关闭按钮点击关闭浮层
01:24 +2404 -20: E:/tdesign-flutter-v1/tdesign-component/test/t_popup_coverage_test.dart: TPopup 覆盖率补充 center 默认关闭按钮点击关闭浮层
01:24 +2405 -20: E:/tdesign-flutter-v1/tdesign-component/test/t_popup_coverage_test.dart: TPopup 覆盖率补充 center 默认关闭按钮点击关闭浮层
01:24 +2406 -20: E:/tdesign-flutter-v1/tdesign-component/test/t_popup_coverage_test.dart: TPopup 覆盖率补充 center 默认关闭按钮点击关闭浮层
01:24 +2407 -20: E:/tdesign-flutter-v1/tdesign-component/test/t_popup_route_test.dart: Popup 路由层行为（通过 TPopup.show 验证） 无蒙层 + modal=true 时阻断底层点击与滚动
01:24 +2408 -20: E:/tdesign-flutter-v1/tdesign-component/test/t_popup_route_test.dart: Popup 路由层行为（通过 TPopup.show 验证） 无蒙层 + modal=true 时阻断底层点击与滚动
01:24 +2409 -20: E:/tdesign-flutter-v1/tdesign-component/test/t_popup_route_test.dart: Popup 路由层行为（通过 TPopup.show 验证） 无蒙层 + modal=true 时阻断底层点击与滚动
01:25 +2410 -20: E:/tdesign-flutter-v1/tdesign-component/test/t_popup_route_test.dart: Popup 路由层行为（通过 TPopup.show 验证） 无蒙层 + modal=true 时阻断底层点击与滚动
01:25 +2411 -20: E:/tdesign-flutter-v1/tdesign-component/test/t_popup_route_test.dart: Popup 路由层行为（通过 TPopup.show 验证） 无蒙层 + modal=true 时阻断底层点击与滚动
01:25 +2412 -20: E:/tdesign-flutter-v1/tdesign-component/test/t_popup_route_test.dart: Popup 路由层行为（通过 TPopup.show 验证） 无蒙层 + modal=true 时阻断底层点击与滚动
01:25 +2413 -20: E:/tdesign-flutter-v1/tdesign-component/test/t_popup_route_test.dart: Popup 路由层行为（通过 TPopup.show 验证） 无蒙层 + modal=true 时阻断底层点击与滚动
01:25 +2414 -20: E:/tdesign-flutter-v1/tdesign-component/test/t_popup_route_test.dart: Popup 路由层行为（通过 TPopup.show 验证） 无蒙层 + modal=true 时阻断底层点击与滚动
01:25 +2415 -20: E:/tdesign-flutter-v1/tdesign-component/test/t_popup_route_test.dart: Popup 路由层行为（通过 TPopup.show 验证） 无蒙层 + modal=true 时阻断底层点击与滚动
01:25 +2416 -20: E:/tdesign-flutter-v1/tdesign-component/test/t_popup_route_test.dart: Popup 路由层行为（通过 TPopup.show 验证） 无蒙层 + modal=true 时阻断底层点击与滚动
01:25 +2417 -20: E:/tdesign-flutter-v1/tdesign-component/test/t_popup_route_test.dart: Popup 路由层行为（通过 TPopup.show 验证） 无蒙层 + modal=true 时阻断底层点击与滚动
01:25 +2418 -20: E:/tdesign-flutter-v1/tdesign-component/test/t_popup_route_test.dart: Popup 路由层行为（通过 TPopup.show 验证） 无蒙层 + modal=true 时阻断底层点击与滚动
01:25 +2419 -20: E:/tdesign-flutter-v1/tdesign-component/test/t_popup_route_test.dart: Popup 路由层行为（通过 TPopup.show 验证） 无蒙层 + modal=true 时阻断底层点击与滚动
01:25 +2420 -20: E:/tdesign-flutter-v1/tdesign-component/test/t_popup_route_test.dart: Popup 路由层行为（通过 TPopup.show 验证） 无蒙层 + modal=true 时阻断底层点击与滚动
01:25 +2421 -20: E:/tdesign-flutter-v1/tdesign-component/test/t_popup_route_test.dart: Popup 路由层行为（通过 TPopup.show 验证） 无蒙层 + modal=true 时阻断底层点击与滚动
01:25 +2422 -20: E:/tdesign-flutter-v1/tdesign-component/test/t_popup_route_test.dart: Popup 路由层行为（通过 TPopup.show 验证） 无蒙层 + modal=true 时阻断底层点击与滚动
01:25 +2423 -20: E:/tdesign-flutter-v1/tdesign-component/test/t_popup_route_test.dart: Popup 路由层行为（通过 TPopup.show 验证） 无蒙层 + modal=true 时阻断底层点击与滚动
01:25 +2424 -20: E:/tdesign-flutter-v1/tdesign-component/test/t_popup_route_test.dart: Popup 路由层行为（通过 TPopup.show 验证） 无蒙层 + modal=true 时阻断底层点击与滚动
01:25 +2425 -20: E:/tdesign-flutter-v1/tdesign-component/test/t_popup_route_test.dart: Popup 路由层行为（通过 TPopup.show 验证） 无蒙层 + modal=true 时阻断底层点击与滚动
01:25 +2426 -20: E:/tdesign-flutter-v1/tdesign-component/test/t_popup_route_test.dart: Popup 路由层行为（通过 TPopup.show 验证） 无蒙层 + modal=true 时阻断底层点击与滚动
01:25 +2427 -20: E:/tdesign-flutter-v1/tdesign-component/test/t_popup_route_test.dart: Popup 路由层行为（通过 TPopup.show 验证） 无蒙层 + modal=true 时阻断底层点击与滚动
01:25 +2428 -20: E:/tdesign-flutter-v1/tdesign-component/test/t_popup_route_test.dart: Popup 路由层行为（通过 TPopup.show 验证） 无蒙层 + modal=true 时阻断底层点击与滚动
01:25 +2429 -20: E:/tdesign-flutter-v1/tdesign-component/test/t_popup_route_test.dart: Popup 路由层行为（通过 TPopup.show 验证） 无蒙层 + modal=true 时阻断底层点击与滚动
01:25 +2430 -20: E:/tdesign-flutter-v1/tdesign-component/test/t_popup_route_test.dart: Popup 路由层行为（通过 TPopup.show 验证） 无蒙层 + modal=true 时阻断底层点击与滚动
01:25 +2431 -20: E:/tdesign-flutter-v1/tdesign-component/test/t_popup_route_test.dart: Popup 路由层行为（通过 TPopup.show 验证） 无蒙层 + modal=true 时阻断底层点击与滚动
01:25 +2432 -20: E:/tdesign-flutter-v1/tdesign-component/test/t_popup_route_test.dart: Popup 路由层行为（通过 TPopup.show 验证） 无蒙层 + modal=true 时阻断底层点击与滚动
01:25 +2433 -20: E:/tdesign-flutter-v1/tdesign-component/test/t_popup_route_test.dart: Popup 路由层行为（通过 TPopup.show 验证） 无蒙层 + modal=true 时阻断底层点击与滚动
01:25 +2434 -20: E:/tdesign-flutter-v1/tdesign-component/test/t_popup_route_test.dart: Popup 路由层行为（通过 TPopup.show 验证） 无蒙层 + modal=true 时阻断底层点击与滚动
01:25 +2435 -20: E:/tdesign-flutter-v1/tdesign-component/test/t_popup_route_test.dart: Popup 路由层行为（通过 TPopup.show 验证） 无蒙层 + modal=true 时阻断底层点击与滚动
01:25 +2436 -20: E:/tdesign-flutter-v1/tdesign-component/test/t_popup_route_test.dart: Popup 路由层行为（通过 TPopup.show 验证） 无蒙层 + modal=true 时阻断底层点击与滚动
01:25 +2437 -20: E:/tdesign-flutter-v1/tdesign-component/test/t_popup_route_test.dart: Popup 路由层行为（通过 TPopup.show 验证） 无蒙层 + modal=true 时阻断底层点击与滚动
01:25 +2438 -20: E:/tdesign-flutter-v1/tdesign-component/test/t_popup_route_test.dart: Popup 路由层行为（通过 TPopup.show 验证） 无蒙层 + modal=true 时阻断底层点击与滚动
01:25 +2439 -20: E:/tdesign-flutter-v1/tdesign-component/test/t_popup_route_test.dart: Popup 路由层行为（通过 TPopup.show 验证） 无蒙层 + modal=true 时阻断底层点击与滚动
01:25 +2440 -20: E:/tdesign-flutter-v1/tdesign-component/test/t_popup_route_test.dart: Popup 路由层行为（通过 TPopup.show 验证） 无蒙层 + modal=true 时阻断底层点击与滚动
01:25 +2441 -20: E:/tdesign-flutter-v1/tdesign-component/test/t_popup_route_test.dart: Popup 路由层行为（通过 TPopup.show 验证） 无蒙层 + modal=true 时阻断底层点击与滚动
01:26 +2442 -20: E:/tdesign-flutter-v1/tdesign-component/test/t_popup_route_test.dart: Popup 路由层行为（通过 TPopup.show 验证） 无蒙层 + modal=true 时阻断底层点击与滚动
01:26 +2443 -20: E:/tdesign-flutter-v1/tdesign-component/test/t_popup_route_test.dart: Popup 路由层行为（通过 TPopup.show 验证） 无蒙层 + modal=true 时阻断底层点击与滚动
01:26 +2444 -20: E:/tdesign-flutter-v1/tdesign-component/test/t_popup_route_test.dart: Popup 路由层行为（通过 TPopup.show 验证） 无蒙层 + modal=true 时阻断底层点击与滚动
01:26 +2445 -20: E:/tdesign-flutter-v1/tdesign-component/test/t_popup_route_test.dart: Popup 路由层行为（通过 TPopup.show 验证） 无蒙层 + modal=true 时阻断底层点击与滚动
01:26 +2446 -20: E:/tdesign-flutter-v1/tdesign-component/test/t_popup_route_test.dart: Popup 路由层行为（通过 TPopup.show 验证） 无蒙层 + modal=true 时阻断底层点击与滚动
01:26 +2447 -20: E:/tdesign-flutter-v1/tdesign-component/test/t_popup_route_test.dart: Popup 路由层行为（通过 TPopup.show 验证） 无蒙层 + modal=true 时阻断底层点击与滚动
01:26 +2448 -20: E:/tdesign-flutter-v1/tdesign-component/test/t_popup_route_test.dart: Popup 路由层行为（通过 TPopup.show 验证） 无蒙层 + modal=true 时阻断底层点击与滚动
01:26 +2449 -20: E:/tdesign-flutter-v1/tdesign-component/test/t_popup_route_test.dart: Popup 路由层行为（通过 TPopup.show 验证） 无蒙层 + modal=true 时阻断底层点击与滚动
01:26 +2450 -20: E:/tdesign-flutter-v1/tdesign-component/test/t_popup_route_test.dart: Popup 路由层行为（通过 TPopup.show 验证） 无蒙层 + modal=true 时阻断底层点击与滚动
01:26 +2451 -20: E:/tdesign-flutter-v1/tdesign-component/test/t_popup_route_test.dart: Popup 路由层行为（通过 TPopup.show 验证） 无蒙层 + modal=true 时阻断底层点击与滚动
01:26 +2452 -20: E:/tdesign-flutter-v1/tdesign-component/test/t_popup_route_test.dart: Popup 路由层行为（通过 TPopup.show 验证） 无蒙层 + modal=true 时阻断底层点击与滚动
01:26 +2453 -20: E:/tdesign-flutter-v1/tdesign-component/test/t_popup_route_test.dart: Popup 路由层行为（通过 TPopup.show 验证） 无蒙层 + modal=true 时阻断底层点击与滚动
01:26 +2454 -20: E:/tdesign-flutter-v1/tdesign-component/test/t_popup_route_test.dart: Popup 路由层行为（通过 TPopup.show 验证） 无蒙层 + modal=true 时阻断底层点击与滚动
01:26 +2455 -20: E:/tdesign-flutter-v1/tdesign-component/test/t_popup_route_test.dart: Popup 路由层行为（通过 TPopup.show 验证） 无蒙层 + modal=true 时阻断底层点击与滚动
01:26 +2456 -20: E:/tdesign-flutter-v1/tdesign-component/test/t_popup_route_test.dart: Popup 路由层行为（通过 TPopup.show 验证） 无蒙层 + modal=true 时阻断底层点击与滚动
01:26 +2457 -20: E:/tdesign-flutter-v1/tdesign-component/test/t_popup_route_test.dart: Popup 路由层行为（通过 TPopup.show 验证） 无蒙层 + modal=true 时阻断底层点击与滚动
01:26 +2458 -20: E:/tdesign-flutter-v1/tdesign-component/test/t_popup_route_test.dart: Popup 路由层行为（通过 TPopup.show 验证） 无蒙层 + modal=true 时阻断底层点击与滚动
01:26 +2459 -20: E:/tdesign-flutter-v1/tdesign-component/test/t_popup_route_test.dart: Popup 路由层行为（通过 TPopup.show 验证） 无蒙层 + modal=true 时阻断底层点击与滚动
01:26 +2460 -20: E:/tdesign-flutter-v1/tdesign-component/test/t_popup_route_test.dart: Popup 路由层行为（通过 TPopup.show 验证） 无蒙层 + modal=true 时阻断底层点击与滚动
01:26 +2461 -20: E:/tdesign-flutter-v1/tdesign-component/test/t_popup_route_test.dart: Popup 路由层行为（通过 TPopup.show 验证） 无蒙层 + modal=true 时阻断底层点击与滚动
01:26 +2462 -20: E:/tdesign-flutter-v1/tdesign-component/test/t_popup_route_test.dart: Popup 路由层行为（通过 TPopup.show 验证） 无蒙层 + modal=true 时阻断底层点击与滚动
01:26 +2463 -20: E:/tdesign-flutter-v1/tdesign-component/test/t_popup_route_test.dart: Popup 路由层行为（通过 TPopup.show 验证） 无蒙层 + modal=true 时阻断底层点击与滚动
01:26 +2464 -20: E:/tdesign-flutter-v1/tdesign-component/test/t_popup_route_test.dart: Popup 路由层行为（通过 TPopup.show 验证） 无蒙层 + modal=true 时阻断底层点击与滚动
01:26 +2465 -20: E:/tdesign-flutter-v1/tdesign-component/test/t_popup_route_test.dart: Popup 路由层行为（通过 TPopup.show 验证） 无蒙层 + modal=true 时阻断底层点击与滚动
01:26 +2466 -20: E:/tdesign-flutter-v1/tdesign-component/test/t_popup_route_test.dart: Popup 路由层行为（通过 TPopup.show 验证） 无蒙层 + modal=true 时阻断底层点击与滚动
01:26 +2467 -20: E:/tdesign-flutter-v1/tdesign-component/test/t_popup_route_test.dart: Popup 路由层行为（通过 TPopup.show 验证） 无蒙层 + modal=true 时阻断底层点击与滚动
01:26 +2468 -20: E:/tdesign-flutter-v1/tdesign-component/test/t_popup_route_test.dart: Popup 路由层行为（通过 TPopup.show 验证） 无蒙层 + modal=true 时阻断底层点击与滚动
01:26 +2469 -20: E:/tdesign-flutter-v1/tdesign-component/test/t_popup_route_test.dart: Popup 路由层行为（通过 TPopup.show 验证） 无蒙层 + modal=true 时阻断底层点击与滚动
01:26 +2470 -20: E:/tdesign-flutter-v1/tdesign-component/test/t_popup_route_test.dart: Popup 路由层行为（通过 TPopup.show 验证） 无蒙层 + modal=true 时阻断底层点击与滚动
01:26 +2471 -20: E:/tdesign-flutter-v1/tdesign-component/test/t_popup_route_test.dart: Popup 路由层行为（通过 TPopup.show 验证） 无蒙层 + modal=true 时阻断底层点击与滚动
01:26 +2472 -20: E:/tdesign-flutter-v1/tdesign-component/test/t_popup_route_test.dart: Popup 路由层行为（通过 TPopup.show 验证） 无蒙层 + modal=true 时阻断底层点击与滚动
01:26 +2473 -20: E:/tdesign-flutter-v1/tdesign-component/test/t_popup_route_test.dart: Popup 路由层行为（通过 TPopup.show 验证） 无蒙层 + modal=true 时阻断底层点击与滚动
01:26 +2474 -20: E:/tdesign-flutter-v1/tdesign-component/test/t_popup_route_test.dart: Popup 路由层行为（通过 TPopup.show 验证） 无蒙层 + modal=true 时阻断底层点击与滚动
01:26 +2475 -20: E:/tdesign-flutter-v1/tdesign-component/test/t_popup_route_test.dart: Popup 路由层行为（通过 TPopup.show 验证） 无蒙层 + modal=true 时阻断底层点击与滚动
01:26 +2476 -20: E:/tdesign-flutter-v1/tdesign-component/test/t_popup_route_test.dart: Popup 路由层行为（通过 TPopup.show 验证） 无蒙层 + modal=true 时阻断底层点击与滚动
01:26 +2477 -20: E:/tdesign-flutter-v1/tdesign-component/test/t_popup_route_test.dart: Popup 路由层行为（通过 TPopup.show 验证） 无蒙层 + modal=true 时阻断底层点击与滚动
01:26 +2478 -20: E:/tdesign-flutter-v1/tdesign-component/test/t_popup_route_test.dart: Popup 路由层行为（通过 TPopup.show 验证） 无蒙层 + modal=true 时阻断底层点击与滚动
01:26 +2479 -20: E:/tdesign-flutter-v1/tdesign-component/test/t_popup_route_test.dart: Popup 路由层行为（通过 TPopup.show 验证） 无蒙层 + modal=true 时阻断底层点击与滚动
01:27 +2480 -20: E:/tdesign-flutter-v1/tdesign-component/test/t_popup_route_test.dart: Popup 路由层行为（通过 TPopup.show 验证） 无蒙层 + modal=true 时阻断底层点击与滚动
01:27 +2481 -20: E:/tdesign-flutter-v1/tdesign-component/test/t_popup_route_test.dart: Popup 路由层行为（通过 TPopup.show 验证） 无蒙层 + modal=true 时阻断底层点击与滚动
01:27 +2482 -20: E:/tdesign-flutter-v1/tdesign-component/test/t_popup_route_test.dart: Popup 路由层行为（通过 TPopup.show 验证） 无蒙层 + modal=true 时阻断底层点击与滚动
01:27 +2483 -20: E:/tdesign-flutter-v1/tdesign-component/test/t_popup_route_test.dart: Popup 路由层行为（通过 TPopup.show 验证） 无蒙层 + modal=true 时阻断底层点击与滚动
01:27 +2484 -20: E:/tdesign-flutter-v1/tdesign-component/test/t_popup_test.dart: TPopup 国际化文案 zh 底部默认 cancel / confirm 按钮点击关闭浮层
01:27 +2485 -20: E:/tdesign-flutter-v1/tdesign-component/test/t_popup_test.dart: TPopup 国际化文案 zh 底部默认 cancel / confirm 按钮点击关闭浮层
01:27 +2486 -20: E:/tdesign-flutter-v1/tdesign-component/test/t_popup_test.dart: TPopup 国际化文案 zh 底部默认 cancel / confirm 按钮点击关闭浮层
01:27 +2487 -20: E:/tdesign-flutter-v1/tdesign-component/test/t_popup_test.dart: TPopup 国际化文案 zh 底部默认 cancel / confirm 按钮点击关闭浮层
01:27 +2488 -20: E:/tdesign-flutter-v1/tdesign-component/test/t_popup_test.dart: TPopup 国际化文案 zh 底部默认 cancel / confirm 按钮点击关闭浮层
01:27 +2489 -20: E:/tdesign-flutter-v1/tdesign-component/test/t_popup_test.dart: TPopup 国际化文案 zh 底部默认 cancel / confirm 按钮点击关闭浮层
01:27 +2490 -20: E:/tdesign-flutter-v1/tdesign-component/test/t_popup_test.dart: TPopup 国际化文案 zh 底部默认 cancel / confirm 按钮点击关闭浮层
01:27 +2491 -20: E:/tdesign-flutter-v1/tdesign-component/test/t_popup_test.dart: TPopup 国际化文案 zh 底部默认 cancel / confirm 按钮点击关闭浮层
01:27 +2492 -20: E:/tdesign-flutter-v1/tdesign-component/test/t_popup_test.dart: TPopup 国际化文案 zh 底部默认 cancel / confirm 按钮点击关闭浮层
01:27 +2493 -20: E:/tdesign-flutter-v1/tdesign-component/test/t_popup_test.dart: TPopup 国际化文案 zh 底部默认 cancel / confirm 按钮点击关闭浮层
01:27 +2494 -20: E:/tdesign-flutter-v1/tdesign-component/test/t_popup_test.dart: TPopup 国际化文案 zh 底部默认 cancel / confirm 按钮点击关闭浮层
01:27 +2495 -20: E:/tdesign-flutter-v1/tdesign-component/test/t_popup_test.dart: TPopup 国际化文案 zh 底部默认 cancel / confirm 按钮点击关闭浮层
01:27 +2496 -20: E:/tdesign-flutter-v1/tdesign-component/test/t_popup_test.dart: TPopup 国际化文案 zh 底部默认 cancel / confirm 按钮点击关闭浮层
01:27 +2497 -20: E:/tdesign-flutter-v1/tdesign-component/test/t_popup_test.dart: TPopup 国际化文案 zh 底部默认 cancel / confirm 按钮点击关闭浮层
01:27 +2498 -20: E:/tdesign-flutter-v1/tdesign-component/test/t_popup_test.dart: TPopup 国际化文案 zh 底部默认 cancel / confirm 按钮点击关闭浮层
01:27 +2499 -20: E:/tdesign-flutter-v1/tdesign-component/test/t_popup_test.dart: TPopup 国际化文案 zh 底部默认 cancel / confirm 按钮点击关闭浮层
01:27 +2500 -20: E:/tdesign-flutter-v1/tdesign-component/test/t_popup_test.dart: TPopup 国际化文案 zh 底部默认 cancel / confirm 按钮点击关闭浮层
01:27 +2501 -20: E:/tdesign-flutter-v1/tdesign-component/test/t_popup_test.dart: TPopup 国际化文案 zh 底部默认 cancel / confirm 按钮点击关闭浮层
01:27 +2502 -20: E:/tdesign-flutter-v1/tdesign-component/test/t_date_time_picker_test.dart: TDateTimePicker 集成 全组合渲染：month+minute 共 4 列
01:27 +2503 -20: E:/tdesign-flutter-v1/tdesign-component/test/t_picker_test.dart: TPicker 组件测试 回归 - 双列仅子列替换时保留主列滚动位置
01:27 +2504 -20: E:/tdesign-flutter-v1/tdesign-component/test/t_calendar_test.dart: TCalendar — 边界条件 运行期变更 firstDayOfWeek 后仍可正常点选
01:28 +2505 -20: E:/tdesign-flutter-v1/tdesign-component/test/t_calendar_test.dart: TCalendar — 边界条件 运行期变更 firstDayOfWeek 后仍可正常点选
01:28 +2506 -20: E:/tdesign-flutter-v1/tdesign-component/test/t_calendar_test.dart: TCalendar — 边界条件 运行期变更 firstDayOfWeek 后仍可正常点选
01:28 +2507 -20: E:/tdesign-flutter-v1/tdesign-component/test/t_calendar_test.dart: TCalendar — 边界条件 运行期变更 firstDayOfWeek 后仍可正常点选
01:28 +2508 -20: E:/tdesign-flutter-v1/tdesign-component/test/t_calendar_test.dart: TCalendar — 边界条件 运行期变更 firstDayOfWeek 后仍可正常点选
01:28 +2509 -20: E:/tdesign-flutter-v1/tdesign-component/test/t_calendar_test.dart: TCalendar — 边界条件 运行期变更 firstDayOfWeek 后仍可正常点选
01:28 +2510 -20: E:/tdesign-flutter-v1/tdesign-component/test/t_calendar_test.dart: TCalendar — 边界条件 运行期变更 firstDayOfWeek 后仍可正常点选
01:28 +2511 -20: E:/tdesign-flutter-v1/tdesign-component/test/t_calendar_test.dart: TCalendar — 边界条件 运行期变更 firstDayOfWeek 后仍可正常点选
01:28 +2512 -20: E:/tdesign-flutter-v1/tdesign-component/test/t_calendar_test.dart: TCalendar — 边界条件 运行期变更 firstDayOfWeek 后仍可正常点选
01:28 +2513 -20: E:/tdesign-flutter-v1/tdesign-component/test/t_popup_test.dart: TPopup 国际化文案 en 底部默认 cancel / confirm 按钮点击关闭浮层
01:28 +2514 -20: E:/tdesign-flutter-v1/tdesign-component/test/t_popup_test.dart: TPopup 国际化文案 en 底部默认 cancel / confirm 按钮点击关闭浮层
01:28 +2515 -20: E:/tdesign-flutter-v1/tdesign-component/test/t_popup_test.dart: TPopup 国际化文案 en 底部默认 cancel / confirm 按钮点击关闭浮层
01:28 +2516 -20: E:/tdesign-flutter-v1/tdesign-component/test/t_popup_test.dart: TPopup 国际化文案 en 底部默认 cancel / confirm 按钮点击关闭浮层
01:28 +2517 -20: E:/tdesign-flutter-v1/tdesign-component/test/t_popup_test.dart: TPopup 国际化文案 en 底部默认 cancel / confirm 按钮点击关闭浮层
01:28 +2518 -20: E:/tdesign-flutter-v1/tdesign-component/test/t_popup_test.dart: TPopup 国际化文案 en 底部默认 cancel / confirm 按钮点击关闭浮层
01:28 +2519 -20: E:/tdesign-flutter-v1/tdesign-component/test/t_popup_test.dart: TPopup 国际化文案 en 底部默认 cancel / confirm 按钮点击关闭浮层
01:28 +2520 -20: E:/tdesign-flutter-v1/tdesign-component/test/t_popup_test.dart: TPopup 国际化文案 en 底部默认 cancel / confirm 按钮点击关闭浮层
01:28 +2521 -20: E:/tdesign-flutter-v1/tdesign-component/test/t_calendar_test.dart: TCalendar — 边界条件 运行期变更 style.cellHeight 后格高更新
01:28 +2522 -20: E:/tdesign-flutter-v1/tdesign-component/test/t_calendar_test.dart: TCalendar — 边界条件 运行期变更 style.cellHeight 后格高更新
01:28 +2523 -20: E:/tdesign-flutter-v1/tdesign-component/test/t_calendar_test.dart: TCalendar — 边界条件 运行期变更 style.cellHeight 后格高更新
01:28 +2524 -20: E:/tdesign-flutter-v1/tdesign-component/test/t_calendar_test.dart: TCalendar — 边界条件 运行期变更 style.cellHeight 后格高更新
01:28 +2525 -20: E:/tdesign-flutter-v1/tdesign-component/test/t_calendar_test.dart: TCalendar — 边界条件 运行期变更 style.cellHeight 后格高更新
01:28 +2526 -20: E:/tdesign-flutter-v1/tdesign-component/test/t_calendar_test.dart: TCalendar — 边界条件 运行期变更 style.cellHeight 后格高更新
01:28 +2527 -20: E:/tdesign-flutter-v1/tdesign-component/test/t_calendar_test.dart: TCalendar — 边界条件 运行期变更 style.cellHeight 后格高更新
01:28 +2528 -20: E:/tdesign-flutter-v1/tdesign-component/test/t_calendar_test.dart: TCalendar — 边界条件 运行期变更 style.cellHeight 后格高更新
01:28 +2529 -20: E:/tdesign-flutter-v1/tdesign-component/test/t_calendar_test.dart: TCalendar — 边界条件 运行期变更 style.cellHeight 后格高更新
01:28 +2530 -20: E:/tdesign-flutter-v1/tdesign-component/test/t_calendar_test.dart: TCalendar — 边界条件 运行期变更 style.cellHeight 后格高更新
01:28 +2531 -20: E:/tdesign-flutter-v1/tdesign-component/test/t_calendar_test.dart: TCalendar — 边界条件 运行期变更 style.cellHeight 后格高更新
01:28 +2532 -20: E:/tdesign-flutter-v1/tdesign-component/test/t_calendar_test.dart: TCalendar — 边界条件 运行期变更 style.cellHeight 后格高更新
01:28 +2533 -20: E:/tdesign-flutter-v1/tdesign-component/test/t_calendar_test.dart: TCalendar — 边界条件 运行期变更 style.cellHeight 后格高更新
01:28 +2534 -20: E:/tdesign-flutter-v1/tdesign-component/test/t_calendar_test.dart: TCalendar — 边界条件 运行期变更 style.cellHeight 后格高更新
01:28 +2535 -20: E:/tdesign-flutter-v1/tdesign-component/test/t_calendar_test.dart: TCalendar — 边界条件 运行期变更 style.cellHeight 后格高更新
01:28 +2536 -20: E:/tdesign-flutter-v1/tdesign-component/test/t_calendar_test.dart: TCalendar — 边界条件 运行期变更 style.cellHeight 后格高更新
01:28 +2537 -20: E:/tdesign-flutter-v1/tdesign-component/test/t_calendar_test.dart: TCalendar — 边界条件 运行期变更 style.cellHeight 后格高更新
01:28 +2538 -20: E:/tdesign-flutter-v1/tdesign-component/test/t_popup_test.dart: TPopup 国际化文案 同一用例内切换中英文资源
01:28 +2539 -20: E:/tdesign-flutter-v1/tdesign-component/test/t_popup_test.dart: TPopup 国际化文案 同一用例内切换中英文资源
01:28 +2540 -20: E:/tdesign-flutter-v1/tdesign-component/test/t_popup_test.dart: TPopup 国际化文案 同一用例内切换中英文资源
01:28 +2541 -20: E:/tdesign-flutter-v1/tdesign-component/test/t_popup_test.dart: TPopup 国际化文案 同一用例内切换中英文资源
01:28 +2542 -20: E:/tdesign-flutter-v1/tdesign-component/test/t_popup_coverage_test.dart: TPopupHandle.open() 无参复用缓存 navigator close 后 open() 不传 context 仍可重新打开
01:28 +2543 -20: E:/tdesign-flutter-v1/tdesign-component/test/t_popup_coverage_test.dart: TPopupHandle.open() 无参复用缓存 navigator close 后 open() 不传 context 仍可重新打开
01:28 +2544 -20: E:/tdesign-flutter-v1/tdesign-component/test/t_date_time_picker_test.dart: TDateTimePicker 集成 date+second 模式滚动时列触发 onChange
01:28 +2545 -20: E:/tdesign-flutter-v1/tdesign-component/test/t_date_time_picker_test.dart: TDateTimePicker 集成 date+second 模式滚动时列触发 onChange
01:28 +2546 -20: E:/tdesign-flutter-v1/tdesign-component/test/t_popup_route_test.dart: Popup 路由层行为（通过 TPopup.show 验证） useSafeArea 安全区 top useSafeArea=false 时贴屏幕顶边
01:28 +2547 -20: E:/tdesign-flutter-v1/tdesign-component/test/t_popup_test.dart: TPopup 生命周期 show 触发 onOpen / onOpened 各一次
01:28 +2548 -20: E:/tdesign-flutter-v1/tdesign-component/test/t_popup_test.dart: TPopup 生命周期 show 触发 onOpen / onOpened 各一次
01:28 +2549 -20: E:/tdesign-flutter-v1/tdesign-component/test/t_popup_test.dart: TPopup 生命周期 show 触发 onOpen / onOpened 各一次
01:29 +2550 -20: E:/tdesign-flutter-v1/tdesign-component/test/t_popup_test.dart: TPopup 生命周期 show 触发 onOpen / onOpened 各一次
01:29 +2551 -20: E:/tdesign-flutter-v1/tdesign-component/test/t_popup_test.dart: TPopup 生命周期 show 触发 onOpen / onOpened 各一次
01:29 +2552 -20: E:/tdesign-flutter-v1/tdesign-component/test/t_picker_test.dart: TPicker 组件测试 TPicker 无障碍 H1 修复：disabled 落点瞬间 a11y value 回退到最近 enabled
01:29 +2553 -20: E:/tdesign-flutter-v1/tdesign-component/test/t_popup_coverage_test.dart: Popup Header 三态完整对照 headerBuilder=null 同时传 title/cancel/confirmBuilder 也不渲染
01:29 +2554 -20: E:/tdesign-flutter-v1/tdesign-component/test/t_date_time_picker_test.dart: TDateTimePicker 集成 showWeek 在 month 模式下不展示星期
01:29 +2555 -20: E:/tdesign-flutter-v1/tdesign-component/test/t_popup_route_test.dart: Popup 路由层行为（通过 TPopup.show 验证） useSafeArea 安全区 bottom 不受 top padding 影响
01:29 +2556 -20: E:/tdesign-flutter-v1/tdesign-component/test/t_popup_test.dart: TPopup 生命周期 handle.close 触发 onClose / onClosed
01:29 +2557 -20: E:/tdesign-flutter-v1/tdesign-component/test/t_popup_test.dart: TPopup 生命周期 handle.close 触发 onClose / onClosed
01:29 +2558 -20: E:/tdesign-flutter-v1/tdesign-component/test/t_popup_test.dart: TPopup 生命周期 handle.close 触发 onClose / onClosed
01:29 +2559 -20: E:/tdesign-flutter-v1/tdesign-component/test/t_date_time_picker_test.dart: TDateTimePicker 集成 showWeek 从 false 切 true 会重建日列 label
01:29 +2560 -20: E:/tdesign-flutter-v1/tdesign-component/test/t_date_time_picker_test.dart: TDateTimePicker 集成 showWeek 从 false 切 true 会重建日列 label
01:29 +2561 -20: E:/tdesign-flutter-v1/tdesign-component/test/t_date_time_picker_test.dart: TDateTimePicker 集成 showWeek 从 false 切 true 会重建日列 label
01:29 +2562 -20: E:/tdesign-flutter-v1/tdesign-component/test/t_popup_coverage_test.dart: Popup Header 三态完整对照 默认 sentinel + 三槽全 null → PopupHeader 高度精确为 0（_popup_header.dart 修复回归）
01:29 +2563 -20: E:/tdesign-flutter-v1/tdesign-component/test/t_popup_test.dart: TPopup 生命周期 重复 close 不会重复触发 onClose
01:29 +2564 -20: E:/tdesign-flutter-v1/tdesign-component/test/t_popup_test.dart: TPopup 生命周期 重复 close 不会重复触发 onClose
01:29 +2565 -20: E:/tdesign-flutter-v1/tdesign-component/test/t_popup_test.dart: TPopup 生命周期 重复 close 不会重复触发 onClose
01:29 +2566 -20: E:/tdesign-flutter-v1/tdesign-component/test/t_popup_test.dart: TPopup 生命周期 重复 close 不会重复触发 onClose
01:29 +2567 -20: E:/tdesign-flutter-v1/tdesign-component/test/t_popup_coverage_test.dart: Popup Header 三态完整对照 对照：默认 sentinel header（含标题）PopupHeader 高度 == 58
01:29 +2568 -20: E:/tdesign-flutter-v1/tdesign-component/test/t_date_time_picker_test.dart: TDateTimePicker 集成 onChange 按 mode 仅返回相关字段
01:29 +2569 -20: E:/tdesign-flutter-v1/tdesign-component/test/t_date_time_picker_test.dart: TDateTimePicker 集成 onChange 按 mode 仅返回相关字段
01:29 +2570 -20: E:/tdesign-flutter-v1/tdesign-component/test/t_popup_test.dart: TPopup Navigator 选择 navigatorContext 首次 show 挂载到指定 Navigator，且 handle.open 复用缓存
01:29 +2571 -20: E:/tdesign-flutter-v1/tdesign-component/test/t_popup_test.dart: TPopup Navigator 选择 navigatorContext 首次 show 挂载到指定 Navigator，且 handle.open 复用缓存
01:29 +2572 -20: E:/tdesign-flutter-v1/tdesign-component/test/t_popup_test.dart: TPopup Navigator 选择 navigatorContext 首次 show 挂载到指定 Navigator，且 handle.open 复用缓存
01:29 +2573 -20: E:/tdesign-flutter-v1/tdesign-component/test/t_date_time_picker_test.dart: TDateTimePicker 集成 自定义 height / itemCount 正常渲染
01:29 +2574 -20: E:/tdesign-flutter-v1/tdesign-component/test/t_popup_coverage_test.dart: Popup Header 三态完整对照 仅 confirmBuilder=null → 隐藏右槽，标题与左槽仍渲染
01:29 +2575 -20: E:/tdesign-flutter-v1/tdesign-component/test/t_popup_test.dart: TPopup Navigator 选择 useRootNavigator=true 会挂载到根 Navigator
01:29 +2576 -20: E:/tdesign-flutter-v1/tdesign-component/test/t_popup_test.dart: TPopup Navigator 选择 useRootNavigator=true 会挂载到根 Navigator
01:29 +2577 -20: E:/tdesign-flutter-v1/tdesign-component/test/t_date_time_picker_test.dart: TDateTimePicker 集成 steps 变化会重建滚轮
01:29 +2578 -20: E:/tdesign-flutter-v1/tdesign-component/test/t_date_time_picker_test.dart: TDateTimePicker 集成 steps 变化会重建滚轮
01:29 +2579 -20: E:/tdesign-flutter-v1/tdesign-component/test/t_popup_route_test.dart: Popup 路由层行为（通过 TPopup.show 验证） useSafeArea 安全区 center 忽略 useSafeArea
01:29 +2580 -20: E:/tdesign-flutter-v1/tdesign-component/test/t_popup_test.dart: TPopup placement TPopupPlacement.top 可正常打开关闭
01:30 +2581 -20: E:/tdesign-flutter-v1/tdesign-component/test/t_popup_coverage_test.dart: Popup 触发源细分（sentinel vs 自定义 builder） 内置 cancel 按钮点击 → cancel（与 confirm 区分）
01:30 +2582 -20: E:/tdesign-flutter-v1/tdesign-component/test/t_date_time_picker_test.dart: TDateTimePicker 集成 month+minute 组合滚动月列触发 onChange
01:30 +2583 -20: E:/tdesign-flutter-v1/tdesign-component/test/t_popup_route_test.dart: Popup 路由层行为（通过 TPopup.show 验证） useSafeArea 安全区 center 在 useSafeArea=false 时仍为全屏 fill
01:30 +2584 -20: E:/tdesign-flutter-v1/tdesign-component/test/t_popup_test.dart: TPopup placement TPopupPlacement.bottom 可正常打开关闭
01:30 +2585 -20: E:/tdesign-flutter-v1/tdesign-component/test/t_popup_test.dart: TPopup placement TPopupPlacement.bottom 可正常打开关闭
01:30 +2586 -20: E:/tdesign-flutter-v1/tdesign-component/test/t_popup_test.dart: TPopup placement TPopupPlacement.bottom 可正常打开关闭
01:30 +2587 -20: E:/tdesign-flutter-v1/tdesign-component/test/t_popup_route_test.dart: Popup 路由层行为（通过 TPopup.show 验证） fireCloseStart 仅触发一次 onClose
01:30 +2588 -20: E:/tdesign-flutter-v1/tdesign-component/test/t_popup_route_test.dart: Popup 路由层行为（通过 TPopup.show 验证） fireCloseStart 仅触发一次 onClose
01:30 +2589 -20: E:/tdesign-flutter-v1/tdesign-component/test/t_popup_coverage_test.dart: Popup 触发源细分（sentinel vs 自定义 builder） 自定义 confirmBuilder 内调 close → confirm
01:30 +2590 -20: E:/tdesign-flutter-v1/tdesign-component/test/t_popup_coverage_test.dart: Popup 触发源细分（sentinel vs 自定义 builder） 自定义 confirmBuilder 内调 close → confirm
01:30 +2591 -20: E:/tdesign-flutter-v1/tdesign-component/test/t_popup_test.dart: TPopup placement TPopupPlacement.right 可正常打开关闭
01:30 +2592 -20: E:/tdesign-flutter-v1/tdesign-component/test/t_popup_coverage_test.dart: Popup 触发源细分（sentinel vs 自定义 builder） center 自定义 closeBuilder 内调 close → close
01:30 +2593 -20: E:/tdesign-flutter-v1/tdesign-component/test/t_popup_test.dart: TPopup placement TPopupPlacement.center 可正常打开关闭
01:30 +2594 -20: E:/tdesign-flutter-v1/tdesign-component/test/t_popup_test.dart: TPopup placement TPopupPlacement.center 可正常打开关闭
01:30 +2595 -20: E:/tdesign-flutter-v1/tdesign-component/test/t_popup_test.dart: TPopup Header 底部默认头部：title / cancel / confirm 按钮渲染
01:30 +2596 -20: E:/tdesign-flutter-v1/tdesign-component/test/t_popup_test.dart: TPopup Header cancelBuilder 自定义可选择不调 close → 浮层保持展示
01:31 +2597 -20: E:/tdesign-flutter-v1/tdesign-component/test/t_popup_test.dart: TPopup Header bottom headerBuilder=null 不渲染头部
01:31 +2598 -20: E:/tdesign-flutter-v1/tdesign-component/test/t_popup_test.dart: TPopup Header bottom 仅标题无操作栏
01:31 +2599 -20: E:/tdesign-flutter-v1/tdesign-component/test/t_popup_test.dart: TPopup Header headerBuilder 自定义头部
01:31 +2600 -20: E:/tdesign-flutter-v1/tdesign-component/test/t_popup_test.dart: TPopup Header 居中关闭在内容与下方
01:31 +2601 -20: E:/tdesign-flutter-v1/tdesign-component/test/t_popup_test.dart: TPopup Header 居中关闭在下方与示例一致 expand 不报错
01:31 +2602 -20: E:/tdesign-flutter-v1/tdesign-component/test/t_popup_test.dart: TPopup Header center closeBuilder=null 不显示关闭区
01:31 +2603 -20: E:/tdesign-flutter-v1/tdesign-component/test/t_popup_test.dart: TPopup Header cancelBuilder / confirmBuilder
01:31 +2604 -20: E:/tdesign-flutter-v1/tdesign-component/test/t_popup_test.dart: TPopup 蒙层与行为 点击蒙层关闭
01:31 +2605 -20: E:/tdesign-flutter-v1/tdesign-component/test/t_popup_test.dart: TPopup 蒙层与行为 closeOnOverlayClick 为 false 点击蒙层不关闭
01:32 +2606 -20: E:/tdesign-flutter-v1/tdesign-component/test/t_popup_test.dart: TPopup 蒙层与行为 showOverlay false 且 modal=true
01:32 +2607 -20: E:/tdesign-flutter-v1/tdesign-component/test/t_popup_test.dart: TPopup 蒙层与行为 模态与蒙层合法组合矩阵都可正常 show / close
01:32 +2608 -20: E:/tdesign-flutter-v1/tdesign-component/test/t_popup_test.dart: TPopup 蒙层与行为 overlayOpacity 与自定义颜色
01:32 +2609 -20: E:/tdesign-flutter-v1/tdesign-component/test/t_popup_test.dart: TPopup 蒙层与行为 right inset.top 可控制顶部留白
01:32 +2610 -20: E:/tdesign-flutter-v1/tdesign-component/test/t_popup_test.dart: TPopupHandle / Tracker 重复 show 可叠加打开（返回不同 handle）
01:32 +2611 -20: E:/tdesign-flutter-v1/tdesign-component/test/t_popup_test.dart: TPopupHandle / Tracker 外层 handle.close 在内层展示时只关闭外层
01:32 +2612 -20: E:/tdesign-flutter-v1/tdesign-component/test/t_popup_test.dart: TPopupHandle / Tracker 系统返回键关闭并上报 systemBack trigger
01:33 +2613 -20: E:/tdesign-flutter-v1/tdesign-component/test/t_popup_test.dart: TPopupHandle / Tracker handle.close 后 handle.open 可再次展示
01:33 +2614 -20: E:/tdesign-flutter-v1/tdesign-component/test/t_popup_test.dart: TPopupHandle / Tracker 关闭动画未结束时重新 open 不会被旧 route 回调误清理
01:33 +2615 -20: E:/tdesign-flutter-v1/tdesign-component/test/t_popup_test.dart: TPopupHandle / Tracker navigatorContext 失效后 handle.open 仍优先复用缓存 navigator
01:33 +2616 -20: E:/tdesign-flutter-v1/tdesign-component/test/t_popup_test.dart: TPopupHandle / Tracker 非栈顶 handle.close 会立即移除 route 并触发 onClosed
01:33 +2617 -20: E:/tdesign-flutter-v1/tdesign-component/test/t_popup_test.dart: TPopupHandle / Tracker handle.open 在已展示时无副作用
01:33 +2618 -20: E:/tdesign-flutter-v1/tdesign-component/test/t_popup_test.dart: TPopupHandle / Tracker 非法参数组合矩阵在 show 时直接抛 FlutterError
01:33 +2619 -20: E:/tdesign-flutter-v1/tdesign-component/test/t_popup_test.dart: TPopup 扩展场景 top 不渲染头部、仅显示 child（用 .top factory）
01:33 +2620 -20: E:/tdesign-flutter-v1/tdesign-component/test/t_popup_test.dart: TPopup 扩展场景 left / right 侧栏展开内容
01:34 +2621 -20: E:/tdesign-flutter-v1/tdesign-component/test/t_popup_test.dart: TPopup 扩展场景 titleWidget + 自定义 cancel/confirm Builder 文案
01:34 +2622 -20: E:/tdesign-flutter-v1/tdesign-component/test/t_popup_test.dart: TPopup 扩展场景 destroyOnClose 与自定义 close 组件
01:34 +2623 -20: E:/tdesign-flutter-v1/tdesign-component/test/t_popup_test.dart: TPopup 扩展场景 onOverlayClick 且点击蒙层关闭
01:34 +2624 -20: E:/tdesign-flutter-v1/tdesign-component/test/t_popup_test.dart: TPopup 扩展场景 show 返回的 handle 关闭后 isShowing 为 false
01:34 +2625 -20: E:/tdesign-flutter-v1/tdesign-component/test/t_popup_test.dart: TPopup 触发源与配置 handle.close 触发 api
01:34 +2626 -20: E:/tdesign-flutter-v1/tdesign-component/test/t_popup_test.dart: TPopup 触发源与配置 confirm 点击触发 confirm
01:34 +2627 -20: E:/tdesign-flutter-v1/tdesign-component/test/t_popup_test.dart: TPopup 触发源与配置 destroyOnClose 路由关闭后可再次 show
01:34 +2628 -20: E:/tdesign-flutter-v1/tdesign-component/test/t_popup_test.dart: TPopup 自定义控件 自定义 cancel / confirm / close 组件
01:35 +2629 -20: E:/tdesign-flutter-v1/tdesign-component/test/t_popup_test.dart: TPopup 自定义控件 自定义 cancelBuilder 保留业务侧语义
01:35 +2630 -20: Some tests failed.
